[2026-07-24 20:52 UTC] INIT pumpfun-style paper: 10000.0 USDT, 200.0/单, TP+40%/SL-20%/最长150分钟
[2026-07-24 20:52 UTC] 说明: 实时模拟、不做历史回测(用户明确要求)；无法获取开发者持仓%字段，用流动性/成交量代理防貔貅
[2026-07-24 20:52 UTC] scanned new_pools: +60 加入观察名单
[2026-07-24 20:52 UTC] CYCLE OK nav=10000.00 new_entries=0 pos=0 watch=60 closed=0
[2026-07-24 20:58 UTC] scanned new_pools: +40 加入观察名单
[2026-07-24 20:58 UTC] CYCLE OK nav=10000.00 new_entries=0 pos=0 watch=100 closed=0
[2026-07-24 21:24 UTC] scan: +60 新加入观察名单, 0 笔新入场
[2026-07-24 21:24 UTC] CYCLE OK nav=10000.00 new_entries=0 pos=0 watch=140 closed=0
[2026-07-24 21:24 UTC] CYCLE OK nav=10000.00 new_entries=0 pos=0 watch=140 closed=0
[2026-07-24 21:25 UTC] CYCLE OK nav=10000.00 new_entries=0 pos=0 watch=140 closed=0
[2026-07-24 22:29 UTC] scan: +41 新加入观察名单, 0 笔新入场
[2026-07-24 22:29 UTC] CYCLE OK nav=10000.00 new_entries=0 pos=0 watch=181 closed=0
[2026-07-24 22:38 UTC] scan: +85 新加入观察名单, 0 笔新入场
[2026-07-24 22:38 UTC] CYCLE OK nav=10000.00 new_entries=0 pos=0 watch=266 closed=0
[2026-07-24 23:03 UTC] scan: +102 新加入观察名单, 0 笔新入场
[2026-07-24 23:03 UTC] CYCLE OK nav=10000.00 new_entries=0 pos=0 watch=368 closed=0
[2026-07-24 23:36 UTC] scan: +106 新加入观察名单, 0 笔新入场
[2026-07-24 23:36 UTC] CYCLE OK nav=10000.00 new_entries=0 pos=0 watch=474 closed=0
[2026-07-25 00:34 UTC] scan: +99 新加入观察名单, 0 笔新入场
[2026-07-25 00:34 UTC] CYCLE OK nav=10000.00 new_entries=0 pos=0 watch=573 closed=0
[2026-07-25 01:11 UTC] scan: +83 新加入观察名单, 0 笔新入场
[2026-07-25 01:11 UTC] CYCLE OK nav=10000.00 new_entries=0 pos=0 watch=656 closed=0
[2026-07-25 04:29 UTC] scan: +78 新加入观察名单, 0 笔新入场
[2026-07-25 04:29 UTC] CYCLE OK nav=10000.00 new_entries=0 pos=0 watch=732 closed=0
[2026-07-25 06:57 UTC] BUY TRUMP2028 / SOL (GdN39oNz...) @ 0.0009099426755  [momentum/trend] liq=$89,420 age=264min
[2026-07-25 06:57 UTC] scan: +135 新加入观察名单, 1 笔新入场
[2026-07-25 06:57 UTC] CYCLE OK nav=10001.41 new_entries=1 pos=1 watch=600 closed=0
[2026-07-25 09:06 UTC] scan: +81 新加入观察名单, 0 笔新入场
[2026-07-25 09:06 UTC] CYCLE OK nav=10001.41 new_entries=0 pos=1 watch=374 closed=0
[2026-07-25 10:44 UTC] scan: +97 新加入观察名单, 0 笔新入场
[2026-07-25 10:44 UTC] EXIT TRUMP2028 / SOL [SL] ret=-26.6% pnl=-28.06U held=227min
[2026-07-25 10:44 UTC] CYCLE OK nav=9971.94 new_entries=0 pos=0 watch=388 closed=1
[2026-07-25 11:52 UTC] scan: +87 新加入观察名单, 0 笔新入场
[2026-07-25 11:52 UTC] CYCLE OK nav=9971.94 new_entries=0 pos=0 watch=475 closed=1
[2026-07-25 13:37 UTC] scan: +95 新加入观察名单, 0 笔新入场
[2026-07-25 13:37 UTC] CYCLE OK nav=9971.94 new_entries=0 pos=0 watch=493 closed=1
