[2026-07-25 17:33 UTC] CYCLE OK: 筛出 0 个当前活跃候选币
[2026-07-25 17:40 UTC] CYCLE OK: 新发现143 追踪中104 清理39 -> 筛出候选1
[2026-07-25 17:46 UTC] CYCLE OK: 新发现100 追踪中204 清理0 -> 筛出候选3
[2026-07-25 18:43 UTC] CYCLE OK: 新发现85 追踪中289 清理0 -> 筛出候选7
[2026-07-25 19:57 UTC] CYCLE OK: 新发现123 追踪中374 清理38 -> 筛出候选4
[2026-07-25 20:51 UTC] CYCLE OK: 新发现93 追踪中465 清理2 -> 筛出候选3
[2026-07-25 21:40 UTC] CYCLE OK: 新发现107 追踪中572 清理0 -> 筛出候选5
[2026-07-25 22:36 UTC] CYCLE OK: 新发现90 追踪中459 清理203 -> 筛出候选7
[2026-07-25 23:37 UTC] CYCLE OK: 新发现109 追踪中463 清理105 -> 筛出候选3
[2026-07-26 01:11 UTC] CYCLE OK: 新发现112 追踪中471 清理104 -> 筛出候选1
[2026-07-26 04:40 UTC] CYCLE OK: 新发现99 追踪中151 清理419 -> 筛出候选0
[2026-07-26 07:18 UTC] CYCLE OK: 新发现96 追踪中155 清理92 -> 筛出候选0(已尽调0)
[2026-07-26 09:26 UTC] CYCLE OK: 新发现161 追踪中217 清理99 -> 筛出候选9(已尽调6)
[2026-07-26 10:57 UTC] CYCLE OK: 新发现132 追踪中349 清理0 -> 筛出候选3(已尽调3)
[2026-07-26 12:02 UTC] CYCLE OK: 新发现136 追踪中349 清理136 -> 筛出候选2(已尽调2)
[2026-07-26 13:48 UTC] CYCLE OK: 新发现101 追踪中410 清理40 -> 筛出候选0(已尽调0 疑似机器人0)
[2026-07-26 14:52 UTC] CYCLE OK: 新发现121 追踪中431 清理100 -> 筛出候选6(已尽调6 疑似机器人5)
[2026-07-26 15:50 UTC] CYCLE OK: 新发现119 追踪中398 清理152 -> 筛出候选7(已尽调7 疑似机器人4)
[2026-07-26 16:40 UTC] CYCLE OK: 新发现97 追踪中399 清理96 -> 筛出候选3(已尽调3 疑似机器人2)
[2026-07-26 17:42 UTC] CYCLE OK: 新发现84 追踪中483 清理0 -> 筛出候选2(已尽调2 疑似机器人1 出生即机器人0) 早期检测10个(其中机器人2个)
[2026-07-26 18:42 UTC] CYCLE OK: 新发现80 追踪中462 清理101 -> 筛出候选1(已尽调1 疑似机器人1 出生即机器人0) 早期检测10个(其中机器人5个)
[2026-07-26 19:53 UTC] CYCLE OK: 新发现139 追踪中461 清理140 -> 筛出候选3(已尽调3 疑似机器人2 出生即机器人0) 早期检测10个(其中机器人0个)
[2026-07-26 20:43 UTC] CYCLE OK: 新发现116 追踪中458 清理119 -> 筛出候选2(已尽调2 疑似机器人1 出生即机器人0) 早期检测10个(其中机器人3个)
[2026-07-26 21:40 UTC] CYCLE OK: 新发现104 追踪中445 清理117 -> 筛出候选2(已尽调2 疑似机器人2 出生即机器人0) 早期检测10个(其中机器人3个)
[2026-07-26 22:40 UTC] CYCLE OK: 新发现103 追踪中464 清理84 -> 筛出候选2(已尽调2 疑似机器人2 出生即机器人0) 早期检测10个(其中机器人2个)
[2026-07-26 23:39 UTC] CYCLE OK: 新发现136 追踪中480 清理120 -> 筛出候选4(已尽调4 疑似机器人3 出生即机器人0) 早期检测10个(其中机器人3个)
[2026-07-27 01:16 UTC] CYCLE OK: 新发现138 追踪中382 清理236 -> 筛出候选0(已尽调0 疑似机器人0 出生即机器人0) 早期检测10个(其中机器人3个)
[2026-07-27 04:55 UTC] CYCLE OK: 新发现106 追踪中204 清理284 -> 筛出候选2(已尽调2 疑似机器人2 出生即机器人0) 早期检测10个(其中机器人3个)
[2026-07-27 08:23 UTC] CYCLE OK: 新发现129 追踪中196 清理137 -> 筛出候选3(已尽调3 疑似机器人2 出生即机器人0) 早期检测10个(其中机器人1个)
[2026-07-27 11:46 UTC] CYCLE OK: 新发现122 追踪中192 清理126 -> 筛出候选1(已尽调1 疑似机器人1 出生即机器人0) 早期检测10个(其中机器人2个)
[2026-07-27 14:00 UTC] CYCLE OK: 新发现109 追踪中172 清理129 -> 筛出候选0(已尽调0 疑似机器人0 出生即机器人0) 早期检测10个(其中机器人1个)
[2026-07-27 16:26 UTC] CYCLE OK: 新发现137 追踪中206 清理103 -> 筛出候选1(已尽调1 疑似机器人1 出生即机器人0) 早期检测10个(其中机器人4个)
[2026-07-27 18:02 UTC] CYCLE OK: 新发现120 追踪中306 清理20 -> 筛出候选4(已尽调4 疑似机器人4 出生即机器人1) 早期检测10个(其中机器人2个)
[2026-07-27 19:47 UTC] CYCLE OK: 新发现81 追踪中318 清理69 -> 筛出候选1(已尽调1 疑似机器人1 出生即机器人0) 早期检测10个(其中机器人2个)
[2026-07-27 20:55 UTC] CYCLE OK: 新发现88 追踪中306 清理100 -> 筛出候选1(已尽调1 疑似机器人1 出生即机器人1) 早期检测10个(其中机器人3个)
[2026-07-27 21:58 UTC] CYCLE OK: 新发现87 追踪中356 清理37 -> 筛出候选0(已尽调0 疑似机器人0 出生即机器人0) 早期检测10个(其中机器人4个)
[2026-07-27 23:01 UTC] CYCLE OK: 新发现163 追踪中379 清理140 -> 筛出候选3(已尽调3 疑似机器人2 出生即机器人0) 早期检测10个(其中机器人2个)
[2026-07-28 00:08 UTC] CYCLE OK: 新发现88 追踪中467 清理0 -> 筛出候选2(已尽调2 疑似机器人2 出生即机器人0) 早期检测10个(其中机器人3个)
[2026-07-28 03:30 UTC] CYCLE OK: 新发现147 追踪中195 清理419 -> 筛出候选0(已尽调0 疑似机器人0 出生即机器人0) 早期检测10个(其中机器人2个)
[2026-07-28 06:10 UTC] CYCLE OK: 新发现102 追踪中209 清理88 -> 筛出候选0(已尽调0 疑似机器人0 出生即机器人0) 早期检测10个(其中机器人7个)
