[2026-07-25 06:27 UTC] 发现层: 本轮新增 100 个, 累计追踪 200
[2026-07-25 06:27 UTC] 成熟层: 待深度采集 0 个(满48h), 本轮处理上限 25
[2026-07-25 06:27 UTC] CYCLE OK: 新增追踪100, 深度采集完成0/0, 累计追踪100, 累计已入表0
[2026-07-25 06:29 UTC] 发现层: 本轮新增 67 个, 累计追踪 208
[2026-07-25 06:29 UTC] 成熟层: 待深度采集 14 个(满48h), 本轮处理上限 25
[2026-07-25 06:29 UTC] CYCLE OK: 新增追踪67, 深度采集完成10/14, 累计追踪208, 累计已入表55
[2026-07-25 06:56 UTC] 发现层: 本轮新增 106 个, 累计追踪 314
[2026-07-25 06:44 UTC] 发现层: 本轮新增 89 个(其中抓到早期逐笔的 68 个), 累计追踪 297
[2026-07-25 06:44 UTC] 成熟层: 待深度采集 0 个(满48h), 本轮处理上限 25
[2026-07-25 06:44 UTC] CYCLE OK: 新增追踪89, 深度采集完成0/0, 累计追踪383, 累计已入表55
[2026-07-25 06:56 UTC] 年轻层: 当前250个池子在0~6h窗口内, 本轮轮询40个, 抓到3193笔交易
[2026-07-25 06:56 UTC] 成熟层: 待深度采集 0 个(满48h), 本轮处理上限 25
[2026-07-25 06:56 UTC] CYCLE OK: 新增追踪106, 深度采集完成0/0, 累计追踪314, 累计已入表55
[2026-07-25 07:14 UTC] 发现层: 本轮新增 111 个, 累计追踪 494
[2026-07-25 07:14 UTC] 年轻层: 当前435个池子在0~6h窗口内, 本轮轮询40个, 抓到3138笔交易
[2026-07-25 07:14 UTC] 成熟层: 待深度采集 12 个(满48h), 本轮处理上限 25
[2026-07-25 07:14 UTC] CYCLE OK: 新增追踪111, 深度采集完成10/12, 累计追踪494, 累计已入表67
[2026-07-25 09:14 UTC] 发现层: 本轮新增 85 个, 累计追踪 579
[2026-07-25 09:14 UTC] 年轻层: 当前518个池子在0~6h窗口内, 本轮轮询40个, 抓到2800笔交易
[2026-07-25 09:14 UTC] 成熟层: 待深度采集 0 个(满48h), 本轮处理上限 25
[2026-07-25 09:14 UTC] CYCLE OK: 新增追踪85, 深度采集完成0/0, 累计追踪579, 累计已入表67
[2026-07-25 10:46 UTC] 发现层: 本轮新增 96 个, 累计追踪 675
[2026-07-25 10:46 UTC] 年轻层: 当前614个池子在0~6h窗口内, 本轮轮询40个, 抓到2413笔交易
[2026-07-25 10:46 UTC] 成熟层: 待深度采集 1 个(满48h), 本轮处理上限 25
[2026-07-25 10:46 UTC] CYCLE OK: 新增追踪96, 深度采集完成0/1, 累计追踪675, 累计已入表68
[2026-07-25 13:37 UTC] 发现层: 本轮新增 83 个, 累计追踪 758
[2026-07-25 13:37 UTC] 年轻层: 当前263个池子在0~6h窗口内, 本轮轮询40个, 抓到3292笔交易
[2026-07-25 13:37 UTC] 成熟层: 待深度采集 0 个(满48h), 本轮处理上限 25
[2026-07-25 13:37 UTC] CYCLE OK: 新增追踪83, 深度采集完成0/0, 累计追踪758, 累计已入表68
[2026-07-25 14:05 UTC] 发现层: 本轮新增 91 个, 累计追踪 849
[2026-07-25 14:05 UTC] 年轻层: 当前352个池子在0~6h窗口内, 本轮轮询40个, 抓到2260笔交易
[2026-07-25 14:05 UTC] 成熟层: 待深度采集 2 个(满48h), 本轮处理上限 25
[2026-07-25 14:05 UTC] CYCLE OK: 新增追踪91, 深度采集完成2/2, 累计追踪849, 累计已入表70
