[13:34:34] === 23GDBVVq 高密度崩盘取证监控启动 ===
[13:34:35] 基线: 价格$0.01758927 流动性$300,800
[13:35:35] 价格$0.01777607  流动性$301,181(峰值$301,181)  已存档300笔逐笔  操盘方卖出比例=28.6%
[13:36:35] 价格$0.01798612  流动性$304,119(峰值$304,119)  已存档89笔逐笔
[13:37:36] 价格$0.01833367  流动性$307,145(峰值$307,145)  已存档94笔逐笔
[13:38:36] 价格$0.01900889  流动性$311,010(峰值$311,010)  已存档86笔逐笔
[13:39:36] 价格$0.01971896  流动性$318,277(峰值$318,277)  已存档99笔逐笔
[13:40:37] 价格$0.02018720  流动性$321,133(峰值$321,133)  已存档63笔逐笔  操盘方卖出比例=0.1%
[13:41:37] 价格$0.02018720  流动性$321,133(峰值$321,133)  已存档142笔逐笔
[13:42:37] 价格$0.02059829  流动性$326,445(峰值$326,445)  已存档45笔逐笔
[13:43:37] 价格$0.02099629  流动性$329,722(峰值$329,722)  已存档109笔逐笔
[13:44:38] 价格$0.02099629  流动性$329,722(峰值$329,722)  已存档84笔逐笔
[13:45:38] 价格$0.02169483  流动性$333,901(峰值$333,901)  已存档41笔逐笔  操盘方卖出比例=0.1%
[13:46:38] 价格$0.02195477  流动性$336,835(峰值$336,835)  已存档55笔逐笔
[13:47:38] 价格$0.02224315  流动性$338,807(峰值$338,807)  已存档157笔逐笔
[13:48:39] 价格$0.02268783  流动性$341,681(峰值$341,681)  已存档49笔逐笔
[13:49:39] 价格$0.00000116  流动性$1,297(峰值$341,681)  已存档300笔逐笔
[13:49:39] *** 流动性暴跌,疑似崩盘发生! 立刻加密取证 ***
[13:49:39] 崩盘时刻快照: 价格$0.00000116 流动性$1,297 操盘方卖出比例=0.9692303841913165
[13:49:39] === 监控结束(崩盘=是) ===
