[09:25:32] 价格$0.01975762  流动性$318,533(峰值$318,533)  已存档300笔逐笔
[09:26:32] 价格$0.01975762  流动性$318,533(峰值$318,533)  已存档300笔逐笔
[09:27:32] 价格$0.02016784  流动性$321,976(峰值$321,976)  已存档300笔逐笔  操盘方卖出比例=0.0%
[09:28:32] 价格$0.02039987  流动性$323,766(峰值$323,766)  已存档300笔逐笔
[09:29:33] 价格$0.02062988  流动性$325,007(峰值$325,007)  已存档300笔逐笔
[09:30:33] 价格$0.02062988  流动性$325,007(峰值$325,007)  已存档300笔逐笔
[09:31:34] 价格$0.02106080  流动性$329,235(峰值$329,235)  已存档300笔逐笔
[09:32:34] 价格$0.02145648  流动性$332,225(峰值$332,225)  已存档300笔逐笔  操盘方卖出比例=0.0%
[09:33:34] 价格$0.02165994  流动性$334,255(峰值$334,255)  已存档300笔逐笔
[09:34:34] 价格$0.02172126  流动性$334,051(峰值$334,255)  已存档300笔逐笔
[09:35:35] 价格$0.02216746  流动性$337,957(峰值$337,957)  已存档300笔逐笔
[09:36:35] 价格$0.02216746  流动性$337,957(峰值$337,957)  已存档300笔逐笔
[09:37:35] 价格$0.02264098  流动性$341,749(峰值$341,749)  已存档300笔逐笔  操盘方卖出比例=0.0%
[09:38:36] 价格$0.02264098  流动性$341,749(峰值$341,749)  已存档300笔逐笔
[09:39:36] 价格$0.02304086  流动性$344,579(峰值$344,579)  已存档238笔逐笔
[09:40:36] 价格$0.02304086  流动性$344,579(峰值$344,579)  已存档300笔逐笔
[09:41:36] 价格$0.02365484  流动性$349,332(峰值$349,332)  已存档300笔逐笔
[09:42:37] 价格$0.02365484  流动性$349,332(峰值$349,332)  已存档300笔逐笔  操盘方卖出比例=0.0%
[09:43:37] 价格$0.02403181  流动性$352,974(峰值$352,974)  已存档300笔逐笔
[09:44:37] 价格$0.02403181  流动性$352,974(峰值$352,974)  已存档300笔逐笔
[09:45:37] 价格$0.02469018  流动性$356,293(峰值$356,293)  已存档262笔逐笔
[09:46:38] 价格$0.02496106  流动性$359,349(峰值$359,349)  已存档300笔逐笔
[09:47:38] 价格$0.02496106  流动性$359,349(峰值$359,349)  已存档300笔逐笔  操盘方卖出比例=0.0%
[09:48:39] 价格$0.02553353  流动性$362,910(峰值$362,910)  已存档300笔逐笔
[09:49:39] 价格$0.02566468  流动性$364,877(峰值$364,877)  已存档296笔逐笔
[09:50:39] 价格$0.02587615  流动性$367,163(峰值$367,163)  已存档300笔逐笔
[09:51:40] 价格$0.02587615  流动性$367,163(峰值$367,163)  已存档300笔逐笔
[09:52:40] 价格$0.02641234  流动性$370,823(峰值$370,823)  已存档300笔逐笔  操盘方卖出比例=0.0%
[09:53:40] 价格$0.02668901  流动性$372,706(峰值$372,706)  已存档300笔逐笔
[09:54:41] 价格$0.02668901  流动性$372,706(峰值$372,706)  已存档300笔逐笔
[09:55:41] 价格$0.00000148  流动性$376,473(峰值$376,473)  已存档243笔逐笔
[09:56:42] 价格$0.00000130  流动性$6,150(峰值$376,473)  已存档300笔逐笔
[09:56:42] *** 流动性暴跌,疑似崩盘发生! 立刻加密取证 ***
[09:56:42] 崩盘时刻快照: 价格$0.00000130 流动性$6,150 操盘方卖出比例=0.9995609574255807
[09:56:42] === 监控结束(崩盘=是) ===
