[03:39:43] === 开始盯防36个已知操盘方钱包的卖出动作 ===
[03:50:41] *** 操盘方钱包卖出信号#1 *** 9ozFrWpTFM... 卖出$3.88 (tx=2DqpKHd5K13Q...)
[03:50:41] *** 操盘方钱包卖出信号#2 *** 9ozFrWpTFM... 卖出$1.65 (tx=2DqpKHd5K13Q...)
[03:50:41] *** 操盘方钱包卖出信号#3 *** 8MDkM5PXsE... 卖出$19.95 (tx=4aiAUPM2Aa2z...)
[03:50:41] *** 操盘方钱包卖出信号#4 *** 8MDkM5PXsE... 卖出$61.30 (tx=4aiAUPM2Aa2z...)
[03:50:41] *** 操盘方钱包卖出信号#5 *** 2DW1imar6v... 卖出$0.37 (tx=2uXarrhourYc...)
[03:50:41] *** 操盘方钱包卖出信号#6 *** 4Lmj9veZhU... 卖出$0.17 (tx=2YpJfWhFKGdz...)
[03:50:41] *** 操盘方钱包卖出信号#7 *** 4Lmj9veZhU... 卖出$8.50 (tx=2YpJfWhFKGdz...)
[03:50:41] *** 操盘方钱包卖出信号#8 *** 4u3zZEvrdJ... 卖出$5.04 (tx=BMXPZFUdFSCd...)
[03:50:41] *** 操盘方钱包卖出信号#9 *** 2DW1imar6v... 卖出$0.14 (tx=2uXarrhourYc...)
[03:50:41] *** 操盘方钱包卖出信号#10 *** 4u3zZEvrdJ... 卖出$1.35 (tx=BMXPZFUdFSCd...)
[03:50:41] *** 操盘方钱包卖出信号#11 *** 9vWGXncS4z... 卖出$0.12 (tx=EQXf7ocSJsUw...)
[03:50:41] *** 操盘方钱包卖出信号#12 *** 3c8LdiXANW... 卖出$0.34 (tx=3mnrLBU3D8Yx...)
[03:50:41] *** 操盘方钱包卖出信号#13 *** 3c8LdiXANW... 卖出$0.13 (tx=3mnrLBU3D8Yx...)
[03:50:41] *** 操盘方钱包卖出信号#14 *** 9vWGXncS4z... 卖出$6.41 (tx=EQXf7ocSJsUw...)
[03:51:48] *** 操盘方钱包卖出信号#15 *** GXpDNXfzU2... 卖出$0.09 (tx=2pYvySBi33oV...)
[03:51:48] *** 操盘方钱包卖出信号#16 *** GXpDNXfzU2... 卖出$0.23 (tx=2pYvySBi33oV...)
[03:51:48] *** 操盘方钱包卖出信号#17 *** 7kfDGKhxyk... 卖出$3.77 (tx=24FvaR9vMo33...)
[03:51:48] *** 操盘方钱包卖出信号#18 *** 7kfDGKhxyk... 卖出$0.07 (tx=24FvaR9vMo33...)
[03:51:48] *** 操盘方钱包卖出信号#19 *** 4zJ8nwRLzv... 卖出$1.71 (tx=2brLXHFcmiEh...)
[03:51:48] *** 操盘方钱包卖出信号#20 *** 7ubFBBNXYt... 卖出$0.66 (tx=4RuJouNLYiSC...)
[03:51:48] *** 操盘方钱包卖出信号#21 *** 89L2xPERZs... 卖出$10.94 (tx=4TnhfQabbaj3...)
[03:51:48] *** 操盘方钱包卖出信号#22 *** 4zJ8nwRLzv... 卖出$6.42 (tx=2brLXHFcmiEh...)
[03:51:48] *** 操盘方钱包卖出信号#23 *** 89L2xPERZs... 卖出$34.04 (tx=4TnhfQabbaj3...)
[03:51:48] *** 操盘方钱包卖出信号#24 *** 7ubFBBNXYt... 卖出$0.25 (tx=4RuJouNLYiSC...)
[03:51:48] *** 操盘方钱包卖出信号#25 *** 9okLiZpv46... 卖出$14.05 (tx=zfqtjR6BnJtU...)
[03:52:25] *** 操盘方钱包卖出信号#26 *** 8eoVJSbaWz... 卖出$0.00 (tx=4WwfMd34wwGg...)
[04:39:54] === 监控结束,共26次操盘方卖出信号 ===
