[12:18:34] === 开始盯防25个已知操盘方钱包的卖出动作 ===
[12:19:15] *** 操盘方钱包卖出信号#1 *** JCEmTkq4Bi... 卖出$12.46 (tx=4L2Hhj26gs7d...)
[12:19:15] *** 操盘方钱包卖出信号#2 *** F5V4X21GZV... 卖出$21.58 (tx=4Xfaj8hy25rb...)
[12:19:15] *** 操盘方钱包卖出信号#3 *** AzjpaWmvyg... 卖出$20.12 (tx=5k3qEiDeCQtw...)
[12:19:15] *** 操盘方钱包卖出信号#4 *** BSXZtUXN4a... 卖出$19.83 (tx=3vmzW76MRpJ4...)
[12:19:15] *** 操盘方钱包卖出信号#5 *** Hp1u9j8om8... 卖出$8.73 (tx=4YdtfAcmuNJ4...)
[12:19:15] *** 操盘方钱包卖出信号#6 *** JCEmTkq4Bi... 卖出$6.72 (tx=4CDrQj87LaPV...)
[12:19:15] *** 操盘方钱包卖出信号#7 *** JCEmTkq4Bi... 卖出$2.53 (tx=45EhTM9smteD...)
[12:19:15] *** 操盘方钱包卖出信号#8 *** FCMnvRGDMu... 卖出$17.12 (tx=62oDWx7wtjSU...)
[12:19:15] *** 操盘方钱包卖出信号#9 *** Dkk7DHfvca... 卖出$15.43 (tx=3jWuuzCbZqFd...)
[12:19:15] *** 操盘方钱包卖出信号#10 *** Dkk7DHfvca... 卖出$5.97 (tx=27Mo6E7H7gfd...)
[12:19:15] *** 操盘方钱包卖出信号#11 *** 2v1PucBJZx... 卖出$7.01 (tx=5b73ooXLZV1E...)
[12:19:15] *** 操盘方钱包卖出信号#12 *** FWWu8ixAzf... 卖出$2.03 (tx=5D74YomJxhE4...)
[12:19:15] *** 操盘方钱包卖出信号#13 *** 2v1PucBJZx... 卖出$8.80 (tx=fdsXrgWB3RHk...)
[12:20:14] *** 操盘方钱包卖出信号#14 *** FEwD2jpZWS... 卖出$12.64 (tx=39eyN7Vjsos3...)
[12:20:14] *** 操盘方钱包卖出信号#15 *** 2edwqMp5vf... 卖出$1.86 (tx=29eTy88m3XBN...)
[12:20:14] *** 操盘方钱包卖出信号#16 *** BtxF7zsM9D... 卖出$54.80 (tx=byXbQsktz8Yy...)
[12:20:14] *** 操盘方钱包卖出信号#17 *** AwGjJiXW9w... 卖出$84.86 (tx=5XknMxJKgwhX...)
[12:20:14] *** 操盘方钱包卖出信号#18 *** FWWu8ixAzf... 卖出$82.31 (tx=23VNat5hkLxq...)
[12:20:14] *** 操盘方钱包卖出信号#19 *** CMtGcU3rsm... 卖出$1.46 (tx=HV5L7beKmtMd...)
[12:20:14] *** 操盘方钱包卖出信号#20 *** CiJZFmF7ve... 卖出$4.38 (tx=5jUwj2ozsUau...)
[12:20:14] *** 操盘方钱包卖出信号#21 *** AwGjJiXW9w... 卖出$43.95 (tx=2imiMoSo97db...)
