[10:46:38] === 开始盯防14个已知操盘方钱包的卖出动作 ===
[10:47:12] *** 操盘方钱包卖出信号#1 *** BYVAkZLJjo... 卖出$0.04 (tx=3vU8kzAciWZL...)
[10:47:12] *** 操盘方钱包卖出信号#2 *** BGXbKD3EKy... 卖出$0.05 (tx=3oCGxLgLHYdF...)
[10:47:12] *** 操盘方钱包卖出信号#3 *** 4pabEazNNB... 卖出$0.05 (tx=29Y2SzFVnTjG...)
[10:47:12] *** 操盘方钱包卖出信号#4 *** BYVAkZLJjo... 卖出$0.04 (tx=3AMjyinRLTMG...)
[10:47:12] *** 操盘方钱包卖出信号#5 *** BGXbKD3EKy... 卖出$0.01 (tx=5E4jhUpNvg9z...)
[10:47:12] *** 操盘方钱包卖出信号#6 *** BYVAkZLJjo... 卖出$0.01 (tx=5fPRjH2R3kHL...)
[10:47:12] *** 操盘方钱包卖出信号#7 *** 4pabEazNNB... 卖出$0.01 (tx=46jGikYcsCPK...)
[10:47:12] *** 操盘方钱包卖出信号#8 *** BGXbKD3EKy... 卖出$59.04 (tx=AU44Jg1T1AbL...)
[10:47:12] *** 操盘方钱包卖出信号#9 *** 4pabEazNNB... 卖出$0.04 (tx=5SzjiEtnQU58...)
[10:47:12] *** 操盘方钱包卖出信号#10 *** BGXbKD3EKy... 卖出$0.01 (tx=NgvTuYrQVpH6...)
[10:48:11] *** 操盘方钱包卖出信号#11 *** 4pabEazNNB... 卖出$0.01 (tx=2GacELfZ2QDv...)
[10:48:11] *** 操盘方钱包卖出信号#12 *** BYVAkZLJjo... 卖出$0.04 (tx=4ASWLVF4PtW3...)
[10:48:11] *** 操盘方钱包卖出信号#13 *** BGXbKD3EKy... 卖出$0.01 (tx=4FJHiw38K4me...)
[10:48:11] *** 操盘方钱包卖出信号#14 *** 4pabEazNNB... 卖出$0.03 (tx=2zR2iVuuVHGF...)
[10:48:11] *** 操盘方钱包卖出信号#15 *** BYVAkZLJjo... 卖出$0.06 (tx=pbXZw3DTA3gU...)
[10:48:11] *** 操盘方钱包卖出信号#16 *** BGXbKD3EKy... 卖出$0.02 (tx=4tM3nKZZDyhN...)
[10:48:11] *** 操盘方钱包卖出信号#17 *** BGXbKD3EKy... 卖出$0.01 (tx=pCWqXy1n7Yje...)
[10:48:11] *** 操盘方钱包卖出信号#18 *** BYVAkZLJjo... 卖出$0.05 (tx=XBEmxjeuPoix...)
[10:48:50] *** 操盘方钱包卖出信号#19 *** 4pabEazNNB... 卖出$0.01 (tx=43Q6SumtV25j...)
[10:48:50] *** 操盘方钱包卖出信号#20 *** BYVAkZLJjo... 卖出$0.03 (tx=4iDefwuWcC2x...)
[10:48:50] *** 操盘方钱包卖出信号#21 *** BGXbKD3EKy... 卖出$0.05 (tx=4cvK6DnWuJca...)
[10:48:50] *** 操盘方钱包卖出信号#22 *** 4pabEazNNB... 卖出$0.04 (tx=3jvSrdkN5oyy...)
[10:48:50] *** 操盘方钱包卖出信号#23 *** BYVAkZLJjo... 卖出$0.01 (tx=3FW3BW9x8VYj...)
[10:48:50] *** 操盘方钱包卖出信号#24 *** BGXbKD3EKy... 卖出$0.01 (tx=5uH2reYWj3Uv...)
[10:48:50] *** 操盘方钱包卖出信号#25 *** 4pabEazNNB... 卖出$0.04 (tx=VDQvtviLqQDW...)
[10:48:50] *** 操盘方钱包卖出信号#26 *** BYVAkZLJjo... 卖出$0.01 (tx=capYt968X9eB...)
[10:48:50] *** 操盘方钱包卖出信号#27 *** BGXbKD3EKy... 卖出$0.04 (tx=39JnjRp3TgVy...)
[10:49:26] *** 操盘方钱包卖出信号#28 *** 4pabEazNNB... 卖出$0.04 (tx=MMmpXsP3K7sh...)
[10:49:26] *** 操盘方钱包卖出信号#29 *** BYVAkZLJjo... 卖出$0.04 (tx=4ypgzVbuYTvx...)
[10:49:26] *** 操盘方钱包卖出信号#30 *** BGXbKD3EKy... 卖出$0.04 (tx=1g7eybTBfAzJ...)
[10:49:26] *** 操盘方钱包卖出信号#31 *** 4pabEazNNB... 卖出$0.04 (tx=B8LrCrUwV1mb...)
[10:49:26] *** 操盘方钱包卖出信号#32 *** BYVAkZLJjo... 卖出$0.04 (tx=3vG54Xk5CqCK...)
[10:49:26] *** 操盘方钱包卖出信号#33 *** BGXbKD3EKy... 卖出$0.04 (tx=5VeFxXbcK8yJ...)
[10:49:26] *** 操盘方钱包卖出信号#34 *** 4pabEazNNB... 卖出$0.04 (tx=4RSx6jz2tvZf...)
[10:49:26] *** 操盘方钱包卖出信号#35 *** BYVAkZLJjo... 卖出$0.04 (tx=4yPXTSbzEjrv...)
[10:49:26] *** 操盘方钱包卖出信号#36 *** BGXbKD3EKy... 卖出$0.02 (tx=3o9WSDoYtCzq...)
[10:49:26] *** 操盘方钱包卖出信号#37 *** 4pabEazNNB... 卖出$0.06 (tx=AjFreN4uyATW...)
[10:49:26] *** 操盘方钱包卖出信号#38 *** BGXbKD3EKy... 卖出$0.04 (tx=3TtHzAy8vKT6...)
[10:50:42] *** 操盘方钱包卖出信号#39 *** FjAyQdk5cs... 卖出$4.88 (tx=2vDbFw7HCWxV...)
[10:50:42] *** 操盘方钱包卖出信号#40 *** FjAyQdk5cs... 卖出$18.92 (tx=2vDbFw7HCWxV...)
[10:50:42] *** 操盘方钱包卖出信号#41 *** EbugjTDyfP... 卖出$2.57 (tx=3cqfAmRYo8KE...)
[10:50:42] *** 操盘方钱包卖出信号#42 *** EbugjTDyfP... 卖出$3.79 (tx=3cqfAmRYo8KE...)
[10:50:42] *** 操盘方钱包卖出信号#43 *** 51gxGnBnNK... 卖出$5.86 (tx=54HyfoQFJFh5...)
[10:50:42] *** 操盘方钱包卖出信号#44 *** 51gxGnBnNK... 卖出$7.75 (tx=54HyfoQFJFh5...)
[10:50:42] *** 操盘方钱包卖出信号#45 *** 6bRPnT6zZa... 卖出$1.70 (tx=2Co8gYeCh14d...)
[10:50:42] *** 操盘方钱包卖出信号#46 *** kYoMZFCQzL... 卖出$2.68 (tx=4R5nroitmRzE...)
[10:50:42] *** 操盘方钱包卖出信号#47 *** G1GFpAmUgd... 卖出$18.13 (tx=FwcSsJiR8HJ8...)
[10:50:42] *** 操盘方钱包卖出信号#48 *** 3HQQ8kuLjR... 卖出$13.34 (tx=58m98UHohsU8...)
[10:50:42] *** 操盘方钱包卖出信号#49 *** G1GFpAmUgd... 卖出$24.90 (tx=FwcSsJiR8HJ8...)
[10:50:42] *** 操盘方钱包卖出信号#50 *** 6bRPnT6zZa... 卖出$2.51 (tx=2Co8gYeCh14d...)
[10:50:42] *** 操盘方钱包卖出信号#51 *** kYoMZFCQzL... 卖出$4.55 (tx=4R5nroitmRzE...)
[10:51:18] *** 操盘方钱包卖出信号#52 *** 42Hp7iPXF4... 卖出$0.00 (tx=5gYeFMFTLT4i...)
