[21:57:31] === 3sTxCFgg 高密度崩盘取证监控启动 ===
[21:57:32] 基线: 价格$0.00014264 流动性$24,594
[21:58:33] 价格$0.00012158  流动性$25,632(峰值$25,632)  已存档300笔逐笔  操盘方卖出比例=23.9%
[21:59:33] 价格$0.00012158  流动性$25,632(峰值$25,632)  已存档300笔逐笔
[22:00:33] 价格$0.00013324  流动性$26,776(峰值$26,776)  已存档176笔逐笔
[22:01:33] 价格$0.00011028  流动性$22,712(峰值$26,776)  已存档300笔逐笔
[22:02:34] 价格$0.00010510  流动性$22,284(峰值$26,776)  已存档196笔逐笔
[22:03:34] 价格$0.00008772  流动性$20,678(峰值$26,776)  已存档300笔逐笔  操盘方卖出比例=29.6%
[22:04:34] 价格$0.00008772  流动性$20,678(峰值$26,776)  已存档263笔逐笔
[22:05:34] 价格$0.00007347  流动性$19,098(峰值$26,776)  已存档248笔逐笔
[22:06:34] 价格$0.00009686  流动性$18,267(峰值$26,776)  已存档247笔逐笔
[22:07:35] 价格$0.00008223  流动性$18,905(峰值$26,776)  已存档119笔逐笔
[22:08:35] 价格$0.00009207  流动性$21,944(峰值$26,776)  已存档217笔逐笔  操盘方卖出比例=73.7%
[22:09:35] 价格$0.00008482  流动性$21,222(峰值$26,776)  已存档276笔逐笔
[22:10:35] 价格$0.00008482  流动性$21,222(峰值$26,776)  已存档0笔逐笔
[22:11:35] 价格$0.00009715  流动性$23,370(峰值$26,776)  已存档274笔逐笔
[22:12:36] 价格$0.00009715  流动性$23,370(峰值$26,776)  已存档282笔逐笔
[22:13:36] 价格$0.00010343  流动性$21,589(峰值$26,776)  已存档137笔逐笔  操盘方卖出比例=100.0%
[22:14:36] 价格$0.00010343  流动性$21,589(峰值$26,776)  已存档263笔逐笔
[22:15:36] 价格$0.00010481  流动性$21,563(峰值$26,776)  已存档291笔逐笔
[22:16:37] 价格$0.00000148  流动性$1,510(峰值$26,776)  已存档300笔逐笔
[22:16:37] *** 流动性暴跌,疑似崩盘发生! 立刻加密取证 ***
[22:16:37] 崩盘时刻快照: 价格$0.00000148 流动性$1,510 操盘方卖出比例=1.0
[22:16:37] === 监控结束(崩盘=是) ===
