[21:57:32] === 开始盯防2个已知操盘方钱包的卖出动作 ===
[21:58:07] *** 操盘方钱包卖出信号#1 *** FV3k43yM3z... 卖出$371.14 (tx=4BDbCbBQQ8oG...)
[21:58:07] *** 操盘方钱包卖出信号#2 *** FYd7HJ9gBx... 卖出$378.11 (tx=2tDrhjgrVXrW...)
[21:58:07] *** 操盘方钱包卖出信号#3 *** FV3k43yM3z... 卖出$371.76 (tx=22meQvo5niEn...)
[21:58:07] *** 操盘方钱包卖出信号#4 *** FYd7HJ9gBx... 卖出$369.26 (tx=5D6EnJAdTGD2...)
[21:58:07] *** 操盘方钱包卖出信号#5 *** FV3k43yM3z... 卖出$377.70 (tx=7j8FxFLiHxvs...)
[21:58:07] *** 操盘方钱包卖出信号#6 *** FYd7HJ9gBx... 卖出$374.79 (tx=25Jqt7jf2MBB...)
[21:58:07] *** 操盘方钱包卖出信号#7 *** FV3k43yM3z... 卖出$368.82 (tx=5NMkq8g8UedF...)
[21:58:07] *** 操盘方钱包卖出信号#8 *** FYd7HJ9gBx... 卖出$369.32 (tx=4kxqbMRsS7pu...)
[21:58:07] *** 操盘方钱包卖出信号#9 *** FV3k43yM3z... 卖出$370.70 (tx=3qLQ7i3Q4ojm...)
[21:58:07] *** 操盘方钱包卖出信号#10 *** FYd7HJ9gBx... 卖出$369.82 (tx=4k3S6RSHs8G7...)
[21:58:07] *** 操盘方钱包卖出信号#11 *** FV3k43yM3z... 卖出$372.62 (tx=2NRL2Qmbnkxo...)
[21:58:07] *** 操盘方钱包卖出信号#12 *** FYd7HJ9gBx... 卖出$363.91 (tx=4Tty1prhuFnK...)
[21:58:07] *** 操盘方钱包卖出信号#13 *** FV3k43yM3z... 卖出$377.07 (tx=3hBdAnWzzBX9...)
[21:58:07] *** 操盘方钱包卖出信号#14 *** FYd7HJ9gBx... 卖出$369.48 (tx=5aAp1tf9wmPM...)
[21:58:07] *** 操盘方钱包卖出信号#15 *** FV3k43yM3z... 卖出$371.17 (tx=HkSpkFHoDtJE...)
[21:58:07] *** 操盘方钱包卖出信号#16 *** FYd7HJ9gBx... 卖出$369.37 (tx=2Nq4bchrAdJ6...)
[21:58:07] *** 操盘方钱包卖出信号#17 *** FV3k43yM3z... 卖出$369.12 (tx=JgKona9SMKKF...)
[21:58:40] *** 操盘方钱包卖出信号#18 *** FYd7HJ9gBx... 卖出$372.51 (tx=nwhrjCyUn2F5...)
[21:58:40] *** 操盘方钱包卖出信号#19 *** FV3k43yM3z... 卖出$369.00 (tx=2FC18NXe7QPh...)
[21:58:40] *** 操盘方钱包卖出信号#20 *** FYd7HJ9gBx... 卖出$388.96 (tx=4Fsg9WBUwnNu...)
[21:58:40] *** 操盘方钱包卖出信号#21 *** FV3k43yM3z... 卖出$369.44 (tx=3KA59fU7qi7B...)
[21:58:40] *** 操盘方钱包卖出信号#22 *** FYd7HJ9gBx... 卖出$378.82 (tx=4woVzaC9orsZ...)
[21:58:40] *** 操盘方钱包卖出信号#23 *** FYd7HJ9gBx... 卖出$380.68 (tx=3KxGEB8f8cjM...)
[21:58:40] *** 操盘方钱包卖出信号#24 *** FV3k43yM3z... 卖出$368.90 (tx=4UDgNPcW9NWK...)
[21:58:40] *** 操盘方钱包卖出信号#25 *** FYd7HJ9gBx... 卖出$369.15 (tx=2XYwNjLt7wRi...)
[21:59:13] *** 操盘方钱包卖出信号#26 *** FV3k43yM3z... 卖出$369.11 (tx=3xhzkKwDisth...)
[21:59:13] *** 操盘方钱包卖出信号#27 *** FYd7HJ9gBx... 卖出$369.14 (tx=1QW3KMLkXMvD...)
[21:59:13] *** 操盘方钱包卖出信号#28 *** FV3k43yM3z... 卖出$369.13 (tx=2aXJFiWDf3Cs...)
[21:59:13] *** 操盘方钱包卖出信号#29 *** FYd7HJ9gBx... 卖出$369.24 (tx=5JhTLj9Uv8zx...)
[21:59:13] *** 操盘方钱包卖出信号#30 *** FV3k43yM3z... 卖出$378.51 (tx=2MKdXiXx215g...)
[21:59:51] *** 操盘方钱包卖出信号#31 *** FYd7HJ9gBx... 卖出$374.88 (tx=5ZCjam5xPLdk...)
[21:59:51] *** 操盘方钱包卖出信号#32 *** FV3k43yM3z... 卖出$373.17 (tx=4D63U56wh64e...)
[21:59:51] *** 操盘方钱包卖出信号#33 *** FYd7HJ9gBx... 卖出$375.95 (tx=jhrfproqwkAc...)
[21:59:51] *** 操盘方钱包卖出信号#34 *** FV3k43yM3z... 卖出$373.56 (tx=DKTCPgN5aeRg...)
[21:59:51] *** 操盘方钱包卖出信号#35 *** FYd7HJ9gBx... 卖出$369.37 (tx=3gr7LbCkSn81...)
[22:01:06] *** 操盘方钱包卖出信号#36 *** FV3k43yM3z... 卖出$379.87 (tx=4ZyGLShK1mZn...)
[22:01:06] *** 操盘方钱包卖出信号#37 *** FYd7HJ9gBx... 卖出$371.48 (tx=3hiaMvD621Fz...)
[22:01:06] *** 操盘方钱包卖出信号#38 *** FV3k43yM3z... 卖出$378.31 (tx=3vnYn2tAWx6t...)
[22:01:06] *** 操盘方钱包卖出信号#39 *** FYd7HJ9gBx... 卖出$374.70 (tx=48AdHPWt9Xa8...)
[22:01:06] *** 操盘方钱包卖出信号#40 *** FV3k43yM3z... 卖出$376.22 (tx=4c75LshRQGXa...)
[22:01:06] *** 操盘方钱包卖出信号#41 *** FYd7HJ9gBx... 卖出$368.49 (tx=5KTM3edrw7Ew...)
[22:01:06] *** 操盘方钱包卖出信号#42 *** FV3k43yM3z... 卖出$378.95 (tx=279SaNWMoQXt...)
[22:01:06] *** 操盘方钱包卖出信号#43 *** FYd7HJ9gBx... 卖出$377.28 (tx=4x4bwyvfgMCR...)
[22:01:06] *** 操盘方钱包卖出信号#44 *** FV3k43yM3z... 卖出$369.19 (tx=3c2B9hZXyYLf...)
[22:01:06] *** 操盘方钱包卖出信号#45 *** FYd7HJ9gBx... 卖出$371.76 (tx=2mZGMboPkVN2...)
[22:01:06] *** 操盘方钱包卖出信号#46 *** FV3k43yM3z... 卖出$368.85 (tx=4yHdEtaVWVQH...)
[22:01:06] *** 操盘方钱包卖出信号#47 *** FYd7HJ9gBx... 卖出$373.05 (tx=53SgJAm4p72U...)
[22:01:06] *** 操盘方钱包卖出信号#48 *** FV3k43yM3z... 卖出$377.38 (tx=2dze2eXTUTDJ...)
[22:01:06] *** 操盘方钱包卖出信号#49 *** FYd7HJ9gBx... 卖出$376.91 (tx=4xiny6yxCMrM...)
[22:02:13] *** 操盘方钱包卖出信号#50 *** FV3k43yM3z... 卖出$368.87 (tx=r698PpFCkCdV...)
[22:02:13] *** 操盘方钱包卖出信号#51 *** FYd7HJ9gBx... 卖出$369.26 (tx=52h2JQ6agxor...)
[22:02:50] *** 操盘方钱包卖出信号#52 *** FV3k43yM3z... 卖出$379.13 (tx=cbi35EFeJ9ZG...)
[22:02:50] *** 操盘方钱包卖出信号#53 *** FYd7HJ9gBx... 卖出$373.07 (tx=3hfv2acPLSjL...)
[22:02:50] *** 操盘方钱包卖出信号#54 *** FV3k43yM3z... 卖出$369.18 (tx=2NUb3gbrtHNV...)
[22:02:50] *** 操盘方钱包卖出信号#55 *** FYd7HJ9gBx... 卖出$369.34 (tx=uhZcKL2WjpVa...)
[22:03:27] *** 操盘方钱包卖出信号#56 *** FV3k43yM3z... 卖出$374.63 (tx=2oWjK4BbmCNr...)
[22:03:27] *** 操盘方钱包卖出信号#57 *** FYd7HJ9gBx... 卖出$371.80 (tx=61aRLcP2FsGT...)
[22:04:07] *** 操盘方钱包卖出信号#58 *** FV3k43yM3z... 卖出$376.15 (tx=2JwJfWxsB6Re...)
[22:04:07] *** 操盘方钱包卖出信号#59 *** FYd7HJ9gBx... 卖出$373.95 (tx=eqGzHPMLDYUD...)
[22:04:07] *** 操盘方钱包卖出信号#60 *** FV3k43yM3z... 卖出$388.41 (tx=4hvebUF5iWma...)
[22:04:07] *** 操盘方钱包卖出信号#61 *** FYd7HJ9gBx... 卖出$373.61 (tx=4zqhknCP1r16...)
[22:04:07] *** 操盘方钱包卖出信号#62 *** FV3k43yM3z... 卖出$373.65 (tx=3EJrUMNTmGP8...)
[22:05:14] *** 操盘方钱包卖出信号#63 *** FYd7HJ9gBx... 卖出$376.73 (tx=CuvLdhmmEN7X...)
[22:06:27] *** 操盘方钱包卖出信号#64 *** FV3k43yM3z... 卖出$377.49 (tx=2eFNmrXuXF2k...)
[22:06:27] *** 操盘方钱包卖出信号#65 *** FYd7HJ9gBx... 卖出$371.34 (tx=xNnxsLjZyFsR...)
[22:06:27] *** 操盘方钱包卖出信号#66 *** FV3k43yM3z... 卖出$373.75 (tx=2XsLXkWwmvGV...)
[22:06:27] *** 操盘方钱包卖出信号#67 *** FYd7HJ9gBx... 卖出$367.93 (tx=3beHRpLB7sfr...)
[22:06:27] *** 操盘方钱包卖出信号#68 *** FV3k43yM3z... 卖出$367.80 (tx=674jdmBSm3N6...)
[22:06:27] *** 操盘方钱包卖出信号#69 *** FYd7HJ9gBx... 卖出$368.91 (tx=3iS9PxpYq6dZ...)
[22:07:07] *** 操盘方钱包卖出信号#70 *** FV3k43yM3z... 卖出$372.55 (tx=2otaUVAovUJX...)
[22:07:07] *** 操盘方钱包卖出信号#71 *** FYd7HJ9gBx... 卖出$367.79 (tx=FyaHpQ32756N...)
[22:07:07] *** 操盘方钱包卖出信号#72 *** FV3k43yM3z... 卖出$378.44 (tx=5qoY8uBUgVAr...)
[22:07:07] *** 操盘方钱包卖出信号#73 *** FYd7HJ9gBx... 卖出$375.61 (tx=29qAxm8SKRJy...)
[22:08:14] *** 操盘方钱包卖出信号#74 *** FV3k43yM3z... 卖出$377.53 (tx=5V6gWPbUz1Kp...)
[22:08:14] *** 操盘方钱包卖出信号#75 *** FYd7HJ9gBx... 卖出$370.79 (tx=67Ye25PSBueM...)
[22:08:14] *** 操盘方钱包卖出信号#76 *** FV3k43yM3z... 卖出$375.43 (tx=3fBbzNPCnueD...)
[22:08:14] *** 操盘方钱包卖出信号#77 *** FYd7HJ9gBx... 卖出$374.20 (tx=37Nsm4TFvC3A...)
[22:08:14] *** 操盘方钱包卖出信号#78 *** FV3k43yM3z... 卖出$372.35 (tx=51QW7PyHBQh4...)
[22:08:14] *** 操盘方钱包卖出信号#79 *** FYd7HJ9gBx... 卖出$377.67 (tx=2i6b1QCRERnh...)
[22:08:51] *** 操盘方钱包卖出信号#80 *** FV3k43yM3z... 卖出$380.99 (tx=58bnTs63iaK1...)
[22:08:51] *** 操盘方钱包卖出信号#81 *** FYd7HJ9gBx... 卖出$367.55 (tx=JXdnHpBrd7bS...)
[22:08:51] *** 操盘方钱包卖出信号#82 *** FV3k43yM3z... 卖出$370.07 (tx=kYguinG32ibK...)
[22:08:51] *** 操盘方钱包卖出信号#83 *** FYd7HJ9gBx... 卖出$371.97 (tx=2yTXdPwm7Mda...)
[22:09:30] *** 操盘方钱包卖出信号#84 *** FV3k43yM3z... 卖出$367.77 (tx=58Zr6DgAE7dY...)
[22:09:30] *** 操盘方钱包卖出信号#85 *** FYd7HJ9gBx... 卖出$367.33 (tx=4WjzFqJEXwHb...)
[22:10:37] *** 操盘方钱包卖出信号#86 *** FV3k43yM3z... 卖出$372.42 (tx=2KG1WQzreZMs...)
[22:10:37] *** 操盘方钱包卖出信号#87 *** FYd7HJ9gBx... 卖出$367.88 (tx=63i44fYzLFz4...)
[22:10:37] *** 操盘方钱包卖出信号#88 *** FV3k43yM3z... 卖出$374.18 (tx=2HM7N9j6mCgX...)
[22:10:37] *** 操盘方钱包卖出信号#89 *** FYd7HJ9gBx... 卖出$375.84 (tx=7Z1CmfPoZe4i...)
[22:11:14] *** 操盘方钱包卖出信号#90 *** FV3k43yM3z... 卖出$371.55 (tx=5H96c74ZApk8...)
[22:11:14] *** 操盘方钱包卖出信号#91 *** FYd7HJ9gBx... 卖出$378.05 (tx=4fvhXWShctEw...)
[22:11:51] *** 操盘方钱包卖出信号#92 *** FV3k43yM3z... 卖出$367.94 (tx=2FUVFEJF3141...)
[22:11:51] *** 操盘方钱包卖出信号#93 *** FYd7HJ9gBx... 卖出$388.19 (tx=52qpQu85kK7x...)
[22:11:51] *** 操盘方钱包卖出信号#94 *** FV3k43yM3z... 卖出$371.05 (tx=4iJqG9dZxGH6...)
[22:11:51] *** 操盘方钱包卖出信号#95 *** FYd7HJ9gBx... 卖出$373.65 (tx=2sCwsT1XTViP...)
[22:12:30] *** 操盘方钱包卖出信号#96 *** FV3k43yM3z... 卖出$374.49 (tx=4q4R8m6MxTVB...)
[22:12:30] *** 操盘方钱包卖出信号#97 *** FYd7HJ9gBx... 卖出$368.59 (tx=2Jb2fVMPFNec...)
[22:12:30] *** 操盘方钱包卖出信号#98 *** FV3k43yM3z... 卖出$221.86 (tx=516XkcApLqVG...)
[22:13:01] *** 操盘方钱包卖出信号#99 *** FYd7HJ9gBx... 卖出$99.70 (tx=3joxnwXRFdxa...)
