[02:04:39] === 开始盯防38个已知操盘方钱包的卖出动作 ===
[02:05:14] *** 操盘方钱包卖出信号#1 *** 6veHKN6mvy... 卖出$170.81 (tx=2WbuFJqvhCYX...)
[02:05:14] *** 操盘方钱包卖出信号#2 *** BCasNJPHms... 卖出$115.53 (tx=43uLpLuDuUde...)
[02:05:14] *** 操盘方钱包卖出信号#3 *** J2MwonhYFk... 卖出$207.50 (tx=3beNfyhWG4HJ...)
[02:05:14] *** 操盘方钱包卖出信号#4 *** CU5sF15yXE... 卖出$56.44 (tx=PkNRob26qDsg...)
[02:08:12] *** 操盘方钱包卖出信号#5 *** BdrSZ4pAoW... 卖出$47.48 (tx=4TxQDudykHkr...)
[02:09:30] *** 操盘方钱包卖出信号#6 *** J2MwonhYFk... 卖出$151.07 (tx=66o9PvFR3UHm...)
[02:10:37] *** 操盘方钱包卖出信号#7 *** 6veHKN6mvy... 卖出$262.58 (tx=2kuxWd9FjKX2...)
[02:11:14] *** 操盘方钱包卖出信号#8 *** 12LDjtkakL... 卖出$66.52 (tx=H3mMLyhccEVh...)
[02:11:14] *** 操盘方钱包卖出信号#9 *** BCasNJPHms... 卖出$263.36 (tx=4bRXXFPv7NpJ...)
[02:11:54] *** 操盘方钱包卖出信号#10 *** 6veHKN6mvy... 卖出$156.73 (tx=5bnLMo53Afi2...)
[02:13:38] *** 操盘方钱包卖出信号#11 *** J2MwonhYFk... 卖出$195.68 (tx=WZ8b34iwtgvr...)
[02:13:38] *** 操盘方钱包卖出信号#12 *** GnksYL2mXj... 卖出$69.67 (tx=5ZG2jDs77ZUR...)
[02:14:49] *** 操盘方钱包卖出信号#13 *** BCasNJPHms... 卖出$280.58 (tx=giuxkSkPi5N3...)
[02:14:49] *** 操盘方钱包卖出信号#14 *** BCasNJPHms... 卖出$216.56 (tx=5Wkp5HyUYKxK...)
[02:15:48] *** 操盘方钱包卖出信号#15 *** 6dk7xAc2SH... 卖出$32.55 (tx=55Aq6NQvNcqv...)
[02:15:48] *** 操盘方钱包卖出信号#16 *** AJ9iztkm77... 卖出$70.77 (tx=3M5WC6pX6And...)
[02:17:01] *** 操盘方钱包卖出信号#17 *** 6veHKN6mvy... 卖出$120.23 (tx=579Jbt2EaAFM...)
[02:17:01] *** 操盘方钱包卖出信号#18 *** J2MwonhYFk... 卖出$210.43 (tx=Zrzeq7ykVhxx...)
[02:18:48] *** 操盘方钱包卖出信号#19 *** J2MwonhYFk... 卖出$246.01 (tx=L4jTkQtp6bzH...)
[02:19:54] *** 操盘方钱包卖出信号#20 *** FXRqXoCLcT... 卖出$28.93 (tx=4odjHdZk6fui...)
[02:20:25] *** 操盘方钱包卖出信号#21 *** BCasNJPHms... 卖出$167.60 (tx=2rzkHe13bZ2j...)
[02:21:02] *** 操盘方钱包卖出信号#22 *** 6veHKN6mvy... 卖出$189.61 (tx=4LPCGMdkdH1a...)
[02:21:02] *** 操盘方钱包卖出信号#23 *** BeJ9z6KEwi... 卖出$71.19 (tx=3Y8zBztz1Zts...)
[02:22:12] *** 操盘方钱包卖出信号#24 *** 9Us74zjTM6... 卖出$33.38 (tx=5ThfMsyupvfE...)
[02:22:49] *** 操盘方钱包卖出信号#25 *** J2MwonhYFk... 卖出$226.99 (tx=4YwK3NYRxGga...)
[02:22:49] *** 操盘方钱包卖出信号#26 *** 5soDEjTKYE... 卖出$66.40 (tx=3ZxcNHJ8LQCP...)
[02:23:26] *** 操盘方钱包卖出信号#27 *** BCasNJPHms... 卖出$274.10 (tx=49VkjN7HeAui...)
[02:24:36] *** 操盘方钱包卖出信号#28 *** 6veHKN6mvy... 卖出$147.26 (tx=35DY6XHMfXd6...)
[02:25:13] *** 操盘方钱包卖出信号#29 *** Gu5EzswBZT... 卖出$52.07 (tx=3j9ctiUBVQ84...)
[02:26:30] *** 操盘方钱包卖出信号#30 *** BCasNJPHms... 卖出$166.81 (tx=58bAEqgxSpZB...)
[02:26:30] *** 操盘方钱包卖出信号#31 *** GBN1YDUihg... 卖出$30.37 (tx=5y285pocLZnA...)
[02:27:37] *** 操盘方钱包卖出信号#32 *** J2MwonhYFk... 卖出$280.38 (tx=2zeNPvNv2zzy...)
[02:29:24] *** 操盘方钱包卖出信号#33 *** 6veHKN6mvy... 卖出$269.52 (tx=5TQ2w7v3ESuc...)
[02:32:25] *** 操盘方钱包卖出信号#34 *** BCasNJPHms... 卖出$112.45 (tx=4hMrjj3W8Aej...)
[02:33:05] *** 操盘方钱包卖出信号#35 *** 6veHKN6mvy... 卖出$248.07 (tx=4NGtVEme9ie2...)
[02:33:42] *** 操盘方钱包卖出信号#36 *** J2MwonhYFk... 卖出$133.96 (tx=4B3DznWUVnhe...)
[02:33:42] *** 操盘方钱包卖出信号#37 *** 9aJj49y6Uv... 卖出$70.35 (tx=3PxKT1CPn4x6...)
[02:33:42] *** 操盘方钱包卖出信号#38 *** xSE1HdR84Z... 卖出$65.95 (tx=5q7zmns1NGGx...)
[02:34:50] *** 操盘方钱包卖出信号#39 *** J2MwonhYFk... 卖出$255.08 (tx=3xDvoBVmFzHx...)
[02:36:00] *** 操盘方钱包卖出信号#40 *** 6veHKN6mvy... 卖出$187.16 (tx=3po98SNdoysK...)
[02:36:37] *** 操盘方钱包卖出信号#41 *** BCasNJPHms... 卖出$142.50 (tx=34eZ3hsFuLLF...)
[02:37:53] *** 操盘方钱包卖出信号#42 *** 6veHKN6mvy... 卖出$133.55 (tx=2aQk3WGkqUUG...)
[02:37:53] *** 操盘方钱包卖出信号#43 *** J2MwonhYFk... 卖出$113.30 (tx=2D7q5AMWfGbN...)
[02:40:17] *** 操盘方钱包卖出信号#44 *** BCasNJPHms... 卖出$270.24 (tx=2jxMUWW2F4JA...)
[02:40:48] *** 操盘方钱包卖出信号#45 *** BCasNJPHms... 卖出$159.51 (tx=4D7bxste2qyQ...)
[02:40:48] *** 操盘方钱包卖出信号#46 *** J2MwonhYFk... 卖出$192.31 (tx=rBQa5WPSxzcH...)
[02:42:02] *** 操盘方钱包卖出信号#47 *** BjiBmiVRUC... 卖出$38.87 (tx=5CoGKKSAjPv9...)
[02:44:30] *** 操盘方钱包卖出信号#48 *** 6veHKN6mvy... 卖出$124.60 (tx=3x94MzVyJjWY...)
[02:45:38] *** 操盘方钱包卖出信号#49 *** J2MwonhYFk... 卖出$180.35 (tx=33d24Y9ZqxVF...)
[02:45:38] *** 操盘方钱包卖出信号#50 *** 7LBuERTXtv... 卖出$46.90 (tx=4opiM26nHn4f...)
[02:47:26] *** 操盘方钱包卖出信号#51 *** BCasNJPHms... 卖出$150.28 (tx=42zVG2xtne5C...)
[02:47:26] *** 操盘方钱包卖出信号#52 *** 6veHKN6mvy... 卖出$251.03 (tx=3JQy1hiPc562...)
[02:49:50] *** 操盘方钱包卖出信号#53 *** 6veHKN6mvy... 卖出$244.05 (tx=3VusZ2fzC1rN...)
[02:49:50] *** 操盘方钱包卖出信号#54 *** 21HEGZAXuz... 卖出$38.01 (tx=jXWAVwxwTUUN...)
[02:49:50] *** 操盘方钱包卖出信号#55 *** BCasNJPHms... 卖出$265.15 (tx=5G3XcguFJX7v...)
[02:49:50] *** 操盘方钱包卖出信号#56 *** E4Qf2wgmXS... 卖出$38.28 (tx=2TP6i8Y9tjT6...)
[02:49:50] *** 操盘方钱包卖出信号#57 *** J2MwonhYFk... 卖出$179.36 (tx=25Nn6Dx7qvKx...)
[02:50:30] *** 操盘方钱包卖出信号#58 *** BswE24gRT1... 卖出$31.42 (tx=NK27BfvvfqyS...)
[02:50:30] *** 操盘方钱包卖出信号#59 *** CU5sF15yXE... 卖出$35.82 (tx=mX1Go3w7RWbm...)
[02:52:14] *** 操盘方钱包卖出信号#60 *** J2MwonhYFk... 卖出$255.66 (tx=nxSATzmKFx9X...)
[02:52:14] *** 操盘方钱包卖出信号#61 *** 8Z8adWi29g... 卖出$54.78 (tx=5o4D8iFSGRod...)
[02:52:48] *** 操盘方钱包卖出信号#62 *** AP5aQdbzQV... 卖出$60.01 (tx=2aV376nJf2N2...)
[02:53:26] *** 操盘方钱包卖出信号#63 *** 6veHKN6mvy... 卖出$114.96 (tx=3WCfdzxu5qV6...)
[02:54:05] *** 操盘方钱包卖出信号#64 *** EkrwVVfHH9... 卖出$29.18 (tx=32RrMUgGiXWd...)
[02:54:05] *** 操盘方钱包卖出信号#65 *** CSF3m57hhC... 卖出$62.81 (tx=CNHy2LZuevz8...)
[02:54:42] *** 操盘方钱包卖出信号#66 *** DQxrCMha9B... 卖出$64.79 (tx=2PMm2txqMfHZ...)
[02:54:42] *** 操盘方钱包卖出信号#67 *** BCasNJPHms... 卖出$188.74 (tx=5dfznf3DW4nF...)
[02:54:42] *** 操盘方钱包卖出信号#68 *** 6D1bmiKzMF... 卖出$42.03 (tx=AXnKZNesqsn5...)
[02:55:13] *** 操盘方钱包卖出信号#69 *** 6veHKN6mvy... 卖出$188.92 (tx=5R8DAzokTUHC...)
[02:57:05] *** 操盘方钱包卖出信号#70 *** Bb7VBc4Att... 卖出$74.32 (tx=3mieKaaL9Y5U...)
[02:57:05] *** 操盘方钱包卖出信号#71 *** J2MwonhYFk... 卖出$237.21 (tx=3aACyqPzvNP8...)
[02:58:49] *** 操盘方钱包卖出信号#72 *** BCasNJPHms... 卖出$175.86 (tx=2QKmHXMvZ6p3...)
[02:58:49] *** 操盘方钱包卖出信号#73 *** GMTVKcS7N1... 卖出$55.89 (tx=5QBPgUh7NTF2...)
[03:04:48] === 监控结束,共73次操盘方卖出信号 ===
