[22:58:33] === 开始盯防3个已知操盘方钱包的卖出动作 ===
[22:59:11] *** 操盘方钱包卖出信号#1 *** Gygj9QQby4... 卖出$442.79 (tx=4KBiz13Sj1vm...)
[22:59:11] *** 操盘方钱包卖出信号#2 *** Gygj9QQby4... 卖出$105.67 (tx=qen3dSKeTRY6...)
[22:59:11] *** 操盘方钱包卖出信号#3 *** Gygj9QQby4... 卖出$132.45 (tx=5Pe9CXf3ysK8...)
[22:59:11] *** 操盘方钱包卖出信号#4 *** Gygj9QQby4... 卖出$149.00 (tx=3fbg7NHhp4UJ...)
[22:59:11] *** 操盘方钱包卖出信号#5 *** Gygj9QQby4... 卖出$398.66 (tx=39ZUNyrm6Wzy...)
[22:59:11] *** 操盘方钱包卖出信号#6 *** Gygj9QQby4... 卖出$296.99 (tx=3Xy9L1B6wVBy...)
[22:59:11] *** 操盘方钱包卖出信号#7 *** Gygj9QQby4... 卖出$168.61 (tx=41QnBGGH9S2T...)
[22:59:11] *** 操盘方钱包卖出信号#8 *** Gygj9QQby4... 卖出$495.01 (tx=4y3ZfPXGGGeS...)
[22:59:11] *** 操盘方钱包卖出信号#9 *** Gygj9QQby4... 卖出$39.41 (tx=659MMU2LAJza...)
[22:59:11] *** 操盘方钱包卖出信号#10 *** Gygj9QQby4... 卖出$108.72 (tx=GniAWwQLoyQ9...)
[22:59:11] *** 操盘方钱包卖出信号#11 *** 4znCQoZWzS... 卖出$27.93 (tx=5Bx9CHKM9JvF...)
[22:59:11] *** 操盘方钱包卖出信号#12 *** 4znCQoZWzS... 卖出$27.65 (tx=VzpmXkUGHZzB...)
[22:59:11] *** 操盘方钱包卖出信号#13 *** Gygj9QQby4... 卖出$58.75 (tx=5Fy71qu5tPfa...)
[22:59:11] *** 操盘方钱包卖出信号#14 *** 4znCQoZWzS... 卖出$12.42 (tx=5bWXPadvpKrw...)
[22:59:11] *** 操盘方钱包卖出信号#15 *** Gygj9QQby4... 卖出$168.24 (tx=3UdG7tHz5BJh...)
[22:59:11] *** 操盘方钱包卖出信号#16 *** 4znCQoZWzS... 卖出$83.55 (tx=xWnQ5QyyDuez...)
[22:59:11] *** 操盘方钱包卖出信号#17 *** Gygj9QQby4... 卖出$45.30 (tx=5sifajq5kDSr...)
[22:59:11] *** 操盘方钱包卖出信号#18 *** 9ygmSiDMic... 卖出$89.33 (tx=3sQrF1J1wtHo...)
[23:58:36] === 监控结束,共18次操盘方卖出信号 ===
