[22:58:33] === 4erBNnaQ 高密度崩盘取证监控启动 ===
[22:58:34] 基线: 价格$0.00000043 流动性$478
[22:59:34] 价格$0.00000043  流动性$478(峰值$478)  已存档51笔逐笔  操盘方卖出比例=45.1%
[23:00:35] 价格$0.00000043  流动性$478(峰值$478)  已存档51笔逐笔
[23:01:35] 价格$0.00000043  流动性$472(峰值$478)  已存档51笔逐笔
[23:02:35] 价格$0.00000043  流动性$472(峰值$478)  已存档51笔逐笔
[23:03:36] 价格$0.00000043  流动性$472(峰值$478)  已存档51笔逐笔
[23:04:36] 价格$0.00000043  流动性$472(峰值$478)  已存档51笔逐笔  操盘方卖出比例=45.1%
[23:05:36] 价格$0.00000043  流动性$472(峰值$478)  已存档51笔逐笔
[23:06:37] 价格$0.00000043  流动性$472(峰值$478)  已存档51笔逐笔
[23:07:37] 价格$0.00000043  流动性$472(峰值$478)  已存档51笔逐笔
[23:08:37] 价格$0.00000043  流动性$472(峰值$478)  已存档52笔逐笔
[23:09:38] 价格$0.00000043  流动性$472(峰值$478)  已存档52笔逐笔  操盘方卖出比例=45.1%
[23:10:38] 价格$0.00000043  流动性$472(峰值$478)  已存档52笔逐笔
[23:11:38] 价格$0.00000043  流动性$472(峰值$478)  已存档52笔逐笔
[23:12:38] 价格$0.00000043  流动性$472(峰值$478)  已存档52笔逐笔
[23:13:39] 价格$0.00000043  流动性$472(峰值$478)  已存档52笔逐笔
[23:14:39] 价格$0.00000043  流动性$472(峰值$478)  已存档52笔逐笔  操盘方卖出比例=45.1%
[23:15:39] 价格$0.00000043  流动性$472(峰值$478)  已存档52笔逐笔
[23:16:40] 价格$0.00000043  流动性$472(峰值$478)  已存档52笔逐笔
[23:17:40] 价格$0.00000043  流动性$472(峰值$478)  已存档52笔逐笔
[23:18:40] 价格$0.00000043  流动性$472(峰值$478)  已存档52笔逐笔
[23:19:41] 价格$0.00000043  流动性$472(峰值$478)  已存档52笔逐笔  操盘方卖出比例=45.1%
[23:20:41] 价格$0.00000043  流动性$473(峰值$478)  已存档52笔逐笔
[23:21:41] 价格$0.00000043  流动性$473(峰值$478)  已存档52笔逐笔
[23:22:41] 价格$0.00000043  流动性$473(峰值$478)  已存档52笔逐笔
[23:23:42] 价格$0.00000043  流动性$473(峰值$478)  已存档52笔逐笔
[23:24:42] 价格$0.00000043  流动性$473(峰值$478)  已存档52笔逐笔  操盘方卖出比例=45.1%
[23:25:42] 价格$0.00000043  流动性$473(峰值$478)  已存档52笔逐笔
[23:26:42] 价格$0.00000043  流动性$473(峰值$478)  已存档52笔逐笔
[23:27:43] 价格$0.00000043  流动性$473(峰值$478)  已存档52笔逐笔
[23:28:43] 价格$0.00000043  流动性$473(峰值$478)  已存档52笔逐笔
[23:29:44] 价格$0.00000043  流动性$473(峰值$478)  已存档52笔逐笔  操盘方卖出比例=45.1%
[23:30:44] 价格$0.00000043  流动性$473(峰值$478)  已存档52笔逐笔
[23:31:44] 价格$0.00000043  流动性$475(峰值$478)  已存档52笔逐笔
[23:32:44] 价格$0.00000043  流动性$475(峰值$478)  已存档52笔逐笔
[23:33:45] 价格$0.00000043  流动性$475(峰值$478)  已存档52笔逐笔
[23:34:45] 价格$0.00000043  流动性$475(峰值$478)  已存档52笔逐笔  操盘方卖出比例=45.1%
[23:35:45] 价格$0.00000043  流动性$475(峰值$478)  已存档52笔逐笔
[23:36:46] 价格$0.00000043  流动性$475(峰值$478)  已存档52笔逐笔
[23:37:46] 价格$0.00000043  流动性$475(峰值$478)  已存档52笔逐笔
[23:38:47] 价格$0.00000043  流动性$475(峰值$478)  已存档52笔逐笔
[23:39:47] 价格$0.00000043  流动性$475(峰值$478)  已存档52笔逐笔  操盘方卖出比例=45.1%
[23:40:47] 价格$0.00000043  流动性$475(峰值$478)  已存档52笔逐笔
[23:41:47] 价格$0.00000043  流动性$475(峰值$478)  已存档52笔逐笔
[23:42:48] 价格$0.00000043  流动性$475(峰值$478)  已存档52笔逐笔
[23:43:48] 价格$0.00000043  流动性$475(峰值$478)  已存档52笔逐笔
[23:44:49] 价格$0.00000043  流动性$475(峰值$478)  已存档52笔逐笔  操盘方卖出比例=45.1%
[23:45:49] 价格$0.00000043  流动性$475(峰值$478)  已存档52笔逐笔
[23:46:49] 价格$0.00000043  流动性$475(峰值$478)  已存档52笔逐笔
[23:47:49] 价格$0.00000043  流动性$475(峰值$478)  已存档52笔逐笔
[23:48:50] 价格$0.00000043  流动性$475(峰值$478)  已存档52笔逐笔
[23:49:51] 价格$0.00000043  流动性$475(峰值$478)  已存档52笔逐笔  操盘方卖出比例=45.1%
[23:50:51] 价格$0.00000043  流动性$475(峰值$478)  已存档52笔逐笔
[23:51:51] 价格$0.00000043  流动性$475(峰值$478)  已存档52笔逐笔
[23:52:52] 价格$0.00000043  流动性$475(峰值$478)  已存档52笔逐笔
[23:53:52] 价格$0.00000043  流动性$475(峰值$478)  已存档52笔逐笔
[23:54:52] 价格$0.00000043  流动性$475(峰值$478)  已存档52笔逐笔  操盘方卖出比例=45.1%
[23:55:53] 价格$0.00000043  流动性$475(峰值$478)  已存档52笔逐笔
[23:56:53] 价格$0.00000043  流动性$475(峰值$478)  已存档52笔逐笔
[23:57:53] 价格$0.00000043  流动性$475(峰值$478)  已存档52笔逐笔
[23:58:53] 价格$0.00000043  流动性$475(峰值$478)  已存档52笔逐笔
[23:58:53] === 监控结束(崩盘=否,本段时间内仍存活) ===
