[23:11:58] === 4GjG4Tsy 高密度崩盘取证监控启动 ===
[23:12:17] 基线: 价格$0.00000000 流动性$0
[23:13:18] 价格$0.00002931  流动性$0(峰值$0)  已存档300笔逐笔  操盘方卖出比例=75.0%
[23:14:18] 价格$0.00002931  流动性$0(峰值$0)  已存档300笔逐笔
[23:15:18] 价格$0.00002931  流动性$0(峰值$0)  已存档300笔逐笔
[23:16:19] 价格$0.00002931  流动性$0(峰值$0)  已存档300笔逐笔
[23:17:19] 价格$0.00002931  流动性$0(峰值$0)  已存档300笔逐笔
[23:18:20] 价格$0.00002931  流动性$0(峰值$0)  已存档300笔逐笔  操盘方卖出比例=86.9%
[23:19:20] 价格$0.00002931  流动性$0(峰值$0)  已存档300笔逐笔
[23:20:21] 价格$0.00002931  流动性$0(峰值$0)  已存档300笔逐笔
[23:21:21] 价格$0.00002931  流动性$0(峰值$0)  已存档300笔逐笔
[23:22:21] 价格$0.00002931  流动性$0(峰值$0)  已存档300笔逐笔
[23:23:22] 价格$0.00002931  流动性$0(峰值$0)  已存档300笔逐笔  操盘方卖出比例=88.1%
[23:24:23] 价格$0.00002931  流动性$0(峰值$0)  已存档300笔逐笔
[23:25:23] 价格$0.00002931  流动性$0(峰值$0)  已存档300笔逐笔
[23:26:23] 价格$0.00002931  流动性$0(峰值$0)  已存档300笔逐笔
[23:27:24] 价格$0.00002931  流动性$0(峰值$0)  已存档300笔逐笔
[23:28:25] 价格$0.00002931  流动性$0(峰值$0)  已存档300笔逐笔  操盘方卖出比例=97.6%
[23:29:25] 价格$0.00002931  流动性$0(峰值$0)  已存档300笔逐笔
[23:30:26] 价格$0.00002931  流动性$0(峰值$0)  已存档300笔逐笔
[23:31:26] 价格$0.00002931  流动性$0(峰值$0)  已存档300笔逐笔
[23:32:26] 价格$0.00002931  流动性$0(峰值$0)  已存档300笔逐笔
[23:33:27] 价格$0.00002931  流动性$0(峰值$0)  已存档300笔逐笔  操盘方卖出比例=95.3%
[23:34:27] 价格$0.00002931  流动性$0(峰值$0)  已存档300笔逐笔
[23:35:27] 价格$0.00002931  流动性$0(峰值$0)  已存档300笔逐笔
[23:36:28] 价格$0.00002931  流动性$0(峰值$0)  已存档300笔逐笔
[23:37:29] 价格$0.00002931  流动性$0(峰值$0)  已存档300笔逐笔
[23:38:29] 价格$0.00002931  流动性$0(峰值$0)  已存档300笔逐笔  操盘方卖出比例=96.6%
[23:39:29] 价格$0.00002931  流动性$0(峰值$0)  已存档300笔逐笔
[23:40:29] 价格$0.00002931  流动性$0(峰值$0)  已存档300笔逐笔
[23:41:30] 价格$0.00002931  流动性$0(峰值$0)  已存档300笔逐笔
[23:42:30] 价格$0.00002931  流动性$0(峰值$0)  已存档300笔逐笔
[23:43:30] 价格$0.00002931  流动性$0(峰值$0)  已存档300笔逐笔  操盘方卖出比例=100.0%
[23:44:31] 价格$0.00002931  流动性$0(峰值$0)  已存档300笔逐笔
[23:45:31] 价格$0.00002931  流动性$0(峰值$0)  已存档300笔逐笔
[23:46:31] 价格$0.00002931  流动性$0(峰值$0)  已存档300笔逐笔
[23:47:32] 价格$0.00002931  流动性$0(峰值$0)  已存档300笔逐笔
[23:48:32] 价格$0.00002931  流动性$0(峰值$0)  已存档300笔逐笔  操盘方卖出比例=99.2%
[23:49:32] 价格$0.00002931  流动性$0(峰值$0)  已存档300笔逐笔
[23:50:33] 价格$0.00002931  流动性$0(峰值$0)  已存档300笔逐笔
[23:51:33] 价格$0.00002931  流动性$0(峰值$0)  已存档300笔逐笔
[23:52:34] 价格$0.00002931  流动性$0(峰值$0)  已存档300笔逐笔
[23:53:34] 价格$0.00002931  流动性$0(峰值$0)  已存档300笔逐笔  操盘方卖出比例=100.0%
[23:54:34] 价格$0.00002931  流动性$0(峰值$0)  已存档300笔逐笔
[23:55:35] 价格$0.00002931  流动性$0(峰值$0)  已存档300笔逐笔
[23:56:36] 价格$0.00002931  流动性$0(峰值$0)  已存档300笔逐笔
[23:57:36] 价格$0.00002931  流动性$0(峰值$0)  已存档300笔逐笔
[23:58:36] 价格$0.00002931  流动性$0(峰值$0)  已存档300笔逐笔  操盘方卖出比例=100.0%
[23:59:37] 价格$0.00002931  流动性$0(峰值$0)  已存档300笔逐笔
[00:00:37] 价格$0.00002931  流动性$0(峰值$0)  已存档300笔逐笔
[00:01:37] 价格$0.00002931  流动性$0(峰值$0)  已存档300笔逐笔
[00:02:38] 价格$0.00002931  流动性$0(峰值$0)  已存档300笔逐笔
[00:03:38] 价格$0.00002931  流动性$0(峰值$0)  已存档300笔逐笔  操盘方卖出比例=100.0%
[00:04:38] 价格$0.00002931  流动性$0(峰值$0)  已存档300笔逐笔
[00:05:39] 价格$0.00002931  流动性$0(峰值$0)  已存档300笔逐笔
[00:06:39] 价格$0.00002931  流动性$0(峰值$0)  已存档300笔逐笔
[00:07:39] 价格$0.00002931  流动性$0(峰值$0)  已存档300笔逐笔
[00:08:40] 价格$0.00002931  流动性$0(峰值$0)  已存档300笔逐笔  操盘方卖出比例=100.0%
[00:09:40] 价格$0.00002931  流动性$0(峰值$0)  已存档300笔逐笔
[00:10:40] 价格$0.00002931  流动性$0(峰值$0)  已存档300笔逐笔
[00:11:41] 价格$0.00002931  流动性$0(峰值$0)  已存档300笔逐笔
[00:12:41] 价格$0.00002931  流动性$0(峰值$0)  已存档300笔逐笔
[00:12:41] === 监控结束(崩盘=否,本段时间内仍存活) ===
