[23:11:58] === 开始盯防37个已知操盘方钱包的卖出动作 ===
[23:13:03] *** 操盘方钱包卖出信号#1 *** APYJQarB3L... 卖出$50.93 (tx=FJmZijKh11Gx...)
[23:13:03] *** 操盘方钱包卖出信号#2 *** ExLao2MoBk... 卖出$49.91 (tx=31aUx1HMGy7t...)
[23:13:03] *** 操盘方钱包卖出信号#3 *** 64hP97Bwr5... 卖出$132.30 (tx=4m8iNoAMQhBK...)
[23:13:03] *** 操盘方钱包卖出信号#4 *** 9Ep1QZ43jA... 卖出$97.62 (tx=2SStgSBcnLb9...)
[23:13:03] *** 操盘方钱包卖出信号#5 *** AognWhjAvt... 卖出$72.79 (tx=3gnz7xteAaiM...)
[23:13:03] *** 操盘方钱包卖出信号#6 *** F5ugfa5tqJ... 卖出$62.64 (tx=3NTt2vPGRiRi...)
[23:13:03] *** 操盘方钱包卖出信号#7 *** F5ugfa5tqJ... 卖出$113.51 (tx=3bUGmn2gKZky...)
[23:13:03] *** 操盘方钱包卖出信号#8 *** 5ZUp9q4NRz... 卖出$71.47 (tx=jppW5AtuHke2...)
[23:13:03] *** 操盘方钱包卖出信号#9 *** 5ZUp9q4NRz... 卖出$126.97 (tx=2xWcp38aPUGT...)
[23:13:03] *** 操盘方钱包卖出信号#10 *** 5ZUp9q4NRz... 卖出$68.39 (tx=4aZE4GyYs5Sq...)
[23:13:03] *** 操盘方钱包卖出信号#11 *** F5ugfa5tqJ... 卖出$59.92 (tx=7peMSZPLcEyu...)
[23:13:03] *** 操盘方钱包卖出信号#12 *** 8NsfpmaZCj... 卖出$84.14 (tx=54TxecYg7iAW...)
[23:13:03] *** 操盘方钱包卖出信号#13 *** 8NsfpmaZCj... 卖出$75.22 (tx=wWtxSeztLXso...)
[23:13:03] *** 操盘方钱包卖出信号#14 *** SQHK48QT8S... 卖出$158.19 (tx=orkvRJztSBYL...)
[23:13:03] *** 操盘方钱包卖出信号#15 *** APYJQarB3L... 卖出$53.93 (tx=4FKXGXKAGmVx...)
[23:13:03] *** 操盘方钱包卖出信号#16 *** A8Z1ejQGk4... 卖出$134.02 (tx=53BokCDeA6Xc...)
[23:13:03] *** 操盘方钱包卖出信号#17 *** 3ATCtmtk5o... 卖出$161.37 (tx=UguoGBuTagYF...)
[23:13:03] *** 操盘方钱包卖出信号#18 *** GSx4w7z34h... 卖出$169.21 (tx=2u8iSt7yj1KK...)
[23:13:03] *** 操盘方钱包卖出信号#19 *** 64hP97Bwr5... 卖出$94.63 (tx=5fSrtt3AubGM...)
[23:13:03] *** 操盘方钱包卖出信号#20 *** APYJQarB3L... 卖出$181.85 (tx=2Fa85VrmvQSX...)
[23:13:03] *** 操盘方钱包卖出信号#21 *** APYJQarB3L... 卖出$49.40 (tx=DGCQNro312CD...)
[23:13:03] *** 操盘方钱包卖出信号#22 *** FG9kormt85... 卖出$103.06 (tx=52ocw3eWZcEE...)
[23:13:03] *** 操盘方钱包卖出信号#23 *** FKgteLcHEt... 卖出$89.85 (tx=32KeRnKrf3ok...)
[23:13:03] *** 操盘方钱包卖出信号#24 *** APYJQarB3L... 卖出$49.84 (tx=633QKDTM8Cju...)
[23:13:03] *** 操盘方钱包卖出信号#25 *** FG9kormt85... 卖出$99.89 (tx=28rSEeSdSxKP...)
[23:13:03] *** 操盘方钱包卖出信号#26 *** FKgteLcHEt... 卖出$91.79 (tx=3MwWgPyDo4r9...)
[23:13:03] *** 操盘方钱包卖出信号#27 *** ExLao2MoBk... 卖出$46.02 (tx=iw9bzDucZHdi...)
[23:13:03] *** 操盘方钱包卖出信号#28 *** 2tVnqzRozP... 卖出$99.09 (tx=2onazWH6XXSE...)
[00:12:01] === 监控结束,共28次操盘方卖出信号 ===
