[16:12:33] === 开始盯防34个已知操盘方钱包的卖出动作 ===
[16:13:07] *** 操盘方钱包卖出信号#1 *** GiLrEL5ZEe... 卖出$7.89 (tx=2RGjBpJU9be5...)
[16:13:07] *** 操盘方钱包卖出信号#2 *** Fq4QTYXs4W... 卖出$96.99 (tx=4nBqG2bYmYY2...)
[16:13:40] *** 操盘方钱包卖出信号#3 *** A5an5owG1s... 卖出$200.29 (tx=4ZZxY9r543DR...)
[16:13:40] *** 操盘方钱包卖出信号#4 *** EdqPNKqsgg... 卖出$25.43 (tx=3u1pJXePMLNX...)
[16:13:40] *** 操盘方钱包卖出信号#5 *** 2AUwFXsuMV... 卖出$20.16 (tx=3ffTwgbEHsgZ...)
[16:14:50] *** 操盘方钱包卖出信号#6 *** Fq4QTYXs4W... 卖出$12.39 (tx=7YAb4Jd25vbS...)
[16:14:50] *** 操盘方钱包卖出信号#7 *** Fq4QTYXs4W... 卖出$81.58 (tx=25ywaYrFRess...)
[16:14:50] *** 操盘方钱包卖出信号#8 *** 9DN6B3uQuF... 卖出$17.12 (tx=5DYGZZbbMMWN...)
[16:14:50] *** 操盘方钱包卖出信号#9 *** 9DN6B3uQuF... 卖出$28.64 (tx=1q4NsnQYH1LZ...)
[16:16:03] *** 操盘方钱包卖出信号#10 *** 9DN6B3uQuF... 卖出$17.09 (tx=4h54kvncxi3a...)
[16:16:03] *** 操盘方钱包卖出信号#11 *** 5KcCU3Jokq... 卖出$124.05 (tx=181NGCmVb7SF...)
[16:16:03] *** 操盘方钱包卖出信号#12 *** EPMSQbbzid... 卖出$28.36 (tx=3LqNbs13i6Z3...)
[16:16:03] *** 操盘方钱包卖出信号#13 *** EPMSQbbzid... 卖出$177.41 (tx=5H3DmACvZcLV...)
[16:16:03] *** 操盘方钱包卖出信号#14 *** 2AUwFXsuMV... 卖出$8.74 (tx=2KuTEg1SymaP...)
[16:16:03] *** 操盘方钱包卖出信号#15 *** EPMSQbbzid... 卖出$198.93 (tx=cayh4NXfj3s8...)
[16:16:03] *** 操盘方钱包卖出信号#16 *** 2AUwFXsuMV... 卖出$21.53 (tx=4JYWK2CziWch...)
[16:16:42] *** 操盘方钱包卖出信号#17 *** 5KcCU3Jokq... 卖出$11.66 (tx=5cJ4bzqMJycg...)
[16:16:42] *** 操盘方钱包卖出信号#18 *** 5dZmqAFy6k... 卖出$132.41 (tx=35bit66j1LSH...)
[16:16:42] *** 操盘方钱包卖出信号#19 *** FqV4vDNLoK... 卖出$9.89 (tx=2c2PnU95Zi5v...)
[16:17:19] *** 操盘方钱包卖出信号#20 *** 5KcCU3Jokq... 卖出$12.67 (tx=5CFqW4qZMofT...)
[16:17:19] *** 操盘方钱包卖出信号#21 *** Fq4QTYXs4W... 卖出$28.55 (tx=4qaNFkLWvbQg...)
[16:17:50] *** 操盘方钱包卖出信号#22 *** J9dZYSoMiz... 卖出$96.91 (tx=2T2bvnU1zYxi...)
[16:17:50] *** 操盘方钱包卖出信号#23 *** 5jTstEgPM3... 卖出$10.15 (tx=4uFpdmEDyWUQ...)
[16:18:26] *** 操盘方钱包卖出信号#24 *** 5jTstEgPM3... 卖出$199.88 (tx=4ezSUbwXpZhX...)
[16:18:26] *** 操盘方钱包卖出信号#25 *** J9dZYSoMiz... 卖出$12.30 (tx=2RKcaj3dGbEH...)
[16:18:26] *** 操盘方钱包卖出信号#26 *** 2AUwFXsuMV... 卖出$25.46 (tx=4HTCrv2H4HnJ...)
[16:19:03] *** 操盘方钱包卖出信号#27 *** J9dZYSoMiz... 卖出$120.16 (tx=4PdQiRDbEGzV...)
[16:19:03] *** 操盘方钱包卖出信号#28 *** J9dZYSoMiz... 卖出$218.57 (tx=67SErS3tMVAh...)
[16:19:03] *** 操盘方钱包卖出信号#29 *** J9dZYSoMiz... 卖出$10.33 (tx=2HeUwzabfNQK...)
[16:19:03] *** 操盘方钱包卖出信号#30 *** DH76FEKXmE... 卖出$19.48 (tx=2Rm2JiJxZmUZ...)
[16:19:42] *** 操盘方钱包卖出信号#31 *** HeYBCWBGeM... 卖出$164.55 (tx=Eh2nnXjst15W...)
[16:19:42] *** 操盘方钱包卖出信号#32 *** DH76FEKXmE... 卖出$14.22 (tx=k9p2xH2JwJEm...)
[16:19:42] *** 操盘方钱包卖出信号#33 *** FqV4vDNLoK... 卖出$21.51 (tx=4JhpubQ774Ef...)
[16:20:55] *** 操盘方钱包卖出信号#34 *** 2AUwFXsuMV... 卖出$227.89 (tx=23yuwKtH2DtW...)
[16:20:55] *** 操盘方钱包卖出信号#35 *** Fq4QTYXs4W... 卖出$19.51 (tx=2Abz479zJoVW...)
[16:20:55] *** 操盘方钱包卖出信号#36 *** A87kzt4NJa... 卖出$10.34 (tx=4W8Jf4XKb3ok...)
[16:21:26] *** 操盘方钱包卖出信号#37 *** A87kzt4NJa... 卖出$9.33 (tx=5h3zFjYwpb1S...)
[16:21:26] *** 操盘方钱包卖出信号#38 *** A87kzt4NJa... 卖出$85.83 (tx=3sxsekkLYQqP...)
[16:21:26] *** 操盘方钱包卖出信号#39 *** A87kzt4NJa... 卖出$15.51 (tx=4CgnaDxQVn8Q...)
[16:22:38] *** 操盘方钱包卖出信号#40 *** Gnbub9bC8t... 卖出$26.27 (tx=dHAHzYGWs8Go...)
[16:22:38] *** 操盘方钱包卖出信号#41 *** Gnbub9bC8t... 卖出$158.65 (tx=yVmzB1io2H1r...)
[16:22:38] *** 操盘方钱包卖出信号#42 *** EdqPNKqsgg... 卖出$233.08 (tx=3RX1ZCkb3Hjx...)
[16:22:38] *** 操盘方钱包卖出信号#43 *** 5dZmqAFy6k... 卖出$24.82 (tx=2MaCTkpGAU5v...)
[16:22:38] *** 操盘方钱包卖出信号#44 *** 5dZmqAFy6k... 卖出$28.14 (tx=3yCHmmxHzjtD...)
[16:22:38] *** 操盘方钱包卖出信号#45 *** 5dZmqAFy6k... 卖出$10.71 (tx=3eshV6o1For2...)
[16:23:15] *** 操盘方钱包卖出信号#46 *** Fq4QTYXs4W... 卖出$9.34 (tx=xdsCJZ2G9UA6...)
[16:23:15] *** 操盘方钱包卖出信号#47 *** Fq4QTYXs4W... 卖出$199.91 (tx=4CAMTb7be7Bc...)
[16:23:55] *** 操盘方钱包卖出信号#48 *** 5dZmqAFy6k... 卖出$17.10 (tx=2gnhNd4Rvhz1...)
[16:23:55] *** 操盘方钱包卖出信号#49 *** A87kzt4NJa... 卖出$10.43 (tx=1H2hicnrowxK...)
[16:23:55] *** 操盘方钱包卖出信号#50 *** 5KcCU3Jokq... 卖出$21.55 (tx=2PeMDxYQ4ukC...)
[16:24:25] *** 操盘方钱包卖出信号#51 *** 5KcCU3Jokq... 卖出$115.23 (tx=2Jd9xP8Js1FR...)
[16:24:25] *** 操盘方钱包卖出信号#52 *** Gnbub9bC8t... 卖出$114.50 (tx=3uQtJBNapzRE...)
[16:24:25] *** 操盘方钱包卖出信号#53 *** 5dZmqAFy6k... 卖出$19.62 (tx=4UKH694j7qBM...)
[16:25:38] *** 操盘方钱包卖出信号#54 *** DH76FEKXmE... 卖出$16.18 (tx=5byrfNquVuJY...)
[16:25:38] *** 操盘方钱包卖出信号#55 *** DH76FEKXmE... 卖出$102.53 (tx=vKYjSKb4wwAL...)
[16:25:38] *** 操盘方钱包卖出信号#56 *** 2Ex1Gr3EFD... 卖出$182.46 (tx=3g5oz2gZFkKy...)
[16:25:38] *** 操盘方钱包卖出信号#57 *** FqV4vDNLoK... 卖出$14.05 (tx=5XQytkpXBLF9...)
[16:25:38] *** 操盘方钱包卖出信号#58 *** DH76FEKXmE... 卖出$9.64 (tx=3QNMPos8vs8o...)
[16:26:15] *** 操盘方钱包卖出信号#59 *** 5dZmqAFy6k... 卖出$11.16 (tx=3nMDmMVcmk5i...)
[16:26:15] *** 操盘方钱包卖出信号#60 *** 5dZmqAFy6k... 卖出$16.42 (tx=3dDy414fSGEW...)
[16:26:15] *** 操盘方钱包卖出信号#61 *** 5dZmqAFy6k... 卖出$116.08 (tx=ETtZDt9e1HmK...)
[16:26:49] *** 操盘方钱包卖出信号#62 *** FqV4vDNLoK... 卖出$17.84 (tx=rrWkLmwW1k4V...)
[16:26:49] *** 操盘方钱包卖出信号#63 *** DH76FEKXmE... 卖出$188.52 (tx=69CCM5aTuoNN...)
[16:26:49] *** 操盘方钱包卖出信号#64 *** 9DN6B3uQuF... 卖出$8.23 (tx=2JywzQtZ9Pxy...)
[16:26:49] *** 操盘方钱包卖出信号#65 *** 9DN6B3uQuF... 卖出$88.78 (tx=5gifWoZYpJFm...)
[16:26:49] *** 操盘方钱包卖出信号#66 *** 5dZmqAFy6k... 卖出$241.79 (tx=3xNCwKnxiWN9...)
[16:27:26] *** 操盘方钱包卖出信号#67 *** FqV4vDNLoK... 卖出$10.62 (tx=5Ecg4dJy9u7V...)
[16:27:26] *** 操盘方钱包卖出信号#68 *** FqV4vDNLoK... 卖出$13.78 (tx=jXKKqGhKW9oB...)
[16:27:26] *** 操盘方钱包卖出信号#69 *** A87kzt4NJa... 卖出$131.30 (tx=2GMpgjA7zwc8...)
[16:28:03] *** 操盘方钱包卖出信号#70 *** FqV4vDNLoK... 卖出$7.92 (tx=2mTpUmaUBZVq...)
[16:28:42] *** 操盘方钱包卖出信号#71 *** DMJCbSxkA1... 卖出$24.67 (tx=4d759WnzPq2C...)
[16:28:42] *** 操盘方钱包卖出信号#72 *** DMJCbSxkA1... 卖出$241.02 (tx=5mry8J49sDtR...)
[16:28:42] *** 操盘方钱包卖出信号#73 *** FqV4vDNLoK... 卖出$11.79 (tx=3VYgvSpVSTAw...)
[16:28:42] *** 操盘方钱包卖出信号#74 *** FqV4vDNLoK... 卖出$13.42 (tx=4cw6fCDooEaF...)
[16:29:19] *** 操盘方钱包卖出信号#75 *** FqV4vDNLoK... 卖出$210.23 (tx=4BtEcEqLknhB...)
[16:29:19] *** 操盘方钱包卖出信号#76 *** EjxbBKgedS... 卖出$20.46 (tx=tehAdG1QYKAP...)
[16:29:19] *** 操盘方钱包卖出信号#77 *** EjxbBKgedS... 卖出$220.12 (tx=5fmEU1NWdDur...)
[16:29:50] *** 操盘方钱包卖出信号#78 *** DH76FEKXmE... 卖出$20.50 (tx=4neWUCVfnbQL...)
[16:29:50] *** 操盘方钱包卖出信号#79 *** J9dZYSoMiz... 卖出$11.02 (tx=4me72XFYuUGp...)
[16:30:27] *** 操盘方钱包卖出信号#80 *** J9dZYSoMiz... 卖出$101.01 (tx=4o5JGvV8XfRS...)
[16:30:27] *** 操盘方钱包卖出信号#81 *** HeYBCWBGeM... 卖出$25.43 (tx=33R1qs1MUcXU...)
[16:30:27] *** 操盘方钱包卖出信号#82 *** HeYBCWBGeM... 卖出$18.74 (tx=5Rz46w8J3U5C...)
[16:31:07] *** 操盘方钱包卖出信号#83 *** DH76FEKXmE... 卖出$12.38 (tx=5QsDF9PXxJSf...)
[16:31:07] *** 操盘方钱包卖出信号#84 *** DH76FEKXmE... 卖出$139.96 (tx=3CqdyxbtUPYU...)
[16:31:38] *** 操盘方钱包卖出信号#85 *** 5dZmqAFy6k... 卖出$21.72 (tx=5wcRoWAkLGm7...)
[16:31:38] *** 操盘方钱包卖出信号#86 *** 5dZmqAFy6k... 卖出$109.42 (tx=27aNFcdKAKdp...)
[16:31:38] *** 操盘方钱包卖出信号#87 *** 5dZmqAFy6k... 卖出$231.40 (tx=oauAgtRqoBeL...)
[16:31:38] *** 操盘方钱包卖出信号#88 *** 2cKSe4tXGX... 卖出$28.28 (tx=3tJkSiH4Ka98...)
[16:32:15] *** 操盘方钱包卖出信号#89 *** 2Ex1Gr3EFD... 卖出$12.27 (tx=S5BzRrQGhGLL...)
[16:32:15] *** 操盘方钱包卖出信号#90 *** 2Ex1Gr3EFD... 卖出$167.39 (tx=2bCS6uFknVJt...)
[16:32:55] *** 操盘方钱包卖出信号#91 *** Gnbub9bC8t... 卖出$13.88 (tx=47NWnyRPnDcn...)
[16:32:55] *** 操盘方钱包卖出信号#92 *** 2cKSe4tXGX... 卖出$10.71 (tx=5R8zPZg8Qxwz...)
[16:33:26] *** 操盘方钱包卖出信号#93 *** DMJCbSxkA1... 卖出$240.62 (tx=45T5xvS6Kmv6...)
[16:33:26] *** 操盘方钱包卖出信号#94 *** Gnbub9bC8t... 卖出$19.79 (tx=4vsNewdWZYJ4...)
[16:33:26] *** 操盘方钱包卖出信号#95 *** Gnbub9bC8t... 卖出$114.01 (tx=4f8gkVQ6QwT1...)
[16:33:26] *** 操盘方钱包卖出信号#96 *** EjxbBKgedS... 卖出$13.93 (tx=t2BymmNcjLcS...)
[16:34:03] *** 操盘方钱包卖出信号#97 *** EjxbBKgedS... 卖出$167.50 (tx=N7UhggkcJKVy...)
[16:34:03] *** 操盘方钱包卖出信号#98 *** EjxbBKgedS... 卖出$25.88 (tx=2moiHvPJUcdK...)
[16:35:19] *** 操盘方钱包卖出信号#99 *** HeYBCWBGeM... 卖出$22.00 (tx=LqtmxDpD21YJ...)
[16:35:19] *** 操盘方钱包卖出信号#100 *** HeYBCWBGeM... 卖出$15.24 (tx=4bGQM9am24oj...)
[16:35:19] *** 操盘方钱包卖出信号#101 *** DH76FEKXmE... 卖出$28.12 (tx=2H84S1ZpHkpj...)
[16:35:19] *** 操盘方钱包卖出信号#102 *** DMJCbSxkA1... 卖出$8.31 (tx=5SGJUExPGcXK...)
[16:35:19] *** 操盘方钱包卖出信号#103 *** HeYBCWBGeM... 卖出$109.87 (tx=2AgdnicZQbcN...)
[16:35:50] *** 操盘方钱包卖出信号#104 *** EjxbBKgedS... 卖出$130.72 (tx=2MFwUUhQfj8C...)
[16:35:50] *** 操盘方钱包卖出信号#105 *** EPMSQbbzid... 卖出$11.45 (tx=3p718tCraeGh...)
[16:36:26] *** 操盘方钱包卖出信号#106 *** EjxbBKgedS... 卖出$13.34 (tx=3Znm7Vwj5njr...)
[16:36:26] *** 操盘方钱包卖出信号#107 *** 5KcCU3Jokq... 卖出$121.64 (tx=Bva6A6gD2UKx...)
[16:36:26] *** 操盘方钱包卖出信号#108 *** HeYBCWBGeM... 卖出$12.96 (tx=32dzYijvq8w5...)
[16:37:03] *** 操盘方钱包卖出信号#109 *** EPMSQbbzid... 卖出$21.16 (tx=2nHEj7qVGGDD...)
[16:37:03] *** 操盘方钱包卖出信号#110 *** EPMSQbbzid... 卖出$209.47 (tx=FKHjUwsnKYrs...)
[16:37:03] *** 操盘方钱包卖出信号#111 *** HeYBCWBGeM... 卖出$25.14 (tx=XtxvBodtX5xF...)
[16:37:42] *** 操盘方钱包卖出信号#112 *** C57asx1EUo... 卖出$15.01 (tx=raLDVUyoJXcV...)
[16:37:42] *** 操盘方钱包卖出信号#113 *** HeYBCWBGeM... 卖出$224.65 (tx=A2HVC56YRfLQ...)
[16:37:42] *** 操盘方钱包卖出信号#114 *** DH76FEKXmE... 卖出$18.62 (tx=3iBAbWHCG1ww...)
[16:38:19] *** 操盘方钱包卖出信号#115 *** DH76FEKXmE... 卖出$24.02 (tx=2ZTG3c1ZmD3f...)
[16:39:26] *** 操盘方钱包卖出信号#116 *** 2Ex1Gr3EFD... 卖出$11.06 (tx=CpV7mxeztFjP...)
[16:39:26] *** 操盘方钱包卖出信号#117 *** 2Ex1Gr3EFD... 卖出$150.75 (tx=4H5d1jxkqU3u...)
[16:39:26] *** 操盘方钱包卖出信号#118 *** 2cKSe4tXGX... 卖出$14.71 (tx=4NxS3R92K2eT...)
[16:39:26] *** 操盘方钱包卖出信号#119 *** C57asx1EUo... 卖出$16.81 (tx=2aPo7PRD15pt...)
[16:39:26] *** 操盘方钱包卖出信号#120 *** 2cKSe4tXGX... 卖出$9.39 (tx=5bVTv9p6tq22...)
[16:39:26] *** 操盘方钱包卖出信号#121 *** 2cKSe4tXGX... 卖出$223.54 (tx=5VL5usasKuhz...)
[16:40:03] *** 操盘方钱包卖出信号#122 *** DMJCbSxkA1... 卖出$9.27 (tx=5RehNnxdgLai...)
[16:40:03] *** 操盘方钱包卖出信号#123 *** DMJCbSxkA1... 卖出$171.13 (tx=2VFz6xF6djjH...)
[16:40:03] *** 操盘方钱包卖出信号#124 *** C57asx1EUo... 卖出$13.55 (tx=2CnDNiFPik4z...)
[16:40:43] *** 操盘方钱包卖出信号#125 *** C57asx1EUo... 卖出$24.99 (tx=5XyyFx75Ni1S...)
[16:40:43] *** 操盘方钱包卖出信号#126 *** C57asx1EUo... 卖出$20.63 (tx=3qQkQaZeyvwQ...)
[16:41:14] *** 操盘方钱包卖出信号#127 *** C57asx1EUo... 卖出$190.59 (tx=5uvkTa3y2MXz...)
[16:41:14] *** 操盘方钱包卖出信号#128 *** DMJCbSxkA1... 卖出$26.52 (tx=66QHXGwrJYMK...)
[16:41:51] *** 操盘方钱包卖出信号#129 *** 2Ex1Gr3EFD... 卖出$20.67 (tx=5HdXbVBVVirQ...)
[16:41:51] *** 操盘方钱包卖出信号#130 *** 911PwDFcsp... 卖出$13.73 (tx=4BQyVs3Pxg67...)
[16:41:51] *** 操盘方钱包卖出信号#131 *** 2Ex1Gr3EFD... 卖出$215.50 (tx=3X4WAZAJdc3A...)
[16:42:31] *** 操盘方钱包卖出信号#132 *** 911PwDFcsp... 卖出$18.95 (tx=4LGUhGo6htMV...)
[16:42:31] *** 操盘方钱包卖出信号#133 *** A87kzt4NJa... 卖出$20.46 (tx=vV4xuMVB6cpY...)
[16:42:31] *** 操盘方钱包卖出信号#134 *** A87kzt4NJa... 卖出$178.88 (tx=45UHgWQM2XLM...)
[16:43:37] *** 操盘方钱包卖出信号#135 *** 911PwDFcsp... 卖出$193.18 (tx=3P5BrrHgUMcT...)
[16:43:37] *** 操盘方钱包卖出信号#136 *** 5dZmqAFy6k... 卖出$19.18 (tx=fZTrDuMJ3zD3...)
[16:43:37] *** 操盘方钱包卖出信号#137 *** DH76FEKXmE... 卖出$105.45 (tx=658okbA4GEhi...)
[16:43:37] *** 操盘方钱包卖出信号#138 *** Gnbub9bC8t... 卖出$15.94 (tx=546SHPqpz1bn...)
[16:43:37] *** 操盘方钱包卖出信号#139 *** Fq4QTYXs4W... 卖出$27.18 (tx=3XkznVko4uyJ...)
[16:43:37] *** 操盘方钱包卖出信号#140 *** Fq4QTYXs4W... 卖出$87.78 (tx=53jUf1eYoJdd...)
[16:44:14] *** 操盘方钱包卖出信号#141 *** EdqPNKqsgg... 卖出$12.10 (tx=4XtSMP4G4RXV...)
[16:44:14] *** 操盘方钱包卖出信号#142 *** EdqPNKqsgg... 卖出$13.60 (tx=bsxUnUAzquNX...)
[16:44:51] *** 操盘方钱包卖出信号#143 *** Fq4QTYXs4W... 卖出$99.61 (tx=5HXD16jWqit8...)
[16:44:51] *** 操盘方钱包卖出信号#144 *** 2AUwFXsuMV... 卖出$29.24 (tx=3CGNLahm1e7u...)
[16:44:51] *** 操盘方钱包卖出信号#145 *** DMJCbSxkA1... 卖出$20.82 (tx=PhC7hbRnGUmj...)
[16:45:31] *** 操盘方钱包卖出信号#146 *** DH76FEKXmE... 卖出$199.01 (tx=opmgJUq1ZRuF...)
[16:45:31] *** 操盘方钱包卖出信号#147 *** DMJCbSxkA1... 卖出$8.99 (tx=285gvnfKwNu5...)
[16:45:31] *** 操盘方钱包卖出信号#148 *** DMJCbSxkA1... 卖出$10.79 (tx=4oG5AEY44jxc...)
[16:45:31] *** 操盘方钱包卖出信号#149 *** DMJCbSxkA1... 卖出$233.72 (tx=39jx5EJJCW9E...)
[16:46:38] *** 操盘方钱包卖出信号#150 *** A87kzt4NJa... 卖出$195.32 (tx=2GfLzK17AEEV...)
[16:46:38] *** 操盘方钱包卖出信号#151 *** C57asx1EUo... 卖出$14.68 (tx=2aHBrAagv7m9...)
[16:46:38] *** 操盘方钱包卖出信号#152 *** C57asx1EUo... 卖出$29.30 (tx=4tYPYXBJtuk9...)
[16:46:38] *** 操盘方钱包卖出信号#153 *** DMJCbSxkA1... 卖出$131.52 (tx=4xSTJEGUecSS...)
[16:46:38] *** 操盘方钱包卖出信号#154 *** 5dZmqAFy6k... 卖出$14.21 (tx=2dFUw83HHMq8...)
[16:46:38] *** 操盘方钱包卖出信号#155 *** 5dZmqAFy6k... 卖出$182.79 (tx=2HwkjAzbEm6e...)
[16:47:15] *** 操盘方钱包卖出信号#156 *** J9dZYSoMiz... 卖出$21.56 (tx=5tu4nvUtnmeR...)
[16:47:15] *** 操盘方钱包卖出信号#157 *** J9dZYSoMiz... 卖出$155.06 (tx=5JmHi6btrXvB...)
[16:47:15] *** 操盘方钱包卖出信号#158 *** J9dZYSoMiz... 卖出$13.23 (tx=Zp6JPcVcdrFM...)
