[23:13:36] === 4Kp8VTMN 高密度崩盘取证监控启动 ===
[23:13:36] 基线: 价格$0.00000672 流动性$3,919
[23:14:37] 价格$0.00000673  流动性$3,725(峰值$3,919)  已存档300笔逐笔  操盘方卖出比例=84.3%
[23:15:37] 价格$0.00000625  流动性$3,796(峰值$3,919)  已存档300笔逐笔
[23:16:37] 价格$0.00000625  流动性$3,796(峰值$3,919)  已存档300笔逐笔
[23:17:38] 价格$0.00000612  流动性$3,673(峰值$3,919)  已存档300笔逐笔
[23:18:38] 价格$0.00001021  流动性$5,094(峰值$5,094)  已存档300笔逐笔
[23:19:39] 价格$0.00001021  流动性$5,094(峰值$5,094)  已存档300笔逐笔  操盘方卖出比例=97.5%
[23:20:39] 价格$0.00000674  流动性$4,297(峰值$5,094)  已存档300笔逐笔
[23:21:39] 价格$0.00000744  流动性$4,094(峰值$5,094)  已存档300笔逐笔
[23:22:39] 价格$0.00000744  流动性$4,094(峰值$5,094)  已存档300笔逐笔
[23:23:40] 价格$0.00000664  流动性$3,994(峰值$5,094)  已存档300笔逐笔
[23:24:41] 价格$0.00000784  流动性$4,267(峰值$5,094)  已存档300笔逐笔  操盘方卖出比例=96.2%
[23:25:41] 价格$0.00000829  流动性$4,379(峰值$5,094)  已存档300笔逐笔
[23:26:41] 价格$0.00000829  流动性$4,379(峰值$5,094)  已存档300笔逐笔
[23:27:41] 价格$0.00000810  流动性$4,425(峰值$5,094)  已存档300笔逐笔
[23:28:42] 价格$0.00000699  流动性$4,027(峰值$5,094)  已存档300笔逐笔
[23:29:42] 价格$0.00000699  流动性$4,027(峰值$5,094)  已存档300笔逐笔  操盘方卖出比例=95.3%
[23:30:42] 价格$0.00000695  流动性$3,870(峰值$5,094)  已存档300笔逐笔
[23:31:43] 价格$0.00000695  流动性$3,870(峰值$5,094)  已存档300笔逐笔
[23:32:43] 价格$0.00000658  流动性$3,897(峰值$5,094)  已存档300笔逐笔
[23:33:43] 价格$0.00000726  流动性$3,882(峰值$5,094)  已存档300笔逐笔
[23:34:44] 价格$0.00000726  流动性$3,882(峰值$5,094)  已存档300笔逐笔  操盘方卖出比例=97.3%
[23:35:44] 价格$0.00000639  流动性$3,823(峰值$5,094)  已存档300笔逐笔
[23:36:45] 价格$0.00000655  流动性$3,818(峰值$5,094)  已存档300笔逐笔
[23:37:45] 价格$0.00000655  流动性$3,818(峰值$5,094)  已存档300笔逐笔
[23:38:45] 价格$0.00000744  流动性$4,119(峰值$5,094)  已存档300笔逐笔
[23:39:45] 价格$0.00000744  流动性$4,119(峰值$5,094)  已存档300笔逐笔  操盘方卖出比例=97.1%
[23:40:46] 价格$0.00000808  流动性$4,287(峰值$5,094)  已存档300笔逐笔
[23:41:46] 价格$0.00000801  流动性$4,276(峰值$5,094)  已存档300笔逐笔
[23:42:47] 价格$0.00000802  流动性$4,279(峰值$5,094)  已存档300笔逐笔
[23:43:47] 价格$0.00000737  流动性$4,098(峰值$5,094)  已存档300笔逐笔
[23:44:48] 价格$0.00000668  流动性$4,029(峰值$5,094)  已存档300笔逐笔  操盘方卖出比例=100.0%
[23:45:48] 价格$0.00000668  流动性$4,029(峰值$5,094)  已存档300笔逐笔
[23:46:49] 价格$0.00000642  流动性$3,820(峰值$5,094)  已存档300笔逐笔
[23:47:49] 价格$0.00000640  流动性$3,798(峰值$5,094)  已存档300笔逐笔
[23:48:49] 价格$0.00000628  流动性$3,774(峰值$5,094)  已存档300笔逐笔
[23:49:50] 价格$0.00000628  流动性$3,774(峰值$5,094)  已存档300笔逐笔  操盘方卖出比例=100.0%
[23:50:50] 价格$0.00000644  流动性$3,811(峰值$5,094)  已存档300笔逐笔
[23:51:50] 价格$0.00000641  流动性$3,799(峰值$5,094)  已存档300笔逐笔
[23:52:51] 价格$0.00000641  流动性$3,799(峰值$5,094)  已存档300笔逐笔
[23:53:51] 价格$0.00000642  流动性$3,806(峰值$5,094)  已存档300笔逐笔
[23:54:51] 价格$0.00000641  流动性$3,801(峰值$5,094)  已存档300笔逐笔  操盘方卖出比例=100.0%
[23:55:52] 价格$0.00000641  流动性$3,801(峰值$5,094)  已存档300笔逐笔
[23:56:52] 价格$0.00000633  流动性$3,774(峰值$5,094)  已存档300笔逐笔
[23:57:52] 价格$0.00000633  流动性$3,774(峰值$5,094)  已存档300笔逐笔
[23:58:53] 价格$0.00000607  流动性$3,690(峰值$5,094)  已存档300笔逐笔
[23:59:53] 价格$0.00000618  流动性$3,693(峰值$5,094)  已存档300笔逐笔  操盘方卖出比例=100.0%
[00:00:53] 价格$0.00000622  流动性$3,734(峰值$5,094)  已存档300笔逐笔
[00:01:54] 价格$0.00000622  流动性$3,734(峰值$5,094)  已存档300笔逐笔
[00:02:54] 价格$0.00000622  流动性$3,734(峰值$5,094)  已存档300笔逐笔
[00:03:54] 价格$0.00000712  流动性$4,021(峰值$5,094)  已存档300笔逐笔
[00:04:55] 价格$0.00000712  流动性$4,021(峰值$5,094)  已存档300笔逐笔  操盘方卖出比例=100.0%
[00:05:56] 价格$0.00000720  流动性$4,047(峰值$5,094)  已存档300笔逐笔
[00:06:56] 价格$0.00000720  流动性$4,047(峰值$5,094)  已存档300笔逐笔
[00:07:56] 价格$0.00000718  流动性$4,041(峰值$5,094)  已存档300笔逐笔
[00:08:56] 价格$0.00000720  流动性$4,049(峰值$5,094)  已存档300笔逐笔
[00:09:57] 价格$0.00000720  流动性$4,049(峰值$5,094)  已存档300笔逐笔  操盘方卖出比例=100.0%
[00:10:58] 价格$0.00000710  流动性$4,020(峰值$5,094)  已存档300笔逐笔
[00:11:58] 价格$0.00000709  流动性$4,014(峰值$5,094)  已存档300笔逐笔
[00:12:58] 价格$0.00000709  流动性$4,014(峰值$5,094)  已存档300笔逐笔
[00:13:58] 价格$0.00000706  流动性$4,006(峰值$5,094)  已存档300笔逐笔
[00:13:58] === 监控结束(崩盘=否,本段时间内仍存活) ===
