[23:39:43] === 4LethCcz 高密度崩盘取证监控启动 ===
[23:39:43] 基线: 价格$0.00912944 流动性$217,305
[23:40:44] 价格$0.00931135  流动性$218,876(峰值$218,876)  已存档300笔逐笔  操盘方卖出比例=0.0%
[23:41:44] 价格$0.00931135  流动性$218,876(峰值$218,876)  已存档300笔逐笔
[23:42:45] 价格$0.00952701  流动性$221,041(峰值$221,041)  已存档300笔逐笔
[23:43:45] 价格$0.00955897  流动性$222,013(峰值$222,013)  已存档300笔逐笔
[23:44:45] 价格$0.00955897  流动性$222,013(峰值$222,013)  已存档300笔逐笔
[23:45:46] 价格$0.00974027  流动性$223,424(峰值$223,424)  已存档300笔逐笔  操盘方卖出比例=1.4%
[23:46:47] 价格$0.00977511  流动性$224,821(峰值$224,821)  已存档300笔逐笔
[23:47:47] 价格$0.00977511  流动性$224,821(峰值$224,821)  已存档300笔逐笔
[23:48:48] 价格$0.00995230  流动性$226,606(峰值$226,606)  已存档300笔逐笔
[23:49:48] 价格$0.01001914  流动性$227,254(峰值$227,254)  已存档300笔逐笔
[23:50:48] 价格$0.01001914  流动性$227,254(峰值$227,254)  已存档300笔逐笔  操盘方卖出比例=2.3%
[23:51:49] 价格$0.01020458  流动性$229,218(峰值$229,218)  已存档300笔逐笔
[23:52:49] 价格$0.01030410  流动性$229,816(峰值$229,816)  已存档300笔逐笔
[23:53:49] 价格$0.01037217  流动性$231,396(峰值$231,396)  已存档300笔逐笔
[23:54:50] 价格$0.01045671  流动性$231,907(峰值$231,907)  已存档300笔逐笔
[23:55:50] 价格$0.01045671  流动性$231,907(峰值$231,907)  已存档300笔逐笔  操盘方卖出比例=2.3%
[23:56:50] 价格$0.01053033  流动性$232,989(峰值$232,989)  已存档300笔逐笔
[23:57:50] 价格$0.01059319  流动性$233,804(峰值$233,804)  已存档300笔逐笔
[23:58:51] 价格$0.01059319  流动性$233,804(峰值$233,804)  已存档300笔逐笔
[23:59:51] 价格$0.00000133  流动性$235,811(峰值$235,811)  已存档300笔逐笔
[00:00:51] 价格$0.00000137  流动性$1,383(峰值$235,811)  已存档300笔逐笔  操盘方卖出比例=99.3%
[00:00:51] *** 流动性暴跌,疑似崩盘发生! 立刻加密取证 ***
[00:00:52] 崩盘时刻快照: 价格$0.00000137 流动性$1,383 操盘方卖出比例=0.9926326616547615
[00:00:52] === 监控结束(崩盘=是) ===
