[23:02:23] === 4QcrGXs1 高密度崩盘取证监控启动 ===
[23:02:23] 基线: 价格$0.00000298 流动性$2,265
[23:03:24] 价格$0.00000318  流动性$2,337(峰值$2,337)  已存档300笔逐笔  操盘方卖出比例=100.0%
[23:04:24] 价格$0.00000289  流动性$2,216(峰值$2,337)  已存档300笔逐笔
[23:05:25] 价格$0.00000281  流动性$2,169(峰值$2,337)  已存档300笔逐笔
[23:06:25] 价格$0.00000281  流动性$2,169(峰值$2,337)  已存档300笔逐笔
[23:07:25] 价格$0.00000255  流动性$2,046(峰值$2,337)  已存档300笔逐笔
[23:08:26] 价格$0.00000255  流动性$1,994(峰值$2,337)  已存档300笔逐笔  操盘方卖出比例=100.0%
[23:09:27] 价格$0.00000255  流动性$1,994(峰值$2,337)  已存档300笔逐笔
[23:10:27] 价格$0.00000254  流动性$1,985(峰值$2,337)  已存档300笔逐笔
[23:11:28] 价格$0.00000254  流动性$1,985(峰值$2,337)  已存档300笔逐笔
[23:12:28] 价格$0.00000240  流动性$1,963(峰值$2,337)  已存档300笔逐笔
[23:13:29] 价格$0.00000240  流动性$1,963(峰值$2,337)  已存档300笔逐笔  操盘方卖出比例=100.0%
[23:14:29] 价格$0.00000220  流动性$1,746(峰值$2,337)  已存档300笔逐笔
[23:15:30] 价格$0.00000220  流动性$1,746(峰值$2,337)  已存档300笔逐笔
[23:16:30] 价格$0.00000220  流动性$1,746(峰值$2,337)  已存档300笔逐笔
[23:17:30] 价格$0.00000220  流动性$1,746(峰值$2,337)  已存档300笔逐笔
[23:18:31] 价格$0.00000220  流动性$1,746(峰值$2,337)  已存档300笔逐笔  操盘方卖出比例=100.0%
[23:19:31] 价格$0.00000220  流动性$1,748(峰值$2,337)  已存档300笔逐笔
[23:20:31] 价格$0.00000220  流动性$1,748(峰值$2,337)  已存档300笔逐笔
[23:21:32] 价格$0.00000220  流动性$1,748(峰值$2,337)  已存档300笔逐笔
[23:22:32] 价格$0.00000220  流动性$1,748(峰值$2,337)  已存档300笔逐笔
[23:23:33] 价格$0.00000221  流动性$1,747(峰值$2,337)  已存档300笔逐笔  操盘方卖出比例=100.0%
[23:24:42] 价格$0.00000221  流动性$1,747(峰值$2,337)  已存档300笔逐笔
[23:25:42] 价格$0.00000221  流动性$1,747(峰值$2,337)  已存档300笔逐笔
[23:26:43] 价格$0.00000221  流动性$1,747(峰值$2,337)  已存档300笔逐笔
[23:27:43] 价格$0.00000221  流动性$1,747(峰值$2,337)  已存档300笔逐笔
[23:28:45] 价格$0.00000221  流动性$1,750(峰值$2,337)  已存档300笔逐笔  操盘方卖出比例=100.0%
[23:29:45] 价格$0.00000221  流动性$1,750(峰值$2,337)  已存档300笔逐笔
[23:30:45] 价格$0.00000221  流动性$1,750(峰值$2,337)  已存档300笔逐笔
[23:31:46] 价格$0.00000221  流动性$1,750(峰值$2,337)  已存档300笔逐笔
[23:32:47] 价格$0.00000221  流动性$1,750(峰值$2,337)  已存档300笔逐笔
[23:33:47] 价格$0.00000221  流动性$1,750(峰值$2,337)  已存档300笔逐笔  操盘方卖出比例=100.0%
[23:34:48] 价格$0.00000221  流动性$1,750(峰值$2,337)  已存档300笔逐笔
[23:35:48] 价格$0.00000221  流动性$1,750(峰值$2,337)  已存档300笔逐笔
[23:36:48] 价格$0.00000221  流动性$1,750(峰值$2,337)  已存档300笔逐笔
[23:37:49] 价格$0.00000221  流动性$1,750(峰值$2,337)  已存档300笔逐笔
[23:38:50] 价格$0.00000221  流动性$1,750(峰值$2,337)  已存档300笔逐笔  操盘方卖出比例=100.0%
[23:39:50] 价格$0.00000221  流动性$1,750(峰值$2,337)  已存档300笔逐笔
[23:40:51] 价格$0.00000221  流动性$1,750(峰值$2,337)  已存档300笔逐笔
[23:41:51] 价格$0.00000221  流动性$1,751(峰值$2,337)  已存档300笔逐笔
[23:42:52] 价格$0.00000221  流动性$1,751(峰值$2,337)  已存档300笔逐笔
[23:43:52] 价格$0.00000221  流动性$1,751(峰值$2,337)  已存档300笔逐笔  操盘方卖出比例=100.0%
[23:44:52] 价格$0.00000221  流动性$1,751(峰值$2,337)  已存档300笔逐笔
[23:45:53] 价格$0.00000221  流动性$1,751(峰值$2,337)  已存档300笔逐笔
[23:46:53] 价格$0.00000221  流动性$1,751(峰值$2,337)  已存档300笔逐笔
[23:47:53] 价格$0.00000221  流动性$1,751(峰值$2,337)  已存档300笔逐笔
[23:48:54] 价格$0.00000221  流动性$1,751(峰值$2,337)  已存档300笔逐笔  操盘方卖出比例=100.0%
[23:49:54] 价格$0.00000216  流动性$1,711(峰值$2,337)  已存档300笔逐笔
[23:50:54] 价格$0.00000216  流动性$1,711(峰值$2,337)  已存档300笔逐笔
[23:51:55] 价格$0.00000216  流动性$1,711(峰值$2,337)  已存档300笔逐笔
[23:52:55] 价格$0.00000216  流动性$1,711(峰值$2,337)  已存档300笔逐笔
[23:53:57] 价格$0.00000216  流动性$1,711(峰值$2,337)  已存档300笔逐笔  操盘方卖出比例=100.0%
[23:54:57] 价格$0.00000216  流动性$1,713(峰值$2,337)  已存档300笔逐笔
[23:55:57] 价格$0.00000216  流动性$1,713(峰值$2,337)  已存档300笔逐笔
[23:56:58] 价格$0.00000216  流动性$1,713(峰值$2,337)  已存档300笔逐笔
[23:57:59] 价格$0.00000216  流动性$1,713(峰值$2,337)  已存档300笔逐笔
[23:58:59] 价格$0.00000216  流动性$1,713(峰值$2,337)  已存档300笔逐笔  操盘方卖出比例=100.0%
[00:00:00] 价格$0.00000216  流动性$1,713(峰值$2,337)  已存档300笔逐笔
[00:01:00] 价格$0.00000216  流动性$1,713(峰值$2,337)  已存档300笔逐笔
[00:02:00] 价格$0.00000216  流动性$1,712(峰值$2,337)  已存档300笔逐笔
[00:03:02] 价格$0.00000216  流动性$1,712(峰值$2,337)  已存档300笔逐笔
[00:03:02] === 监控结束(崩盘=否,本段时间内仍存活) ===
