[23:02:31] === 开始盯防39个已知操盘方钱包的卖出动作 ===
[23:03:07] *** 操盘方钱包卖出信号#1 *** 3sMoBK8bcr... 卖出$26.38 (tx=86gmJYKBp7M6...)
[23:03:07] *** 操盘方钱包卖出信号#2 *** czdcxmM4gq... 卖出$29.73 (tx=QvG35Fo8cWjZ...)
[23:03:07] *** 操盘方钱包卖出信号#3 *** 2vMCB3MBgK... 卖出$17.92 (tx=36nX962hUA1Y...)
[23:03:07] *** 操盘方钱包卖出信号#4 *** 2vMCB3MBgK... 卖出$10.17 (tx=5ohh83ptjXCy...)
[23:03:07] *** 操盘方钱包卖出信号#5 *** 71uAfiX73A... 卖出$4.78 (tx=AdM5tzPgCnjX...)
[23:03:07] *** 操盘方钱包卖出信号#6 *** GA3i9KubPM... 卖出$22.26 (tx=4mW7x2v6kZKU...)
[23:03:07] *** 操盘方钱包卖出信号#7 *** erjRHJ4r9n... 卖出$25.79 (tx=spmrVGVtesHr...)
[23:03:07] *** 操盘方钱包卖出信号#8 *** F6se1YrEm2... 卖出$4.97 (tx=4KE4RUY5D49t...)
[23:03:07] *** 操盘方钱包卖出信号#9 *** 8W6Q5cj3Ye... 卖出$1.57 (tx=4Ljz6FUdTsVx...)
[23:03:07] *** 操盘方钱包卖出信号#10 *** AKbzLVSgdt... 卖出$30.58 (tx=4vQqoiQ6po6Y...)
[23:03:07] *** 操盘方钱包卖出信号#11 *** BQTMbKuzvu... 卖出$23.74 (tx=2mNnX1vfDHQ5...)
[23:03:40] *** 操盘方钱包卖出信号#12 *** F6se1YrEm2... 卖出$14.31 (tx=5XYoaeD3R2FM...)
[23:03:40] *** 操盘方钱包卖出信号#13 *** GhKaj5x2DD... 卖出$14.46 (tx=4i4Byx2x9BwF...)
[23:03:40] *** 操盘方钱包卖出信号#14 *** 5NnGkS1QV5... 卖出$19.49 (tx=4czYzEunTA4a...)
[23:03:40] *** 操盘方钱包卖出信号#15 *** 5VDJxJxWsr... 卖出$1.80 (tx=4npdFvL7i3Ue...)
[23:03:40] *** 操盘方钱包卖出信号#16 *** CjKBC5mmBi... 卖出$31.17 (tx=3ibb3YMBhK2J...)
[23:03:40] *** 操盘方钱包卖出信号#17 *** CjuFRTtpwM... 卖出$33.63 (tx=4NGhyjpZ5m2u...)
[23:03:40] *** 操盘方钱包卖出信号#18 *** 2vMCB3MBgK... 卖出$8.21 (tx=5EeYrcd1E655...)
[23:03:40] *** 操盘方钱包卖出信号#19 *** 2ZznuE24Hh... 卖出$4.52 (tx=2qyrHoVtK5VR...)
[23:03:40] *** 操盘方钱包卖出信号#20 *** 5Yn6xJKw3N... 卖出$12.07 (tx=22fWpASo75uf...)
[23:03:40] *** 操盘方钱包卖出信号#21 *** 8FaQopoeoL... 卖出$25.55 (tx=vyQcNQ9xGvJ1...)
[23:03:40] *** 操盘方钱包卖出信号#22 *** 9JoE3TKwBU... 卖出$34.17 (tx=5dGJmUgAepZW...)
[23:03:40] *** 操盘方钱包卖出信号#23 *** 8HBeok4op6... 卖出$6.80 (tx=5CMjrtqpqhRk...)
[23:03:40] *** 操盘方钱包卖出信号#24 *** AKbzLVSgdt... 卖出$33.04 (tx=2PsEVef7bNc3...)
[23:03:40] *** 操盘方钱包卖出信号#25 *** 5wxXogM6SG... 卖出$0.04 (tx=2eKFLqgkSDG5...)
[23:03:40] *** 操盘方钱包卖出信号#26 *** JFTaU6K5PA... 卖出$28.25 (tx=5ZkMZt1rDazU...)
[23:03:40] *** 操盘方钱包卖出信号#27 *** erjRHJ4r9n... 卖出$15.55 (tx=4gohTYDsJdzJ...)
[23:04:14] *** 操盘方钱包卖出信号#28 *** 4PWXon97Ap... 卖出$35.25 (tx=5DLkp6Z6dNDV...)
[23:04:14] *** 操盘方钱包卖出信号#29 *** 8HBeok4op6... 卖出$3.09 (tx=2eqBo4uYUkRw...)
[23:04:14] *** 操盘方钱包卖出信号#30 *** ASLRWxg61L... 卖出$10.10 (tx=3FpNBYmfj8eF...)
[23:04:14] *** 操盘方钱包卖出信号#31 *** czdcxmM4gq... 卖出$20.47 (tx=5AShK8pHujLr...)
[23:04:14] *** 操盘方钱包卖出信号#32 *** ASLRWxg61L... 卖出$14.37 (tx=586YyjU97iQS...)
[23:04:14] *** 操盘方钱包卖出信号#33 *** 5VDJxJxWsr... 卖出$0.11 (tx=EQtqDSVkctfb...)
[23:04:14] *** 操盘方钱包卖出信号#34 *** 6rSuEheNPr... 卖出$34.50 (tx=4D8nnkQBiddv...)
[23:04:14] *** 操盘方钱包卖出信号#35 *** 8SefhZwYPb... 卖出$17.62 (tx=2H2gMKF4ATh4...)
[23:04:14] *** 操盘方钱包卖出信号#36 *** 5wxXogM6SG... 卖出$13.24 (tx=2X9jkyPtq3TY...)
[23:04:14] *** 操盘方钱包卖出信号#37 *** CjuFRTtpwM... 卖出$23.41 (tx=RSn57PHHwM1f...)
[23:04:14] *** 操盘方钱包卖出信号#38 *** 8SefhZwYPb... 卖出$21.37 (tx=63TMJARbspC7...)
[23:04:14] *** 操盘方钱包卖出信号#39 *** 3sMoBK8bcr... 卖出$22.96 (tx=sNG1e8BqUP5w...)
[23:04:14] *** 操盘方钱包卖出信号#40 *** 5wxXogM6SG... 卖出$25.70 (tx=5pqJk2XuzJZ9...)
[23:04:50] *** 操盘方钱包卖出信号#41 *** 9JoE3TKwBU... 卖出$13.41 (tx=5LmjyCHsbUGY...)
[23:04:50] *** 操盘方钱包卖出信号#42 *** erjRHJ4r9n... 卖出$2.82 (tx=2Dn6rqVUeHz8...)
[23:04:50] *** 操盘方钱包卖出信号#43 *** AEJDZ9bSkx... 卖出$9.54 (tx=2rUzXVRrCfDi...)
[23:04:50] *** 操盘方钱包卖出信号#44 *** 8W6Q5cj3Ye... 卖出$1.09 (tx=2CRvqBFqXf8J...)
[23:04:50] *** 操盘方钱包卖出信号#45 *** 9b4So2uMqS... 卖出$36.48 (tx=645WC84VvtXZ...)
[23:04:50] *** 操盘方钱包卖出信号#46 *** 8SefhZwYPb... 卖出$0.59 (tx=5rG5pRvhryWZ...)
[23:04:50] *** 操盘方钱包卖出信号#47 *** BQTMbKuzvu... 卖出$25.66 (tx=4MAq1jRQVrCK...)
[23:04:50] *** 操盘方钱包卖出信号#48 *** CjKBC5mmBi... 卖出$15.13 (tx=4RwGKFdAovGk...)
[23:04:50] *** 操盘方钱包卖出信号#49 *** GhKaj5x2DD... 卖出$18.29 (tx=4XYvLYUPUm7u...)
[23:04:50] *** 操盘方钱包卖出信号#50 *** AKbzLVSgdt... 卖出$7.48 (tx=4qcZKQ1SfMAM...)
[23:04:50] *** 操盘方钱包卖出信号#51 *** A5qP5PxJck... 卖出$31.87 (tx=53FhyfCUSHuX...)
[23:04:50] *** 操盘方钱包卖出信号#52 *** czdcxmM4gq... 卖出$0.72 (tx=4ZbWVaqcbHrJ...)
[23:05:27] *** 操盘方钱包卖出信号#53 *** 3ZLozGkoo4... 卖出$35.24 (tx=hTFiiKkPobCb...)
[23:05:27] *** 操盘方钱包卖出信号#54 *** 2vMCB3MBgK... 卖出$28.81 (tx=4iGKXwgsSSys...)
[23:05:27] *** 操盘方钱包卖出信号#55 *** A5qP5PxJck... 卖出$11.79 (tx=497sY7xyg6Xm...)
[23:05:27] *** 操盘方钱包卖出信号#56 *** 6rSuEheNPr... 卖出$32.53 (tx=5b86TSCKcMjw...)
[23:05:27] *** 操盘方钱包卖出信号#57 *** 8SefhZwYPb... 卖出$22.57 (tx=5or9TncvPihC...)
[23:05:27] *** 操盘方钱包卖出信号#58 *** HS27DaAMyB... 卖出$15.06 (tx=2m1tVYFYgx1N...)
[00:02:31] === 监控结束,共58次操盘方卖出信号 ===
