[21:57:31] === 开始盯防5个已知操盘方钱包的卖出动作 ===
[22:24:03] *** 操盘方钱包卖出信号#1 *** C1ooobta6x... 卖出$297.79 (tx=3nHpyQ9i7Xsr...)
[22:24:03] *** 操盘方钱包卖出信号#2 *** C1ooobta6x... 卖出$284.66 (tx=4RS3yEFsTPCe...)
[22:24:03] *** 操盘方钱包卖出信号#3 *** C1ooobta6x... 卖出$298.41 (tx=39qhYPqHrFBQ...)
[22:24:03] *** 操盘方钱包卖出信号#4 *** C1ooobta6x... 卖出$296.67 (tx=2kEmzVDzeaBC...)
[22:24:03] *** 操盘方钱包卖出信号#5 *** C1ooobta6x... 卖出$297.64 (tx=orbT9Y64PXPS...)
[22:24:03] *** 操盘方钱包卖出信号#6 *** C1ooobta6x... 卖出$297.47 (tx=4NcX5t5Q73md...)
[22:24:03] *** 操盘方钱包卖出信号#7 *** C1ooobta6x... 卖出$303.45 (tx=chD6ZR1yyew8...)
[22:24:03] *** 操盘方钱包卖出信号#8 *** C1ooobta6x... 卖出$297.22 (tx=ts9jNWsfrqrc...)
[22:24:03] *** 操盘方钱包卖出信号#9 *** C1ooobta6x... 卖出$299.26 (tx=428xWZERivMw...)
[22:24:03] *** 操盘方钱包卖出信号#10 *** C1ooobta6x... 卖出$300.46 (tx=4f7LFUWmnZvV...)
[22:24:03] *** 操盘方钱包卖出信号#11 *** C1ooobta6x... 卖出$299.00 (tx=4ziPyr1jUEJP...)
[22:24:03] *** 操盘方钱包卖出信号#12 *** C1ooobta6x... 卖出$296.89 (tx=3JcTza5UstZL...)
[22:24:03] *** 操盘方钱包卖出信号#13 *** C1ooobta6x... 卖出$298.75 (tx=3QuqpSB8S7Lk...)
[22:24:03] *** 操盘方钱包卖出信号#14 *** C1ooobta6x... 卖出$297.67 (tx=3NRsaPgK8wzm...)
[22:24:03] *** 操盘方钱包卖出信号#15 *** C1ooobta6x... 卖出$298.01 (tx=2ddzDdeoyiaE...)
[22:24:03] *** 操盘方钱包卖出信号#16 *** C1ooobta6x... 卖出$297.95 (tx=2RV3NKbWNHzD...)
[22:24:03] *** 操盘方钱包卖出信号#17 *** C1ooobta6x... 卖出$297.47 (tx=2ubMPk9yo7ay...)
[22:24:03] *** 操盘方钱包卖出信号#18 *** C1ooobta6x... 卖出$300.16 (tx=EmExwJPrgd4J...)
[22:24:03] *** 操盘方钱包卖出信号#19 *** C1ooobta6x... 卖出$299.61 (tx=HgCKrUVD6oT9...)
[22:24:03] *** 操盘方钱包卖出信号#20 *** C1ooobta6x... 卖出$297.14 (tx=2PC4E9T2idHR...)
[22:24:03] *** 操盘方钱包卖出信号#21 *** C1ooobta6x... 卖出$302.84 (tx=5AdWbWPeA22v...)
[22:24:03] *** 操盘方钱包卖出信号#22 *** C1ooobta6x... 卖出$297.41 (tx=5sJj13s3yR2T...)
[22:24:03] *** 操盘方钱包卖出信号#23 *** C1ooobta6x... 卖出$293.23 (tx=4xT72iqg7z4f...)
[22:24:03] *** 操盘方钱包卖出信号#24 *** C1ooobta6x... 卖出$297.45 (tx=3FLHhrFKm3Ns...)
[22:24:03] *** 操盘方钱包卖出信号#25 *** C1ooobta6x... 卖出$298.07 (tx=mSBMT7z6my49...)
[22:24:03] *** 操盘方钱包卖出信号#26 *** C1ooobta6x... 卖出$301.23 (tx=7aahFV6Noh9R...)
[22:24:03] *** 操盘方钱包卖出信号#27 *** C1ooobta6x... 卖出$297.51 (tx=5wsfEGVE7cVS...)
[22:24:03] *** 操盘方钱包卖出信号#28 *** C1ooobta6x... 卖出$293.30 (tx=5Wm4D24AmFNL...)
[22:24:03] *** 操盘方钱包卖出信号#29 *** C1ooobta6x... 卖出$303.51 (tx=2uVXy7SxVEHb...)
[22:24:03] *** 操盘方钱包卖出信号#30 *** C1ooobta6x... 卖出$298.07 (tx=5vAFH1r9b4GZ...)
[22:24:03] *** 操盘方钱包卖出信号#31 *** C1ooobta6x... 卖出$297.75 (tx=WJkYZFRFNSYR...)
[22:24:03] *** 操盘方钱包卖出信号#32 *** C1ooobta6x... 卖出$297.16 (tx=4w29YK1rrpCB...)
[22:24:03] *** 操盘方钱包卖出信号#33 *** C1ooobta6x... 卖出$297.19 (tx=29geSM83o7Sy...)
[22:24:03] *** 操盘方钱包卖出信号#34 *** C1ooobta6x... 卖出$298.04 (tx=4Tvcs3ub58sA...)
[22:24:03] *** 操盘方钱包卖出信号#35 *** C1ooobta6x... 卖出$290.12 (tx=TuGeiuve4vG2...)
[22:24:03] *** 操盘方钱包卖出信号#36 *** C1ooobta6x... 卖出$297.64 (tx=KLSArKGgZdWe...)
[22:24:03] *** 操盘方钱包卖出信号#37 *** C1ooobta6x... 卖出$301.70 (tx=5VLhjfoqsuoy...)
[22:24:42] *** 操盘方钱包卖出信号#38 *** C1ooobta6x... 卖出$297.14 (tx=4iswXKLi1QPn...)
[22:24:42] *** 操盘方钱包卖出信号#39 *** C1ooobta6x... 卖出$296.02 (tx=JrNRMvBf5bpW...)
[22:24:42] *** 操盘方钱包卖出信号#40 *** C1ooobta6x... 卖出$298.80 (tx=5eLgxPbB7YBy...)
[22:24:42] *** 操盘方钱包卖出信号#41 *** C1ooobta6x... 卖出$297.38 (tx=2bqf9n2WGsu1...)
[22:24:42] *** 操盘方钱包卖出信号#42 *** C1ooobta6x... 卖出$306.14 (tx=P2wQuH2mRfj1...)
[22:24:42] *** 操盘方钱包卖出信号#43 *** C1ooobta6x... 卖出$298.71 (tx=4opywEcsBXmC...)
[22:24:42] *** 操盘方钱包卖出信号#44 *** C1ooobta6x... 卖出$299.86 (tx=54u8i2sLuYCN...)
[22:24:42] *** 操盘方钱包卖出信号#45 *** C1ooobta6x... 卖出$302.63 (tx=66omb7hpeAUD...)
[22:24:42] *** 操盘方钱包卖出信号#46 *** C1ooobta6x... 卖出$292.53 (tx=kSsF5nDLveFa...)
[22:24:42] *** 操盘方钱包卖出信号#47 *** C1ooobta6x... 卖出$297.93 (tx=52Bfb3VfADQ1...)
[22:24:42] *** 操盘方钱包卖出信号#48 *** C1ooobta6x... 卖出$298.44 (tx=47qd86KcWKKT...)
[22:24:42] *** 操盘方钱包卖出信号#49 *** C1ooobta6x... 卖出$297.25 (tx=5Wx9Z456nikV...)
[22:24:42] *** 操盘方钱包卖出信号#50 *** C1ooobta6x... 卖出$298.60 (tx=5eJHb4uWXony...)
[22:24:42] *** 操盘方钱包卖出信号#51 *** C1ooobta6x... 卖出$297.54 (tx=3JbV4FJtvA74...)
[22:24:42] *** 操盘方钱包卖出信号#52 *** C1ooobta6x... 卖出$298.09 (tx=2VvrmgyC8PGj...)
[22:25:55] *** 操盘方钱包卖出信号#53 *** C1ooobta6x... 卖出$371.44 (tx=5myHqzVkbLcQ...)
[22:25:55] *** 操盘方钱包卖出信号#54 *** C1ooobta6x... 卖出$373.41 (tx=2yXFHjjpb8qb...)
[22:25:55] *** 操盘方钱包卖出信号#55 *** C1ooobta6x... 卖出$381.15 (tx=3rEQneDqsiQ5...)
[22:25:55] *** 操盘方钱包卖出信号#56 *** C1ooobta6x... 卖出$367.72 (tx=2nbJomvRLfD2...)
[22:25:55] *** 操盘方钱包卖出信号#57 *** C1ooobta6x... 卖出$371.26 (tx=2TRAEgfkCTvB...)
[22:25:55] *** 操盘方钱包卖出信号#58 *** C1ooobta6x... 卖出$368.36 (tx=5KsprHryqWUf...)
[22:25:55] *** 操盘方钱包卖出信号#59 *** C1ooobta6x... 卖出$379.20 (tx=62kPuq2DUD1r...)
[22:25:55] *** 操盘方钱包卖出信号#60 *** C1ooobta6x... 卖出$376.03 (tx=2xtzo5r5wxgb...)
[22:25:55] *** 操盘方钱包卖出信号#61 *** C1ooobta6x... 卖出$374.43 (tx=344VXiLTqitN...)
[22:25:55] *** 操盘方钱包卖出信号#62 *** C1ooobta6x... 卖出$372.15 (tx=2HTFdpvGQGVE...)
[22:25:55] *** 操盘方钱包卖出信号#63 *** C1ooobta6x... 卖出$381.27 (tx=52K1vQg3BzoJ...)
[22:25:55] *** 操盘方钱包卖出信号#64 *** C1ooobta6x... 卖出$374.61 (tx=3jvipKkNv9nP...)
[22:25:55] *** 操盘方钱包卖出信号#65 *** C1ooobta6x... 卖出$373.70 (tx=5F7C1Ny85H3f...)
[22:25:55] *** 操盘方钱包卖出信号#66 *** C1ooobta6x... 卖出$375.89 (tx=3mvgStXhZXfA...)
[22:25:55] *** 操盘方钱包卖出信号#67 *** C1ooobta6x... 卖出$378.17 (tx=5N1G2qrtJ5ZW...)
[22:25:55] *** 操盘方钱包卖出信号#68 *** C1ooobta6x... 卖出$371.41 (tx=5amHRkwFnppy...)
[22:25:55] *** 操盘方钱包卖出信号#69 *** C1ooobta6x... 卖出$379.53 (tx=2GjvBJJzSdg8...)
[22:25:55] *** 操盘方钱包卖出信号#70 *** C1ooobta6x... 卖出$372.20 (tx=5mMFG8phNkqq...)
[22:25:55] *** 操盘方钱包卖出信号#71 *** C1ooobta6x... 卖出$359.69 (tx=4QFoEcsBFJhA...)
[22:25:55] *** 操盘方钱包卖出信号#72 *** C1ooobta6x... 卖出$373.73 (tx=NUW35PaV71Cv...)
[22:25:55] *** 操盘方钱包卖出信号#73 *** C1ooobta6x... 卖出$371.78 (tx=3xEBzX2u7KEg...)
[22:25:55] *** 操盘方钱包卖出信号#74 *** C1ooobta6x... 卖出$379.24 (tx=4e5uTYNEakMb...)
[22:25:55] *** 操盘方钱包卖出信号#75 *** C1ooobta6x... 卖出$365.29 (tx=44Bsr7SSerhM...)
[22:25:55] *** 操盘方钱包卖出信号#76 *** C1ooobta6x... 卖出$374.57 (tx=4LwHjrn18v2D...)
[22:25:55] *** 操盘方钱包卖出信号#77 *** C1ooobta6x... 卖出$359.44 (tx=25REV9s38S44...)
[22:25:55] *** 操盘方钱包卖出信号#78 *** C1ooobta6x... 卖出$357.10 (tx=24qJcBYboiAe...)
[22:25:55] *** 操盘方钱包卖出信号#79 *** C1ooobta6x... 卖出$372.83 (tx=5BHpQ2FkDz1v...)
[22:25:55] *** 操盘方钱包卖出信号#80 *** C1ooobta6x... 卖出$371.28 (tx=4PeLCv3fSNzh...)
[22:25:55] *** 操盘方钱包卖出信号#81 *** C1ooobta6x... 卖出$372.60 (tx=2UM6gAoU5gKX...)
[22:25:55] *** 操盘方钱包卖出信号#82 *** C1ooobta6x... 卖出$367.47 (tx=2w3oSquwrdpE...)
[22:25:55] *** 操盘方钱包卖出信号#83 *** C1ooobta6x... 卖出$375.97 (tx=5jNxk8q2exZk...)
[22:25:55] *** 操盘方钱包卖出信号#84 *** C1ooobta6x... 卖出$372.10 (tx=31tWyTK192Ww...)
[22:25:55] *** 操盘方钱包卖出信号#85 *** C1ooobta6x... 卖出$372.28 (tx=2SuVw5NsBrMz...)
[22:25:55] *** 操盘方钱包卖出信号#86 *** C1ooobta6x... 卖出$371.12 (tx=2t3CopHaLC7R...)
[22:25:55] *** 操盘方钱包卖出信号#87 *** C1ooobta6x... 卖出$376.16 (tx=4ujAecrnPHm8...)
[22:25:55] *** 操盘方钱包卖出信号#88 *** C1ooobta6x... 卖出$370.39 (tx=3GRs5GCz1iBu...)
[22:25:55] *** 操盘方钱包卖出信号#89 *** C1ooobta6x... 卖出$376.41 (tx=niF3q8bQaWAV...)
[22:25:55] *** 操盘方钱包卖出信号#90 *** C1ooobta6x... 卖出$373.44 (tx=4AYrC8fQCX4A...)
[22:27:02] *** 操盘方钱包卖出信号#91 *** C1ooobta6x... 卖出$374.39 (tx=wA7xgauvKbsm...)
[22:27:02] *** 操盘方钱包卖出信号#92 *** C1ooobta6x... 卖出$371.46 (tx=4Ze5xN2UrqhE...)
[22:27:02] *** 操盘方钱包卖出信号#93 *** C1ooobta6x... 卖出$366.87 (tx=5NbZngbVb2DX...)
[22:27:02] *** 操盘方钱包卖出信号#94 *** C1ooobta6x... 卖出$376.22 (tx=3tmUByw4kg4A...)
[22:27:02] *** 操盘方钱包卖出信号#95 *** C1ooobta6x... 卖出$372.99 (tx=CpXKSRMKLbPs...)
[22:27:02] *** 操盘方钱包卖出信号#96 *** C1ooobta6x... 卖出$372.97 (tx=5aoqDheXsP1V...)
[22:27:02] *** 操盘方钱包卖出信号#97 *** C1ooobta6x... 卖出$376.25 (tx=PASnrLPrxt1B...)
[22:27:02] *** 操盘方钱包卖出信号#98 *** C1ooobta6x... 卖出$373.17 (tx=3vvZvFyLZufL...)
[22:27:02] *** 操盘方钱包卖出信号#99 *** C1ooobta6x... 卖出$372.32 (tx=cmdnVWzZhEBv...)
[22:27:02] *** 操盘方钱包卖出信号#100 *** C1ooobta6x... 卖出$376.10 (tx=4j7v872dBHs7...)
[22:27:02] *** 操盘方钱包卖出信号#101 *** C1ooobta6x... 卖出$372.11 (tx=26vvFhjtdfs7...)
[22:27:02] *** 操盘方钱包卖出信号#102 *** C1ooobta6x... 卖出$373.92 (tx=3ikUEZs5kvSU...)
[22:27:02] *** 操盘方钱包卖出信号#103 *** C1ooobta6x... 卖出$372.90 (tx=4TLcgRHNKVPr...)
[22:27:02] *** 操盘方钱包卖出信号#104 *** C1ooobta6x... 卖出$373.28 (tx=djkvzCCLcgFq...)
[22:27:02] *** 操盘方钱包卖出信号#105 *** C1ooobta6x... 卖出$357.96 (tx=5t3xmWJLry7J...)
[22:27:02] *** 操盘方钱包卖出信号#106 *** C1ooobta6x... 卖出$371.90 (tx=V1xV86NErNLf...)
[22:27:02] *** 操盘方钱包卖出信号#107 *** C1ooobta6x... 卖出$368.61 (tx=2MyxWqYDQJn2...)
[22:27:02] *** 操盘方钱包卖出信号#108 *** C1ooobta6x... 卖出$373.63 (tx=497SJBm658Qo...)
[22:27:02] *** 操盘方钱包卖出信号#109 *** C1ooobta6x... 卖出$357.93 (tx=2R9ARxp4niV7...)
[22:27:02] *** 操盘方钱包卖出信号#110 *** C1ooobta6x... 卖出$368.15 (tx=4vYcnhh78TzL...)
[22:27:02] *** 操盘方钱包卖出信号#111 *** C1ooobta6x... 卖出$370.78 (tx=vKqfn7iczQxE...)
[22:27:02] *** 操盘方钱包卖出信号#112 *** C1ooobta6x... 卖出$375.38 (tx=34D8XhsC2d6t...)
[22:27:02] *** 操盘方钱包卖出信号#113 *** C1ooobta6x... 卖出$373.35 (tx=5nBQQoekLWDF...)
[22:27:02] *** 操盘方钱包卖出信号#114 *** C1ooobta6x... 卖出$382.65 (tx=2Gb1qhpqtebc...)
[22:27:02] *** 操盘方钱包卖出信号#115 *** C1ooobta6x... 卖出$372.95 (tx=25A7VozdYGvG...)
[22:27:02] *** 操盘方钱包卖出信号#116 *** C1ooobta6x... 卖出$374.20 (tx=5rWKft5fHKJi...)
[22:27:02] *** 操盘方钱包卖出信号#117 *** C1ooobta6x... 卖出$371.60 (tx=5e5guboRLj8m...)
[22:27:02] *** 操盘方钱包卖出信号#118 *** C1ooobta6x... 卖出$374.94 (tx=ywpukiWZSHFx...)
[22:27:02] *** 操盘方钱包卖出信号#119 *** C1ooobta6x... 卖出$371.88 (tx=4TR48KKFcDNy...)
[22:27:02] *** 操盘方钱包卖出信号#120 *** C1ooobta6x... 卖出$362.70 (tx=4PWapQLzmZYC...)
[22:27:02] *** 操盘方钱包卖出信号#121 *** C1ooobta6x... 卖出$381.77 (tx=4KtMzvR7vuvi...)
[22:27:02] *** 操盘方钱包卖出信号#122 *** C1ooobta6x... 卖出$373.29 (tx=2UsxiszraMns...)
[22:27:02] *** 操盘方钱包卖出信号#123 *** C1ooobta6x... 卖出$372.09 (tx=2HwJGG3vrTxF...)
[22:27:38] *** 操盘方钱包卖出信号#124 *** C1ooobta6x... 卖出$374.72 (tx=58j9EifG7Ebp...)
[22:27:38] *** 操盘方钱包卖出信号#125 *** C1ooobta6x... 卖出$374.02 (tx=4SJUtw6VKZRj...)
[22:27:38] *** 操盘方钱包卖出信号#126 *** C1ooobta6x... 卖出$371.83 (tx=235UrjagVx8S...)
[22:27:38] *** 操盘方钱包卖出信号#127 *** C1ooobta6x... 卖出$374.97 (tx=2aFByoNM4iUG...)
[22:27:38] *** 操盘方钱包卖出信号#128 *** C1ooobta6x... 卖出$375.12 (tx=53QN7De8BAbE...)
[22:27:38] *** 操盘方钱包卖出信号#129 *** C1ooobta6x... 卖出$374.11 (tx=4UVVgoRWt35X...)
[22:27:38] *** 操盘方钱包卖出信号#130 *** C1ooobta6x... 卖出$357.29 (tx=CFLnBUdhCoWV...)
[22:27:38] *** 操盘方钱包卖出信号#131 *** C1ooobta6x... 卖出$379.59 (tx=5BokbK4pchSq...)
[22:27:38] *** 操盘方钱包卖出信号#132 *** C1ooobta6x... 卖出$373.89 (tx=5QHNXkKgdf59...)
[22:28:54] *** 操盘方钱包卖出信号#133 *** C1ooobta6x... 卖出$427.15 (tx=3GrVFRpWaGK6...)
[22:28:54] *** 操盘方钱包卖出信号#134 *** C1ooobta6x... 卖出$367.70 (tx=5sKoRZ4wxaz4...)
[22:28:54] *** 操盘方钱包卖出信号#135 *** C1ooobta6x... 卖出$367.62 (tx=3inN4gLoQFAY...)
[22:28:54] *** 操盘方钱包卖出信号#136 *** C1ooobta6x... 卖出$373.94 (tx=3zNnKZTNQ5dL...)
[22:28:54] *** 操盘方钱包卖出信号#137 *** C1ooobta6x... 卖出$374.85 (tx=5NdeQncX9Skn...)
[22:28:54] *** 操盘方钱包卖出信号#138 *** C1ooobta6x... 卖出$376.29 (tx=HgwtBLCy4fMH...)
[22:28:54] *** 操盘方钱包卖出信号#139 *** C1ooobta6x... 卖出$373.46 (tx=PPSfVyunSaQQ...)
[22:28:54] *** 操盘方钱包卖出信号#140 *** C1ooobta6x... 卖出$375.48 (tx=5EZnW2VhADjH...)
[22:28:54] *** 操盘方钱包卖出信号#141 *** C1ooobta6x... 卖出$371.40 (tx=4dDdZ1WQtuFy...)
[22:28:54] *** 操盘方钱包卖出信号#142 *** C1ooobta6x... 卖出$366.85 (tx=1kZz8VB1UBXg...)
[22:28:54] *** 操盘方钱包卖出信号#143 *** C1ooobta6x... 卖出$378.69 (tx=FRYVu2jkCGcy...)
[22:28:54] *** 操盘方钱包卖出信号#144 *** C1ooobta6x... 卖出$373.36 (tx=4kj9dWpeQjC2...)
[22:28:54] *** 操盘方钱包卖出信号#145 *** C1ooobta6x... 卖出$369.94 (tx=Jjtaenaru1Ra...)
[22:28:54] *** 操盘方钱包卖出信号#146 *** C1ooobta6x... 卖出$377.80 (tx=3JQSEyyfuJ2s...)
[22:28:54] *** 操盘方钱包卖出信号#147 *** C1ooobta6x... 卖出$372.52 (tx=5QAN2CmQanf9...)
[22:28:54] *** 操盘方钱包卖出信号#148 *** C1ooobta6x... 卖出$367.62 (tx=3pLneWZX42JA...)
[22:28:54] *** 操盘方钱包卖出信号#149 *** C1ooobta6x... 卖出$364.82 (tx=Mnr361nH7spq...)
[22:28:54] *** 操盘方钱包卖出信号#150 *** C1ooobta6x... 卖出$371.67 (tx=CGF3BDfZTD3m...)
[22:28:54] *** 操盘方钱包卖出信号#151 *** C1ooobta6x... 卖出$390.10 (tx=3eEGCiGeGdti...)
[22:28:54] *** 操盘方钱包卖出信号#152 *** C1ooobta6x... 卖出$359.13 (tx=5EyG56rME96D...)
[22:28:54] *** 操盘方钱包卖出信号#153 *** C1ooobta6x... 卖出$379.08 (tx=2CfeZkhny6Ex...)
[22:28:54] *** 操盘方钱包卖出信号#154 *** C1ooobta6x... 卖出$371.54 (tx=63Vhu1vgwLSy...)
[22:28:54] *** 操盘方钱包卖出信号#155 *** C1ooobta6x... 卖出$373.09 (tx=qV3KvVwMXNhe...)
[22:28:54] *** 操盘方钱包卖出信号#156 *** C1ooobta6x... 卖出$375.28 (tx=oUjVGMjjTjf8...)
[22:28:54] *** 操盘方钱包卖出信号#157 *** C1ooobta6x... 卖出$375.10 (tx=3bK3SmiEErA2...)
[22:28:54] *** 操盘方钱包卖出信号#158 *** C1ooobta6x... 卖出$371.82 (tx=5jsLCXbec9u8...)
[22:28:54] *** 操盘方钱包卖出信号#159 *** C1ooobta6x... 卖出$371.92 (tx=5X44nhuvT2e4...)
[22:28:54] *** 操盘方钱包卖出信号#160 *** C1ooobta6x... 卖出$372.00 (tx=3p3T3riUekgP...)
[22:28:54] *** 操盘方钱包卖出信号#161 *** C1ooobta6x... 卖出$373.83 (tx=5yCzyBGXCWKs...)
[22:28:54] *** 操盘方钱包卖出信号#162 *** C1ooobta6x... 卖出$358.85 (tx=2YZEFQUgbCkN...)
[22:28:54] *** 操盘方钱包卖出信号#163 *** C1ooobta6x... 卖出$362.65 (tx=378UBoejLtjd...)
[22:28:54] *** 操盘方钱包卖出信号#164 *** C1ooobta6x... 卖出$372.98 (tx=2UBJdeNKUXLZ...)
[22:28:54] *** 操盘方钱包卖出信号#165 *** C1ooobta6x... 卖出$373.42 (tx=juHCCWNpzwpa...)
[22:28:54] *** 操盘方钱包卖出信号#166 *** C1ooobta6x... 卖出$358.46 (tx=5rL2TGfg2kmi...)
[22:29:25] *** 操盘方钱包卖出信号#167 *** C1ooobta6x... 卖出$371.65 (tx=3MCMV71czt5X...)
[22:29:25] *** 操盘方钱包卖出信号#168 *** C1ooobta6x... 卖出$371.95 (tx=7u5Ait74VTk1...)
[22:29:25] *** 操盘方钱包卖出信号#169 *** C1ooobta6x... 卖出$372.45 (tx=42KtQCNmpcm7...)
[22:29:25] *** 操盘方钱包卖出信号#170 *** C1ooobta6x... 卖出$373.12 (tx=2jVU18LyEBvB...)
[22:29:25] *** 操盘方钱包卖出信号#171 *** C1ooobta6x... 卖出$369.57 (tx=4DrMXi5cFHAZ...)
[22:29:25] *** 操盘方钱包卖出信号#172 *** C1ooobta6x... 卖出$374.02 (tx=3xsQaF8qRjgD...)
[22:29:25] *** 操盘方钱包卖出信号#173 *** C1ooobta6x... 卖出$372.34 (tx=3C2qqVy4GMFq...)
[22:29:25] *** 操盘方钱包卖出信号#174 *** C1ooobta6x... 卖出$371.35 (tx=4U2wWgRxfD26...)
[22:29:25] *** 操盘方钱包卖出信号#175 *** C1ooobta6x... 卖出$372.63 (tx=GqC2sE3pAPNR...)
[22:29:25] *** 操盘方钱包卖出信号#176 *** C1ooobta6x... 卖出$371.89 (tx=NXn5Ucn9j5bz...)
[22:29:25] *** 操盘方钱包卖出信号#177 *** C1ooobta6x... 卖出$357.88 (tx=2TkzLdiVhXVG...)
[22:30:38] *** 操盘方钱包卖出信号#178 *** C1ooobta6x... 卖出$367.27 (tx=2wofNaQU9din...)
[22:30:38] *** 操盘方钱包卖出信号#179 *** C1ooobta6x... 卖出$371.73 (tx=4rK4pFEZamRH...)
[22:30:38] *** 操盘方钱包卖出信号#180 *** C1ooobta6x... 卖出$371.83 (tx=3afwSkgzHHKR...)
[22:30:38] *** 操盘方钱包卖出信号#181 *** C1ooobta6x... 卖出$372.34 (tx=4xrJAVehEHeP...)
[22:30:38] *** 操盘方钱包卖出信号#182 *** C1ooobta6x... 卖出$372.41 (tx=2BoMNGKq46ke...)
[22:30:38] *** 操盘方钱包卖出信号#183 *** C1ooobta6x... 卖出$372.14 (tx=29uN1vaC9TgJ...)
[22:30:38] *** 操盘方钱包卖出信号#184 *** C1ooobta6x... 卖出$373.09 (tx=j4DU5FZUjUTA...)
[22:30:38] *** 操盘方钱包卖出信号#185 *** C1ooobta6x... 卖出$360.64 (tx=23ohfphagoWh...)
[22:30:38] *** 操盘方钱包卖出信号#186 *** C1ooobta6x... 卖出$376.29 (tx=43Lnu8EumhdW...)
[22:30:38] *** 操盘方钱包卖出信号#187 *** C1ooobta6x... 卖出$372.79 (tx=21hMjMstxhXp...)
[22:30:38] *** 操盘方钱包卖出信号#188 *** C1ooobta6x... 卖出$372.21 (tx=47urAKeCwfbV...)
[22:30:38] *** 操盘方钱包卖出信号#189 *** C1ooobta6x... 卖出$372.56 (tx=3hXQJDxMqkww...)
[22:30:38] *** 操盘方钱包卖出信号#190 *** C1ooobta6x... 卖出$372.04 (tx=6uWxjExfQTps...)
[22:30:38] *** 操盘方钱包卖出信号#191 *** C1ooobta6x... 卖出$374.10 (tx=2C4LFLAuuK8G...)
[22:30:38] *** 操盘方钱包卖出信号#192 *** C1ooobta6x... 卖出$371.82 (tx=48Dxj7ovJJeY...)
[22:30:38] *** 操盘方钱包卖出信号#193 *** C1ooobta6x... 卖出$367.91 (tx=FZXGJEhUrUKV...)
[22:30:38] *** 操盘方钱包卖出信号#194 *** C1ooobta6x... 卖出$373.58 (tx=1bXytDfs2h6x...)
[22:31:15] *** 操盘方钱包卖出信号#195 *** C1ooobta6x... 卖出$373.81 (tx=2u96YPLTgj27...)
[22:31:15] *** 操盘方钱包卖出信号#196 *** C1ooobta6x... 卖出$374.16 (tx=kEQEcVmsrtVL...)
[22:31:15] *** 操盘方钱包卖出信号#197 *** C1ooobta6x... 卖出$373.88 (tx=2Az3BjJpjPPX...)
[22:31:15] *** 操盘方钱包卖出信号#198 *** C1ooobta6x... 卖出$373.68 (tx=4rk1yT6MoqMy...)
[22:31:15] *** 操盘方钱包卖出信号#199 *** C1ooobta6x... 卖出$372.15 (tx=kXa6v41mSEHV...)
[22:31:15] *** 操盘方钱包卖出信号#200 *** C1ooobta6x... 卖出$372.69 (tx=2oJyTNcfpFDV...)
[22:31:15] *** 操盘方钱包卖出信号#201 *** C1ooobta6x... 卖出$373.63 (tx=3cUsCY6q8JG6...)
[22:31:15] *** 操盘方钱包卖出信号#202 *** C1ooobta6x... 卖出$373.68 (tx=3se5A66EPapH...)
[22:31:15] *** 操盘方钱包卖出信号#203 *** C1ooobta6x... 卖出$373.48 (tx=5sExC1CK6h2z...)
[22:31:15] *** 操盘方钱包卖出信号#204 *** C1ooobta6x... 卖出$358.46 (tx=59PnHWp3gihM...)
[22:31:15] *** 操盘方钱包卖出信号#205 *** C1ooobta6x... 卖出$373.50 (tx=5YFrZx6nKdDg...)
[22:31:15] *** 操盘方钱包卖出信号#206 *** C1ooobta6x... 卖出$372.81 (tx=J7bfrzEgTi8p...)
[22:31:15] *** 操盘方钱包卖出信号#207 *** C1ooobta6x... 卖出$376.43 (tx=61NusDPdZeoP...)
[22:31:15] *** 操盘方钱包卖出信号#208 *** C1ooobta6x... 卖出$375.02 (tx=2j5mGrArkPoL...)
[22:31:15] *** 操盘方钱包卖出信号#209 *** C1ooobta6x... 卖出$374.61 (tx=2gLb6MptBAWM...)
[22:31:15] *** 操盘方钱包卖出信号#210 *** C1ooobta6x... 卖出$380.36 (tx=RbWmHqnZ2DLP...)
[22:31:15] *** 操盘方钱包卖出信号#211 *** C1ooobta6x... 卖出$373.79 (tx=zUUhZ7iHSFGW...)
[22:31:15] *** 操盘方钱包卖出信号#212 *** C1ooobta6x... 卖出$375.20 (tx=4Pfn5SpFjxi7...)
[22:31:15] *** 操盘方钱包卖出信号#213 *** C1ooobta6x... 卖出$379.68 (tx=2yr9qmU2Hvek...)
[22:31:15] *** 操盘方钱包卖出信号#214 *** C1ooobta6x... 卖出$370.96 (tx=2BE4iSUjtFdE...)
[22:31:15] *** 操盘方钱包卖出信号#215 *** C1ooobta6x... 卖出$360.40 (tx=3uESnaC9a1wV...)
[22:31:55] *** 操盘方钱包卖出信号#216 *** C1ooobta6x... 卖出$374.67 (tx=5GBtjG4EGuyU...)
[22:31:55] *** 操盘方钱包卖出信号#217 *** C1ooobta6x... 卖出$375.96 (tx=3wDWxzYga5eP...)
[22:31:55] *** 操盘方钱包卖出信号#218 *** C1ooobta6x... 卖出$373.22 (tx=23hetSjfwkur...)
[22:31:55] *** 操盘方钱包卖出信号#219 *** C1ooobta6x... 卖出$373.10 (tx=3M5D78jFAnNz...)
[22:31:55] *** 操盘方钱包卖出信号#220 *** C1ooobta6x... 卖出$375.67 (tx=2GmS62jkZGiV...)
[22:31:55] *** 操盘方钱包卖出信号#221 *** C1ooobta6x... 卖出$375.82 (tx=53PkEKu4Pi56...)
[22:31:55] *** 操盘方钱包卖出信号#222 *** C1ooobta6x... 卖出$375.18 (tx=Cdb7baqSEs6X...)
[22:31:55] *** 操盘方钱包卖出信号#223 *** C1ooobta6x... 卖出$372.99 (tx=dxspSR6PrzAm...)
[22:31:55] *** 操盘方钱包卖出信号#224 *** C1ooobta6x... 卖出$378.85 (tx=tq2qwvQToQzG...)
[22:31:55] *** 操盘方钱包卖出信号#225 *** C1ooobta6x... 卖出$365.27 (tx=5Ykbhj6NmCAG...)
[22:31:55] *** 操盘方钱包卖出信号#226 *** C1ooobta6x... 卖出$374.33 (tx=2srcJZ7FzRrb...)
[22:31:55] *** 操盘方钱包卖出信号#227 *** C1ooobta6x... 卖出$376.44 (tx=2ux7wrGQkqco...)
[22:31:55] *** 操盘方钱包卖出信号#228 *** C1ooobta6x... 卖出$380.94 (tx=5GLRCsfZsqz2...)
[22:31:55] *** 操盘方钱包卖出信号#229 *** C1ooobta6x... 卖出$381.27 (tx=ruCSa4ozzbKG...)
[22:31:55] *** 操盘方钱包卖出信号#230 *** C1ooobta6x... 卖出$374.38 (tx=2yzj6DGmJjHv...)
[22:31:55] *** 操盘方钱包卖出信号#231 *** C1ooobta6x... 卖出$375.94 (tx=gQnfpw4wNctK...)
[22:31:55] *** 操盘方钱包卖出信号#232 *** C1ooobta6x... 卖出$372.90 (tx=2xHx3CttdYij...)
[22:31:55] *** 操盘方钱包卖出信号#233 *** C1ooobta6x... 卖出$376.30 (tx=YN1qiMJPPNck...)
[22:32:26] *** 操盘方钱包卖出信号#234 *** C1ooobta6x... 卖出$371.97 (tx=57uGtbfcYUtt...)
[22:32:26] *** 操盘方钱包卖出信号#235 *** C1ooobta6x... 卖出$376.24 (tx=5nfoJqKAcz1q...)
[22:32:26] *** 操盘方钱包卖出信号#236 *** C1ooobta6x... 卖出$360.08 (tx=D2BPFPLcb1r7...)
[22:32:26] *** 操盘方钱包卖出信号#237 *** C1ooobta6x... 卖出$360.38 (tx=pm9MAvaoRmgc...)
[22:32:26] *** 操盘方钱包卖出信号#238 *** C1ooobta6x... 卖出$360.24 (tx=45Fzu68r5wYs...)
[22:32:26] *** 操盘方钱包卖出信号#239 *** C1ooobta6x... 卖出$360.12 (tx=2HV9TN1vjcQb...)
[22:33:03] *** 操盘方钱包卖出信号#240 *** C1ooobta6x... 卖出$359.99 (tx=4NCmdMThjNEa...)
[22:33:03] *** 操盘方钱包卖出信号#241 *** C1ooobta6x... 卖出$359.86 (tx=5E6CsdeCNNp8...)
[22:33:03] *** 操盘方钱包卖出信号#242 *** C1ooobta6x... 卖出$359.73 (tx=4MWVzC8KrAbP...)
[22:33:03] *** 操盘方钱包卖出信号#243 *** C1ooobta6x... 卖出$359.58 (tx=8H43WrQVYUBe...)
[22:33:03] *** 操盘方钱包卖出信号#244 *** C1ooobta6x... 卖出$359.44 (tx=4N4HKKU2Dzwx...)
[22:33:03] *** 操盘方钱包卖出信号#245 *** C1ooobta6x... 卖出$359.30 (tx=652ZMeaLE6oh...)
[22:33:03] *** 操盘方钱包卖出信号#246 *** C1ooobta6x... 卖出$359.14 (tx=47a2ZphQTpXZ...)
