[02:30:56] === 开始盯防40个已知操盘方钱包的卖出动作 ===
[02:31:31] *** 操盘方钱包卖出信号#1 *** 4cnqwZwFaZ... 卖出$8.31 (tx=5mjggw4a5T4f...)
[02:34:26] *** 操盘方钱包卖出信号#2 *** D7fbbHfahT... 卖出$18.59 (tx=3yRdFDidLY67...)
[02:35:05] *** 操盘方钱包卖出信号#3 *** HS8ooPd2mh... 卖出$25.12 (tx=2LwpKP83Cikd...)
[02:40:25] *** 操盘方钱包卖出信号#4 *** EYMi7v9XSZ... 卖出$21.60 (tx=5Uh7XLhpNNnH...)
[02:42:48] *** 操盘方钱包卖出信号#5 *** CCDo2xdLPt... 卖出$21.44 (tx=4YVoU5RbhRfC...)
[02:43:29] *** 操盘方钱包卖出信号#6 *** BuF9xuzSi4... 卖出$13.90 (tx=2oCuxoNrqohC...)
[02:46:25] *** 操盘方钱包卖出信号#7 *** 4cnqwZwFaZ... 卖出$5.81 (tx=5BhbDF79wVmo...)
[02:46:25] *** 操盘方钱包卖出信号#8 *** BuF9xuzSi4... 卖出$26.80 (tx=321STNV8Cxme...)
[02:47:06] *** 操盘方钱包卖出信号#9 *** 96tJhKaAeJ... 卖出$31.97 (tx=3GYJeTiMFMeZ...)
[02:49:25] *** 操盘方钱包卖出信号#10 *** 4cnqwZwFaZ... 卖出$11.45 (tx=2jQGEmjxfcem...)
[02:51:13] *** 操盘方钱包卖出信号#11 *** EYMi7v9XSZ... 卖出$33.20 (tx=4835KcjHmwx3...)
[02:52:13] *** 操盘方钱包卖出信号#12 *** 4yQ3YPoNqe... 卖出$22.07 (tx=FWrYNqQ7iJQp...)
[02:54:01] *** 操盘方钱包卖出信号#13 *** 8nRFyxyMU9... 卖出$27.46 (tx=2XYxnyAAUumM...)
[02:54:38] *** 操盘方钱包卖出信号#14 *** 2vKyD9Gbqb... 卖出$16.33 (tx=4YFmfToysYmP...)
[02:58:13] *** 操盘方钱包卖出信号#15 *** ET4Bh6RN28... 卖出$4.24 (tx=2oS82QMQh8N4...)
[03:01:48] *** 操盘方钱包卖出信号#16 *** D7fbbHfahT... 卖出$11.48 (tx=2kxiX1A5Ajwy...)
[03:09:02] *** 操盘方钱包卖出信号#17 *** D7fbbHfahT... 卖出$33.29 (tx=2tvjvieUyi7n...)
[03:10:13] *** 操盘方钱包卖出信号#18 *** EYMi7v9XSZ... 卖出$6.67 (tx=2z4csRxQNFzh...)
[03:13:12] *** 操盘方钱包卖出信号#19 *** 2vKyD9Gbqb... 卖出$18.91 (tx=5mm27BRb8T7a...)
[03:18:02] *** 操盘方钱包卖出信号#20 *** 96tJhKaAeJ... 卖出$15.55 (tx=gKo33xSGSea4...)
[03:19:53] *** 操盘方钱包卖出信号#21 *** 5CyxVbUxZw... 卖出$36.26 (tx=2usQmTiq8AHe...)
[03:19:53] *** 操盘方钱包卖出信号#22 *** 96tJhKaAeJ... 卖出$5,835.54 (tx=3PQqniog4hfx...)
[03:20:24] *** 操盘方钱包卖出信号#23 *** FpgtbrGDJE... 卖出$4,200.92 (tx=Ph7A4KYsXMpM...)
[03:31:05] === 监控结束,共23次操盘方卖出信号 ===
