[23:11:58] === 开始盯防21个已知操盘方钱包的卖出动作 ===
[23:12:33] *** 操盘方钱包卖出信号#1 *** erjRHJ4r9n... 卖出$14.58 (tx=22hi5YCrxRi2...)
[23:12:33] *** 操盘方钱包卖出信号#2 *** 7mJCNDis3o... 卖出$2.29 (tx=3u8GTgSQ1dQK...)
[23:12:33] *** 操盘方钱包卖出信号#3 *** CS7iP5QG9F... 卖出$3.12 (tx=4Mhfk7HFsRd7...)
[23:12:33] *** 操盘方钱包卖出信号#4 *** 8W6Q5cj3Ye... 卖出$7.15 (tx=3zd94wXB2pvQ...)
[23:12:33] *** 操盘方钱包卖出信号#5 *** 5ezjEZH6vx... 卖出$4.89 (tx=kdgpeAksa87Y...)
[23:12:33] *** 操盘方钱包卖出信号#6 *** 6pky7L3Nkz... 卖出$0.91 (tx=2vW6qMvAZaAC...)
[23:12:33] *** 操盘方钱包卖出信号#7 *** CjKBC5mmBi... 卖出$7.74 (tx=yFEyZMZrQRbV...)
[23:12:33] *** 操盘方钱包卖出信号#8 *** 8W6Q5cj3Ye... 卖出$3.33 (tx=2noHdMWMg3rM...)
[23:12:33] *** 操盘方钱包卖出信号#9 *** 7TQSLcdCjZ... 卖出$8.92 (tx=282mY1PGjUX8...)
[23:12:33] *** 操盘方钱包卖出信号#10 *** JFTaU6K5PA... 卖出$1.67 (tx=5h2C1BhpgB5J...)
[23:12:33] *** 操盘方钱包卖出信号#11 *** 8SefhZwYPb... 卖出$10.29 (tx=5YUTz8g3ZW7f...)
[23:12:33] *** 操盘方钱包卖出信号#12 *** F6se1YrEm2... 卖出$5.84 (tx=2kewqsSoSUwa...)
[23:12:33] *** 操盘方钱包卖出信号#13 *** 5wMsoX8vqv... 卖出$9.44 (tx=3o4ssd4vuoAY...)
[23:12:33] *** 操盘方钱包卖出信号#14 *** CxixmB3gvy... 卖出$0.90 (tx=3Wg6jWNW6x4V...)
[23:12:33] *** 操盘方钱包卖出信号#15 *** 2ZznuE24Hh... 卖出$7.62 (tx=5PbMUbESQebL...)
[23:12:33] *** 操盘方钱包卖出信号#16 *** CS7iP5QG9F... 卖出$16.09 (tx=2JfJJMV3cgRw...)
[23:12:33] *** 操盘方钱包卖出信号#17 *** 8W6Q5cj3Ye... 卖出$34.38 (tx=46QFrxTSgjbm...)
[23:12:33] *** 操盘方钱包卖出信号#18 *** 5wMsoX8vqv... 卖出$8.98 (tx=4bYqotZaBZwv...)
[23:12:33] *** 操盘方钱包卖出信号#19 *** 2bzaiDAYFo... 卖出$15.92 (tx=2tcv3EBEXQRQ...)
[23:12:33] *** 操盘方钱包卖出信号#20 *** 5wMsoX8vqv... 卖出$8.80 (tx=3SDgCuSLHGD8...)
[23:12:33] *** 操盘方钱包卖出信号#21 *** 6pky7L3Nkz... 卖出$5.88 (tx=3UnEiDiVRVPR...)
[23:12:33] *** 操盘方钱包卖出信号#22 *** EXiUArbgxq... 卖出$9.12 (tx=ZytcewBxwF1E...)
[23:12:33] *** 操盘方钱包卖出信号#23 *** CS6vxEXzdf... 卖出$3.03 (tx=679iw4vHjZwd...)
[23:12:33] *** 操盘方钱包卖出信号#24 *** 8SefhZwYPb... 卖出$0.88 (tx=2gRfAYrN7Hhy...)
[23:12:33] *** 操盘方钱包卖出信号#25 *** 6pky7L3Nkz... 卖出$10.00 (tx=3Ab2PEUbgbzF...)
[23:12:33] *** 操盘方钱包卖出信号#26 *** 3y2oTFFvW4... 卖出$50.21 (tx=EUJfU1mDa9Ru...)
[23:12:33] *** 操盘方钱包卖出信号#27 *** CxixmB3gvy... 卖出$14.58 (tx=5j34xjdZYV3w...)
[23:12:33] *** 操盘方钱包卖出信号#28 *** 8W6Q5cj3Ye... 卖出$10.87 (tx=3iBwf4W4NZEB...)
[23:12:33] *** 操盘方钱包卖出信号#29 *** 7mJCNDis3o... 卖出$3.87 (tx=4fqUVottBqx6...)
[23:12:33] *** 操盘方钱包卖出信号#30 *** 5Z1cxtGod1... 卖出$6.30 (tx=rG77etfGdHPh...)
[23:12:33] *** 操盘方钱包卖出信号#31 *** JFTaU6K5PA... 卖出$7.42 (tx=2U6Hcx7SFBrV...)
[00:12:00] === 监控结束,共31次操盘方卖出信号 ===
