[22:12:26] === 开始盯防12个已知操盘方钱包的卖出动作 ===
[22:13:02] *** 操盘方钱包卖出信号#1 *** 3cF6gpufna... 卖出$40.23 (tx=5NackdqAHFwR...)
[22:13:02] *** 操盘方钱包卖出信号#2 *** 3cF6gpufna... 卖出$38.00 (tx=2nAoJMru4hJD...)
[22:13:02] *** 操盘方钱包卖出信号#3 *** 3cF6gpufna... 卖出$149.04 (tx=3A9j9wYrYNik...)
[22:13:02] *** 操盘方钱包卖出信号#4 *** 3cF6gpufna... 卖出$145.30 (tx=3zfkPajrYPof...)
[22:13:02] *** 操盘方钱包卖出信号#5 *** 3cF6gpufna... 卖出$43.23 (tx=UkX7KmoNxwsH...)
[22:13:02] *** 操盘方钱包卖出信号#6 *** 3cF6gpufna... 卖出$149.04 (tx=3WThGxLrS6hu...)
[22:13:02] *** 操盘方钱包卖出信号#7 *** 3cF6gpufna... 卖出$165.55 (tx=2v36D2YY94cP...)
[22:13:02] *** 操盘方钱包卖出信号#8 *** 3cF6gpufna... 卖出$134.16 (tx=4xMhtAjXffYL...)
[22:13:02] *** 操盘方钱包卖出信号#9 *** 3cF6gpufna... 卖出$156.52 (tx=4qidUR13z7KE...)
[22:13:02] *** 操盘方钱包卖出信号#10 *** 3cF6gpufna... 卖出$303.14 (tx=5WQQNHfFAnHu...)
[22:13:02] *** 操盘方钱包卖出信号#11 *** 3cF6gpufna... 卖出$28.62 (tx=38K4N7zphMTd...)
[22:13:02] *** 操盘方钱包卖出信号#12 *** 3cF6gpufna... 卖出$363.70 (tx=5MMofuPxHUeu...)
[22:13:02] *** 操盘方钱包卖出信号#13 *** 3cF6gpufna... 卖出$174.23 (tx=3iMvp1de83At...)
[22:13:02] *** 操盘方钱包卖出信号#14 *** 3cF6gpufna... 卖出$171.42 (tx=4sjEcVznqWe4...)
[22:13:02] *** 操盘方钱包卖出信号#15 *** 3cF6gpufna... 卖出$38.76 (tx=65xGBobqxjgp...)
[22:13:02] *** 操盘方钱包卖出信号#16 *** 3cF6gpufna... 卖出$162.49 (tx=4BGafKtrmCNM...)
[22:13:02] *** 操盘方钱包卖出信号#17 *** 5hWiu7FbMU... 卖出$38.01 (tx=YTY5Lwv1N4D2...)
[22:13:02] *** 操盘方钱包卖出信号#18 *** 5hWiu7FbMU... 卖出$134.08 (tx=3KNAS7Fjc7SL...)
[22:13:35] *** 操盘方钱包卖出信号#19 *** 5hWiu7FbMU... 卖出$150.69 (tx=489M6KxM9fDU...)
[22:13:35] *** 操盘方钱包卖出信号#20 *** 5hWiu7FbMU... 卖出$113.27 (tx=3vzATy7QZJnB...)
[22:13:35] *** 操盘方钱包卖出信号#21 *** 5hWiu7FbMU... 卖出$40.51 (tx=Z2Z1cYEjMPF7...)
[22:13:35] *** 操盘方钱包卖出信号#22 *** 5hWiu7FbMU... 卖出$36.48 (tx=2iSLNRzV1J9a...)
[22:13:35] *** 操盘方钱包卖出信号#23 *** 5hWiu7FbMU... 卖出$34.99 (tx=21JXWWZo99PX...)
[22:13:35] *** 操盘方钱包卖出信号#24 *** 5hWiu7FbMU... 卖出$148.13 (tx=3BQCYB6Efap1...)
[22:13:35] *** 操盘方钱包卖出信号#25 *** 5hWiu7FbMU... 卖出$145.15 (tx=2onRs81WVjRG...)
[22:13:35] *** 操盘方钱包卖出信号#26 *** 5hWiu7FbMU... 卖出$40.57 (tx=5gAtLRn8Vxpq...)
[22:13:35] *** 操盘方钱包卖出信号#27 *** 5hWiu7FbMU... 卖出$171.94 (tx=vGGYDinKx6cH...)
[22:13:35] *** 操盘方钱包卖出信号#28 *** 5hWiu7FbMU... 卖出$40.20 (tx=2rZiYjVRp1Zu...)
[22:13:35] *** 操盘方钱包卖出信号#29 *** 5hWiu7FbMU... 卖出$180.87 (tx=3foagmn8bPiV...)
[22:14:10] *** 操盘方钱包卖出信号#30 *** 5hWiu7FbMU... 卖出$144.40 (tx=3Q6c51d7XQHx...)
[22:14:10] *** 操盘方钱包卖出信号#31 *** 5hWiu7FbMU... 卖出$138.45 (tx=3R53qwZ5ChBr...)
[22:14:10] *** 操盘方钱包卖出信号#32 *** 5hWiu7FbMU... 卖出$154.07 (tx=eUAEGiDuo5Bb...)
[22:14:10] *** 操盘方钱包卖出信号#33 *** 5hWiu7FbMU... 卖出$295.81 (tx=3rh6ysbNF2LW...)
[22:14:10] *** 操盘方钱包卖出信号#34 *** 5hWiu7FbMU... 卖出$31.00 (tx=4y2h1JCQwbCC...)
[22:14:10] *** 操盘方钱包卖出信号#35 *** 5hWiu7FbMU... 卖出$40.94 (tx=2Z2RrEWd7scA...)
[22:14:10] *** 操盘方钱包卖出信号#36 *** 5hWiu7FbMU... 卖出$395.16 (tx=5GVHiF4BvJtj...)
[22:14:10] *** 操盘方钱包卖出信号#37 *** 5hWiu7FbMU... 卖出$162.57 (tx=3H56up6HtTcJ...)
[22:14:10] *** 操盘方钱包卖出信号#38 *** 5hWiu7FbMU... 卖出$130.98 (tx=3xb92RTyXRyD...)
[22:14:10] *** 操盘方钱包卖出信号#39 *** 5hWiu7FbMU... 卖出$37.86 (tx=Tzu315pKCiV8...)
[22:14:10] *** 操盘方钱包卖出信号#40 *** 5hWiu7FbMU... 卖出$38.27 (tx=2LhKaQv1f1TJ...)
[22:14:49] *** 操盘方钱包卖出信号#41 *** 5hWiu7FbMU... 卖出$32.05 (tx=4ALc2f3mq8SK...)
[22:14:49] *** 操盘方钱包卖出信号#42 *** 5hWiu7FbMU... 卖出$34.11 (tx=5MyLRMa6MUti...)
[22:14:49] *** 操盘方钱包卖出信号#43 *** 5hWiu7FbMU... 卖出$114.94 (tx=HuayQmzd8DQg...)
[22:14:49] *** 操盘方钱包卖出信号#44 *** 5hWiu7FbMU... 卖出$149.76 (tx=4CGQ2ZZLdcqX...)
[22:14:49] *** 操盘方钱包卖出信号#45 *** 5hWiu7FbMU... 卖出$177.11 (tx=2QKGZUVyJ7vG...)
[22:14:49] *** 操盘方钱包卖出信号#46 *** 5hWiu7FbMU... 卖出$44.71 (tx=3aqEMsRjv76V...)
[22:14:49] *** 操盘方钱包卖出信号#47 *** 5hWiu7FbMU... 卖出$140.26 (tx=2MVguPCRfFgo...)
[22:14:49] *** 操盘方钱包卖出信号#48 *** 5hWiu7FbMU... 卖出$156.28 (tx=22hmLkkq5YVE...)
[22:14:49] *** 操盘方钱包卖出信号#49 *** 5hWiu7FbMU... 卖出$148.83 (tx=2QbvHakfbEDM...)
[22:14:49] *** 操盘方钱包卖出信号#50 *** 5hWiu7FbMU... 卖出$159.99 (tx=2F6qs4cuPEFf...)
[22:14:49] *** 操盘方钱包卖出信号#51 *** 5hWiu7FbMU... 卖出$38.14 (tx=4Xg9nytrZCQ6...)
[22:14:49] *** 操盘方钱包卖出信号#52 *** 5hWiu7FbMU... 卖出$174.90 (tx=5XRUnm8CKi7m...)
[22:14:49] *** 操盘方钱包卖出信号#53 *** 5hWiu7FbMU... 卖出$112.49 (tx=39bTFySRwbNi...)
[22:14:49] *** 操盘方钱包卖出信号#54 *** 5hWiu7FbMU... 卖出$34.00 (tx=5mAhxefMZ9vH...)
[22:14:49] *** 操盘方钱包卖出信号#55 *** 5hWiu7FbMU... 卖出$180.80 (tx=2kr7hybKSv6o...)
[22:14:49] *** 操盘方钱包卖出信号#56 *** 5hWiu7FbMU... 卖出$141.37 (tx=2Kb8GfYxjUyh...)
[22:14:49] *** 操盘方钱包卖出信号#57 *** 5hWiu7FbMU... 卖出$140.40 (tx=3aczYvSKJMtp...)
[22:14:49] *** 操盘方钱包卖出信号#58 *** 5hWiu7FbMU... 卖出$459.38 (tx=2tDyvBdNyzZw...)
[22:14:49] *** 操盘方钱包卖出信号#59 *** 6Ts9NRH9nz... 卖出$3.87 (tx=33aY74VHEs3F...)
[22:14:49] *** 操盘方钱包卖出信号#60 *** 5hWiu7FbMU... 卖出$173.95 (tx=4EUaySVyebGz...)
[22:14:49] *** 操盘方钱包卖出信号#61 *** 6Ts9NRH9nz... 卖出$151.04 (tx=3mzzdiAKeBmV...)
[22:14:49] *** 操盘方钱包卖出信号#62 *** 6Ts9NRH9nz... 卖出$195.75 (tx=2Y6JXEVPe2kZ...)
[22:14:49] *** 操盘方钱包卖出信号#63 *** 6Ts9NRH9nz... 卖出$35.71 (tx=2vGVTU2vtbDF...)
[22:16:02] *** 操盘方钱包卖出信号#64 *** 6Ts9NRH9nz... 卖出$120.49 (tx=5Y4696zgmPHQ...)
[22:16:02] *** 操盘方钱包卖出信号#65 *** 6Ts9NRH9nz... 卖出$164.80 (tx=5V1qWuXPU5x6...)
[22:16:02] *** 操盘方钱包卖出信号#66 *** 6Ts9NRH9nz... 卖出$139.88 (tx=5woaneuotsiK...)
[22:16:02] *** 操盘方钱包卖出信号#67 *** 6Ts9NRH9nz... 卖出$433.75 (tx=3tGzv7UrHSbp...)
[22:16:02] *** 操盘方钱包卖出信号#68 *** 6Ts9NRH9nz... 卖出$141.37 (tx=4eJsefoMTY2N...)
[22:16:02] *** 操盘方钱包卖出信号#69 *** 6Ts9NRH9nz... 卖出$140.79 (tx=5oHzCT4LKvqZ...)
[22:16:02] *** 操盘方钱包卖出信号#70 *** 6Ts9NRH9nz... 卖出$297.61 (tx=3CjfGXY7nmdN...)
[22:16:02] *** 操盘方钱包卖出信号#71 *** 6Ts9NRH9nz... 卖出$111.60 (tx=3NzWzecuzk4U...)
[22:16:02] *** 操盘方钱包卖出信号#72 *** 6Ts9NRH9nz... 卖出$40.17 (tx=5EVBn8FSkktg...)
[22:16:02] *** 操盘方钱包卖出信号#73 *** 6Ts9NRH9nz... 卖出$170.38 (tx=5W1ay8FCM747...)
[22:16:02] *** 操盘方钱包卖出信号#74 *** 6Ts9NRH9nz... 卖出$33.63 (tx=3YHnN3U5Lirp...)
[22:16:02] *** 操盘方钱包卖出信号#75 *** 6Ts9NRH9nz... 卖出$153.42 (tx=5MzUxAg9tunh...)
[22:16:02] *** 操盘方钱包卖出信号#76 *** 6Ts9NRH9nz... 卖出$115.40 (tx=2iCFWHkXUJqw...)
[22:16:02] *** 操盘方钱包卖出信号#77 *** 6Ts9NRH9nz... 卖出$97.68 (tx=JhAfbtPwNVev...)
[22:16:02] *** 操盘方钱包卖出信号#78 *** 6Ts9NRH9nz... 卖出$40.18 (tx=2CNkGDmFkVkM...)
[22:16:02] *** 操盘方钱包卖出信号#79 *** 6Ts9NRH9nz... 卖出$178.59 (tx=PPZKioGpzvy2...)
[22:16:02] *** 操盘方钱包卖出信号#80 *** 6Ts9NRH9nz... 卖出$37.20 (tx=3MbBUPZcbRnd...)
[22:16:02] *** 操盘方钱包卖出信号#81 *** 6Ts9NRH9nz... 卖出$128.74 (tx=122Wmq2ReFVW...)
[22:16:02] *** 操盘方钱包卖出信号#82 *** 6Ts9NRH9nz... 卖出$417.67 (tx=dPCqJgMzNr9i...)
[22:16:02] *** 操盘方钱包卖出信号#83 *** 6Ts9NRH9nz... 卖出$178.68 (tx=zS4Xj3CVBnt8...)
[22:16:02] *** 操盘方钱包卖出信号#84 *** 6Ts9NRH9nz... 卖出$72.86 (tx=4pUFWsEKctA6...)
[22:16:02] *** 操盘方钱包卖出信号#85 *** 6Ts9NRH9nz... 卖出$71.96 (tx=4K3k3V1JzxyG...)
[22:16:02] *** 操盘方钱包卖出信号#86 *** 6Ts9NRH9nz... 卖出$102.74 (tx=4Akm4sDpHc2M...)
[22:16:02] *** 操盘方钱包卖出信号#87 *** 6Ts9NRH9nz... 卖出$31.80 (tx=37ehtqJJCYDd...)
[22:16:02] *** 操盘方钱包卖出信号#88 *** 6Ts9NRH9nz... 卖出$182.37 (tx=36ujvgoZQL1N...)
[22:16:02] *** 操盘方钱包卖出信号#89 *** 6Ts9NRH9nz... 卖出$62.46 (tx=4q7K2oh6Epko...)
[22:16:02] *** 操盘方钱包卖出信号#90 *** 8xJBynMUZ6... 卖出$77.57 (tx=3pmcDDEP3Pea...)
[22:16:02] *** 操盘方钱包卖出信号#91 *** 8xJBynMUZ6... 卖出$62.33 (tx=3ZSUbWe6HAGT...)
[22:16:02] *** 操盘方钱包卖出信号#92 *** 8xJBynMUZ6... 卖出$257.24 (tx=3ZD53X34K9qd...)
[22:16:02] *** 操盘方钱包卖出信号#93 *** 8xJBynMUZ6... 卖出$155.28 (tx=2rTs1RDLBhMu...)
[22:16:02] *** 操盘方钱包卖出信号#94 *** 8xJBynMUZ6... 卖出$154.86 (tx=2v87ESJJAexk...)
[22:16:02] *** 操盘方钱包卖出信号#95 *** 8xJBynMUZ6... 卖出$34.92 (tx=5yYuddsnNWWy...)
[22:16:02] *** 操盘方钱包卖出信号#96 *** 8xJBynMUZ6... 卖出$40.95 (tx=3cF1inSow2i9...)
[22:16:02] *** 操盘方钱包卖出信号#97 *** 8xJBynMUZ6... 卖出$148.90 (tx=UajVWzzDwnWp...)
[22:16:02] *** 操盘方钱包卖出信号#98 *** 8xJBynMUZ6... 卖出$402.03 (tx=3sKoA53RPswF...)
[22:16:02] *** 操盘方钱包卖出信号#99 *** 8xJBynMUZ6... 卖出$168.26 (tx=uwBWtLvsJeFQ...)
[22:16:02] *** 操盘方钱包卖出信号#100 *** 8xJBynMUZ6... 卖出$35.72 (tx=3j1VE8jLsDc2...)
[22:16:39] *** 操盘方钱包卖出信号#101 *** 8xJBynMUZ6... 卖出$43.40 (tx=3ugc7fDsdNSA...)
[22:16:39] *** 操盘方钱包卖出信号#102 *** 8xJBynMUZ6... 卖出$159.49 (tx=5hzNDTRbEtMP...)
[22:16:39] *** 操盘方钱包卖出信号#103 *** 8xJBynMUZ6... 卖出$163.79 (tx=HxdiJCH2GXfq...)
[22:16:39] *** 操盘方钱包卖出信号#104 *** 8xJBynMUZ6... 卖出$148.10 (tx=oBWNEotfNjTE...)
[22:16:39] *** 操盘方钱包卖出信号#105 *** 8xJBynMUZ6... 卖出$32.75 (tx=2LEJZHTKD4xq...)
[22:16:39] *** 操盘方钱包卖出信号#106 *** 8xJBynMUZ6... 卖出$154.11 (tx=62yzYXdmdLXD...)
[22:16:39] *** 操盘方钱包卖出信号#107 *** 8xJBynMUZ6... 卖出$100.32 (tx=2tM9CHAUcniq...)
[22:16:39] *** 操盘方钱包卖出信号#108 *** 8xJBynMUZ6... 卖出$438.38 (tx=4o9raEMnZF8a...)
[22:16:39] *** 操盘方钱包卖出信号#109 *** 8xJBynMUZ6... 卖出$170.52 (tx=5R9xtjziwTLG...)
[22:16:39] *** 操盘方钱包卖出信号#110 *** 8xJBynMUZ6... 卖出$171.26 (tx=3eozYBe2Hrdh...)
[22:16:39] *** 操盘方钱包卖出信号#111 *** 8xJBynMUZ6... 卖出$31.27 (tx=4rjSHnqs9gTp...)
[22:16:39] *** 操盘方钱包卖出信号#112 *** 8xJBynMUZ6... 卖出$148.19 (tx=h4SWh6w44zKp...)
[22:16:39] *** 操盘方钱包卖出信号#113 *** 8xJBynMUZ6... 卖出$70.90 (tx=5WMSW4Xve1ij...)
[22:16:39] *** 操盘方钱包卖出信号#114 *** 8xJBynMUZ6... 卖出$157.87 (tx=3dbSMGCUJV8Y...)
[22:16:39] *** 操盘方钱包卖出信号#115 *** 8xJBynMUZ6... 卖出$168.30 (tx=3pMwFnJ4ERX3...)
[22:16:39] *** 操盘方钱包卖出信号#116 *** 8xJBynMUZ6... 卖出$38.72 (tx=2Qiuz3R2tDjs...)
[22:16:39] *** 操盘方钱包卖出信号#117 *** 8xJBynMUZ6... 卖出$347.81 (tx=2uinvpy1Qv3p...)
[22:16:39] *** 操盘方钱包卖出信号#118 *** 8xJBynMUZ6... 卖出$158.62 (tx=2cgSMHzA7hxy...)
[22:16:39] *** 操盘方钱包卖出信号#119 *** 8xJBynMUZ6... 卖出$38.06 (tx=2sLGiQLgeH6U...)
[22:16:39] *** 操盘方钱包卖出信号#120 *** 8xJBynMUZ6... 卖出$148.00 (tx=5qeRgpEnkDnQ...)
[22:16:39] *** 操盘方钱包卖出信号#121 *** 8xJBynMUZ6... 卖出$327.72 (tx=21pM9Ujv4aUL...)
[22:16:39] *** 操盘方钱包卖出信号#122 *** 8xJBynMUZ6... 卖出$414.86 (tx=4TkbUDktQrC7...)
[22:17:19] *** 操盘方钱包卖出信号#123 *** 8xJBynMUZ6... 卖出$188.15 (tx=Rk9nGNUwpUBV...)
[22:17:19] *** 操盘方钱包卖出信号#124 *** 8xJBynMUZ6... 卖出$163.11 (tx=4qC4kWAHq4Cc...)
[22:17:19] *** 操盘方钱包卖出信号#125 *** 8xJBynMUZ6... 卖出$156.42 (tx=2jwCR7kKaeYZ...)
[22:17:19] *** 操盘方钱包卖出信号#126 *** 8xJBynMUZ6... 卖出$121.34 (tx=2Qak6MrZ4g8Q...)
[22:17:19] *** 操盘方钱包卖出信号#127 *** 8xJBynMUZ6... 卖出$39.48 (tx=3Nm8LowpPu28...)
[22:17:19] *** 操盘方钱包卖出信号#128 *** 8xJBynMUZ6... 卖出$139.29 (tx=3Ns7esxMgoQQ...)
[22:17:19] *** 操盘方钱包卖出信号#129 *** 8xJBynMUZ6... 卖出$146.73 (tx=3uEX4ipopbZT...)
[22:17:19] *** 操盘方钱包卖出信号#130 *** 8xJBynMUZ6... 卖出$35.97 (tx=3fnNDEc8Rua6...)
[22:17:19] *** 操盘方钱包卖出信号#131 *** 8xJBynMUZ6... 卖出$136.50 (tx=3HmbXFgMAhPZ...)
[22:17:19] *** 操盘方钱包卖出信号#132 *** 8xJBynMUZ6... 卖出$43.20 (tx=5MjKdbPkkLKu...)
[22:17:19] *** 操盘方钱包卖出信号#133 *** 8xJBynMUZ6... 卖出$141.37 (tx=2mn4hP9y7tEQ...)
[22:17:19] *** 操盘方钱包卖出信号#134 *** 8xJBynMUZ6... 卖出$147.56 (tx=65t8QGhBdVW3...)
[22:17:19] *** 操盘方钱包卖出信号#135 *** 8xJBynMUZ6... 卖出$148.90 (tx=2PRcfFXPagrK...)
[22:17:19] *** 操盘方钱包卖出信号#136 *** HADcr5fuWE... 卖出$14.16 (tx=2j7DxXZnhqRt...)
[22:17:19] *** 操盘方钱包卖出信号#137 *** 8xJBynMUZ6... 卖出$151.14 (tx=58HqoZ2Kdb6d...)
[22:17:19] *** 操盘方钱包卖出信号#138 *** 8xJBynMUZ6... 卖出$37.95 (tx=45mDkmp31qjq...)
[22:17:19] *** 操盘方钱包卖出信号#139 *** 8xJBynMUZ6... 卖出$401.41 (tx=2mKKvnhK6nLK...)
[22:17:19] *** 操盘方钱包卖出信号#140 *** 8xJBynMUZ6... 卖出$150.74 (tx=4xdEDsMhthwb...)
[22:17:19] *** 操盘方钱包卖出信号#141 *** 8xJBynMUZ6... 卖出$130.29 (tx=4GGa4JxxBDUV...)
[22:17:19] *** 操盘方钱包卖出信号#142 *** 8xJBynMUZ6... 卖出$149.00 (tx=3Z35qPLhdmez...)
[22:17:19] *** 操盘方钱包卖出信号#143 *** 8xJBynMUZ6... 卖出$67.05 (tx=2G5vsfM5Mn1w...)
[22:17:19] *** 操盘方钱包卖出信号#144 *** 8xJBynMUZ6... 卖出$39.48 (tx=2kjE5QVGALtL...)
[22:17:19] *** 操盘方钱包卖出信号#145 *** 8xJBynMUZ6... 卖出$116.35 (tx=4HXm4smsnSYq...)
[22:17:19] *** 操盘方钱包卖出信号#146 *** 8xJBynMUZ6... 卖出$167.09 (tx=3WYXemrwSfCy...)
[22:17:19] *** 操盘方钱包卖出信号#147 *** 8xJBynMUZ6... 卖出$111.75 (tx=4xGZuVkytbxx...)
[22:17:19] *** 操盘方钱包卖出信号#148 *** 8xJBynMUZ6... 卖出$157.75 (tx=2z2Bmsg51JpB...)
[22:17:19] *** 操盘方钱包卖出信号#149 *** 8xJBynMUZ6... 卖出$180.29 (tx=C4MSmA5QAR4i...)
[22:17:19] *** 操盘方钱包卖出信号#150 *** 8xJBynMUZ6... 卖出$43.18 (tx=hT8ac2Q3uPuy...)
[22:17:19] *** 操盘方钱包卖出信号#151 *** 8xJBynMUZ6... 卖出$161.57 (tx=5m4gmb4Zzgth...)
[22:17:19] *** 操盘方钱包卖出信号#152 *** 8xJBynMUZ6... 卖出$379.97 (tx=2cEUv2ue7AmS...)
[22:17:50] *** 操盘方钱包卖出信号#153 *** 8xJBynMUZ6... 卖出$113.25 (tx=5yKxL8YN1PgH...)
[22:17:50] *** 操盘方钱包卖出信号#154 *** 8xJBynMUZ6... 卖出$79.29 (tx=591pE1tWrwU4...)
[22:17:50] *** 操盘方钱包卖出信号#155 *** 8xJBynMUZ6... 卖出$160.74 (tx=5g9sQVoccBqU...)
[22:17:50] *** 操盘方钱包卖出信号#156 *** 8xJBynMUZ6... 卖出$157.49 (tx=5HeLHipuuEoy...)
[22:17:50] *** 操盘方钱包卖出信号#157 *** 8xJBynMUZ6... 卖出$324.15 (tx=4qcedhyKfX5W...)
[22:17:50] *** 操盘方钱包卖出信号#158 *** 8xJBynMUZ6... 卖出$137.74 (tx=3DE5556xKXLP...)
[22:17:50] *** 操盘方钱包卖出信号#159 *** 8xJBynMUZ6... 卖出$32.80 (tx=4hAuYyXyUBFd...)
[22:17:50] *** 操盘方钱包卖出信号#160 *** 8xJBynMUZ6... 卖出$407.01 (tx=3N9N1iyq8xiw...)
[22:17:50] *** 操盘方钱包卖出信号#161 *** 8xJBynMUZ6... 卖出$177.75 (tx=3obyAduHA9mf...)
[22:17:50] *** 操盘方钱包卖出信号#162 *** 9bimsqwzpR... 卖出$186.07 (tx=1yMHJp8fwVGE...)
[22:17:50] *** 操盘方钱包卖出信号#163 *** 9bimsqwzpR... 卖出$111.64 (tx=2dqkL1tzJVza...)
[22:17:50] *** 操盘方钱包卖出信号#164 *** HADcr5fuWE... 卖出$13.90 (tx=2zVBZTqtgaPW...)
[22:17:50] *** 操盘方钱包卖出信号#165 *** 9bimsqwzpR... 卖出$340.39 (tx=QUU19Vsew42x...)
[22:17:50] *** 操盘方钱包卖出信号#166 *** 9bimsqwzpR... 卖出$37.21 (tx=2e1PEDHQAjr4...)
[22:17:50] *** 操盘方钱包卖出信号#167 *** 9bimsqwzpR... 卖出$171.93 (tx=3GjqJzMGjxnE...)
[22:17:50] *** 操盘方钱包卖出信号#168 *** 9bimsqwzpR... 卖出$171.17 (tx=4k7RuU5k4hqS...)
[22:17:50] *** 操盘方钱包卖出信号#169 *** 9bimsqwzpR... 卖出$119.82 (tx=5G79w8TNJoSN...)
[22:17:50] *** 操盘方钱包卖出信号#170 *** 9bimsqwzpR... 卖出$76.65 (tx=5GHPaFmUkSWf...)
[22:17:50] *** 操盘方钱包卖出信号#171 *** 9bimsqwzpR... 卖出$112.37 (tx=3byv3UQ1aGVR...)
[22:17:50] *** 操盘方钱包卖出信号#172 *** 9bimsqwzpR... 卖出$39.96 (tx=4Z1YZuR7AC4H...)
[22:19:03] *** 操盘方钱包卖出信号#173 *** 9bimsqwzpR... 卖出$35.72 (tx=2LAENnmxxtKQ...)
[22:19:03] *** 操盘方钱包卖出信号#174 *** 9bimsqwzpR... 卖出$169.38 (tx=by6siC3d3nev...)
[22:19:03] *** 操盘方钱包卖出信号#175 *** 9bimsqwzpR... 卖出$84.09 (tx=4EJPxyjA2GpF...)
[22:19:03] *** 操盘方钱包卖出信号#176 *** 9bimsqwzpR... 卖出$169.03 (tx=kavVbLirkmbR...)
[22:19:03] *** 操盘方钱包卖出信号#177 *** 9bimsqwzpR... 卖出$34.25 (tx=4HkTKnyppqyW...)
[22:19:03] *** 操盘方钱包卖出信号#178 *** HADcr5fuWE... 卖出$17.03 (tx=2hDMEVGE1yKN...)
[22:19:03] *** 操盘方钱包卖出信号#179 *** 9bimsqwzpR... 卖出$144.46 (tx=5ZmTccZt91wH...)
[22:19:03] *** 操盘方钱包卖出信号#180 *** 9bimsqwzpR... 卖出$124.34 (tx=hDQUi7ZL7knx...)
[22:19:03] *** 操盘方钱包卖出信号#181 *** 9bimsqwzpR... 卖出$148.84 (tx=yXr6yUYLFGFQ...)
[22:19:03] *** 操盘方钱包卖出信号#182 *** 9bimsqwzpR... 卖出$39.44 (tx=6134DGCATvW9...)
[22:19:03] *** 操盘方钱包卖出信号#183 *** 9bimsqwzpR... 卖出$43.15 (tx=4Wat1ki4qHrQ...)
[22:19:03] *** 操盘方钱包卖出信号#184 *** 9bimsqwzpR... 卖出$136.12 (tx=jjHK6p9ZisMw...)
[22:19:03] *** 操盘方钱包卖出信号#185 *** 9bimsqwzpR... 卖出$80.87 (tx=2Y5UX6zwtLJc...)
[22:19:03] *** 操盘方钱包卖出信号#186 *** 9bimsqwzpR... 卖出$117.48 (tx=53Bwu9toCHPs...)
[22:19:03] *** 操盘方钱包卖出信号#187 *** 9bimsqwzpR... 卖出$45.44 (tx=2mC8RrbVQLMG...)
[22:19:03] *** 操盘方钱包卖出信号#188 *** 9bimsqwzpR... 卖出$176.96 (tx=33PRMxqJA2wp...)
[22:19:03] *** 操盘方钱包卖出信号#189 *** 9bimsqwzpR... 卖出$107.80 (tx=22iD9xeLpw4i...)
[22:19:03] *** 操盘方钱包卖出信号#190 *** 9bimsqwzpR... 卖出$89.20 (tx=MqYcGX7QCmmi...)
[22:19:03] *** 操盘方钱包卖出信号#191 *** 9bimsqwzpR... 卖出$35.12 (tx=59isettNMQBr...)
[22:19:03] *** 操盘方钱包卖出信号#192 *** 9bimsqwzpR... 卖出$168.51 (tx=4tLeVZDNsJ38...)
[22:19:03] *** 操盘方钱包卖出信号#193 *** 9bimsqwzpR... 卖出$148.59 (tx=2GEioVWs4ds9...)
[22:19:03] *** 操盘方钱包卖出信号#194 *** 9bimsqwzpR... 卖出$42.35 (tx=2FscxvCgHZMv...)
[22:19:03] *** 操盘方钱包卖出信号#195 *** 9bimsqwzpR... 卖出$152.86 (tx=22qVjg96PYyu...)
[22:19:03] *** 操盘方钱包卖出信号#196 *** 9bimsqwzpR... 卖出$148.71 (tx=41iJHhRCpprK...)
[22:19:03] *** 操盘方钱包卖出信号#197 *** 9bimsqwzpR... 卖出$34.95 (tx=2ws1h9bBEQyR...)
[22:19:03] *** 操盘方钱包卖出信号#198 *** 9bimsqwzpR... 卖出$63.95 (tx=2bCf3GnqB9Nt...)
[22:19:03] *** 操盘方钱包卖出信号#199 *** 9bimsqwzpR... 卖出$125.18 (tx=2AUam6LAvXHU...)
[22:19:03] *** 操盘方钱包卖出信号#200 *** HADcr5fuWE... 卖出$108.58 (tx=2wQ91o4g2KnV...)
[22:19:03] *** 操盘方钱包卖出信号#201 *** 9bimsqwzpR... 卖出$42.64 (tx=5stzXZ5WgHwD...)
[22:19:03] *** 操盘方钱包卖出信号#202 *** 9bimsqwzpR... 卖出$148.75 (tx=22Mvsv1pGXJ7...)
[22:19:03] *** 操盘方钱包卖出信号#203 *** 9bimsqwzpR... 卖出$33.47 (tx=4z2xxzDmUdg9...)
[22:19:43] *** 操盘方钱包卖出信号#204 *** 9bimsqwzpR... 卖出$148.75 (tx=G7HGj3p792Ex...)
[22:19:43] *** 操盘方钱包卖出信号#205 *** 9bimsqwzpR... 卖出$156.99 (tx=4VnYxHFvkfip...)
[22:19:43] *** 操盘方钱包卖出信号#206 *** 9bimsqwzpR... 卖出$139.83 (tx=2K3fMpxzmEyt...)
[22:19:43] *** 操盘方钱包卖出信号#207 *** 9bimsqwzpR... 卖出$33.49 (tx=4TKGYmczccQb...)
[22:19:43] *** 操盘方钱包卖出信号#208 *** 9bimsqwzpR... 卖出$128.67 (tx=3W4fHFQkyPcB...)
[22:19:43] *** 操盘方钱包卖出信号#209 *** 9bimsqwzpR... 卖出$401.58 (tx=5Ni9ZjNQx3jD...)
[22:19:43] *** 操盘方钱包卖出信号#210 *** 9bimsqwzpR... 卖出$345.12 (tx=2YJXEjfhbm6B...)
[22:19:43] *** 操盘方钱包卖出信号#211 *** 9bimsqwzpR... 卖出$162.12 (tx=A4tcoqVuc99w...)
[22:19:43] *** 操盘方钱包卖出信号#212 *** 9bimsqwzpR... 卖出$40.16 (tx=2mFqND3pN1kM...)
[22:19:43] *** 操盘方钱包卖出信号#213 *** 9bimsqwzpR... 卖出$113.05 (tx=4kEsExb8hfpH...)
[22:19:43] *** 操盘方钱包卖出信号#214 *** HADcr5fuWE... 卖出$16.06 (tx=o2sP9Z55Djtt...)
[22:19:43] *** 操盘方钱包卖出信号#215 *** 9bimsqwzpR... 卖出$141.30 (tx=4fJedT2J3USZ...)
[22:19:43] *** 操盘方钱包卖出信号#216 *** 9bimsqwzpR... 卖出$32.73 (tx=39CiBnShyppt...)
[22:19:43] *** 操盘方钱包卖出信号#217 *** 9bimsqwzpR... 卖出$130.93 (tx=2XAJe8A6fPUp...)
[22:19:43] *** 操盘方钱包卖出信号#218 *** 9bimsqwzpR... 卖出$80.61 (tx=NEM45sUwWG3q...)
[22:19:43] *** 操盘方钱包卖出信号#219 *** 9bimsqwzpR... 卖出$82.49 (tx=2aftcGtTDEYG...)
[22:19:43] *** 操盘方钱包卖出信号#220 *** 9bimsqwzpR... 卖出$37.20 (tx=xSdXpi3xZGxa...)
[22:20:14] *** 操盘方钱包卖出信号#221 *** 9bimsqwzpR... 卖出$145.48 (tx=5EWfDTAyckwT...)
[22:20:14] *** 操盘方钱包卖出信号#222 *** 9bimsqwzpR... 卖出$28.29 (tx=5S7mjQeweBno...)
[22:20:14] *** 操盘方钱包卖出信号#223 *** 9bimsqwzpR... 卖出$310.59 (tx=5vLMoLsaLRVy...)
[22:20:14] *** 操盘方钱包卖出信号#224 *** 9bimsqwzpR... 卖出$141.35 (tx=2DYkMtdYtWTZ...)
[22:20:14] *** 操盘方钱包卖出信号#225 *** 9bimsqwzpR... 卖出$66.96 (tx=2HZ41EPwA4zi...)
[22:20:14] *** 操盘方钱包卖出信号#226 *** 9bimsqwzpR... 卖出$150.00 (tx=3V944hF6PUpx...)
[22:20:14] *** 操盘方钱包卖出信号#227 *** 9bimsqwzpR... 卖出$331.08 (tx=2iqJd18iXjdA...)
[22:20:14] *** 操盘方钱包卖出信号#228 *** 9bimsqwzpR... 卖出$39.09 (tx=3VSG6bEC8xWt...)
[22:20:14] *** 操盘方钱包卖出信号#229 *** 9bimsqwzpR... 卖出$133.08 (tx=22TCnGyYQpqn...)
[22:20:14] *** 操盘方钱包卖出信号#230 *** 9bimsqwzpR... 卖出$31.23 (tx=hg1MkbMaByqk...)
[22:20:14] *** 操盘方钱包卖出信号#231 *** 9bimsqwzpR... 卖出$149.38 (tx=2YWnipWMqNzS...)
[22:20:14] *** 操盘方钱包卖出信号#232 *** 9bimsqwzpR... 卖出$40.88 (tx=3SkpkPmGvfx9...)
[22:20:14] *** 操盘方钱包卖出信号#233 *** 9bimsqwzpR... 卖出$99.44 (tx=oagdM4a3ZVTf...)
[22:20:14] *** 操盘方钱包卖出信号#234 *** BX85iru6pG... 卖出$49.22 (tx=4qnPZRGSrbGh...)
[22:20:51] *** 操盘方钱包卖出信号#235 *** BX85iru6pG... 卖出$141.18 (tx=22xZZNPqbYcD...)
[22:20:51] *** 操盘方钱包卖出信号#236 *** BX85iru6pG... 卖出$34.29 (tx=2waGrGWc7F5P...)
[22:20:51] *** 操盘方钱包卖出信号#237 *** BX85iru6pG... 卖出$141.21 (tx=ksVok1tctVNW...)
[22:20:51] *** 操盘方钱包卖出信号#238 *** BX85iru6pG... 卖出$37.90 (tx=ARj7P3h74Cyt...)
[22:20:51] *** 操盘方钱包卖出信号#239 *** BX85iru6pG... 卖出$166.41 (tx=iQfwL3ngEi4D...)
[22:20:51] *** 操盘方钱包卖出信号#240 *** BX85iru6pG... 卖出$160.00 (tx=4X3g9sw1yky7...)
[22:20:51] *** 操盘方钱包卖出信号#241 *** BX85iru6pG... 卖出$379.64 (tx=5ShBoFpSWmtk...)
[22:20:51] *** 操盘方钱包卖出信号#242 *** BX85iru6pG... 卖出$43.83 (tx=2NSfGXnxunc6...)
[22:20:51] *** 操盘方钱包卖出信号#243 *** HADcr5fuWE... 卖出$14.86 (tx=3EygDzAibPH3...)
[22:20:51] *** 操盘方钱包卖出信号#244 *** BX85iru6pG... 卖出$76.52 (tx=38h7MR79Hevk...)
[22:20:51] *** 操盘方钱包卖出信号#245 *** BX85iru6pG... 卖出$148.59 (tx=91TSuFdsWCKE...)
[22:20:51] *** 操盘方钱包卖出信号#246 *** BX85iru6pG... 卖出$63.13 (tx=62s5QhsnHHjh...)
[22:20:51] *** 操盘方钱包卖出信号#247 *** HADcr5fuWE... 卖出$69.84 (tx=5PcEhmL5ETsw...)
[22:20:51] *** 操盘方钱包卖出信号#248 *** BX85iru6pG... 卖出$36.40 (tx=3WBTKwTEr7dm...)
[22:20:51] *** 操盘方钱包卖出信号#249 *** BX85iru6pG... 卖出$144.71 (tx=46vrcezNh8HD...)
[22:20:51] *** 操盘方钱包卖出信号#250 *** BX85iru6pG... 卖出$363.50 (tx=4zRuYaNUo61u...)
[22:20:51] *** 操盘方钱包卖出信号#251 *** BX85iru6pG... 卖出$145.59 (tx=2vtF87fpekdW...)
[22:20:51] *** 操盘方钱包卖出信号#252 *** BX85iru6pG... 卖出$102.01 (tx=4fh8vAp4f7Ww...)
[22:20:51] *** 操盘方钱包卖出信号#253 *** BX85iru6pG... 卖出$30.45 (tx=27hwDH2ehxZ9...)
[22:20:51] *** 操盘方钱包卖出信号#254 *** BX85iru6pG... 卖出$151.08 (tx=2AmPPhKPagxa...)
[22:21:30] *** 操盘方钱包卖出信号#255 *** BX85iru6pG... 卖出$74.30 (tx=5kxmgSASdB83...)
[22:21:30] *** 操盘方钱包卖出信号#256 *** BX85iru6pG... 卖出$65.36 (tx=2vRJBcpnLBkW...)
[22:21:30] *** 操盘方钱包卖出信号#257 *** BX85iru6pG... 卖出$161.09 (tx=5zMbho5jdp8n...)
[22:21:30] *** 操盘方钱包卖出信号#258 *** BX85iru6pG... 卖出$143.35 (tx=2gg3iaCXSBLo...)
[22:21:30] *** 操盘方钱包卖出信号#259 *** BX85iru6pG... 卖出$30.63 (tx=S1RZQhXTSnwY...)
[22:21:30] *** 操盘方钱包卖出信号#260 *** BX85iru6pG... 卖出$354.28 (tx=3AaaTGBtQKYt...)
[22:21:30] *** 操盘方钱包卖出信号#261 *** BX85iru6pG... 卖出$133.83 (tx=z9dihaL2t5Wa...)
[22:21:30] *** 操盘方钱包卖出信号#262 *** BX85iru6pG... 卖出$181.68 (tx=2m6qwi3iXaaX...)
[22:21:30] *** 操盘方钱包卖出信号#263 *** BX85iru6pG... 卖出$99.74 (tx=3z6HkxbSFYH4...)
[22:21:30] *** 操盘方钱包卖出信号#264 *** BX85iru6pG... 卖出$37.02 (tx=48PoLsQjCXrG...)
[22:21:30] *** 操盘方钱包卖出信号#265 *** C6QPMTJHZm... 卖出$151.72 (tx=5KFCHmaHYxvS...)
[22:21:30] *** 操盘方钱包卖出信号#266 *** BX85iru6pG... 卖出$277.59 (tx=yQjp52ddB5HG...)
[22:21:30] *** 操盘方钱包卖出信号#267 *** C6QPMTJHZm... 卖出$151.27 (tx=5CcGJAsbHu5P...)
[22:21:30] *** 操盘方钱包卖出信号#268 *** C6QPMTJHZm... 卖出$302.11 (tx=4ajk9cdXwaz6...)
[22:21:30] *** 操盘方钱包卖出信号#269 *** C6QPMTJHZm... 卖出$395.95 (tx=gjkNMZLsGzJu...)
[22:21:30] *** 操盘方钱包卖出信号#270 *** C6QPMTJHZm... 卖出$125.16 (tx=57hNNijMLx6g...)
[22:21:30] *** 操盘方钱包卖出信号#271 *** C6QPMTJHZm... 卖出$416.68 (tx=5ZhscjEMjFGC...)
[22:21:30] *** 操盘方钱包卖出信号#272 *** C6QPMTJHZm... 卖出$31.19 (tx=2BMHxVBRZ91c...)
[22:21:30] *** 操盘方钱包卖出信号#273 *** C6QPMTJHZm... 卖出$108.89 (tx=3Ltsn8bEXsXv...)
[22:21:30] *** 操盘方钱包卖出信号#274 *** C6QPMTJHZm... 卖出$150.34 (tx=pmXEJRGrV9oN...)
[22:21:30] *** 操盘方钱包卖出信号#275 *** HADcr5fuWE... 卖出$43.86 (tx=2hCamDZdp3Jx...)
[22:21:30] *** 操盘方钱包卖出信号#276 *** HADcr5fuWE... 卖出$76.52 (tx=5xnVuXGhia4Y...)
[22:21:30] *** 操盘方钱包卖出信号#277 *** C6QPMTJHZm... 卖出$152.43 (tx=hp69qGDUmxvi...)
[22:21:30] *** 操盘方钱包卖出信号#278 *** C6QPMTJHZm... 卖出$142.01 (tx=525XXcH7wxU5...)
[22:21:30] *** 操盘方钱包卖出信号#279 *** C6QPMTJHZm... 卖出$37.17 (tx=4W67Bf3L28Wa...)
[22:21:30] *** 操盘方钱包卖出信号#280 *** C6QPMTJHZm... 卖出$111.51 (tx=KyfFjV3Ea6zt...)
[22:21:30] *** 操盘方钱包卖出信号#281 *** C6QPMTJHZm... 卖出$112.39 (tx=21hBdzKGaYTF...)
[22:21:30] *** 操盘方钱包卖出信号#282 *** C6QPMTJHZm... 卖出$161.80 (tx=3d2NY5EzsEsj...)
[22:21:30] *** 操盘方钱包卖出信号#283 *** C6QPMTJHZm... 卖出$141.25 (tx=4MEvzoNfRgtH...)
[22:21:30] *** 操盘方钱包卖出信号#284 *** C6QPMTJHZm... 卖出$456.24 (tx=avW4gYJKd6zm...)
[22:21:30] *** 操盘方钱包卖出信号#285 *** C6QPMTJHZm... 卖出$35.43 (tx=487DDGrhmkEy...)
[22:21:30] *** 操盘方钱包卖出信号#286 *** C6QPMTJHZm... 卖出$146.01 (tx=3zFXXnTo4jfd...)
[22:21:30] *** 操盘方钱包卖出信号#287 *** HADcr5fuWE... 卖出$15.90 (tx=27iqk4zwUBGG...)
[22:21:30] *** 操盘方钱包卖出信号#288 *** HADcr5fuWE... 卖出$17.83 (tx=AX8saZzds8CA...)
[22:21:30] *** 操盘方钱包卖出信号#289 *** C6QPMTJHZm... 卖出$148.23 (tx=3tpxv7EFAYYw...)
[22:22:07] *** 操盘方钱包卖出信号#290 *** C6QPMTJHZm... 卖出$388.51 (tx=3dT4HFs451SG...)
[22:22:07] *** 操盘方钱包卖出信号#291 *** C6QPMTJHZm... 卖出$429.45 (tx=55pBWNa43mzH...)
[22:22:07] *** 操盘方钱包卖出信号#292 *** C6QPMTJHZm... 卖出$404.89 (tx=44Ghh4H16Ayj...)
[22:22:07] *** 操盘方钱包卖出信号#293 *** C6QPMTJHZm... 卖出$137.64 (tx=5qLuhh1V84ny...)
[22:22:07] *** 操盘方钱包卖出信号#294 *** CLyh3uyY5v... 卖出$179.95 (tx=4Fo4FVfCvFgQ...)
[22:22:07] *** 操盘方钱包卖出信号#295 *** CLyh3uyY5v... 卖出$126.42 (tx=2GNqBCnXHGM8...)
[22:22:07] *** 操盘方钱包卖出信号#296 *** CLyh3uyY5v... 卖出$436.54 (tx=3EvzgzoAq98y...)
[22:22:07] *** 操盘方钱包卖出信号#297 *** CLyh3uyY5v... 卖出$31.23 (tx=4oXgyvjf8Q1u...)
[22:22:07] *** 操盘方钱包卖出信号#298 *** CLyh3uyY5v... 卖出$164.36 (tx=oQz2efsoE5iF...)
[22:22:07] *** 操盘方钱包卖出信号#299 *** CLyh3uyY5v... 卖出$149.56 (tx=5E7WLrfpB9rb...)
[22:22:07] *** 操盘方钱包卖出信号#300 *** CLyh3uyY5v... 卖出$398.98 (tx=4dGZ38DqbuFu...)
[22:22:07] *** 操盘方钱包卖出信号#301 *** CLyh3uyY5v... 卖出$133.88 (tx=5qaAq1gsu6im...)
[22:22:07] *** 操盘方钱包卖出信号#302 *** CLyh3uyY5v... 卖出$32.05 (tx=AptMLK4ss5Xn...)
[22:22:07] *** 操盘方钱包卖出信号#303 *** CLyh3uyY5v... 卖出$116.75 (tx=5XtY681TjF4R...)
[22:22:07] *** 操盘方钱包卖出信号#304 *** CLyh3uyY5v... 卖出$313.88 (tx=nt8Jj4G1do1a...)
[22:22:07] *** 操盘方钱包卖出信号#305 *** CLyh3uyY5v... 卖出$117.54 (tx=3UuMy8H8ftep...)
[22:22:07] *** 操盘方钱包卖出信号#306 *** CLyh3uyY5v... 卖出$385.59 (tx=5jYAJtE6qSeY...)
[22:22:07] *** 操盘方钱包卖出信号#307 *** CLyh3uyY5v... 卖出$181.48 (tx=3cjA9udQFkxR...)
[22:22:07] *** 操盘方钱包卖出信号#308 *** CLyh3uyY5v... 卖出$102.37 (tx=okmkZLdqjNfo...)
[22:22:07] *** 操盘方钱包卖出信号#309 *** CLyh3uyY5v... 卖出$59.15 (tx=97oMdjsNJQPB...)
[22:22:07] *** 操盘方钱包卖出信号#310 *** HADcr5fuWE... 卖出$55.76 (tx=3hhLDiweqPgs...)
[22:22:07] *** 操盘方钱包卖出信号#311 *** CLyh3uyY5v... 卖出$118.95 (tx=4AvmsH6fGeof...)
[22:22:07] *** 操盘方钱包卖出信号#312 *** CLyh3uyY5v... 卖出$167.93 (tx=2yzhrufTRFU1...)
[22:22:07] *** 操盘方钱包卖出信号#313 *** CLyh3uyY5v... 卖出$371.77 (tx=FqwoVdVaQSvt...)
[22:22:07] *** 操盘方钱包卖出信号#314 *** CLyh3uyY5v... 卖出$141.26 (tx=2oJz9zCBfwUY...)
[22:22:07] *** 操盘方钱包卖出信号#315 *** CLyh3uyY5v... 卖出$60.52 (tx=4Tu5PRkctUTt...)
[22:22:07] *** 操盘方钱包卖出信号#316 *** CLyh3uyY5v... 卖出$133.53 (tx=2VHUtp2pjZnH...)
[22:22:07] *** 操盘方钱包卖出信号#317 *** CLyh3uyY5v... 卖出$32.24 (tx=4dV9QoUGU8zU...)
[22:22:07] *** 操盘方钱包卖出信号#318 *** CLyh3uyY5v... 卖出$173.97 (tx=5XWxNtLrBNBU...)
[22:22:07] *** 操盘方钱包卖出信号#319 *** CLyh3uyY5v... 卖出$39.62 (tx=1stsWhG6jtqb...)
[22:22:07] *** 操盘方钱包卖出信号#320 *** CLyh3uyY5v... 卖出$155.52 (tx=4oa6VRCrRS3V...)
[22:22:07] *** 操盘方钱包卖出信号#321 *** CLyh3uyY5v... 卖出$388.94 (tx=66TQkXubCS1v...)
[22:22:07] *** 操盘方钱包卖出信号#322 *** CLyh3uyY5v... 卖出$186.88 (tx=Wb8SykGLRP6U...)
[22:22:07] *** 操盘方钱包卖出信号#323 *** CLyh3uyY5v... 卖出$64.80 (tx=3H72TMapqrvr...)
[22:22:07] *** 操盘方钱包卖出信号#324 *** CLyh3uyY5v... 卖出$37.94 (tx=4aEdpWyep2GA...)
[22:22:07] *** 操盘方钱包卖出信号#325 *** CLyh3uyY5v... 卖出$147.42 (tx=4xnbkP1VzUt8...)
[22:22:38] *** 操盘方钱包卖出信号#326 *** HADcr5fuWE... 卖出$934.77 (tx=3LkTXGHF5v8E...)
[22:22:38] *** 操盘方钱包卖出信号#327 *** CLyh3uyY5v... 卖出$1,045.68 (tx=5W1DtcfqbZ7E...)
[23:12:37] === 监控结束,共327次操盘方卖出信号 ===
