[22:00:33] === TNOS / SOL (8QmHfY7PCi...) ===
[22:00:33] 模式: DRY-RUN(只打印,不下单)  仓位=$5.00  真买家阈值=$50  流动性安全网=$5,000
[22:00:34] 已知操盘方钱包(bundler/transfer_in/creator/dev_team标签): 19个
[22:00:34] [DRY-RUN] 本来会买入 $5.00 等值的代币
[22:00:34] 持仓建立: qty_raw=190419879 entry=$5.00 entry_price=0.026257201067912888  开始监控退出信号...
[22:01:09] *** 疑似真买家信号: 钱包BwkcCUypna...买入$211.85,立刻卖出,不等更多确认 ***
[22:01:18] [DRY-RUN] 本来会因为[REAL_BUYER_DETECTED]全部卖出
[22:01:18] 台账记录完毕: REAL_BUYER_DETECTED pnl=+0.08% 持仓44秒 (这个币之前进过0次仓)
[22:34:39] === TNOS / SOL (8QmHfY7PCi...) ===
[22:34:39] 模式: DRY-RUN(只打印,不下单)  仓位=$5.00  真买家阈值=$50  流动性安全网=$5,000
[22:34:39] 已知操盘方钱包(bundler/transfer_in/creator/dev_team标签): 19个
[22:34:39] 注意: 这个币之前已经进过1次仓了,这次是反复进入
[22:34:40] [DRY-RUN] 本来会买入 $5.00 等值的代币
[22:34:40] 持仓建立: qty_raw=173416906 entry=$5.00 entry_price=0.028860738638595503  开始监控退出信号...
[22:35:52] === 1分钟窗口结束,没等到真买家信号,仍持有(需要自己决定要不要手动处理) ===
[22:35:52] 台账记录完毕: TIMEOUT_STILL_HOLDING pnl=+0.28% 持仓73秒 (这个币之前进过1次仓)
[22:35:54] 交易记录已立刻推送到GitHub,页面刷新即可见
[22:46:35] === TNOS / SOL (8QmHfY7PCi...) ===
[22:46:35] 模式: DRY-RUN(只打印,不下单)  仓位=$5.00  真买家阈值=$50  流动性安全网=$5,000
[22:46:36] 已知操盘方钱包(bundler/transfer_in/creator/dev_team标签): 19个
[22:46:36] 注意: 这个币之前已经进过2次仓了,这次是反复进入
[22:46:37] [DRY-RUN] 本来会买入 $5.00 等值的代币
[22:46:37] 持仓建立: qty_raw=171293597 entry=$5.00 entry_price=0.02921881078020882  开始监控退出信号...
[22:47:28] *** 已知操盘方钱包卖出信号: HKsbk6yAKB...卖出$17.17,立刻卖出,不等更多确认 ***
[22:47:38] [DRY-RUN] 本来会因为[INSIDER_SELL_DETECTED]全部卖出
[22:47:38] 台账记录完毕: INSIDER_SELL_DETECTED pnl=+0.04% 持仓61秒 (这个币之前进过2次仓)
[22:47:39] 交易记录已立刻推送到GitHub,页面刷新即可见
[22:49:41] === TNOS / SOL (8QmHfY7PCi...) ===
[22:49:41] 模式: DRY-RUN(只打印,不下单)  仓位=$5.00  真买家阈值=$50  流动性安全网=$5,000
[22:49:42] 已知操盘方钱包(bundler/transfer_in/creator/dev_team标签): 19个
[22:49:42] 注意: 这个币之前已经进过3次仓了,这次是反复进入
[22:49:43] [DRY-RUN] 本来会买入 $5.00 等值的代币
[22:49:43] 持仓建立: qty_raw=170902101 entry=$5.00 entry_price=0.029310673381829876  开始监控退出信号...
[23:29:56] === 40分钟窗口结束,没等到真买家信号,仍持有(需要自己决定要不要手动处理) ===
[23:29:56] 台账记录完毕: TIMEOUT_STILL_HOLDING pnl=+4.08% 持仓2414秒 (这个币之前进过3次仓)
[23:29:58] 交易记录已立刻推送到GitHub,页面刷新即可见
