[23:16:24] === A2RipPbo 高密度崩盘取证监控启动 ===
[23:16:25] 基线: 价格$0.00004637 流动性$0
[23:17:25] 价格$0.00004637  流动性$0(峰值$0)  已存档300笔逐笔  操盘方卖出比例=93.1%
[23:18:26] 价格$0.00004637  流动性$0(峰值$0)  已存档300笔逐笔
[23:19:26] 价格$0.00004637  流动性$0(峰值$0)  已存档300笔逐笔
[23:20:27] 价格$0.00004637  流动性$0(峰值$0)  已存档300笔逐笔
[23:21:27] 价格$0.00004637  流动性$0(峰值$0)  已存档300笔逐笔
[23:22:28] 价格$0.00004637  流动性$0(峰值$0)  已存档300笔逐笔  操盘方卖出比例=93.1%
[23:23:29] 价格$0.00004637  流动性$0(峰值$0)  已存档300笔逐笔
[23:24:29] 价格$0.00004637  流动性$0(峰值$0)  已存档300笔逐笔
[23:25:30] 价格$0.00004637  流动性$0(峰值$0)  已存档300笔逐笔
[23:26:30] 价格$0.00004637  流动性$0(峰值$0)  已存档300笔逐笔
[23:27:30] 价格$0.00004637  流动性$0(峰值$0)  已存档300笔逐笔  操盘方卖出比例=93.1%
[23:28:31] 价格$0.00004637  流动性$0(峰值$0)  已存档300笔逐笔
[23:29:40] 价格$0.00004637  流动性$0(峰值$0)  已存档300笔逐笔
[23:30:41] 价格$0.00004637  流动性$0(峰值$0)  已存档300笔逐笔
[23:31:41] 价格$0.00004637  流动性$0(峰值$0)  已存档300笔逐笔
[23:32:41] 价格$0.00004637  流动性$0(峰值$0)  已存档300笔逐笔  操盘方卖出比例=93.1%
[23:33:42] 价格$0.00004637  流动性$0(峰值$0)  已存档300笔逐笔
[23:34:42] 价格$0.00004637  流动性$0(峰值$0)  已存档300笔逐笔
[23:35:42] 价格$0.00004637  流动性$0(峰值$0)  已存档300笔逐笔
[23:36:42] 价格$0.00004637  流动性$0(峰值$0)  已存档300笔逐笔
[23:37:43] 价格$0.00004637  流动性$0(峰值$0)  已存档300笔逐笔  操盘方卖出比例=93.1%
[23:38:43] 价格$0.00004637  流动性$0(峰值$0)  已存档300笔逐笔
[23:39:44] 价格$0.00004637  流动性$0(峰值$0)  已存档300笔逐笔
[23:40:44] 价格$0.00004637  流动性$0(峰值$0)  已存档300笔逐笔
[23:41:45] 价格$0.00004637  流动性$0(峰值$0)  已存档300笔逐笔
[23:42:45] 价格$0.00004637  流动性$0(峰值$0)  已存档300笔逐笔  操盘方卖出比例=93.1%
[23:43:46] 价格$0.00004637  流动性$0(峰值$0)  已存档300笔逐笔
[23:44:46] 价格$0.00004637  流动性$0(峰值$0)  已存档300笔逐笔
[23:45:47] 价格$0.00004637  流动性$0(峰值$0)  已存档300笔逐笔
[23:46:47] 价格$0.00004637  流动性$0(峰值$0)  已存档300笔逐笔
[23:47:47] 价格$0.00004637  流动性$0(峰值$0)  已存档300笔逐笔  操盘方卖出比例=93.1%
[23:48:48] 价格$0.00004637  流动性$0(峰值$0)  已存档300笔逐笔
[23:49:48] 价格$0.00004637  流动性$0(峰值$0)  已存档300笔逐笔
[23:50:48] 价格$0.00004637  流动性$0(峰值$0)  已存档300笔逐笔
[23:51:49] 价格$0.00004637  流动性$0(峰值$0)  已存档300笔逐笔
[23:52:50] 价格$0.00004637  流动性$0(峰值$0)  已存档300笔逐笔  操盘方卖出比例=93.1%
[23:53:50] 价格$0.00004637  流动性$0(峰值$0)  已存档300笔逐笔
[23:54:50] 价格$0.00004637  流动性$0(峰值$0)  已存档300笔逐笔
[23:55:51] 价格$0.00004637  流动性$0(峰值$0)  已存档300笔逐笔
[23:56:52] 价格$0.00004637  流动性$0(峰值$0)  已存档300笔逐笔
[23:57:52] 价格$0.00004637  流动性$0(峰值$0)  已存档300笔逐笔  操盘方卖出比例=93.1%
[23:58:52] 价格$0.00004637  流动性$0(峰值$0)  已存档300笔逐笔
[23:59:53] 价格$0.00004637  流动性$0(峰值$0)  已存档300笔逐笔
[00:00:53] 价格$0.00004637  流动性$0(峰值$0)  已存档300笔逐笔
[00:01:53] 价格$0.00004637  流动性$0(峰值$0)  已存档300笔逐笔
[00:02:54] 价格$0.00004637  流动性$0(峰值$0)  已存档300笔逐笔  操盘方卖出比例=93.1%
[00:03:54] 价格$0.00004637  流动性$0(峰值$0)  已存档300笔逐笔
[00:04:54] 价格$0.00004637  流动性$0(峰值$0)  已存档300笔逐笔
[00:05:55] 价格$0.00004637  流动性$0(峰值$0)  已存档300笔逐笔
[00:06:55] 价格$0.00004637  流动性$0(峰值$0)  已存档300笔逐笔
[00:07:55] 价格$0.00004637  流动性$0(峰值$0)  已存档300笔逐笔  操盘方卖出比例=93.1%
[00:08:56] 价格$0.00004637  流动性$0(峰值$0)  已存档300笔逐笔
[00:09:56] 价格$0.00004637  流动性$0(峰值$0)  已存档300笔逐笔
[00:10:56] 价格$0.00004637  流动性$0(峰值$0)  已存档300笔逐笔
[00:11:57] 价格$0.00004637  流动性$0(峰值$0)  已存档300笔逐笔
[00:12:57] 价格$0.00004637  流动性$0(峰值$0)  已存档300笔逐笔  操盘方卖出比例=93.1%
[00:13:57] 价格$0.00004637  流动性$0(峰值$0)  已存档300笔逐笔
[00:14:58] 价格$0.00004637  流动性$0(峰值$0)  已存档300笔逐笔
[00:15:58] 价格$0.00004637  流动性$0(峰值$0)  已存档300笔逐笔
[00:17:00] 价格$0.00004637  流动性$0(峰值$0)  已存档300笔逐笔
[00:17:00] === 监控结束(崩盘=否,本段时间内仍存活) ===
