[21:27:33] === A6RkGVe6 高密度崩盘取证监控启动 ===
[21:27:34] 基线: 价格$0.00201400 流动性$101,216
[21:28:35] 价格$0.00204766  流动性$102,014(峰值$102,014)  已存档162笔逐笔  操盘方卖出比例=0.0%
[21:29:35] 价格$0.00208158  流动性$102,618(峰值$102,618)  已存档82笔逐笔
[21:30:35] 价格$0.00209492  流动性$103,303(峰值$103,303)  已存档65笔逐笔
[21:31:36] 价格$0.00209492  流动性$103,303(峰值$103,303)  已存档34笔逐笔
[21:32:36] 价格$0.00209820  流动性$103,403(峰值$103,403)  已存档67笔逐笔
[21:33:36] 价格$0.00209820  流动性$103,403(峰值$103,403)  已存档77笔逐笔  操盘方卖出比例=0.0%
[21:34:37] 价格$0.00210270  流动性$103,414(峰值$103,414)  已存档71笔逐笔
[21:35:37] 价格$0.00211645  流动性$103,717(峰值$103,717)  已存档41笔逐笔
[21:36:38] 价格$0.00212521  流动性$104,057(峰值$104,057)  已存档88笔逐笔
[21:37:38] 价格$0.00214020  流动性$104,352(峰值$104,352)  已存档78笔逐笔
[21:38:39] 价格$0.00214020  流动性$104,352(峰值$104,352)  已存档39笔逐笔  操盘方卖出比例=0.0%
[21:39:39] 价格$0.00216917  流动性$104,947(峰值$104,947)  已存档80笔逐笔
[21:40:39] 价格$0.00216917  流动性$104,947(峰值$104,947)  已存档81笔逐笔
[21:41:39] 价格$0.00219802  流动性$105,853(峰值$105,853)  已存档52笔逐笔
[21:42:39] 价格$0.00219802  流动性$105,853(峰值$105,853)  已存档78笔逐笔
[21:43:40] 价格$0.00223237  流动性$106,693(峰值$106,693)  已存档74笔逐笔  操盘方卖出比例=0.1%
[21:44:40] 价格$0.00225820  流动性$107,320(峰值$107,320)  已存档40笔逐笔
[21:45:40] 价格$0.00227215  流动性$107,824(峰值$107,824)  已存档86笔逐笔
[21:46:40] 价格$0.00228127  流动性$108,149(峰值$108,149)  已存档73笔逐笔
[21:47:40] 价格$0.00229475  流动性$108,351(峰值$108,351)  已存档45笔逐笔
[21:48:41] 价格$0.00230677  流动性$108,732(峰值$108,732)  已存档88笔逐笔  操盘方卖出比例=0.1%
[21:49:41] 价格$0.00230677  流动性$108,732(峰值$108,732)  已存档30笔逐笔
[21:50:41] 价格$0.00233743  流动性$109,562(峰值$109,562)  已存档81笔逐笔
[21:51:41] 价格$0.00234782  流动性$109,832(峰值$109,832)  已存档81笔逐笔
[21:52:42] 价格$0.00234782  流动性$109,832(峰值$109,832)  已存档83笔逐笔
[21:53:42] 价格$0.00237795  流动性$110,563(峰值$110,563)  已存档48笔逐笔  操盘方卖出比例=0.1%
[21:54:42] 价格$0.00238834  流动性$110,802(峰值$110,802)  已存档75笔逐笔
[21:55:42] 价格$0.00238834  流动性$110,802(峰值$110,802)  已存档42笔逐笔
[21:56:43] 价格$0.00242144  流动性$111,466(峰值$111,466)  已存档87笔逐笔
[21:57:43] 价格$0.00242144  流动性$111,466(峰值$111,466)  已存档74笔逐笔
[21:58:43] 价格$0.00245167  流动性$112,176(峰值$112,176)  已存档81笔逐笔  操盘方卖出比例=0.1%
[21:59:43] 价格$0.00246589  流动性$112,463(峰值$112,463)  已存档45笔逐笔
[22:00:43] 价格$0.00247338  流动性$112,566(峰值$112,566)  已存档76笔逐笔
[22:01:44] 价格$0.00248195  流动性$112,868(峰值$112,868)  已存档79笔逐笔
[22:02:44] 价格$0.00249860  流动性$113,351(峰值$113,351)  已存档41笔逐笔
[22:03:44] 价格$0.00249860  流动性$113,351(峰值$113,351)  已存档69笔逐笔  操盘方卖出比例=0.1%
[22:04:44] 价格$0.00252983  流动性$113,879(峰值$113,879)  已存档85笔逐笔
[22:05:45] 价格$0.00254122  流动性$114,079(峰值$114,079)  已存档42笔逐笔
[22:06:45] 价格$0.00255471  流动性$114,313(峰值$114,313)  已存档86笔逐笔
[22:07:45] 价格$0.00256774  流动性$114,753(峰值$114,753)  已存档76笔逐笔
[22:08:45] 价格$0.00258644  流动性$114,976(峰值$114,976)  已存档35笔逐笔  操盘方卖出比例=0.1%
[22:09:45] 价格$0.00260305  流动性$115,326(峰值$115,326)  已存档38笔逐笔
[22:10:46] 价格$0.00261413  流动性$115,780(峰值$115,780)  已存档119笔逐笔
[22:11:46] 价格$0.00262905  流动性$116,158(峰值$116,158)  已存档76笔逐笔
[22:12:47] 价格$0.00264653  流动性$116,456(峰值$116,456)  已存档37笔逐笔
[22:13:47] 价格$0.00265897  流动性$116,670(峰值$116,670)  已存档67笔逐笔  操盘方卖出比例=0.1%
[22:14:47] 价格$0.00267103  流动性$116,900(峰值$116,900)  已存档80笔逐笔
[22:15:48] 价格$0.00267749  流动性$117,175(峰值$117,175)  已存档70笔逐笔
[22:16:48] 价格$0.00267749  流动性$117,175(峰值$117,175)  已存档36笔逐笔
[22:17:49] 价格$0.00270023  流动性$117,695(峰值$117,695)  已存档48笔逐笔
[22:18:50] 价格$0.00270023  流动性$117,695(峰值$117,695)  已存档108笔逐笔  操盘方卖出比例=0.1%
[22:19:50] 价格$0.00271780  流动性$117,992(峰值$117,992)  已存档0笔逐笔
[22:20:50] 价格$0.00273999  流动性$118,314(峰值$118,314)  已存档119笔逐笔
[22:21:51] 价格$0.00273999  流动性$118,314(峰值$118,314)  已存档89笔逐笔
[22:22:51] 价格$0.00276765  流动性$119,151(峰值$119,151)  已存档41笔逐笔
[22:23:52] 价格$0.00276765  流动性$119,151(峰值$119,151)  已存档81笔逐笔  操盘方卖出比例=0.1%
[22:24:52] 价格$0.00278834  流动性$119,632(峰值$119,632)  已存档47笔逐笔
[22:25:52] 价格$0.00280107  流动性$119,883(峰值$119,883)  已存档57笔逐笔
[22:26:52] 价格$0.00280107  流动性$119,883(峰值$119,883)  已存档101笔逐笔
[22:27:53] 价格$0.00284400  流动性$120,747(峰值$120,747)  已存档77笔逐笔
[22:28:54] 价格$0.00285012  流动性$121,285(峰值$121,285)  已存档68笔逐笔  操盘方卖出比例=0.1%
[22:29:54] 价格$0.00286771  流动性$121,409(峰值$121,409)  已存档67笔逐笔
[22:30:55] 价格$0.00286771  流动性$121,409(峰值$121,409)  已存档68笔逐笔
[22:31:57] 价格$0.00290294  流动性$122,221(峰值$122,221)  已存档62笔逐笔
[22:32:57] 价格$0.00292496  流动性$122,699(峰值$122,699)  已存档75笔逐笔
[22:33:59] 价格$0.00073128  流动性$132,726(峰值$132,726)  已存档43笔逐笔  操盘方卖出比例=1.0%
[22:34:59] 价格$0.00005285  流动性$15,385(峰值$132,726)  已存档36笔逐笔
[22:34:59] *** 流动性暴跌,疑似崩盘发生! 立刻加密取证 ***
[22:35:00] 崩盘时刻快照: 价格$0.00005285 流动性$15,385 操盘方卖出比例=0.0021308217751782803
[22:35:00] === 监控结束(崩盘=是) ===
