[21:27:33] === 开始盯防36个已知操盘方钱包的卖出动作 ===
[21:34:38] *** 操盘方钱包卖出信号#1 *** CbwPA61y5v... 卖出$9.03 (tx=4cuhP7cEwzz3...)
[21:36:26] *** 操盘方钱包卖出信号#2 *** 76mCoALDkq... 卖出$15.97 (tx=k97QzBfu4PkC...)
[21:41:50] *** 操盘方钱包卖出信号#3 *** CpDWqMyW8j... 卖出$19.91 (tx=5DmNCtvbaXy1...)
[21:50:15] *** 操盘方钱包卖出信号#4 *** 76mCoALDkq... 卖出$11.79 (tx=5V74DWXhqfgA...)
[21:51:25] *** 操盘方钱包卖出信号#5 *** HeckTSbHCL... 卖出$30.37 (tx=3GprJnsYKFHh...)
[21:53:19] *** 操盘方钱包卖出信号#6 *** BS61Zzyf4P... 卖出$7.82 (tx=43ubBuxzPe8B...)
[21:57:27] *** 操盘方钱包卖出信号#7 *** CbwPA61y5v... 卖出$1.57 (tx=31Du9Ez8G7w4...)
[21:58:37] *** 操盘方钱包卖出信号#8 *** 955g9LWMcf... 卖出$29.34 (tx=37yLXzg3nA1n...)
[21:58:37] *** 操盘方钱包卖出信号#9 *** HeckTSbHCL... 卖出$19.08 (tx=5dZ33HSJ9odC...)
[22:01:42] *** 操盘方钱包卖出信号#10 *** CuSwfi3Zbx... 卖出$11.61 (tx=qpV3S1J5gTzY...)
[22:07:42] *** 操盘方钱包卖出信号#11 *** 53PaQVaHMV... 卖出$21.90 (tx=2P2w9ob3ERPc...)
[22:13:27] *** 操盘方钱包卖出信号#12 *** HeckTSbHCL... 卖出$30.35 (tx=32CgRCynSDLd...)
[22:18:14] *** 操盘方钱包卖出信号#13 *** T9A53ho26L... 卖出$28.91 (tx=5E2LA9AAEDeY...)
[22:20:07] *** 操盘方钱包卖出信号#14 *** FkSVoEbgkv... 卖出$17.37 (tx=RTz3TZ1hYXDH...)
[22:21:51] *** 操盘方钱包卖出信号#15 *** Cg9rExjGPY... 卖出$36.30 (tx=5JQMPXGSzFRU...)
[22:23:02] *** 操盘方钱包卖出信号#16 *** A4UhdjA8P4... 卖出$25.60 (tx=REJYzn9CFBbg...)
[22:23:02] *** 操盘方钱包卖出信号#17 *** 53PaQVaHMV... 卖出$27.51 (tx=KoJ7LEoDzSj2...)
[22:24:19] *** 操盘方钱包卖出信号#18 *** GWZdi9jWfR... 卖出$22.63 (tx=5dHACbSMs6tD...)
[22:27:38] === 监控结束,共18次操盘方卖出信号 ===
