[02:04:40] === 开始盯防2个已知操盘方钱包的卖出动作 ===
[02:05:40] *** 操盘方钱包卖出信号#1 *** BUUV7GGTgM... 卖出$289.97 (tx=5hnN7Nvrf39B...)
[02:05:40] *** 操盘方钱包卖出信号#2 *** BUUV7GGTgM... 卖出$376.70 (tx=9LKRyag3b29v...)
[02:05:40] *** 操盘方钱包卖出信号#3 *** BUUV7GGTgM... 卖出$368.69 (tx=4jbuHgHu6rsE...)
[02:05:40] *** 操盘方钱包卖出信号#4 *** BUUV7GGTgM... 卖出$369.25 (tx=Br3cSs8LeM8P...)
[02:05:40] *** 操盘方钱包卖出信号#5 *** BUUV7GGTgM... 卖出$372.33 (tx=2YUczExv7MMW...)
[02:05:40] *** 操盘方钱包卖出信号#6 *** BUUV7GGTgM... 卖出$369.48 (tx=5yaA31tQuL3R...)
[02:05:40] *** 操盘方钱包卖出信号#7 *** BUUV7GGTgM... 卖出$372.82 (tx=Pt2iYVHZ8gEP...)
[02:05:40] *** 操盘方钱包卖出信号#8 *** BUUV7GGTgM... 卖出$376.32 (tx=3SjkzYkuSLH7...)
[02:05:40] *** 操盘方钱包卖出信号#9 *** BUUV7GGTgM... 卖出$363.25 (tx=4rqtuYiyNBZs...)
[02:05:40] *** 操盘方钱包卖出信号#10 *** BUUV7GGTgM... 卖出$366.47 (tx=M7y8eM8u9W18...)
[02:05:40] *** 操盘方钱包卖出信号#11 *** BUUV7GGTgM... 卖出$368.17 (tx=48NcsKPDjLvT...)
[02:05:40] *** 操盘方钱包卖出信号#12 *** BUUV7GGTgM... 卖出$368.23 (tx=5kcVfrLgLEzC...)
[02:05:40] *** 操盘方钱包卖出信号#13 *** BUUV7GGTgM... 卖出$372.71 (tx=348QefEhDv99...)
[02:05:40] *** 操盘方钱包卖出信号#14 *** BUUV7GGTgM... 卖出$376.08 (tx=4PZ3pKshSL8j...)
[02:05:40] *** 操盘方钱包卖出信号#15 *** BUUV7GGTgM... 卖出$367.97 (tx=56K4uW6tR6nC...)
[02:05:40] *** 操盘方钱包卖出信号#16 *** BUUV7GGTgM... 卖出$374.37 (tx=3KVZkRRDcCYQ...)
[02:05:40] *** 操盘方钱包卖出信号#17 *** BUUV7GGTgM... 卖出$375.00 (tx=5QdipcJpYBm5...)
[02:05:40] *** 操盘方钱包卖出信号#18 *** BUUV7GGTgM... 卖出$370.31 (tx=31wWRvEDG6oH...)
[02:05:40] *** 操盘方钱包卖出信号#19 *** BUUV7GGTgM... 卖出$366.11 (tx=3HqcKvGoAXje...)
[02:05:40] *** 操盘方钱包卖出信号#20 *** BUUV7GGTgM... 卖出$377.08 (tx=52ABGFYCfshK...)
[02:05:40] *** 操盘方钱包卖出信号#21 *** BUUV7GGTgM... 卖出$384.51 (tx=39vVEnpkYcFE...)
[02:05:40] *** 操盘方钱包卖出信号#22 *** BUUV7GGTgM... 卖出$371.58 (tx=2KfozAKvvRsx...)
[02:05:40] *** 操盘方钱包卖出信号#23 *** BUUV7GGTgM... 卖出$370.88 (tx=5hSyY7nFm8Jp...)
[02:05:40] *** 操盘方钱包卖出信号#24 *** BUUV7GGTgM... 卖出$374.47 (tx=gf7rtdX3jSR5...)
[02:05:40] *** 操盘方钱包卖出信号#25 *** BUUV7GGTgM... 卖出$368.79 (tx=4NKzt77LaY96...)
[02:05:40] *** 操盘方钱包卖出信号#26 *** BUUV7GGTgM... 卖出$368.71 (tx=3rMAVva4Xwhj...)
[02:05:40] *** 操盘方钱包卖出信号#27 *** BUUV7GGTgM... 卖出$372.89 (tx=4s7SdKkbgsGw...)
[02:06:05] *** 操盘方钱包卖出信号#28 *** BUUV7GGTgM... 卖出$373.64 (tx=M6hsdjea8U8M...)
[02:06:05] *** 操盘方钱包卖出信号#29 *** BUUV7GGTgM... 卖出$368.19 (tx=5F9hVAVWSE1Q...)
[02:06:05] *** 操盘方钱包卖出信号#30 *** BUUV7GGTgM... 卖出$371.77 (tx=53xL26v3uX6b...)
[02:06:05] *** 操盘方钱包卖出信号#31 *** BUUV7GGTgM... 卖出$373.76 (tx=4qdSGErfhwBg...)
[02:06:05] *** 操盘方钱包卖出信号#32 *** BUUV7GGTgM... 卖出$369.30 (tx=3FS75SscbD7x...)
[02:06:05] *** 操盘方钱包卖出信号#33 *** BUUV7GGTgM... 卖出$365.56 (tx=4ydCDdn8tZMe...)
[02:06:38] *** 操盘方钱包卖出信号#34 *** BUUV7GGTgM... 卖出$369.23 (tx=FGoNif9abqJr...)
[02:06:38] *** 操盘方钱包卖出信号#35 *** BUUV7GGTgM... 卖出$369.68 (tx=GeQ2uNJTNe4d...)
[02:06:38] *** 操盘方钱包卖出信号#36 *** BUUV7GGTgM... 卖出$368.00 (tx=KYYakMzH1niY...)
[02:07:54] *** 操盘方钱包卖出信号#37 *** BUUV7GGTgM... 卖出$370.77 (tx=2FJqvxnGne5m...)
[02:07:54] *** 操盘方钱包卖出信号#38 *** BUUV7GGTgM... 卖出$367.67 (tx=darxbSvbCxKr...)
[02:07:54] *** 操盘方钱包卖出信号#39 *** BUUV7GGTgM... 卖出$374.29 (tx=54iVsPiA95CD...)
[02:07:54] *** 操盘方钱包卖出信号#40 *** BUUV7GGTgM... 卖出$365.69 (tx=7eezdENmN8P5...)
[02:07:54] *** 操盘方钱包卖出信号#41 *** BUUV7GGTgM... 卖出$368.89 (tx=4rWNxWNQxdGH...)
[02:07:54] *** 操盘方钱包卖出信号#42 *** BUUV7GGTgM... 卖出$368.20 (tx=3C9UjEe499dp...)
[02:07:54] *** 操盘方钱包卖出信号#43 *** BUUV7GGTgM... 卖出$373.46 (tx=4TGLnxK16FEi...)
[02:07:54] *** 操盘方钱包卖出信号#44 *** BUUV7GGTgM... 卖出$371.23 (tx=oVvUjGQj1V5e...)
[02:07:54] *** 操盘方钱包卖出信号#45 *** BUUV7GGTgM... 卖出$372.53 (tx=5vNBvHRUZr2y...)
[02:07:54] *** 操盘方钱包卖出信号#46 *** BUUV7GGTgM... 卖出$365.69 (tx=2Bhsdpt7AjhX...)
[02:08:25] *** 操盘方钱包卖出信号#47 *** BUUV7GGTgM... 卖出$371.28 (tx=3rLVY6UcSzGH...)
[02:08:25] *** 操盘方钱包卖出信号#48 *** BUUV7GGTgM... 卖出$376.21 (tx=5HMagbWMjAZn...)
[02:08:25] *** 操盘方钱包卖出信号#49 *** BUUV7GGTgM... 卖出$370.78 (tx=5GGwAaMrLQuH...)
[02:08:25] *** 操盘方钱包卖出信号#50 *** BUUV7GGTgM... 卖出$372.59 (tx=2ZeXyzs3AXmc...)
[02:08:25] *** 操盘方钱包卖出信号#51 *** BUUV7GGTgM... 卖出$372.26 (tx=SyfZzBw8v367...)
[02:08:25] *** 操盘方钱包卖出信号#52 *** BUUV7GGTgM... 卖出$367.86 (tx=JyyYdGsCVbFR...)
[02:09:02] *** 操盘方钱包卖出信号#53 *** BUUV7GGTgM... 卖出$365.81 (tx=44TsjZoVzJZK...)
[02:09:02] *** 操盘方钱包卖出信号#54 *** BUUV7GGTgM... 卖出$368.71 (tx=5jppHymQus9i...)
[02:09:02] *** 操盘方钱包卖出信号#55 *** BUUV7GGTgM... 卖出$365.66 (tx=5TyotZTLFgZq...)
[02:09:02] *** 操盘方钱包卖出信号#56 *** BUUV7GGTgM... 卖出$365.37 (tx=3dgYhazJUawL...)
[02:09:02] *** 操盘方钱包卖出信号#57 *** BUUV7GGTgM... 卖出$371.54 (tx=QAgjFq6TTH6F...)
[02:09:02] *** 操盘方钱包卖出信号#58 *** BUUV7GGTgM... 卖出$373.73 (tx=7Nn8fGsfDL9g...)
[02:09:02] *** 操盘方钱包卖出信号#59 *** BUUV7GGTgM... 卖出$381.33 (tx=4hDDouABbtdf...)
[02:10:18] *** 操盘方钱包卖出信号#60 *** BUUV7GGTgM... 卖出$371.98 (tx=3XD7cvCBWK5Z...)
[02:10:18] *** 操盘方钱包卖出信号#61 *** BUUV7GGTgM... 卖出$372.29 (tx=38TycSTbVa91...)
[02:10:18] *** 操盘方钱包卖出信号#62 *** BUUV7GGTgM... 卖出$365.71 (tx=2HS6cJbCUfMe...)
[02:10:18] *** 操盘方钱包卖出信号#63 *** BUUV7GGTgM... 卖出$367.56 (tx=HPLsLtJoGgjt...)
[02:10:18] *** 操盘方钱包卖出信号#64 *** BUUV7GGTgM... 卖出$365.28 (tx=66SyngpvFDYJ...)
[02:10:18] *** 操盘方钱包卖出信号#65 *** BUUV7GGTgM... 卖出$373.64 (tx=434YYMUGbSbm...)
[02:10:18] *** 操盘方钱包卖出信号#66 *** BUUV7GGTgM... 卖出$370.41 (tx=2BmNbqcywjDF...)
[02:10:18] *** 操盘方钱包卖出信号#67 *** BUUV7GGTgM... 卖出$365.37 (tx=4tvymQF6SnHK...)
[02:10:18] *** 操盘方钱包卖出信号#68 *** BUUV7GGTgM... 卖出$372.29 (tx=31BnAAFwjqhk...)
[02:10:18] *** 操盘方钱包卖出信号#69 *** BUUV7GGTgM... 卖出$370.35 (tx=zCb2TUehn3bv...)
[02:10:18] *** 操盘方钱包卖出信号#70 *** BUUV7GGTgM... 卖出$365.48 (tx=3UB6VTtvNiGj...)
[02:10:18] *** 操盘方钱包卖出信号#71 *** BUUV7GGTgM... 卖出$365.19 (tx=GrnCYhhYdS5C...)
[02:10:18] *** 操盘方钱包卖出信号#72 *** BUUV7GGTgM... 卖出$365.57 (tx=4g7xwkfW8UE8...)
[02:10:18] *** 操盘方钱包卖出信号#73 *** BUUV7GGTgM... 卖出$343.42 (tx=bNp6Pfk5Pxuf...)
[02:10:49] *** 操盘方钱包卖出信号#74 *** BUUV7GGTgM... 卖出$374.64 (tx=32J9yT6nWrHq...)
[02:10:49] *** 操盘方钱包卖出信号#75 *** BUUV7GGTgM... 卖出$376.14 (tx=5xioJmXR2AuF...)
[02:10:49] *** 操盘方钱包卖出信号#76 *** BUUV7GGTgM... 卖出$370.89 (tx=5PfJLEoAFhQK...)
[02:10:49] *** 操盘方钱包卖出信号#77 *** BUUV7GGTgM... 卖出$370.05 (tx=5UWnmPc6Bq3X...)
[02:11:26] *** 操盘方钱包卖出信号#78 *** BUUV7GGTgM... 卖出$380.84 (tx=4FAkbHvqKQFz...)
[02:11:26] *** 操盘方钱包卖出信号#79 *** BUUV7GGTgM... 卖出$376.76 (tx=4b5pFKZJYiZF...)
[02:11:26] *** 操盘方钱包卖出信号#80 *** BUUV7GGTgM... 卖出$368.78 (tx=2c4ZdvsuXDzk...)
[02:11:26] *** 操盘方钱包卖出信号#81 *** BUUV7GGTgM... 卖出$375.42 (tx=5yoGRRpk2NvH...)
[02:11:26] *** 操盘方钱包卖出信号#82 *** BUUV7GGTgM... 卖出$368.36 (tx=2aqFtQxJDL4Z...)
[02:11:26] *** 操盘方钱包卖出信号#83 *** BUUV7GGTgM... 卖出$365.83 (tx=3BvevnN2mmQL...)
[02:11:26] *** 操盘方钱包卖出信号#84 *** BUUV7GGTgM... 卖出$374.27 (tx=4UC7LmXrEdy1...)
[02:11:26] *** 操盘方钱包卖出信号#85 *** BUUV7GGTgM... 卖出$372.47 (tx=2PWEoPsB4g7n...)
[02:11:26] *** 操盘方钱包卖出信号#86 *** BUUV7GGTgM... 卖出$377.49 (tx=3iYfFhojjnSx...)
[02:12:01] *** 操盘方钱包卖出信号#87 *** BUUV7GGTgM... 卖出$370.27 (tx=4NA143wjP5FK...)
[02:12:01] *** 操盘方钱包卖出信号#88 *** BUUV7GGTgM... 卖出$372.72 (tx=4pmLwZjZxqmH...)
[02:12:01] *** 操盘方钱包卖出信号#89 *** BUUV7GGTgM... 卖出$6.73 (tx=26hXMfWWBsop...)
[02:12:01] *** 操盘方钱包卖出信号#90 *** HXrM4sED9W... 卖出$122.69 (tx=45QxTZrC3Dtd...)
