[17:51:31] === BgR3RK4j 高密度崩盘取证监控启动 ===
[17:51:32] 基线: 价格$0.00010014 流动性$21,694
[17:52:32] 价格$0.00009418  流动性$21,631(峰值$21,694)  已存档186笔逐笔  操盘方卖出比例=32.0%
[17:53:32] 价格$0.00010255  流动性$21,765(峰值$21,765)  已存档144笔逐笔
[17:54:32] 价格$0.00008596  流动性$20,019(峰值$21,765)  已存档107笔逐笔
[17:55:33] 价格$0.00010032  流动性$20,028(峰值$21,765)  已存档112笔逐笔
[17:56:33] 价格$0.00010641  流动性$21,863(峰值$21,863)  已存档0笔逐笔
[17:57:33] 价格$0.00009325  流动性$21,144(峰值$21,863)  已存档99笔逐笔  操盘方卖出比例=39.5%
[17:58:34] 价格$0.00009081  流动性$19,708(峰值$21,863)  已存档151笔逐笔
[17:59:34] 价格$0.00008432  流动性$20,318(峰值$21,863)  已存档62笔逐笔
[18:00:35] 价格$0.00010717  流动性$22,467(峰值$22,467)  已存档78笔逐笔
[18:01:35] 价格$0.00010004  流动性$23,542(峰值$23,542)  已存档94笔逐笔
[18:02:36] 价格$0.00009863  流动性$22,238(峰值$23,542)  已存档55笔逐笔  操盘方卖出比例=29.0%
[18:03:36] 价格$0.00010953  流动性$22,338(峰值$23,542)  已存档89笔逐笔
[18:04:37] 价格$0.00011151  流动性$23,058(峰值$23,542)  已存档102笔逐笔
[18:05:37] 价格$0.00011577  流动性$22,801(峰值$23,542)  已存档41笔逐笔
[18:06:37] 价格$0.00011577  流动性$22,801(峰值$23,542)  已存档94笔逐笔
[18:07:38] 价格$0.00010537  流动性$23,853(峰值$23,853)  已存档103笔逐笔  操盘方卖出比例=48.5%
[18:08:38] 价格$0.00010867  流动性$22,348(峰值$23,853)  已存档66笔逐笔
[18:09:38] 价格$0.00010867  流动性$22,348(峰值$23,853)  已存档96笔逐笔
[18:10:38] 价格$0.00012912  流动性$24,843(峰值$24,843)  已存档95笔逐笔
[18:11:38] 价格$0.00012589  流动性$24,652(峰值$24,843)  已存档48笔逐笔
[18:12:39] 价格$0.00010847  流动性$23,187(峰值$24,843)  已存档113笔逐笔  操盘方卖出比例=69.6%
[18:13:39] 价格$0.00011911  流动性$23,567(峰值$24,843)  已存档79笔逐笔
[18:14:39] 价格$0.00011314  流动性$25,169(峰值$25,169)  已存档120笔逐笔
[18:15:39] 价格$0.00011314  流动性$25,169(峰值$25,169)  已存档226笔逐笔
[18:16:39] 价格$0.00010781  流动性$23,678(峰值$25,169)  已存档201笔逐笔
[18:17:40] 价格$0.00009041  流动性$23,012(峰值$25,169)  已存档125笔逐笔  操盘方卖出比例=94.4%
[18:18:40] 价格$0.00009803  流动性$22,446(峰值$25,169)  已存档205笔逐笔
[18:19:40] 价格$0.00011655  流动性$24,148(峰值$25,169)  已存档212笔逐笔
[18:20:40] 价格$0.00015041  流动性$26,354(峰值$26,354)  已存档0笔逐笔
[18:21:41] 价格$0.00015041  流动性$26,354(峰值$26,354)  已存档220笔逐笔
[18:22:41] 价格$0.00015371  流动性$28,796(峰值$28,796)  已存档204笔逐笔  操盘方卖出比例=100.0%
[18:23:41] 价格$0.00013537  流动性$25,451(峰值$28,796)  已存档249笔逐笔
[18:24:41] 价格$0.00013142  流动性$26,791(峰值$28,796)  已存档236笔逐笔
[18:25:41] 价格$0.00000153  流动性$26,139(峰值$28,796)  已存档246笔逐笔
[18:26:42] 价格$0.00000147  流动性$1,538(峰值$28,796)  已存档300笔逐笔
[18:26:42] *** 流动性暴跌,疑似崩盘发生! 立刻加密取证 ***
[18:26:42] 崩盘时刻快照: 价格$0.00000147 流动性$1,538 操盘方卖出比例=1.0
[18:26:42] === 监控结束(崩盘=是) ===
