[17:51:31] === 开始盯防4个已知操盘方钱包的卖出动作 ===
[17:52:37] *** 操盘方钱包卖出信号#1 *** 9dzsww6KYL... 卖出$369.94 (tx=4GwUxcQPz3Yq...)
[17:52:37] *** 操盘方钱包卖出信号#2 *** 9dzsww6KYL... 卖出$357.70 (tx=4zQGciPga7MM...)
[17:52:37] *** 操盘方钱包卖出信号#3 *** 9dzsww6KYL... 卖出$371.82 (tx=3WZUGrhtsKb2...)
[17:52:37] *** 操盘方钱包卖出信号#4 *** 9dzsww6KYL... 卖出$365.88 (tx=3D6g1mE3N6um...)
[17:52:37] *** 操盘方钱包卖出信号#5 *** 9dzsww6KYL... 卖出$366.21 (tx=Umgf384X939T...)
[17:52:37] *** 操盘方钱包卖出信号#6 *** 9dzsww6KYL... 卖出$372.16 (tx=4VvGb51AuLhd...)
[17:52:37] *** 操盘方钱包卖出信号#7 *** 9dzsww6KYL... 卖出$363.09 (tx=4ErCB99sQSbz...)
[17:52:37] *** 操盘方钱包卖出信号#8 *** 9dzsww6KYL... 卖出$376.41 (tx=4GX9MuzWfk15...)
[17:52:37] *** 操盘方钱包卖出信号#9 *** 9dzsww6KYL... 卖出$369.89 (tx=jtGdeAgCH9FA...)
[17:52:37] *** 操盘方钱包卖出信号#10 *** AUtB6G6P5u... 卖出$55.57 (tx=2juZjNaE1yqx...)
[17:53:12] *** 操盘方钱包卖出信号#11 *** 9dzsww6KYL... 卖出$366.31 (tx=5gS7ogEkrqNp...)
[17:53:12] *** 操盘方钱包卖出信号#12 *** BFmpAkGDA3... 卖出$366.21 (tx=4hscN1WYGxed...)
[17:53:12] *** 操盘方钱包卖出信号#13 *** 9dzsww6KYL... 卖出$374.90 (tx=5bniwjxpaZGi...)
[17:53:12] *** 操盘方钱包卖出信号#14 *** BFmpAkGDA3... 卖出$365.87 (tx=3q51BMWSkzSv...)
[17:53:12] *** 操盘方钱包卖出信号#15 *** 9dzsww6KYL... 卖出$367.87 (tx=2X79FhfQDwv8...)
[17:53:12] *** 操盘方钱包卖出信号#16 *** BFmpAkGDA3... 卖出$367.42 (tx=36xjEu58TTS1...)
[17:53:12] *** 操盘方钱包卖出信号#17 *** 9dzsww6KYL... 卖出$373.16 (tx=3X3nu4ZaQJhr...)
[17:53:50] *** 操盘方钱包卖出信号#18 *** BFmpAkGDA3... 卖出$363.70 (tx=5EYoqNPSCx9W...)
[17:53:50] *** 操盘方钱包卖出信号#19 *** 9dzsww6KYL... 卖出$387.80 (tx=4kaGgKzar6Gr...)
[17:53:50] *** 操盘方钱包卖出信号#20 *** BFmpAkGDA3... 卖出$373.05 (tx=5LhvqQnZMAhA...)
[17:53:50] *** 操盘方钱包卖出信号#21 *** 9dzsww6KYL... 卖出$382.23 (tx=Keadn3Zuuixi...)
[17:53:50] *** 操盘方钱包卖出信号#22 *** BFmpAkGDA3... 卖出$370.95 (tx=gj93bXW2FEwC...)
[17:53:50] *** 操盘方钱包卖出信号#23 *** 9dzsww6KYL... 卖出$368.95 (tx=3bcgC6TfpiaT...)
[17:53:50] *** 操盘方钱包卖出信号#24 *** BFmpAkGDA3... 卖出$366.71 (tx=5jdqFedyzKmL...)
[17:54:27] *** 操盘方钱包卖出信号#25 *** 9dzsww6KYL... 卖出$370.16 (tx=S6wdbB7Fea8b...)
[17:54:27] *** 操盘方钱包卖出信号#26 *** BFmpAkGDA3... 卖出$382.68 (tx=4T2G617Cxjgu...)
[17:55:01] *** 操盘方钱包卖出信号#27 *** 9dzsww6KYL... 卖出$365.99 (tx=Hi3HJgGfoXwP...)
[17:55:01] *** 操盘方钱包卖出信号#28 *** BFmpAkGDA3... 卖出$351.61 (tx=46Gtq3dsNtQV...)
[17:55:01] *** 操盘方钱包卖出信号#29 *** 9dzsww6KYL... 卖出$369.35 (tx=5UWV7G8iGexR...)
[17:55:01] *** 操盘方钱包卖出信号#30 *** BFmpAkGDA3... 卖出$370.13 (tx=5ytWSHt4rGDR...)
[17:55:01] *** 操盘方钱包卖出信号#31 *** 9dzsww6KYL... 卖出$374.77 (tx=5mFJkEutE7mb...)
[17:55:37] *** 操盘方钱包卖出信号#32 *** BFmpAkGDA3... 卖出$365.84 (tx=3K73KSP4iYSr...)
[17:55:37] *** 操盘方钱包卖出信号#33 *** AUtB6G6P5u... 卖出$54.91 (tx=JdcAbnmJ73MK...)
[17:55:37] *** 操盘方钱包卖出信号#34 *** 9dzsww6KYL... 卖出$365.84 (tx=3bnkkCoyHnxy...)
[17:55:37] *** 操盘方钱包卖出信号#35 *** BFmpAkGDA3... 卖出$365.91 (tx=5XW1YS17H5GD...)
[17:55:37] *** 操盘方钱包卖出信号#36 *** 9dzsww6KYL... 卖出$373.54 (tx=2TCpgFh8wxHq...)
[17:56:50] *** 操盘方钱包卖出信号#37 *** BFmpAkGDA3... 卖出$344.02 (tx=3dqdsANxo3gi...)
[17:56:50] *** 操盘方钱包卖出信号#38 *** BFmpAkGDA3... 卖出$370.57 (tx=4hZf8RW9pza3...)
[17:56:50] *** 操盘方钱包卖出信号#39 *** AUtB6G6P5u... 卖出$175.35 (tx=4kF8zTWeuwfG...)
[17:56:50] *** 操盘方钱包卖出信号#40 *** 9dzsww6KYL... 卖出$369.42 (tx=3LXsLptZBX18...)
[17:56:50] *** 操盘方钱包卖出信号#41 *** AUtB6G6P5u... 卖出$164.50 (tx=4Ci8mfr6Kpjk...)
[17:56:50] *** 操盘方钱包卖出信号#42 *** BFmpAkGDA3... 卖出$365.60 (tx=3FdkN2JGab26...)
[17:56:50] *** 操盘方钱包卖出信号#43 *** 9dzsww6KYL... 卖出$375.29 (tx=2Z7nRNyb6Wmp...)
[17:58:03] *** 操盘方钱包卖出信号#44 *** BFmpAkGDA3... 卖出$365.54 (tx=3k7ZpmALbxRK...)
[17:58:03] *** 操盘方钱包卖出信号#45 *** 9dzsww6KYL... 卖出$368.77 (tx=4SNLTS6p3bAQ...)
[17:58:03] *** 操盘方钱包卖出信号#46 *** BFmpAkGDA3... 卖出$370.30 (tx=4Qp79UefST6m...)
[17:58:03] *** 操盘方钱包卖出信号#47 *** 9dzsww6KYL... 卖出$376.33 (tx=2xrx616rz3JQ...)
[17:58:03] *** 操盘方钱包卖出信号#48 *** AUtB6G6P5u... 卖出$150.60 (tx=3g5yaQPN7PFH...)
[17:58:03] *** 操盘方钱包卖出信号#49 *** AUtB6G6P5u... 卖出$133.83 (tx=4fP16BV8gkzX...)
[17:58:03] *** 操盘方钱包卖出信号#50 *** BFmpAkGDA3... 卖出$374.99 (tx=35cofFNy8Bmq...)
[17:58:03] *** 操盘方钱包卖出信号#51 *** 9dzsww6KYL... 卖出$372.11 (tx=5CzNaAJZwPXY...)
[17:58:03] *** 操盘方钱包卖出信号#52 *** BFmpAkGDA3... 卖出$372.87 (tx=34K4VcuhmGg6...)
[17:58:03] *** 操盘方钱包卖出信号#53 *** 9dzsww6KYL... 卖出$370.36 (tx=2A83s7ass88V...)
[17:58:42] *** 操盘方钱包卖出信号#54 *** BFmpAkGDA3... 卖出$377.46 (tx=4n6zMWeCHUye...)
[17:58:42] *** 操盘方钱包卖出信号#55 *** 9dzsww6KYL... 卖出$381.91 (tx=4ESqsQaHHBdk...)
[17:59:19] *** 操盘方钱包卖出信号#56 *** BFmpAkGDA3... 卖出$369.10 (tx=554waXmK8wca...)
[17:59:19] *** 操盘方钱包卖出信号#57 *** 9dzsww6KYL... 卖出$373.17 (tx=5JXBaP5zTnYP...)
[18:00:26] *** 操盘方钱包卖出信号#58 *** BFmpAkGDA3... 卖出$365.58 (tx=2aGYeGAH8y1H...)
[18:00:26] *** 操盘方钱包卖出信号#59 *** 9dzsww6KYL... 卖出$372.64 (tx=3bwCayxbMeYX...)
[18:01:03] *** 操盘方钱包卖出信号#60 *** AUtB6G6P5u... 卖出$143.08 (tx=5aFozv76HZbM...)
[18:01:03] *** 操盘方钱包卖出信号#61 *** AUtB6G6P5u... 卖出$145.94 (tx=21jMS4bji7AK...)
[18:01:03] *** 操盘方钱包卖出信号#62 *** BFmpAkGDA3... 卖出$357.62 (tx=2pQcztU3Jo7U...)
[18:01:03] *** 操盘方钱包卖出信号#63 *** AUtB6G6P5u... 卖出$128.79 (tx=EkbUQ4BC1xt2...)
[18:01:03] *** 操盘方钱包卖出信号#64 *** AUtB6G6P5u... 卖出$133.26 (tx=58GncubdSQ36...)
[18:01:03] *** 操盘方钱包卖出信号#65 *** AUtB6G6P5u... 卖出$131.90 (tx=3rDJp6D6XfPZ...)
[18:01:03] *** 操盘方钱包卖出信号#66 *** AUtB6G6P5u... 卖出$470.67 (tx=Y9CNVnid9K6X...)
[18:01:03] *** 操盘方钱包卖出信号#67 *** AUtB6G6P5u... 卖出$413.25 (tx=5i6QghsCEBLw...)
[18:01:03] *** 操盘方钱包卖出信号#68 *** 9dzsww6KYL... 卖出$341.74 (tx=2f49n54Ccuh2...)
[18:01:42] *** 操盘方钱包卖出信号#69 *** AUtB6G6P5u... 卖出$365.46 (tx=3bsc7R1tCxr7...)
[18:01:42] *** 操盘方钱包卖出信号#70 *** AUtB6G6P5u... 卖出$302.73 (tx=eemYdazSk4cM...)
[18:01:42] *** 操盘方钱包卖出信号#71 *** AUtB6G6P5u... 卖出$324.26 (tx=2CGMJgb32AFA...)
[18:02:19] *** 操盘方钱包卖出信号#72 *** AUtB6G6P5u... 卖出$248.76 (tx=5x5G7uuGSyit...)
[18:02:19] *** 操盘方钱包卖出信号#73 *** BFmpAkGDA3... 卖出$353.61 (tx=S6NvcAXpN3FL...)
[18:02:19] *** 操盘方钱包卖出信号#74 *** AUtB6G6P5u... 卖出$221.31 (tx=Nve85VxzqHTu...)
[18:02:19] *** 操盘方钱包卖出信号#75 *** 9dzsww6KYL... 卖出$373.26 (tx=5xEiWtBh54wL...)
[18:02:19] *** 操盘方钱包卖出信号#76 *** AUtB6G6P5u... 卖出$221.92 (tx=5aqsGhLivAyb...)
[18:02:19] *** 操盘方钱包卖出信号#77 *** AUtB6G6P5u... 卖出$307.50 (tx=5J66MErW3Vmr...)
[18:02:19] *** 操盘方钱包卖出信号#78 *** AUtB6G6P5u... 卖出$325.74 (tx=5zGgi1Ukcvet...)
[18:02:50] *** 操盘方钱包卖出信号#79 *** AUtB6G6P5u... 卖出$282.93 (tx=2ZkNqtPda1ei...)
[18:02:50] *** 操盘方钱包卖出信号#80 *** AUtB6G6P5u... 卖出$215.39 (tx=4RScUXBeX8PR...)
[18:02:50] *** 操盘方钱包卖出信号#81 *** AUtB6G6P5u... 卖出$191.72 (tx=4vuhKCm4vbvB...)
[18:02:50] *** 操盘方钱包卖出信号#82 *** AUtB6G6P5u... 卖出$264.82 (tx=qkdjnp911g6z...)
[18:03:26] *** 操盘方钱包卖出信号#83 *** AUtB6G6P5u... 卖出$196.68 (tx=3d17U2CCC1m9...)
[18:03:26] *** 操盘方钱包卖出信号#84 *** AUtB6G6P5u... 卖出$202.78 (tx=3fiHztNgdut5...)
[18:03:26] *** 操盘方钱包卖出信号#85 *** BFmpAkGDA3... 卖出$364.35 (tx=28KWfjBuikDH...)
[18:03:26] *** 操盘方钱包卖出信号#86 *** AUtB6G6P5u... 卖出$133.84 (tx=oiETXdcyAAwC...)
[18:03:26] *** 操盘方钱包卖出信号#87 *** AUtB6G6P5u... 卖出$232.02 (tx=4yUzwgBZTqgN...)
[18:03:26] *** 操盘方钱包卖出信号#88 *** AUtB6G6P5u... 卖出$362.16 (tx=5YRG3A3fPY1f...)
[18:03:26] *** 操盘方钱包卖出信号#89 *** 9dzsww6KYL... 卖出$180.79 (tx=49jTrXsqCnFP...)
[18:04:03] *** 操盘方钱包卖出信号#90 *** 9dzsww6KYL... 卖出$74.04 (tx=pxBaFPD5Wfob...)
[18:04:03] *** 操盘方钱包卖出信号#91 *** BFmpAkGDA3... 卖出$366.38 (tx=4vuB68Ufsdvr...)
[18:04:03] *** 操盘方钱包卖出信号#92 *** 9dzsww6KYL... 卖出$366.78 (tx=4qnHTkPuyagK...)
[18:04:43] *** 操盘方钱包卖出信号#93 *** 9dzsww6KYL... 卖出$65.94 (tx=5HP1t5qgFYCE...)
[18:04:43] *** 操盘方钱包卖出信号#94 *** 9dzsww6KYL... 卖出$182.76 (tx=5GV9LWJAEgLq...)
[18:04:43] *** 操盘方钱包卖出信号#95 *** 9dzsww6KYL... 卖出$208.62 (tx=qKgjVsrn9qcJ...)
[18:04:43] *** 操盘方钱包卖出信号#96 *** BFmpAkGDA3... 卖出$371.51 (tx=2cfjbbsM5sad...)
[18:05:50] *** 操盘方钱包卖出信号#97 *** BFmpAkGDA3... 卖出$362.32 (tx=3erQxUMdpL9r...)
[18:05:50] *** 操盘方钱包卖出信号#98 *** 9dzsww6KYL... 卖出$366.61 (tx=Qv65B1idUkaC...)
[18:07:42] *** 操盘方钱包卖出信号#99 *** 9dzsww6KYL... 卖出$212.31 (tx=Qm2vSy3V8UuK...)
[18:07:42] *** 操盘方钱包卖出信号#100 *** BFmpAkGDA3... 卖出$366.93 (tx=4HqP2qZgJySN...)
[18:07:42] *** 操盘方钱包卖出信号#101 *** BFmpAkGDA3... 卖出$366.64 (tx=5wALX48GUp8U...)
[18:07:42] *** 操盘方钱包卖出信号#102 *** 9dzsww6KYL... 卖出$368.01 (tx=2nwatHeU1wdR...)
[18:07:42] *** 操盘方钱包卖出信号#103 *** 9dzsww6KYL... 卖出$147.99 (tx=3sJKnnVLPsaw...)
[18:07:42] *** 操盘方钱包卖出信号#104 *** BFmpAkGDA3... 卖出$366.47 (tx=3BfcJCfvrMzs...)
[18:08:19] *** 操盘方钱包卖出信号#105 *** 9dzsww6KYL... 卖出$371.33 (tx=a1G6FYAsHfGW...)
[18:08:19] *** 操盘方钱包卖出信号#106 *** BFmpAkGDA3... 卖出$373.95 (tx=JVKjAeKjircw...)
[18:09:26] *** 操盘方钱包卖出信号#107 *** 9dzsww6KYL... 卖出$370.15 (tx=3raeLyaHqngY...)
[18:09:26] *** 操盘方钱包卖出信号#108 *** BFmpAkGDA3... 卖出$371.73 (tx=3XnfjgvWwV3v...)
[18:09:26] *** 操盘方钱包卖出信号#109 *** 9dzsww6KYL... 卖出$366.00 (tx=7esxiWogXPYZ...)
[18:09:26] *** 操盘方钱包卖出信号#110 *** 9dzsww6KYL... 卖出$129.20 (tx=H3Jrj1UQXLP8...)
[18:10:03] *** 操盘方钱包卖出信号#111 *** BFmpAkGDA3... 卖出$370.30 (tx=3okwc7WTYs1P...)
[18:10:03] *** 操盘方钱包卖出信号#112 *** 9dzsww6KYL... 卖出$370.09 (tx=2RaeWj6PZeum...)
[18:10:37] *** 操盘方钱包卖出信号#113 *** BFmpAkGDA3... 卖出$367.06 (tx=qg3EaNgGb4UA...)
[18:11:50] *** 操盘方钱包卖出信号#114 *** BFmpAkGDA3... 卖出$372.02 (tx=8ghVDYEwAsuc...)
[18:11:50] *** 操盘方钱包卖出信号#115 *** 9dzsww6KYL... 卖出$366.49 (tx=4RFUkw8dGNKB...)
[18:11:50] *** 操盘方钱包卖出信号#116 *** BFmpAkGDA3... 卖出$374.85 (tx=4DdSwsJDuHSX...)
[18:12:27] *** 操盘方钱包卖出信号#117 *** 9dzsww6KYL... 卖出$366.59 (tx=EosKVSGP1Adp...)
[18:12:27] *** 操盘方钱包卖出信号#118 *** BFmpAkGDA3... 卖出$369.63 (tx=xALuTxp6en68...)
[18:12:27] *** 操盘方钱包卖出信号#119 *** 9dzsww6KYL... 卖出$364.11 (tx=vd9RZHm5Vzp4...)
[18:13:38] *** 操盘方钱包卖出信号#120 *** BFmpAkGDA3... 卖出$378.74 (tx=5eEUoqvjtYRt...)
[18:13:38] *** 操盘方钱包卖出信号#121 *** 9dzsww6KYL... 卖出$372.96 (tx=2xFwiggxEMsb...)
[18:13:38] *** 操盘方钱包卖出信号#122 *** 9dzsww6KYL... 卖出$81.77 (tx=2cfHGg53hSWR...)
[18:13:38] *** 操盘方钱包卖出信号#123 *** 9dzsww6KYL... 卖出$296.85 (tx=3s3uqN57zcTe...)
[18:14:14] *** 操盘方钱包卖出信号#124 *** BFmpAkGDA3... 卖出$366.44 (tx=384MhmeHZR8E...)
[18:14:14] *** 操盘方钱包卖出信号#125 *** 9dzsww6KYL... 卖出$316.78 (tx=5nmEfEeAARMs...)
[18:14:51] *** 操盘方钱包卖出信号#126 *** BFmpAkGDA3... 卖出$369.60 (tx=5hxWYgj87pgU...)
[18:14:51] *** 操盘方钱包卖出信号#127 *** BFmpAkGDA3... 卖出$366.21 (tx=2BhWTqEGgjZN...)
[18:14:51] *** 操盘方钱包卖出信号#128 *** 9dzsww6KYL... 卖出$371.48 (tx=5Y1ig2cAZs7j...)
[18:15:31] *** 操盘方钱包卖出信号#129 *** BFmpAkGDA3... 卖出$343.92 (tx=3N6e38LmpWCV...)
[18:15:31] *** 操盘方钱包卖出信号#130 *** 9dzsww6KYL... 卖出$372.35 (tx=2mQjEJ9E2z1G...)
[18:16:02] *** 操盘方钱包卖出信号#131 *** BFmpAkGDA3... 卖出$371.15 (tx=42Vq4McLCz7t...)
[18:16:02] *** 操盘方钱包卖出信号#132 *** 9dzsww6KYL... 卖出$376.45 (tx=KDRELc5zocFn...)
[18:16:39] *** 操盘方钱包卖出信号#133 *** BFmpAkGDA3... 卖出$372.36 (tx=ndPgP7Kg4iic...)
[18:16:39] *** 操盘方钱包卖出信号#134 *** 9dzsww6KYL... 卖出$374.40 (tx=2j21jgmZdgVx...)
[18:16:39] *** 操盘方钱包卖出信号#135 *** BFmpAkGDA3... 卖出$369.75 (tx=4Z4nTAe7Dy6K...)
[18:17:19] *** 操盘方钱包卖出信号#136 *** 9dzsww6KYL... 卖出$370.37 (tx=24muQ5Ks1fFh...)
[18:17:19] *** 操盘方钱包卖出信号#137 *** BFmpAkGDA3... 卖出$372.43 (tx=56DSg94gi6XA...)
[18:17:19] *** 操盘方钱包卖出信号#138 *** 9dzsww6KYL... 卖出$372.53 (tx=3yyuPyYzFyhJ...)
[18:17:49] *** 操盘方钱包卖出信号#139 *** BFmpAkGDA3... 卖出$366.02 (tx=5tmpb7KSEaBz...)
[18:17:49] *** 操盘方钱包卖出信号#140 *** 9dzsww6KYL... 卖出$372.09 (tx=2otiy3KezrDF...)
[18:18:26] *** 操盘方钱包卖出信号#141 *** BFmpAkGDA3... 卖出$368.52 (tx=3VLJXNfdEocu...)
[18:19:38] *** 操盘方钱包卖出信号#142 *** 9dzsww6KYL... 卖出$481.93 (tx=2UeawogJNKJd...)
[18:19:38] *** 操盘方钱包卖出信号#143 *** BFmpAkGDA3... 卖出$15.11 (tx=E2W53GnPnVdb...)
[18:20:54] *** 操盘方钱包卖出信号#144 *** BFmpAkGDA3... 卖出$265.59 (tx=3FWVaC3V5w4L...)
[18:51:38] === 监控结束,共144次操盘方卖出信号 ===
