[23:11:58] === 开始盯防3个已知操盘方钱包的卖出动作 ===
[23:12:33] *** 操盘方钱包卖出信号#1 *** 3YmQMxZNPC... 卖出$364.71 (tx=4nB3nYNL7MNL...)
[23:12:33] *** 操盘方钱包卖出信号#2 *** 9T2u3hBqgV... 卖出$363.53 (tx=62cZFZfrdMfS...)
[23:12:33] *** 操盘方钱包卖出信号#3 *** 3YmQMxZNPC... 卖出$366.05 (tx=4kYEUAed3pLA...)
[23:12:33] *** 操盘方钱包卖出信号#4 *** 3YmQMxZNPC... 卖出$367.96 (tx=2DxBsa1NhQiv...)
[23:12:33] *** 操盘方钱包卖出信号#5 *** 9T2u3hBqgV... 卖出$363.15 (tx=gRweV5H67zjK...)
[23:12:33] *** 操盘方钱包卖出信号#6 *** 3YmQMxZNPC... 卖出$365.49 (tx=51zHjQYVEZRR...)
[23:12:33] *** 操盘方钱包卖出信号#7 *** 9T2u3hBqgV... 卖出$368.08 (tx=4q3bmXqLtPoJ...)
[23:12:33] *** 操盘方钱包卖出信号#8 *** 3YmQMxZNPC... 卖出$363.64 (tx=67JoWbBc4pYd...)
[23:12:33] *** 操盘方钱包卖出信号#9 *** 9T2u3hBqgV... 卖出$368.06 (tx=3KTG2LzBdjYv...)
[23:12:33] *** 操盘方钱包卖出信号#10 *** 3YmQMxZNPC... 卖出$363.29 (tx=65avTuwtagui...)
[23:12:33] *** 操盘方钱包卖出信号#11 *** 9T2u3hBqgV... 卖出$366.01 (tx=3Ktei9MA6V1s...)
[23:12:33] *** 操盘方钱包卖出信号#12 *** 3YmQMxZNPC... 卖出$367.60 (tx=NGK5HfTr11cN...)
[23:12:33] *** 操盘方钱包卖出信号#13 *** 9T2u3hBqgV... 卖出$369.02 (tx=4bQARryGQfw4...)
[23:12:33] *** 操盘方钱包卖出信号#14 *** 3YmQMxZNPC... 卖出$363.70 (tx=2UKvVeaLMesR...)
[23:12:33] *** 操盘方钱包卖出信号#15 *** 9T2u3hBqgV... 卖出$368.96 (tx=AKy8cpNu2SHE...)
[23:13:06] *** 操盘方钱包卖出信号#16 *** 3YmQMxZNPC... 卖出$368.27 (tx=4keRyL4WafxP...)
[23:13:06] *** 操盘方钱包卖出信号#17 *** 9T2u3hBqgV... 卖出$366.38 (tx=QWpDEADr3zob...)
[23:13:06] *** 操盘方钱包卖出信号#18 *** 3YmQMxZNPC... 卖出$369.53 (tx=4vyPpPp15UbF...)
[23:13:06] *** 操盘方钱包卖出信号#19 *** 9T2u3hBqgV... 卖出$369.80 (tx=2rTFYmAx8Rcd...)
[23:13:06] *** 操盘方钱包卖出信号#20 *** 3YmQMxZNPC... 卖出$370.76 (tx=4JpYQBCED8AC...)
[23:13:06] *** 操盘方钱包卖出信号#21 *** 9T2u3hBqgV... 卖出$363.70 (tx=GZAuQ8BN1qji...)
[23:13:06] *** 操盘方钱包卖出信号#22 *** 3YmQMxZNPC... 卖出$366.12 (tx=2Unb51pXhvhs...)
[23:13:06] *** 操盘方钱包卖出信号#23 *** 9T2u3hBqgV... 卖出$363.89 (tx=3VABWxvrN3VM...)
[23:13:06] *** 操盘方钱包卖出信号#24 *** 3YmQMxZNPC... 卖出$366.75 (tx=3qHPKdM8fup9...)
[23:13:06] *** 操盘方钱包卖出信号#25 *** 9T2u3hBqgV... 卖出$369.67 (tx=3iWu4mSfoLEo...)
[23:14:16] *** 操盘方钱包卖出信号#26 *** 3YmQMxZNPC... 卖出$363.86 (tx=4AQc6LHDpoYQ...)
[23:14:16] *** 操盘方钱包卖出信号#27 *** 9T2u3hBqgV... 卖出$367.70 (tx=4MVn9GEZ7z6X...)
[23:14:16] *** 操盘方钱包卖出信号#28 *** 3YmQMxZNPC... 卖出$381.10 (tx=2cMvrUrG241u...)
[23:14:16] *** 操盘方钱包卖出信号#29 *** 9T2u3hBqgV... 卖出$364.01 (tx=2Dq1Q3RDXYip...)
[23:14:16] *** 操盘方钱包卖出信号#30 *** 9T2u3hBqgV... 卖出$368.61 (tx=5juXMGD4VgUM...)
[23:14:16] *** 操盘方钱包卖出信号#31 *** 9T2u3hBqgV... 卖出$366.76 (tx=2N23ULD6Lmh9...)
[23:14:16] *** 操盘方钱包卖出信号#32 *** 3YmQMxZNPC... 卖出$369.94 (tx=4BmM1T5EHCqq...)
[23:14:16] *** 操盘方钱包卖出信号#33 *** 9T2u3hBqgV... 卖出$366.72 (tx=3GYk9oPv66Du...)
[23:14:16] *** 操盘方钱包卖出信号#34 *** 3YmQMxZNPC... 卖出$366.01 (tx=3CtDk8McmJ7Q...)
[23:14:16] *** 操盘方钱包卖出信号#35 *** 3YmQMxZNPC... 卖出$367.11 (tx=5SSwjsp83cGn...)
[23:14:16] *** 操盘方钱包卖出信号#36 *** 3YmQMxZNPC... 卖出$366.21 (tx=2Uy4pmtnNSQp...)
[23:14:16] *** 操盘方钱包卖出信号#37 *** 9T2u3hBqgV... 卖出$368.22 (tx=3q3ywAhiJn3m...)
[23:14:16] *** 操盘方钱包卖出信号#38 *** 9T2u3hBqgV... 卖出$364.04 (tx=DxXYxk9suTu7...)
[23:14:16] *** 操盘方钱包卖出信号#39 *** 3YmQMxZNPC... 卖出$367.65 (tx=QVLyD12UYK8h...)
[23:14:16] *** 操盘方钱包卖出信号#40 *** 9T2u3hBqgV... 卖出$369.91 (tx=4LCQ5v5Cg6yv...)
[23:14:50] *** 操盘方钱包卖出信号#41 *** 3YmQMxZNPC... 卖出$367.20 (tx=2fGuLaiMNYvU...)
[23:14:50] *** 操盘方钱包卖出信号#42 *** 9T2u3hBqgV... 卖出$374.13 (tx=23FUCzfwGDF2...)
[23:14:50] *** 操盘方钱包卖出信号#43 *** 3YmQMxZNPC... 卖出$364.00 (tx=3VgaXqa8xvmD...)
[23:14:50] *** 操盘方钱包卖出信号#44 *** 9T2u3hBqgV... 卖出$377.50 (tx=2ep5xCnUJ3bW...)
[23:14:50] *** 操盘方钱包卖出信号#45 *** 3YmQMxZNPC... 卖出$373.51 (tx=45WgM7Y99Wc2...)
[23:14:50] *** 操盘方钱包卖出信号#46 *** 9T2u3hBqgV... 卖出$362.49 (tx=2mn1upPnkoMh...)
[23:14:50] *** 操盘方钱包卖出信号#47 *** 3YmQMxZNPC... 卖出$367.46 (tx=3AgENJf2r2bo...)
[23:14:50] *** 操盘方钱包卖出信号#48 *** 9T2u3hBqgV... 卖出$372.43 (tx=3pCRfG5zXJ5P...)
[23:15:30] *** 操盘方钱包卖出信号#49 *** 3YmQMxZNPC... 卖出$370.15 (tx=hLgKqBRhvYGb...)
[23:15:30] *** 操盘方钱包卖出信号#50 *** 9T2u3hBqgV... 卖出$374.92 (tx=4VxjkQaJNqgj...)
[23:15:30] *** 操盘方钱包卖出信号#51 *** 3YmQMxZNPC... 卖出$372.65 (tx=JWjRBjJyF5s4...)
[23:15:30] *** 操盘方钱包卖出信号#52 *** 9T2u3hBqgV... 卖出$370.03 (tx=JxuVZs1E7K7K...)
[23:15:30] *** 操盘方钱包卖出信号#53 *** 3YmQMxZNPC... 卖出$370.75 (tx=3cgwKd24CtBu...)
[23:15:30] *** 操盘方钱包卖出信号#54 *** 9T2u3hBqgV... 卖出$373.07 (tx=3HYkQQj448tN...)
[23:15:30] *** 操盘方钱包卖出信号#55 *** 3YmQMxZNPC... 卖出$367.93 (tx=65jEDhpySLbY...)
[23:15:30] *** 操盘方钱包卖出信号#56 *** 9T2u3hBqgV... 卖出$366.97 (tx=2HjsWS1oeKuP...)
[23:15:30] *** 操盘方钱包卖出信号#57 *** 3YmQMxZNPC... 卖出$369.56 (tx=2gShSqQBTFxp...)
[23:15:30] *** 操盘方钱包卖出信号#58 *** 9T2u3hBqgV... 卖出$369.31 (tx=3SayD29iWVc8...)
[23:16:37] *** 操盘方钱包卖出信号#59 *** 3YmQMxZNPC... 卖出$370.71 (tx=2iRq5NQu6hoq...)
[23:16:37] *** 操盘方钱包卖出信号#60 *** 9T2u3hBqgV... 卖出$364.08 (tx=2nbkKXiYHKbW...)
[23:16:37] *** 操盘方钱包卖出信号#61 *** 3YmQMxZNPC... 卖出$364.18 (tx=44aKBoyBokAM...)
[23:16:37] *** 操盘方钱包卖出信号#62 *** 9T2u3hBqgV... 卖出$367.13 (tx=3MevEDbYRewX...)
[23:16:37] *** 操盘方钱包卖出信号#63 *** 3YmQMxZNPC... 卖出$369.19 (tx=6bQWZU8Q2axT...)
[23:16:37] *** 操盘方钱包卖出信号#64 *** 9T2u3hBqgV... 卖出$363.89 (tx=5zCLwBrGEddp...)
[23:16:37] *** 操盘方钱包卖出信号#65 *** 3YmQMxZNPC... 卖出$363.66 (tx=u3oaVscutJvk...)
[23:16:37] *** 操盘方钱包卖出信号#66 *** 9T2u3hBqgV... 卖出$362.44 (tx=5JgaWiZUavcs...)
[23:16:37] *** 操盘方钱包卖出信号#67 *** 3YmQMxZNPC... 卖出$363.85 (tx=2TYSA3KLGbbp...)
[23:16:37] *** 操盘方钱包卖出信号#68 *** 9T2u3hBqgV... 卖出$372.91 (tx=4BNHPNWLn9Yy...)
[23:17:14] *** 操盘方钱包卖出信号#69 *** 3YmQMxZNPC... 卖出$372.68 (tx=2uhv375quE7V...)
[23:17:14] *** 操盘方钱包卖出信号#70 *** 9T2u3hBqgV... 卖出$364.05 (tx=34Rda4xMrAZe...)
[23:17:14] *** 操盘方钱包卖出信号#71 *** 3YmQMxZNPC... 卖出$367.98 (tx=3U2vA2qo31HP...)
[23:17:14] *** 操盘方钱包卖出信号#72 *** 9T2u3hBqgV... 卖出$363.91 (tx=2iziErf3GbPr...)
[23:17:54] *** 操盘方钱包卖出信号#73 *** 3YmQMxZNPC... 卖出$366.55 (tx=sUZqWzmziBFk...)
[23:17:54] *** 操盘方钱包卖出信号#74 *** 9T2u3hBqgV... 卖出$368.70 (tx=46WBxnAcNSBe...)
[23:17:54] *** 操盘方钱包卖出信号#75 *** 3YmQMxZNPC... 卖出$369.75 (tx=bX9r3PYSXHVq...)
[23:18:25] *** 操盘方钱包卖出信号#76 *** 3YmQMxZNPC... 卖出$366.70 (tx=5Mz4fQp7MV7m...)
[23:19:02] *** 操盘方钱包卖出信号#77 *** 9T2u3hBqgV... 卖出$366.84 (tx=4mYjeJrrMxdB...)
[23:19:02] *** 操盘方钱包卖出信号#78 *** 3YmQMxZNPC... 卖出$371.41 (tx=erer9E8h7piN...)
[23:19:02] *** 操盘方钱包卖出信号#79 *** 9T2u3hBqgV... 卖出$369.70 (tx=2JoWVvBzYRqn...)
[23:19:02] *** 操盘方钱包卖出信号#80 *** 3YmQMxZNPC... 卖出$364.21 (tx=2cpg3Y2vTxR6...)
[23:19:42] *** 操盘方钱包卖出信号#81 *** 9T2u3hBqgV... 卖出$364.55 (tx=2V99BtY7LdyW...)
[23:19:42] *** 操盘方钱包卖出信号#82 *** 3YmQMxZNPC... 卖出$364.26 (tx=4XYuRaiGiuxi...)
[23:19:42] *** 操盘方钱包卖出信号#83 *** 9T2u3hBqgV... 卖出$369.93 (tx=f1sMTxhKUcu4...)
[23:19:42] *** 操盘方钱包卖出信号#84 *** 3YmQMxZNPC... 卖出$364.52 (tx=91jKvPDu8a1A...)
[23:19:42] *** 操盘方钱包卖出信号#85 *** 9T2u3hBqgV... 卖出$367.14 (tx=3Poq9VU2czqq...)
[23:20:13] *** 操盘方钱包卖出信号#86 *** 3YmQMxZNPC... 卖出$367.74 (tx=5f866is8CHY1...)
[23:20:13] *** 操盘方钱包卖出信号#87 *** 9T2u3hBqgV... 卖出$370.33 (tx=45e1yK8oZVFQ...)
[23:20:13] *** 操盘方钱包卖出信号#88 *** 3YmQMxZNPC... 卖出$367.86 (tx=2w13vqe4C3QS...)
[23:20:51] *** 操盘方钱包卖出信号#89 *** 9T2u3hBqgV... 卖出$368.60 (tx=Y2AF4QA5AkwA...)
[23:20:51] *** 操盘方钱包卖出信号#90 *** 3YmQMxZNPC... 卖出$366.58 (tx=waG8jKShmNtj...)
[23:20:51] *** 操盘方钱包卖出信号#91 *** 9T2u3hBqgV... 卖出$370.43 (tx=3GvjXD1LWGYB...)
[23:20:51] *** 操盘方钱包卖出信号#92 *** 3YmQMxZNPC... 卖出$372.89 (tx=2veHkGdvbjvg...)
[23:20:51] *** 操盘方钱包卖出信号#93 *** 9T2u3hBqgV... 卖出$374.20 (tx=2rNUMD6rvTSj...)
[23:20:51] *** 操盘方钱包卖出信号#94 *** 3YmQMxZNPC... 卖出$364.98 (tx=4mx5RAYqhHrE...)
[23:21:25] *** 操盘方钱包卖出信号#95 *** 9T2u3hBqgV... 卖出$367.21 (tx=3VQg5PcjyH19...)
[23:21:25] *** 操盘方钱包卖出信号#96 *** 3YmQMxZNPC... 卖出$369.32 (tx=nDBsSPvzrp7z...)
[23:21:25] *** 操盘方钱包卖出信号#97 *** 9T2u3hBqgV... 卖出$367.22 (tx=4YLWvut6FCG3...)
[23:21:25] *** 操盘方钱包卖出信号#98 *** 3YmQMxZNPC... 卖出$362.48 (tx=4jjYR2DdDMSs...)
[23:22:02] *** 操盘方钱包卖出信号#99 *** 9T2u3hBqgV... 卖出$371.41 (tx=4Un9LwSFuxv7...)
[23:22:02] *** 操盘方钱包卖出信号#100 *** 9T2u3hBqgV... 卖出$367.70 (tx=2J9wDtcfCsgp...)
[23:22:02] *** 操盘方钱包卖出信号#101 *** 3YmQMxZNPC... 卖出$375.50 (tx=41oQCP4tUwij...)
[23:22:02] *** 操盘方钱包卖出信号#102 *** 9T2u3hBqgV... 卖出$369.89 (tx=4wWjnXyy7qyF...)
[23:22:02] *** 操盘方钱包卖出信号#103 *** 3YmQMxZNPC... 卖出$364.57 (tx=5ZkoXk5SzYo2...)
[23:23:18] *** 操盘方钱包卖出信号#104 *** 9T2u3hBqgV... 卖出$364.55 (tx=djKD8TsLuugv...)
[23:23:18] *** 操盘方钱包卖出信号#105 *** 3YmQMxZNPC... 卖出$368.84 (tx=2Vu2tkMLf872...)
[23:23:18] *** 操盘方钱包卖出信号#106 *** 9T2u3hBqgV... 卖出$375.43 (tx=5hV7L6ftDBWG...)
[23:23:18] *** 操盘方钱包卖出信号#107 *** 3YmQMxZNPC... 卖出$367.81 (tx=3vy7vPWXeCTf...)
[23:23:18] *** 操盘方钱包卖出信号#108 *** 9T2u3hBqgV... 卖出$367.89 (tx=3CnCWH6MWvkV...)
[23:23:18] *** 操盘方钱包卖出信号#109 *** 3YmQMxZNPC... 卖出$367.97 (tx=4SuK6qVfmj1g...)
[23:23:18] *** 操盘方钱包卖出信号#110 *** 9T2u3hBqgV... 卖出$370.57 (tx=ouZe9hcuXky9...)
[23:23:18] *** 操盘方钱包卖出信号#111 *** 3YmQMxZNPC... 卖出$375.83 (tx=5btpNqcyN9cw...)
[23:23:50] *** 操盘方钱包卖出信号#112 *** 9T2u3hBqgV... 卖出$372.59 (tx=3rfBCwcpuZo4...)
[23:23:50] *** 操盘方钱包卖出信号#113 *** 3YmQMxZNPC... 卖出$365.79 (tx=5YeA5t1Xwiuj...)
[23:23:50] *** 操盘方钱包卖出信号#114 *** 9T2u3hBqgV... 卖出$364.80 (tx=2rq4v17onJ4U...)
[23:24:27] *** 操盘方钱包卖出信号#115 *** 3YmQMxZNPC... 卖出$374.89 (tx=4X6aCGsdpGuF...)
[23:24:27] *** 操盘方钱包卖出信号#116 *** 3YmQMxZNPC... 卖出$369.34 (tx=3HEjC7ckH28c...)
[23:24:27] *** 操盘方钱包卖出信号#117 *** 9T2u3hBqgV... 卖出$367.30 (tx=2fM99vnkfqUr...)
[23:25:01] *** 操盘方钱包卖出信号#118 *** 3YmQMxZNPC... 卖出$368.68 (tx=5YKMQKvk7Kv5...)
[23:25:01] *** 操盘方钱包卖出信号#119 *** 9T2u3hBqgV... 卖出$371.29 (tx=4kKCd7X8wGWe...)
[23:25:38] *** 操盘方钱包卖出信号#120 *** 3YmQMxZNPC... 卖出$371.46 (tx=2kb333NKKQEq...)
[23:25:38] *** 操盘方钱包卖出信号#121 *** 9T2u3hBqgV... 卖出$364.77 (tx=65z4niofau9H...)
[23:26:18] *** 操盘方钱包卖出信号#122 *** 3YmQMxZNPC... 卖出$366.73 (tx=5YbyN93AK1Mq...)
[23:26:18] *** 操盘方钱包卖出信号#123 *** 9T2u3hBqgV... 卖出$384.40 (tx=HnBCuwqaGh3i...)
[23:26:18] *** 操盘方钱包卖出信号#124 *** 3YmQMxZNPC... 卖出$371.95 (tx=4URJ6om9hXu8...)
[23:26:18] *** 操盘方钱包卖出信号#125 *** 9T2u3hBqgV... 卖出$373.65 (tx=5HSq8ihN3PpS...)
[23:26:49] *** 操盘方钱包卖出信号#126 *** 3YmQMxZNPC... 卖出$365.31 (tx=4Wo2TieQPSyy...)
[23:26:49] *** 操盘方钱包卖出信号#127 *** 9T2u3hBqgV... 卖出$366.67 (tx=43rnMP9ph8gV...)
[23:26:49] *** 操盘方钱包卖出信号#128 *** 9T2u3hBqgV... 卖出$365.41 (tx=482LQWG9QYL8...)
[23:27:26] *** 操盘方钱包卖出信号#129 *** 3YmQMxZNPC... 卖出$365.35 (tx=5CQqVzyxhWd2...)
[23:27:26] *** 操盘方钱包卖出信号#130 *** 9T2u3hBqgV... 卖出$373.93 (tx=4d49CPPs6YJq...)
[23:27:26] *** 操盘方钱包卖出信号#131 *** 3YmQMxZNPC... 卖出$368.01 (tx=CPZsesPZ2QLN...)
[23:27:26] *** 操盘方钱包卖出信号#132 *** 9T2u3hBqgV... 卖出$371.05 (tx=5Umd7PsAYTz5...)
