[23:11:58] === BKSxKPaE 高密度崩盘取证监控启动 ===
[23:11:58] 基线: 价格$0.00014206 流动性$25,718
[23:12:59] 价格$0.00015116  流动性$25,546(峰值$25,718)  已存档300笔逐笔  操盘方卖出比例=35.4%
[23:14:00] 价格$0.00012891  流动性$24,660(峰值$25,718)  已存档300笔逐笔
[23:15:00] 价格$0.00013002  流动性$24,660(峰值$25,718)  已存档300笔逐笔
[23:16:00] 价格$0.00012411  流动性$23,795(峰值$25,718)  已存档300笔逐笔
[23:17:01] 价格$0.00012411  流动性$23,795(峰值$25,718)  已存档300笔逐笔
[23:18:01] 价格$0.00012093  流动性$23,844(峰值$25,718)  已存档300笔逐笔  操盘方卖出比例=24.4%
[23:19:02] 价格$0.00012093  流动性$23,844(峰值$25,718)  已存档300笔逐笔
[23:20:02] 价格$0.00013311  流动性$26,228(峰值$26,228)  已存档300笔逐笔
[23:21:03] 价格$0.00012863  流动性$23,976(峰值$26,228)  已存档300笔逐笔
[23:22:03] 价格$0.00013136  流动性$25,263(峰值$26,228)  已存档300笔逐笔
[23:23:03] 价格$0.00013136  流动性$25,263(峰值$26,228)  已存档300笔逐笔  操盘方卖出比例=67.5%
[23:24:04] 价格$0.00012911  流动性$23,358(峰值$26,228)  已存档300笔逐笔
[23:25:04] 价格$0.00012911  流动性$23,358(峰值$26,228)  已存档300笔逐笔
[23:26:04] 价格$0.00014615  流动性$26,603(峰值$26,603)  已存档300笔逐笔
[23:27:04] 价格$0.00014615  流动性$26,603(峰值$26,603)  已存档300笔逐笔
[23:28:05] 价格$0.00010472  流动性$23,983(峰值$26,603)  已存档300笔逐笔  操盘方卖出比例=100.0%
[23:29:05] 价格$0.00006066  流动性$21,598(峰值$26,603)  已存档300笔逐笔
[23:30:06] 价格$0.00006066  流动性$21,598(峰值$26,603)  已存档300笔逐笔
[23:31:06] 价格$0.00016832  流动性$28,854(峰值$28,854)  已存档300笔逐笔
[23:32:06] 价格$0.00016832  流动性$28,854(峰值$28,854)  已存档300笔逐笔
[23:33:07] 价格$0.00012634  流动性$25,022(峰值$28,854)  已存档300笔逐笔  操盘方卖出比例=100.0%
[23:34:07] 价格$0.00009773  流动性$22,481(峰值$28,854)  已存档300笔逐笔
[23:35:08] 价格$0.00000149  流动性$1,674(峰值$28,854)  已存档300笔逐笔
[23:35:08] *** 流动性暴跌,疑似崩盘发生! 立刻加密取证 ***
[23:35:09] 崩盘时刻快照: 价格$0.00000149 流动性$1,674 操盘方卖出比例=1.0
[23:35:09] === 监控结束(崩盘=是) ===
