[19:17:42] === 开始盯防4个已知操盘方钱包的卖出动作 ===
[19:19:13] *** 操盘方钱包卖出信号#1 *** 4EkHmKGfer... 卖出$366.26 (tx=2xf84AvNjEYL...)
[19:19:13] *** 操盘方钱包卖出信号#2 *** 4EkHmKGfer... 卖出$379.59 (tx=4euQd7MSDv5U...)
[19:19:13] *** 操盘方钱包卖出信号#3 *** 4EkHmKGfer... 卖出$368.78 (tx=2jVtdHCJYT6s...)
[19:19:13] *** 操盘方钱包卖出信号#4 *** 4EkHmKGfer... 卖出$377.37 (tx=21kNy2pxEmvS...)
[19:19:13] *** 操盘方钱包卖出信号#5 *** 4EkHmKGfer... 卖出$369.33 (tx=dzAUjhBrr5RV...)
[19:19:13] *** 操盘方钱包卖出信号#6 *** 4EkHmKGfer... 卖出$376.37 (tx=3N4AnsGCB4c6...)
[19:19:13] *** 操盘方钱包卖出信号#7 *** 4EkHmKGfer... 卖出$376.30 (tx=3p7DCzs4N8wk...)
[19:19:13] *** 操盘方钱包卖出信号#8 *** 4EkHmKGfer... 卖出$365.87 (tx=5b5hnMXrqir4...)
[19:19:13] *** 操盘方钱包卖出信号#9 *** 4EkHmKGfer... 卖出$370.96 (tx=4kfHnJhhgLWP...)
[19:19:13] *** 操盘方钱包卖出信号#10 *** 4EkHmKGfer... 卖出$343.14 (tx=3fFUDvRv7DXs...)
[19:19:13] *** 操盘方钱包卖出信号#11 *** 4EkHmKGfer... 卖出$371.73 (tx=4Lh1HnGxNFty...)
[19:19:13] *** 操盘方钱包卖出信号#12 *** 4EkHmKGfer... 卖出$369.66 (tx=4MaEU7Mym8tm...)
[19:19:13] *** 操盘方钱包卖出信号#13 *** 4EkHmKGfer... 卖出$380.69 (tx=4AzcC4tyNhXP...)
[19:19:13] *** 操盘方钱包卖出信号#14 *** 4EkHmKGfer... 卖出$372.24 (tx=21D6nkVo7rrb...)
[19:19:13] *** 操盘方钱包卖出信号#15 *** 4EkHmKGfer... 卖出$373.65 (tx=324yje5BLjRA...)
[19:19:37] *** 操盘方钱包卖出信号#16 *** 4EkHmKGfer... 卖出$369.30 (tx=Ywe1oMUJZoWJ...)
[19:19:37] *** 操盘方钱包卖出信号#17 *** 4EkHmKGfer... 卖出$374.61 (tx=3xbBviNhjxKE...)
[19:19:37] *** 操盘方钱包卖出信号#18 *** 4EkHmKGfer... 卖出$347.53 (tx=49RnvcTSdwbx...)
[19:19:37] *** 操盘方钱包卖出信号#19 *** 4EkHmKGfer... 卖出$326.92 (tx=44NrMHrSrjT7...)
[19:19:37] *** 操盘方钱包卖出信号#20 *** 4EkHmKGfer... 卖出$366.30 (tx=44hPwdJQWyyW...)
[19:20:14] *** 操盘方钱包卖出信号#21 *** 4EkHmKGfer... 卖出$378.79 (tx=6358fcy12Pcn...)
[19:20:14] *** 操盘方钱包卖出信号#22 *** 4EkHmKGfer... 卖出$376.50 (tx=e2WYgSMnrEW2...)
[19:20:14] *** 操盘方钱包卖出信号#23 *** 4EkHmKGfer... 卖出$374.60 (tx=3tq8ZUU5jg1p...)
[19:20:14] *** 操盘方钱包卖出信号#24 *** 4EkHmKGfer... 卖出$365.90 (tx=hsZNSMR5H9iZ...)
[19:20:14] *** 操盘方钱包卖出信号#25 *** 4EkHmKGfer... 卖出$378.49 (tx=39F5D8j3UJTV...)
[19:20:14] *** 操盘方钱包卖出信号#26 *** 4EkHmKGfer... 卖出$341.63 (tx=5dXqFyZakY2h...)
[19:20:14] *** 操盘方钱包卖出信号#27 *** 4EkHmKGfer... 卖出$365.98 (tx=4Xt7mA2j3A8z...)
[19:20:14] *** 操盘方钱包卖出信号#28 *** 4EkHmKGfer... 卖出$373.11 (tx=46MgFf2P24ZP...)
[19:20:51] *** 操盘方钱包卖出信号#29 *** 4EkHmKGfer... 卖出$369.63 (tx=3gj8YR5b1wca...)
[19:21:31] *** 操盘方钱包卖出信号#30 *** 4EkHmKGfer... 卖出$368.31 (tx=DV8SEz8qb6YV...)
[19:21:31] *** 操盘方钱包卖出信号#31 *** 4EkHmKGfer... 卖出$365.67 (tx=31sfTabmpVS3...)
[19:21:31] *** 操盘方钱包卖出信号#32 *** 4EkHmKGfer... 卖出$369.87 (tx=51iNRWsxtQbM...)
[19:21:31] *** 操盘方钱包卖出信号#33 *** 4EkHmKGfer... 卖出$366.14 (tx=5cWZu9VJo8GL...)
[19:21:31] *** 操盘方钱包卖出信号#34 *** 4EkHmKGfer... 卖出$374.59 (tx=3jCGmXvajeyd...)
[19:21:31] *** 操盘方钱包卖出信号#35 *** 4EkHmKGfer... 卖出$365.51 (tx=2nTmri9amka9...)
[19:21:31] *** 操盘方钱包卖出信号#36 *** 4EkHmKGfer... 卖出$371.10 (tx=2o378kg79TLg...)
[19:21:31] *** 操盘方钱包卖出信号#37 *** 4EkHmKGfer... 卖出$373.95 (tx=bFyz6FGZdttk...)
[19:22:38] *** 操盘方钱包卖出信号#38 *** 4EkHmKGfer... 卖出$369.10 (tx=555NXXnS2grj...)
[19:22:38] *** 操盘方钱包卖出信号#39 *** 4EkHmKGfer... 卖出$363.91 (tx=3BLkNsQVsNmb...)
[19:22:38] *** 操盘方钱包卖出信号#40 *** 4EkHmKGfer... 卖出$369.35 (tx=8RGmRAwrWsKt...)
[19:22:38] *** 操盘方钱包卖出信号#41 *** 4EkHmKGfer... 卖出$365.56 (tx=4EgsVy5GeCys...)
[19:22:38] *** 操盘方钱包卖出信号#42 *** 4EkHmKGfer... 卖出$373.88 (tx=4qK2kzLvxEi1...)
[19:22:38] *** 操盘方钱包卖出信号#43 *** 4EkHmKGfer... 卖出$378.89 (tx=5VqnsbBtZejv...)
[19:22:38] *** 操盘方钱包卖出信号#44 *** 4EkHmKGfer... 卖出$369.34 (tx=2HahHFjBdnZS...)
[19:22:38] *** 操盘方钱包卖出信号#45 *** 4EkHmKGfer... 卖出$370.41 (tx=4rNzHuCACxqE...)
[19:22:38] *** 操盘方钱包卖出信号#46 *** 4EkHmKGfer... 卖出$165.84 (tx=2XjQanyDa4C1...)
[19:22:38] *** 操盘方钱包卖出信号#47 *** 4EkHmKGfer... 卖出$370.31 (tx=34VYVkkAVPqL...)
[19:22:38] *** 操盘方钱包卖出信号#48 *** 4EkHmKGfer... 卖出$370.93 (tx=2hCTSWAuZ4gp...)
[19:23:15] *** 操盘方钱包卖出信号#49 *** 4EkHmKGfer... 卖出$368.41 (tx=5BuVpsRguQcZ...)
[19:23:15] *** 操盘方钱包卖出信号#50 *** 4EkHmKGfer... 卖出$373.01 (tx=2cRB6QcwGaCw...)
[19:23:15] *** 操盘方钱包卖出信号#51 *** 4EkHmKGfer... 卖出$373.51 (tx=5PdUaHGf678h...)
[19:23:55] *** 操盘方钱包卖出信号#52 *** 4EkHmKGfer... 卖出$372.48 (tx=4SWARftcDdXy...)
[19:23:55] *** 操盘方钱包卖出信号#53 *** 4EkHmKGfer... 卖出$365.58 (tx=YtDNg2QQo2nq...)
[19:23:55] *** 操盘方钱包卖出信号#54 *** 4EkHmKGfer... 卖出$133.64 (tx=3hPdhZjhfg16...)
[19:23:55] *** 操盘方钱包卖出信号#55 *** 4EkHmKGfer... 卖出$116.99 (tx=3mK8eBLvxcxU...)
[19:23:55] *** 操盘方钱包卖出信号#56 *** 4EkHmKGfer... 卖出$365.55 (tx=4b5rqDit3hJ6...)
[19:23:55] *** 操盘方钱包卖出信号#57 *** 4EkHmKGfer... 卖出$169.87 (tx=3oaTB4jcgs7b...)
[19:23:55] *** 操盘方钱包卖出信号#58 *** 4EkHmKGfer... 卖出$157.66 (tx=21fzSyBJvmmK...)
[19:23:55] *** 操盘方钱包卖出信号#59 *** 4EkHmKGfer... 卖出$355.23 (tx=3FEXswAcZnX7...)
[19:24:25] *** 操盘方钱包卖出信号#60 *** 4EkHmKGfer... 卖出$156.27 (tx=5DT2dUZPr2Dw...)
[19:24:25] *** 操盘方钱包卖出信号#61 *** 4EkHmKGfer... 卖出$376.07 (tx=2kp8uZL2vztM...)
[19:24:25] *** 操盘方钱包卖出信号#62 *** 4EkHmKGfer... 卖出$371.11 (tx=3xHvu4NWeAgu...)
[19:24:25] *** 操盘方钱包卖出信号#63 *** 4EkHmKGfer... 卖出$376.80 (tx=5HG5HrQChiF6...)
[19:24:25] *** 操盘方钱包卖出信号#64 *** 4EkHmKGfer... 卖出$377.66 (tx=5KMNpqUataYt...)
[19:24:25] *** 操盘方钱包卖出信号#65 *** 4EkHmKGfer... 卖出$369.21 (tx=xxzR5Mr9nYag...)
[19:25:38] *** 操盘方钱包卖出信号#66 *** 4EkHmKGfer... 卖出$369.50 (tx=2rmmjnh3rf2A...)
[19:25:38] *** 操盘方钱包卖出信号#67 *** 4EkHmKGfer... 卖出$369.57 (tx=4ZUegSA1zGec...)
[19:25:38] *** 操盘方钱包卖出信号#68 *** 4EkHmKGfer... 卖出$371.16 (tx=5x1g3m1XqYPE...)
[19:25:38] *** 操盘方钱包卖出信号#69 *** 4EkHmKGfer... 卖出$370.36 (tx=2Kjs2gMoaJjd...)
[19:25:38] *** 操盘方钱包卖出信号#70 *** 4EkHmKGfer... 卖出$128.62 (tx=4VHFhQs5PH7D...)
[19:25:38] *** 操盘方钱包卖出信号#71 *** D2G8sutmoS... 卖出$585.72 (tx=65vMkEDeSfFY...)
[19:25:38] *** 操盘方钱包卖出信号#72 *** D2G8sutmoS... 卖出$361.23 (tx=3MEMRDpFtZ6L...)
[19:25:38] *** 操盘方钱包卖出信号#73 *** D2G8sutmoS... 卖出$344.91 (tx=21T1st7kZ8T1...)
[19:25:38] *** 操盘方钱包卖出信号#74 *** D2G8sutmoS... 卖出$372.74 (tx=5CQimhNrrA4C...)
[19:25:38] *** 操盘方钱包卖出信号#75 *** D2G8sutmoS... 卖出$376.81 (tx=X7Aq8yHnqoif...)
[19:25:38] *** 操盘方钱包卖出信号#76 *** D2G8sutmoS... 卖出$373.81 (tx=2bGCDpR5rrWu...)
[19:26:19] *** 操盘方钱包卖出信号#77 *** D2G8sutmoS... 卖出$377.11 (tx=48jdRBZYQJkH...)
[19:26:19] *** 操盘方钱包卖出信号#78 *** D2G8sutmoS... 卖出$368.68 (tx=3AhxtXuBrpFC...)
[19:26:19] *** 操盘方钱包卖出信号#79 *** D2G8sutmoS... 卖出$375.65 (tx=72a5vShBMkpQ...)
[19:26:19] *** 操盘方钱包卖出信号#80 *** D2G8sutmoS... 卖出$373.30 (tx=3K1szZq2Bqrq...)
[19:26:19] *** 操盘方钱包卖出信号#81 *** D2G8sutmoS... 卖出$365.88 (tx=2Sm3iE9ac516...)
[19:26:19] *** 操盘方钱包卖出信号#82 *** D2G8sutmoS... 卖出$374.05 (tx=2zRQEwo3Rxrr...)
[19:27:25] *** 操盘方钱包卖出信号#83 *** D2G8sutmoS... 卖出$370.01 (tx=49Fmxnf4zcLj...)
[19:27:25] *** 操盘方钱包卖出信号#84 *** D2G8sutmoS... 卖出$369.19 (tx=cU8LXzfJC1U3...)
[19:27:25] *** 操盘方钱包卖出信号#85 *** D2G8sutmoS... 卖出$369.18 (tx=3VoAoqkb9qdb...)
[19:27:25] *** 操盘方钱包卖出信号#86 *** D2G8sutmoS... 卖出$366.15 (tx=3uqnfKGe7F49...)
[19:27:25] *** 操盘方钱包卖出信号#87 *** D2G8sutmoS... 卖出$353.18 (tx=2QAL8mkWsXMA...)
[19:27:25] *** 操盘方钱包卖出信号#88 *** D2G8sutmoS... 卖出$368.67 (tx=3Cc7Fs5idNNm...)
[19:27:25] *** 操盘方钱包卖出信号#89 *** D2G8sutmoS... 卖出$372.63 (tx=2tv9xb9jL4dy...)
[19:27:25] *** 操盘方钱包卖出信号#90 *** D2G8sutmoS... 卖出$369.11 (tx=5J5UPgTBCucz...)
[19:27:25] *** 操盘方钱包卖出信号#91 *** D2G8sutmoS... 卖出$368.89 (tx=4YEYQQyKPjU5...)
[19:27:25] *** 操盘方钱包卖出信号#92 *** D2G8sutmoS... 卖出$373.87 (tx=3yDQ4azHDz99...)
[19:27:25] *** 操盘方钱包卖出信号#93 *** D2G8sutmoS... 卖出$370.49 (tx=yG3MVVfyNC9s...)
[19:27:25] *** 操盘方钱包卖出信号#94 *** D2G8sutmoS... 卖出$365.51 (tx=2Hz1Wqtdqt3v...)
[19:27:25] *** 操盘方钱包卖出信号#95 *** D2G8sutmoS... 卖出$363.77 (tx=2HiTCCLacsj1...)
[19:27:25] *** 操盘方钱包卖出信号#96 *** D2G8sutmoS... 卖出$372.77 (tx=2FtnvdUATjK8...)
[19:28:02] *** 操盘方钱包卖出信号#97 *** D2G8sutmoS... 卖出$374.92 (tx=2ryhkhi1R4z6...)
[19:28:02] *** 操盘方钱包卖出信号#98 *** D2G8sutmoS... 卖出$364.76 (tx=3ZJwshhsMB8M...)
[19:28:02] *** 操盘方钱包卖出信号#99 *** D2G8sutmoS... 卖出$368.92 (tx=x2eNMy9qtEmB...)
[19:28:02] *** 操盘方钱包卖出信号#100 *** D2G8sutmoS... 卖出$378.14 (tx=CWm8zPQjKEj2...)
[19:28:02] *** 操盘方钱包卖出信号#101 *** D2G8sutmoS... 卖出$376.75 (tx=5svxaWkBh3JU...)
[19:28:42] *** 操盘方钱包卖出信号#102 *** D2G8sutmoS... 卖出$370.99 (tx=bwJftuxWn1xD...)
[19:28:42] *** 操盘方钱包卖出信号#103 *** D2G8sutmoS... 卖出$370.68 (tx=5c7hScbXMApX...)
[19:28:42] *** 操盘方钱包卖出信号#104 *** D2G8sutmoS... 卖出$373.95 (tx=51vGG3hefeWb...)
[19:28:42] *** 操盘方钱包卖出信号#105 *** D2G8sutmoS... 卖出$366.08 (tx=nEP3FJXStbaW...)
[19:28:42] *** 操盘方钱包卖出信号#106 *** D2G8sutmoS... 卖出$121.71 (tx=3QEMQavRgQJ7...)
[19:28:42] *** 操盘方钱包卖出信号#107 *** D2G8sutmoS... 卖出$380.25 (tx=2UtvPErGLe4g...)
[19:29:55] *** 操盘方钱包卖出信号#108 *** D2G8sutmoS... 卖出$377.60 (tx=29A2hc24YRh3...)
[19:29:55] *** 操盘方钱包卖出信号#109 *** D2G8sutmoS... 卖出$372.20 (tx=3VFoz3mDkucA...)
[19:29:55] *** 操盘方钱包卖出信号#110 *** D2G8sutmoS... 卖出$371.29 (tx=hwejswwqtVak...)
[19:29:55] *** 操盘方钱包卖出信号#111 *** D2G8sutmoS... 卖出$366.25 (tx=4RuYyKxRL1d2...)
[19:29:55] *** 操盘方钱包卖出信号#112 *** D2G8sutmoS... 卖出$373.63 (tx=4oKx3zJN5UgE...)
[19:29:55] *** 操盘方钱包卖出信号#113 *** D2G8sutmoS... 卖出$365.80 (tx=3jSfD2oU61Hs...)
[19:29:55] *** 操盘方钱包卖出信号#114 *** D2G8sutmoS... 卖出$366.00 (tx=4NTua3MS8vCC...)
[19:29:55] *** 操盘方钱包卖出信号#115 *** D2G8sutmoS... 卖出$380.30 (tx=MMEmr4FNCsxc...)
[19:29:55] *** 操盘方钱包卖出信号#116 *** D2G8sutmoS... 卖出$369.48 (tx=66Paqiq5h2Ze...)
[19:29:55] *** 操盘方钱包卖出信号#117 *** D2G8sutmoS... 卖出$371.12 (tx=2YRuE41xmrPf...)
[19:31:03] *** 操盘方钱包卖出信号#118 *** D2G8sutmoS... 卖出$365.38 (tx=BbGXvgoK6qyW...)
[19:31:03] *** 操盘方钱包卖出信号#119 *** D2G8sutmoS... 卖出$190.93 (tx=4j18dN7aiD9m...)
