[16:21:32] === 开始盯防38个已知操盘方钱包的卖出动作 ===
[16:22:13] *** 操盘方钱包卖出信号#1 *** CC1Vo9y918... 卖出$306.98 (tx=4cDQKeCkFjrt...)
[16:22:13] *** 操盘方钱包卖出信号#2 *** 3ct4z3q2XH... 卖出$104.95 (tx=3PBz8auAZjSi...)
[16:23:12] *** 操盘方钱包卖出信号#3 *** 8SbBvV92Aw... 卖出$151.73 (tx=64xoVzRnB6oK...)
[16:23:51] *** 操盘方钱包卖出信号#4 *** 8SbBvV92Aw... 卖出$149.38 (tx=oNtwJekN2oWq...)
[16:23:51] *** 操盘方钱包卖出信号#5 *** GkbCG9BGtj... 卖出$212.62 (tx=4zGYPaZbPgif...)
[16:26:14] *** 操盘方钱包卖出信号#6 *** CyCsWD3AEi... 卖出$246.77 (tx=WuhPkC6UFSWS...)
[16:26:51] *** 操盘方钱包卖出信号#7 *** 69pSgYcnzq... 卖出$97.69 (tx=3Ym5aPHqCaY2...)
[16:27:31] *** 操盘方钱包卖出信号#8 *** 69pSgYcnzq... 卖出$79.66 (tx=4XWD5BPgc2PP...)
[16:27:31] *** 操盘方钱包卖出信号#9 *** 69pSgYcnzq... 卖出$57.71 (tx=2bQ4uNW5CG7K...)
[16:27:31] *** 操盘方钱包卖出信号#10 *** 69pSgYcnzq... 卖出$99.44 (tx=LJmdUK2V3aDC...)
[16:28:02] *** 操盘方钱包卖出信号#11 *** 69pSgYcnzq... 卖出$117.65 (tx=5ED8HmkamRMu...)
[16:28:02] *** 操盘方钱包卖出信号#12 *** 84JLAboHoG... 卖出$32.98 (tx=3xHrk9jWeGny...)
[16:28:02] *** 操盘方钱包卖出信号#13 *** DYLiweAPw8... 卖出$104.71 (tx=pc1CzyZr22oN...)
[16:28:02] *** 操盘方钱包卖出信号#14 *** 84JLAboHoG... 卖出$33.14 (tx=5nZn6pCCDaKV...)
[16:28:02] *** 操盘方钱包卖出信号#15 *** DYLiweAPw8... 卖出$105.23 (tx=5pANmcJcosvH...)
[16:28:02] *** 操盘方钱包卖出信号#16 *** 84JLAboHoG... 卖出$29.29 (tx=2v7GfK1A6uRo...)
[16:28:02] *** 操盘方钱包卖出信号#17 *** DYLiweAPw8... 卖出$97.26 (tx=2W7xdikt9SQJ...)
[16:28:02] *** 操盘方钱包卖出信号#18 *** 84JLAboHoG... 卖出$29.92 (tx=4D7hVw5wWubb...)
[16:28:02] *** 操盘方钱包卖出信号#19 *** 84JLAboHoG... 卖出$28.32 (tx=2PjMqVjQwS47...)
[16:28:02] *** 操盘方钱包卖出信号#20 *** 84JLAboHoG... 卖出$29.98 (tx=5msCcbhXC6VD...)
[16:28:02] *** 操盘方钱包卖出信号#21 *** DYLiweAPw8... 卖出$93.09 (tx=BCuPGgb2H7bg...)
[16:28:02] *** 操盘方钱包卖出信号#22 *** DYLiweAPw8... 卖出$91.68 (tx=2Uhsqznqyr1t...)
[16:28:02] *** 操盘方钱包卖出信号#23 *** DYLiweAPw8... 卖出$95.04 (tx=28E3Gj7QYM7M...)
[16:28:02] *** 操盘方钱包卖出信号#24 *** 84JLAboHoG... 卖出$43.38 (tx=4hzp1XSNFc5g...)
[16:28:02] *** 操盘方钱包卖出信号#25 *** DYLiweAPw8... 卖出$141.46 (tx=2hq8BWzHGYwQ...)
[16:28:02] *** 操盘方钱包卖出信号#26 *** DYLiweAPw8... 卖出$146.00 (tx=2fbN9A2PeHUN...)
[16:28:02] *** 操盘方钱包卖出信号#27 *** 84JLAboHoG... 卖出$44.76 (tx=5on1NakUUXvp...)
[16:28:38] *** 操盘方钱包卖出信号#28 *** CC1Vo9y918... 卖出$76.61 (tx=2raw3HmokX7U...)
[16:28:38] *** 操盘方钱包卖出信号#29 *** DYLiweAPw8... 卖出$123.54 (tx=4MFu1jCRaRH9...)
[16:28:38] *** 操盘方钱包卖出信号#30 *** 84JLAboHoG... 卖出$37.98 (tx=GcoNhpQPhhc7...)
[16:29:06] *** 操盘方钱包卖出信号#31 *** 8SbBvV92Aw... 卖出$147.39 (tx=492HaPomHY7h...)
[16:29:06] *** 操盘方钱包卖出信号#32 *** 3ct4z3q2XH... 卖出$115.65 (tx=2RrHkiAYKvGk...)
[16:29:06] *** 操盘方钱包卖出信号#33 *** 8SbBvV92Aw... 卖出$148.47 (tx=HWJGZJeBoiVQ...)
[16:29:38] *** 操盘方钱包卖出信号#34 *** 8SbBvV92Aw... 卖出$154.71 (tx=RQ7zWmpqzn3N...)
[16:29:38] *** 操盘方钱包卖出信号#35 *** DYLiweAPw8... 卖出$356.98 (tx=eb18HAJUcofW...)
[16:29:38] *** 操盘方钱包卖出信号#36 *** 84JLAboHoG... 卖出$117.03 (tx=3PW4MQ4MRjfE...)
[16:29:38] *** 操盘方钱包卖出信号#37 *** 3ct4z3q2XH... 卖出$78.54 (tx=3En3kRsMctFM...)
[16:29:38] *** 操盘方钱包卖出信号#38 *** 8SbBvV92Aw... 卖出$148.70 (tx=5WtHniNF4hYd...)
[16:29:38] *** 操盘方钱包卖出信号#39 *** 8SbBvV92Aw... 卖出$147.58 (tx=67BZaPfzX5kg...)
[16:29:38] *** 操盘方钱包卖出信号#40 *** 3ct4z3q2XH... 卖出$104.81 (tx=3Uvucy52Pm5W...)
[16:31:30] *** 操盘方钱包卖出信号#41 *** 8SbBvV92Aw... 卖出$91.17 (tx=mqScMsWfaKdS...)
[16:31:30] *** 操盘方钱包卖出信号#42 *** 8SbBvV92Aw... 卖出$89.19 (tx=2gvPuf6jSjBW...)
[16:31:30] *** 操盘方钱包卖出信号#43 *** 3ct4z3q2XH... 卖出$99.55 (tx=3izQ6j3uDQ5g...)
[16:31:30] *** 操盘方钱包卖出信号#44 *** CC1Vo9y918... 卖出$51.69 (tx=4x7qtyfUfQ1Y...)
[16:31:30] *** 操盘方钱包卖出信号#45 *** CC1Vo9y918... 卖出$45.78 (tx=5NedQrLhzwaJ...)
[16:31:30] *** 操盘方钱包卖出信号#46 *** CC1Vo9y918... 卖出$43.08 (tx=4aGL3byxaseq...)
[16:31:30] *** 操盘方钱包卖出信号#47 *** CC1Vo9y918... 卖出$37.68 (tx=5KQ3GP9ZotzS...)
[16:31:30] *** 操盘方钱包卖出信号#48 *** CC1Vo9y918... 卖出$33.89 (tx=4Szf2j73n5YK...)
[16:32:43] *** 操盘方钱包卖出信号#49 *** CC1Vo9y918... 卖出$304.07 (tx=2xXyPkES8a9J...)
[16:32:43] *** 操盘方钱包卖出信号#50 *** 8SbBvV92Aw... 卖出$95.23 (tx=3cs8nQTSb5Ri...)
[16:32:43] *** 操盘方钱包卖出信号#51 *** 3ct4z3q2XH... 卖出$107.81 (tx=5kP7ySteQjTc...)
[16:33:15] *** 操盘方钱包卖出信号#52 *** 8SbBvV92Aw... 卖出$117.83 (tx=4oC65M3tbtqa...)
[16:33:15] *** 操盘方钱包卖出信号#53 *** 3ct4z3q2XH... 卖出$115.19 (tx=3YXWJFVcRse5...)
[16:34:31] *** 操盘方钱包卖出信号#54 *** 8SbBvV92Aw... 卖出$112.27 (tx=3CAh1emT71bj...)
[16:35:37] *** 操盘方钱包卖出信号#55 *** 8SbBvV92Aw... 卖出$151.75 (tx=2jBrEksA4k1c...)
[16:37:30] *** 操盘方钱包卖出信号#56 *** 8SbBvV92Aw... 卖出$149.53 (tx=KF1aniFefSi6...)
[16:39:14] *** 操盘方钱包卖出信号#57 *** C9mKhEAxcx... 卖出$254.37 (tx=4UTNXtNphY77...)
[16:39:14] *** 操盘方钱包卖出信号#58 *** C9mKhEAxcx... 卖出$74.44 (tx=3n2fnVJFruMV...)
[16:39:14] *** 操盘方钱包卖出信号#59 *** C9mKhEAxcx... 卖出$66.76 (tx=3McBLUarA8JV...)
[16:39:14] *** 操盘方钱包卖出信号#60 *** 6DzM6gqRTX... 卖出$312.59 (tx=QdUSsyfQSYqp...)
[16:39:14] *** 操盘方钱包卖出信号#61 *** CC1Vo9y918... 卖出$123.11 (tx=4LFgNe2diKVh...)
[16:40:27] *** 操盘方钱包卖出信号#62 *** 6DzM6gqRTX... 卖出$250.83 (tx=4NpJU36Kxg2V...)
[16:40:27] *** 操盘方钱包卖出信号#63 *** 6DzM6gqRTX... 卖出$226.57 (tx=4uKW2vssWUjq...)
[16:40:27] *** 操盘方钱包卖出信号#64 *** CC1Vo9y918... 卖出$76.64 (tx=E9XyGEsR9NLe...)
[16:40:27] *** 操盘方钱包卖出信号#65 *** CC1Vo9y918... 卖出$78.00 (tx=45fVGArQgotM...)
[16:40:27] *** 操盘方钱包卖出信号#66 *** CC1Vo9y918... 卖出$68.70 (tx=62ceBkvBB7bH...)
[16:40:27] *** 操盘方钱包卖出信号#67 *** CC1Vo9y918... 卖出$58.88 (tx=4Rc8b4tuhD58...)
[16:41:07] *** 操盘方钱包卖出信号#68 *** 8SbBvV92Aw... 卖出$222.36 (tx=215N3hPzoze8...)
[16:41:07] *** 操盘方钱包卖出信号#69 *** CC1Vo9y918... 卖出$47.63 (tx=3v3rMitfc7T4...)
[16:41:07] *** 操盘方钱包卖出信号#70 *** CC1Vo9y918... 卖出$44.23 (tx=21CYoBLWfCex...)
[16:41:07] *** 操盘方钱包卖出信号#71 *** CC1Vo9y918... 卖出$39.82 (tx=3xyt1HRipx52...)
[16:41:07] *** 操盘方钱包卖出信号#72 *** CC1Vo9y918... 卖出$343.37 (tx=3ePhZLDSXWpD...)
[16:41:37] *** 操盘方钱包卖出信号#73 *** C9mKhEAxcx... 卖出$167.58 (tx=65hbjQ9xqd5y...)
[16:41:37] *** 操盘方钱包卖出信号#74 *** C9mKhEAxcx... 卖出$125.76 (tx=53FBZ4wfCb6a...)
[16:41:37] *** 操盘方钱包卖出信号#75 *** C9mKhEAxcx... 卖出$91.82 (tx=4Ueg3kkN2Vjp...)
[16:41:37] *** 操盘方钱包卖出信号#76 *** 4pXUgXVZfX... 卖出$726.08 (tx=4EDsrymamXF7...)
[16:42:50] *** 操盘方钱包卖出信号#77 *** C9mKhEAxcx... 卖出$25.42 (tx=Ux8FZoYuFrtm...)
[16:42:50] *** 操盘方钱包卖出信号#78 *** 6DzM6gqRTX... 卖出$847.01 (tx=5FSivZHpqfi3...)
[16:42:50] *** 操盘方钱包卖出信号#79 *** 8SbBvV92Aw... 卖出$161.20 (tx=26LeM3g6gFn6...)
[16:44:03] *** 操盘方钱包卖出信号#80 *** 8SbBvV92Aw... 卖出$224.10 (tx=4Tevxif9g4UH...)
[16:45:55] *** 操盘方钱包卖出信号#81 *** 8SbBvV92Aw... 卖出$226.77 (tx=4gmtPvd8FcV7...)
[16:48:55] *** 操盘方钱包卖出信号#82 *** 8SbBvV92Aw... 卖出$230.37 (tx=2crrW31oHX4S...)
[16:48:55] *** 操盘方钱包卖出信号#83 *** 6DzM6gqRTX... 卖出$0.82 (tx=4ikKiJrjj9mx...)
[16:48:55] *** 操盘方钱包卖出信号#84 *** 6DzM6gqRTX... 卖出$72.36 (tx=4pwkzHtr7tgM...)
[16:48:55] *** 操盘方钱包卖出信号#85 *** 6DzM6gqRTX... 卖出$73.11 (tx=2s29WxFZ3WhD...)
[16:48:55] *** 操盘方钱包卖出信号#86 *** 6DzM6gqRTX... 卖出$75.45 (tx=2xis7sgChgTX...)
[16:48:55] *** 操盘方钱包卖出信号#87 *** 6DzM6gqRTX... 卖出$75.22 (tx=2kYx3uAPJqDh...)
[16:49:25] *** 操盘方钱包卖出信号#88 *** 6DzM6gqRTX... 卖出$73.70 (tx=4SpWGBv95zCa...)
[16:49:25] *** 操盘方钱包卖出信号#89 *** 6DzM6gqRTX... 卖出$74.49 (tx=5kXxySVEaFbU...)
[16:49:25] *** 操盘方钱包卖出信号#90 *** 6DzM6gqRTX... 卖出$73.83 (tx=3pG2NAaTKiki...)
[16:49:25] *** 操盘方钱包卖出信号#91 *** 6DzM6gqRTX... 卖出$72.66 (tx=4DL4FFsrE1f9...)
[16:49:25] *** 操盘方钱包卖出信号#92 *** 6DzM6gqRTX... 卖出$73.67 (tx=4waWrXFzGiGW...)
[16:49:25] *** 操盘方钱包卖出信号#93 *** 6DzM6gqRTX... 卖出$74.74 (tx=3BrySQCdjPGt...)
[16:49:25] *** 操盘方钱包卖出信号#94 *** 6DzM6gqRTX... 卖出$73.85 (tx=2FZgmyVZK6St...)
[16:49:25] *** 操盘方钱包卖出信号#95 *** 6DzM6gqRTX... 卖出$69.09 (tx=4HBbkR1JLWct...)
[16:49:25] *** 操盘方钱包卖出信号#96 *** 6DzM6gqRTX... 卖出$77.26 (tx=2gMfomqAdEH4...)
[16:49:25] *** 操盘方钱包卖出信号#97 *** 6DzM6gqRTX... 卖出$71.77 (tx=24KRAV6WTbVX...)
[16:49:25] *** 操盘方钱包卖出信号#98 *** 8SbBvV92Aw... 卖出$222.65 (tx=4jdRpPPGCk7P...)
[16:50:39] *** 操盘方钱包卖出信号#99 *** 8SbBvV92Aw... 卖出$294.39 (tx=4vuFjtjBS5q2...)
[16:51:19] *** 操盘方钱包卖出信号#100 *** 8SbBvV92Aw... 卖出$222.15 (tx=64fYYjzAR7Bh...)
[16:53:03] *** 操盘方钱包卖出信号#101 *** 8SbBvV92Aw... 卖出$226.35 (tx=4wkbW8idJf2k...)
[16:53:03] *** 操盘方钱包卖出信号#102 *** 3PpgE1PkUo... 卖出$43.12 (tx=5yzEoJ6MzJXH...)
[16:53:03] *** 操盘方钱包卖出信号#103 *** EkXxonwVB2... 卖出$26.00 (tx=5PZhxEqQL6Q8...)
[16:53:03] *** 操盘方钱包卖出信号#104 *** EkXxonwVB2... 卖出$22.61 (tx=5mtX4H8c1rjD...)
[16:53:03] *** 操盘方钱包卖出信号#105 *** 3PpgE1PkUo... 卖出$37.34 (tx=3wp648EPxQxK...)
[16:53:03] *** 操盘方钱包卖出信号#106 *** EkXxonwVB2... 卖出$19.19 (tx=3HRMKanQhozT...)
[16:53:03] *** 操盘方钱包卖出信号#107 *** 3PpgE1PkUo... 卖出$31.82 (tx=5HexxfzHTjPp...)
[16:53:03] *** 操盘方钱包卖出信号#108 *** EkXxonwVB2... 卖出$17.97 (tx=2VazgfsLnbU1...)
[16:53:03] *** 操盘方钱包卖出信号#109 *** 3PpgE1PkUo... 卖出$29.77 (tx=3pz6FbB4DYRC...)
[16:54:49] *** 操盘方钱包卖出信号#110 *** 8SbBvV92Aw... 卖出$199.40 (tx=2L4T63NpQStF...)
[16:58:15] *** 操盘方钱包卖出信号#111 *** 8SbBvV92Aw... 卖出$294.44 (tx=4GPMm12ecdMz...)
[16:58:55] *** 操盘方钱包卖出信号#112 *** 8SbBvV92Aw... 卖出$294.97 (tx=26i3WwU9S7ru...)
[17:00:02] *** 操盘方钱包卖出信号#113 *** D6kGjrt6y8... 卖出$444.11 (tx=62bQh6gztJsu...)
[17:00:02] *** 操盘方钱包卖出信号#114 *** 7nwA6FwhG8... 卖出$149.30 (tx=5uARFBwePSv8...)
[17:03:38] *** 操盘方钱包卖出信号#115 *** 8SbBvV92Aw... 卖出$257.12 (tx=5CubuHobvpy1...)
[17:04:54] *** 操盘方钱包卖出信号#116 *** 3PpgE1PkUo... 卖出$103.43 (tx=TfXVGr2pWsfv...)
[17:04:54] *** 操盘方钱包卖出信号#117 *** EkXxonwVB2... 卖出$84.08 (tx=2DSRyVRV5JWE...)
[17:04:54] *** 操盘方钱包卖出信号#118 *** EkXxonwVB2... 卖出$74.22 (tx=Lt4JeVLDJeEL...)
[17:04:54] *** 操盘方钱包卖出信号#119 *** 3PpgE1PkUo... 卖出$91.24 (tx=2rSRNqYYVzkn...)
[17:04:54] *** 操盘方钱包卖出信号#120 *** EkXxonwVB2... 卖出$64.58 (tx=FzBmw6DQDHts...)
[17:04:54] *** 操盘方钱包卖出信号#121 *** 3PpgE1PkUo... 卖出$79.34 (tx=4e7jc6Qfk5wb...)
[17:04:54] *** 操盘方钱包卖出信号#122 *** EkXxonwVB2... 卖出$56.18 (tx=4Ujr6rgBwB99...)
[17:04:54] *** 操盘方钱包卖出信号#123 *** 3PpgE1PkUo... 卖出$68.47 (tx=4uqz6p8BC23C...)
[17:04:54] *** 操盘方钱包卖出信号#124 *** 3PpgE1PkUo... 卖出$60.99 (tx=idypDGP7m74D...)
[17:04:54] *** 操盘方钱包卖出信号#125 *** EkXxonwVB2... 卖出$50.03 (tx=5Pcs46BSqeiJ...)
[17:04:54] *** 操盘方钱包卖出信号#126 *** 3PpgE1PkUo... 卖出$52.12 (tx=4xrA3CirQrYw...)
[17:04:54] *** 操盘方钱包卖出信号#127 *** EkXxonwVB2... 卖出$42.49 (tx=4nXU8PjtDeDX...)
[17:05:30] *** 操盘方钱包卖出信号#128 *** 3PpgE1PkUo... 卖出$46.16 (tx=3SF2d3vqfRmg...)
[17:05:30] *** 操盘方钱包卖出信号#129 *** EkXxonwVB2... 卖出$37.64 (tx=2c4ywudJ8uks...)
[17:05:30] *** 操盘方钱包卖出信号#130 *** 3PpgE1PkUo... 卖出$39.42 (tx=4BRupXJzP2Rf...)
[17:05:30] *** 操盘方钱包卖出信号#131 *** EkXxonwVB2... 卖出$32.29 (tx=4e4TSPEfq6RY...)
[17:05:30] *** 操盘方钱包卖出信号#132 *** 3PpgE1PkUo... 卖出$244.89 (tx=5gm7wKY5NoyS...)
[17:05:30] *** 操盘方钱包卖出信号#133 *** EkXxonwVB2... 卖出$197.50 (tx=5jm18UsUiMPD...)
[17:06:38] *** 操盘方钱包卖出信号#134 *** 8SbBvV92Aw... 卖出$223.06 (tx=3t8wWKv9fdmu...)
[17:06:38] *** 操盘方钱包卖出信号#135 *** 7nwA6FwhG8... 卖出$147.29 (tx=5q3aJKp8kWiH...)
[17:07:15] *** 操盘方钱包卖出信号#136 *** 8SbBvV92Aw... 卖出$263.74 (tx=4sApJmAzzALG...)
[17:07:15] *** 操盘方钱包卖出信号#137 *** 3ct4z3q2XH... 卖出$112.86 (tx=fvKUjc95RZo3...)
[17:07:15] *** 操盘方钱包卖出信号#138 *** 8SbBvV92Aw... 卖出$257.91 (tx=4SYNCkmuWB2w...)
[17:07:15] *** 操盘方钱包卖出信号#139 *** 2hnzy7aktp... 卖出$137.98 (tx=MPjv9FsTehxR...)
[17:07:54] *** 操盘方钱包卖出信号#140 *** 8SbBvV92Aw... 卖出$265.55 (tx=4xggquWRkzZY...)
[17:09:38] *** 操盘方钱包卖出信号#141 *** 8SbBvV92Aw... 卖出$262.49 (tx=3oJKyCxonvPg...)
[17:12:02] *** 操盘方钱包卖出信号#142 *** 8SbBvV92Aw... 卖出$222.30 (tx=3cv8ARvMTSvK...)
[17:13:19] *** 操盘方钱包卖出信号#143 *** 8SbBvV92Aw... 卖出$221.47 (tx=aKAURprCPort...)
[17:13:19] *** 操盘方钱包卖出信号#144 *** 8SbBvV92Aw... 卖出$228.53 (tx=3jftxb5uKX9n...)
[17:13:50] *** 操盘方钱包卖出信号#145 *** 8SbBvV92Aw... 卖出$221.32 (tx=3qA24Nxr5vEA...)
[17:15:06] *** 操盘方钱包卖出信号#146 *** 2hnzy7aktp... 卖出$361.17 (tx=vTjGwVb9uxqi...)
[17:16:14] *** 操盘方钱包卖出信号#147 *** 8SbBvV92Aw... 卖出$223.01 (tx=MTG4S8GZdT71...)
[17:16:14] *** 操盘方钱包卖出信号#148 *** 8SbBvV92Aw... 卖出$221.89 (tx=5RuXETFtrdLa...)
[17:16:50] *** 操盘方钱包卖出信号#149 *** 8SbBvV92Aw... 卖出$221.30 (tx=2qyf7WZSkPaP...)
[17:16:50] *** 操盘方钱包卖出信号#150 *** 8SbBvV92Aw... 卖出$221.13 (tx=5Ybey6mXoZZg...)
[17:16:50] *** 操盘方钱包卖出信号#151 *** 3ct4z3q2XH... 卖出$110.30 (tx=5t8FmKRGAxQu...)
[17:18:06] *** 操盘方钱包卖出信号#152 *** 8SbBvV92Aw... 卖出$221.56 (tx=txoyomTroetu...)
[17:21:43] *** 操盘方钱包卖出信号#153 *** 8SbBvV92Aw... 卖出$220.79 (tx=5MqG2ZvMpPSh...)
[17:21:43] === 监控结束,共153次操盘方卖出信号 ===
