[00:21:43] === CZuuungN 高密度崩盘取证监控启动 ===
[00:22:01] 基线: 价格$0.00000000 流动性$0
[00:23:02] 价格$0.01960081  流动性$318,414(峰值$318,414)  已存档300笔逐笔  操盘方卖出比例=0.0%
[00:24:02] 价格$0.01987585  流动性$319,576(峰值$319,576)  已存档300笔逐笔
[00:25:03] 价格$0.02012085  流动性$322,328(峰值$322,328)  已存档300笔逐笔
[00:26:03] 价格$0.02012085  流动性$322,328(峰值$322,328)  已存档300笔逐笔
[00:27:04] 价格$0.02055279  流动性$325,496(峰值$325,496)  已存档300笔逐笔
[00:28:04] 价格$0.02073431  流动性$327,366(峰值$327,366)  已存档300笔逐笔  操盘方卖出比例=95.3%
[00:29:05] 价格$0.02099189  流动性$329,724(峰值$329,724)  已存档300笔逐笔
[00:30:05] 价格$0.02099189  流动性$329,724(峰值$329,724)  已存档300笔逐笔
[00:31:05] 价格$0.02116989  流动性$330,819(峰值$330,819)  已存档300笔逐笔
[00:32:06] 价格$0.02120436  流动性$331,569(峰值$331,569)  已存档300笔逐笔
[00:33:06] 价格$0.02120719  流动性$331,563(峰值$331,569)  已存档300笔逐笔  操盘方卖出比例=17.8%
[00:34:06] 价格$0.02145208  流动性$333,313(峰值$333,313)  已存档300笔逐笔
[00:35:07] 价格$0.02145208  流动性$333,313(峰值$333,313)  已存档300笔逐笔
[00:36:07] 价格$0.02166181  流动性$334,705(峰值$334,705)  已存档300笔逐笔
[00:37:07] 价格$0.02172759  流动性$335,619(峰值$335,619)  已存档300笔逐笔
[00:38:07] 价格$0.02172759  流动性$335,619(峰值$335,619)  已存档300笔逐笔  操盘方卖出比例=10.3%
[00:39:08] 价格$0.02174686  流动性$336,718(峰值$336,718)  已存档300笔逐笔
[00:40:09] 价格$0.02203109  流动性$337,935(峰值$337,935)  已存档300笔逐笔
[00:41:09] 价格$0.02218146  流动性$337,771(峰值$337,935)  已存档300笔逐笔
[00:42:09] 价格$0.02218146  流动性$337,771(峰值$337,935)  已存档300笔逐笔
[00:43:10] 价格$0.02219763  流动性$339,941(峰值$339,941)  已存档300笔逐笔  操盘方卖出比例=9.2%
[00:44:10] 价格$0.02230885  流动性$340,700(峰值$340,700)  已存档300笔逐笔
[00:45:10] 价格$0.02239386  流动性$340,646(峰值$340,700)  已存档300笔逐笔
[00:46:11] 价格$0.02231550  流动性$340,391(峰值$340,700)  已存档300笔逐笔
[00:47:11] 价格$0.02231550  流动性$340,391(峰值$340,700)  已存档300笔逐笔
[00:48:11] 价格$0.02251750  流动性$342,684(峰值$342,684)  已存档300笔逐笔  操盘方卖出比例=9.2%
[00:49:12] 价格$0.02258130  流动性$341,641(峰值$342,684)  已存档300笔逐笔
[00:50:13] 价格$0.02269254  流动性$342,720(峰值$342,720)  已存档300笔逐笔
[00:51:13] 价格$0.02269392  流动性$342,845(峰值$342,845)  已存档300笔逐笔
[00:52:14] 价格$0.02281141  流动性$342,887(峰值$342,887)  已存档300笔逐笔
[00:53:14] 价格$0.02281141  流动性$342,887(峰值$342,887)  已存档300笔逐笔  操盘方卖出比例=9.0%
[00:54:14] 价格$0.02273430  流动性$344,034(峰值$344,034)  已存档300笔逐笔
[00:55:15] 价格$0.02295568  流动性$344,589(峰值$344,589)  已存档300笔逐笔
[00:56:15] 价格$0.02298743  流动性$345,009(峰值$345,009)  已存档300笔逐笔
[00:57:15] 价格$0.02322539  流动性$346,763(峰值$346,763)  已存档300笔逐笔
[00:58:16] 价格$0.02322539  流动性$346,763(峰值$346,763)  已存档300笔逐笔  操盘方卖出比例=9.0%
[00:59:16] 价格$0.02341686  流动性$348,717(峰值$348,717)  已存档300笔逐笔
[01:00:16] 价格$0.02327352  流动性$347,992(峰值$348,717)  已存档300笔逐笔
[01:01:16] 价格$0.02349733  流动性$349,189(峰值$349,189)  已存档300笔逐笔
[01:02:17] 价格$0.02351997  流动性$349,690(峰值$349,690)  已存档300笔逐笔
[01:03:17] 价格$0.02363078  流动性$350,865(峰值$350,865)  已存档300笔逐笔  操盘方卖出比例=9.0%
[01:04:17] 价格$0.02386912  流动性$352,035(峰值$352,035)  已存档300笔逐笔
[01:05:18] 价格$0.02394305  流动性$352,402(峰值$352,402)  已存档300笔逐笔
[01:06:18] 价格$0.02394305  流动性$352,402(峰值$352,402)  已存档300笔逐笔
[01:07:18] 价格$0.02396327  流动性$352,893(峰值$352,893)  已存档300笔逐笔
[01:08:18] 价格$0.02391307  流动性$352,330(峰值$352,893)  已存档300笔逐笔  操盘方卖出比例=9.1%
[01:09:19] 价格$0.02382695  流动性$352,525(峰值$352,893)  已存档300笔逐笔
[01:10:19] 价格$0.02403141  流动性$352,478(峰值$352,893)  已存档300笔逐笔
[01:11:19] 价格$0.02403141  流动性$352,478(峰值$352,893)  已存档300笔逐笔
[01:12:20] 价格$0.02414981  流动性$353,269(峰值$353,269)  已存档300笔逐笔
[01:13:20] 价格$0.02412192  流动性$354,160(峰值$354,160)  已存档300笔逐笔  操盘方卖出比例=9.1%
[01:14:21] 价格$0.02412192  流动性$354,160(峰值$354,160)  已存档300笔逐笔
[01:15:21] 价格$0.02441454  流动性$355,998(峰值$355,998)  已存档300笔逐笔
[01:16:21] 价格$0.02449617  流动性$356,580(峰值$356,580)  已存档300笔逐笔
[01:17:21] 价格$0.02454998  流动性$355,751(峰值$356,580)  已存档300笔逐笔
[01:18:22] 价格$0.02454998  流动性$355,751(峰值$356,580)  已存档300笔逐笔  操盘方卖出比例=9.1%
[01:19:22] 价格$0.02465602  流动性$356,406(峰值$356,580)  已存档300笔逐笔
[01:20:23] 价格$0.02464490  流动性$357,603(峰值$357,603)  已存档300笔逐笔
[01:21:23] 价格$0.02464490  流动性$357,603(峰值$357,603)  已存档300笔逐笔
[01:22:24] 价格$0.02486805  流动性$358,071(峰值$358,071)  已存档300笔逐笔
[01:22:24] === 监控结束(崩盘=否,本段时间内仍存活) ===
