[01:54:37] === DbzR1UKZ 高密度崩盘取证监控启动 ===
[01:54:38] 基线: 价格$0.00952414 流动性$221,357
[01:55:38] 价格$0.00967452  流动性$223,165(峰值$223,165)  已存档300笔逐笔  操盘方卖出比例=0.0%
[01:56:39] 价格$0.00972661  流动性$224,129(峰值$224,129)  已存档300笔逐笔
[01:57:39] 价格$0.00979922  流动性$223,995(峰值$224,129)  已存档300笔逐笔
[01:58:39] 价格$0.00979922  流动性$223,995(峰值$224,129)  已存档300笔逐笔
[01:59:40] 价格$0.00984057  流动性$225,678(峰值$225,678)  已存档300笔逐笔
[02:00:40] 价格$0.01000364  流动性$226,690(峰值$226,690)  已存档300笔逐笔  卖出比例=查不到
[02:01:40] 价格$0.01004154  流动性$227,463(峰值$227,463)  已存档300笔逐笔
[02:02:41] 价格$0.01010586  流动性$227,529(峰值$227,529)  已存档300笔逐笔
[02:03:41] 价格$0.01016684  流动性$227,648(峰值$227,648)  已存档300笔逐笔
[02:04:41] 价格$0.01016684  流动性$227,648(峰值$227,648)  已存档300笔逐笔
[02:05:42] 价格$0.01025903  流动性$229,876(峰值$229,876)  已存档300笔逐笔  卖出比例=查不到
[02:06:42] 价格$0.01035998  流动性$230,751(峰值$230,751)  已存档300笔逐笔
[02:07:42] 价格$0.01035998  流动性$230,751(峰值$230,751)  已存档300笔逐笔
[02:08:42] 价格$0.01045609  流动性$231,798(峰值$231,798)  已存档300笔逐笔
[02:09:43] 价格$0.01053475  流动性$232,445(峰值$232,445)  已存档300笔逐笔
[02:10:43] 价格$0.01058535  流动性$233,186(峰值$233,186)  已存档300笔逐笔  卖出比例=查不到
[02:11:43] 价格$0.01065975  流动性$234,196(峰值$234,196)  已存档300笔逐笔
[02:12:45] 价格$0.01072609  流动性$235,284(峰值$235,284)  已存档300笔逐笔
[02:13:45] 价格$0.01080063  流动性$235,070(峰值$235,284)  已存档300笔逐笔
[02:14:45] 价格$0.00000131  流动性$236,706(峰值$236,706)  已存档300笔逐笔
[02:15:46] 价格$0.00000131  流动性$10,847,495(峰值$10,847,495)  已存档300笔逐笔  操盘方卖出比例=100.0%
[02:16:47] 价格$0.00000131  流动性$10,847,495(峰值$10,847,495)  已存档300笔逐笔
[02:17:47] 价格$0.00000131  流动性$10,847,495(峰值$10,847,495)  已存档300笔逐笔
[02:18:47] 价格$0.00000131  流动性$10,847,495(峰值$10,847,495)  已存档300笔逐笔
[02:19:48] 价格$0.00000131  流动性$10,850,600(峰值$10,850,600)  已存档300笔逐笔
[02:20:48] 价格$0.00000131  流动性$10,850,600(峰值$10,850,600)  已存档300笔逐笔  操盘方卖出比例=100.0%
[02:21:48] 价格$0.00000131  流动性$10,850,600(峰值$10,850,600)  已存档300笔逐笔
[02:22:49] 价格$0.00000131  流动性$10,850,600(峰值$10,850,600)  已存档300笔逐笔
[02:23:49] 价格$0.00000131  流动性$10,850,600(峰值$10,850,600)  已存档300笔逐笔
[02:24:49] 价格$0.00000131  流动性$10,848,051(峰值$10,850,600)  已存档300笔逐笔
[02:25:50] 价格$0.00000131  流动性$10,848,051(峰值$10,850,600)  已存档300笔逐笔  操盘方卖出比例=100.0%
[02:26:50] 价格$0.00000131  流动性$10,848,051(峰值$10,850,600)  已存档300笔逐笔
[02:27:50] 价格$0.00000146  流动性$1,507(峰值$10,850,600)  已存档300笔逐笔
[02:27:50] *** 流动性暴跌,疑似崩盘发生! 立刻加密取证 ***
[02:27:51] 崩盘时刻快照: 价格$0.00000146 流动性$1,507 操盘方卖出比例=1.0
[02:27:51] === 监控结束(崩盘=是) ===
