[20:11:42] === 开始盯防4个已知操盘方钱包的卖出动作 ===
[20:13:12] *** 操盘方钱包卖出信号#1 *** 3jxmMgh53F... 卖出$587.41 (tx=fRNVExbzWL4S...)
[20:13:12] *** 操盘方钱包卖出信号#2 *** FneHsyttC7... 卖出$586.23 (tx=5PhesKhxxeYd...)
[20:13:12] *** 操盘方钱包卖出信号#3 *** FneHsyttC7... 卖出$577.94 (tx=4ybE7resP3ai...)
[20:13:12] *** 操盘方钱包卖出信号#4 *** 3jxmMgh53F... 卖出$582.85 (tx=5uv5iWhQBWtK...)
[20:13:12] *** 操盘方钱包卖出信号#5 *** 3jxmMgh53F... 卖出$607.52 (tx=5WWbXYqMUfcJ...)
[20:13:12] *** 操盘方钱包卖出信号#6 *** FneHsyttC7... 卖出$587.09 (tx=5DBpHh8R51vi...)
[20:13:12] *** 操盘方钱包卖出信号#7 *** 3jxmMgh53F... 卖出$592.01 (tx=4QP7gRmBXpQ9...)
[20:13:12] *** 操盘方钱包卖出信号#8 *** Z8JU8pAn2x... 卖出$20.22 (tx=Ypo94n1XPa6F...)
[20:13:12] *** 操盘方钱包卖出信号#9 *** FneHsyttC7... 卖出$586.13 (tx=39GnUWQzc4tD...)
[20:13:12] *** 操盘方钱包卖出信号#10 *** 3jxmMgh53F... 卖出$586.13 (tx=3Ydj8D8JEoYF...)
[20:13:12] *** 操盘方钱包卖出信号#11 *** FneHsyttC7... 卖出$587.60 (tx=3SJKgMKf285M...)
[20:13:12] *** 操盘方钱包卖出信号#12 *** 3jxmMgh53F... 卖出$611.83 (tx=5yQSoUE7x78r...)
[20:14:13] *** 操盘方钱包卖出信号#13 *** FneHsyttC7... 卖出$586.62 (tx=4XNNujKmMSrs...)
[20:14:13] *** 操盘方钱包卖出信号#14 *** 3jxmMgh53F... 卖出$584.01 (tx=5xamycaExmUf...)
[20:14:13] *** 操盘方钱包卖出信号#15 *** FneHsyttC7... 卖出$582.32 (tx=21S8NAQTVGxU...)
[20:14:13] *** 操盘方钱包卖出信号#16 *** 3jxmMgh53F... 卖出$581.80 (tx=2bxjfdTzfwo1...)
[20:14:50] *** 操盘方钱包卖出信号#17 *** FneHsyttC7... 卖出$594.00 (tx=67BqZMtEvqzP...)
[20:14:50] *** 操盘方钱包卖出信号#18 *** 3jxmMgh53F... 卖出$573.37 (tx=2BN6ieG7mXhQ...)
[20:14:50] *** 操盘方钱包卖出信号#19 *** FneHsyttC7... 卖出$594.26 (tx=41vx6dZYEiaN...)
[20:15:27] *** 操盘方钱包卖出信号#20 *** 3jxmMgh53F... 卖出$591.92 (tx=g3r2FBpqGNDv...)
[20:15:27] *** 操盘方钱包卖出信号#21 *** FneHsyttC7... 卖出$580.96 (tx=4xvcZeaaPvrd...)
[20:16:07] *** 操盘方钱包卖出信号#22 *** 3jxmMgh53F... 卖出$601.23 (tx=ydUShgGyQBSZ...)
[20:16:07] *** 操盘方钱包卖出信号#23 *** FneHsyttC7... 卖出$582.80 (tx=2W8MbyK3ViU4...)
[20:16:38] *** 操盘方钱包卖出信号#24 *** 3jxmMgh53F... 卖出$585.96 (tx=ns5HFjPaQ5kS...)
[20:16:38] *** 操盘方钱包卖出信号#25 *** FneHsyttC7... 卖出$594.49 (tx=2tQ3r51JNJ6M...)
[20:16:38] *** 操盘方钱包卖出信号#26 *** 3jxmMgh53F... 卖出$595.04 (tx=ACwkCvFe4pNy...)
[20:17:15] *** 操盘方钱包卖出信号#27 *** FneHsyttC7... 卖出$582.47 (tx=hfbdGsMtVuEk...)
[20:17:15] *** 操盘方钱包卖出信号#28 *** 3jxmMgh53F... 卖出$590.16 (tx=2Ck7jwh2uwTi...)
[20:17:54] *** 操盘方钱包卖出信号#29 *** FneHsyttC7... 卖出$579.95 (tx=3wzL7e993k1i...)
[20:17:54] *** 操盘方钱包卖出信号#30 *** 3jxmMgh53F... 卖出$593.64 (tx=2YMQ7b1crZAy...)
[20:17:54] *** 操盘方钱包卖出信号#31 *** FneHsyttC7... 卖出$594.39 (tx=3msM4KXTRSfv...)
[20:18:31] *** 操盘方钱包卖出信号#32 *** 3jxmMgh53F... 卖出$605.22 (tx=28iNswwBgK14...)
[20:18:31] *** 操盘方钱包卖出信号#33 *** FneHsyttC7... 卖出$583.85 (tx=7m7P2vedDnDg...)
[20:19:38] *** 操盘方钱包卖出信号#34 *** FneHsyttC7... 卖出$577.15 (tx=4SrQQGzhMkv3...)
[20:19:38] *** 操盘方钱包卖出信号#35 *** 3jxmMgh53F... 卖出$581.56 (tx=3EtfjXjcYPeX...)
[20:19:38] *** 操盘方钱包卖出信号#36 *** FneHsyttC7... 卖出$594.44 (tx=2evCdt6wpLqx...)
[20:19:38] *** 操盘方钱包卖出信号#37 *** 3jxmMgh53F... 卖出$537.47 (tx=4GKebcSU7HaH...)
[20:20:55] *** 操盘方钱包卖出信号#38 *** FneHsyttC7... 卖出$67.60 (tx=3SQYJBgD1Jbj...)
[20:57:14] *** 操盘方钱包卖出信号#39 *** Z8JU8pAn2x... 卖出$16.42 (tx=2A6YDL1AsXQa...)
