[01:27:39] === DR8jyTnc 高密度崩盘取证监控启动 ===
[01:27:39] 基线: 价格$0.00006505 流动性$1,546
[01:28:40] 价格$0.00006505  流动性$1,546(峰值$1,546)  已存档12笔逐笔  操盘方卖出比例=0.0%
[01:29:40] 价格$0.00006505  流动性$1,546(峰值$1,546)  已存档12笔逐笔
[01:30:40] 价格$0.00006505  流动性$1,546(峰值$1,546)  已存档12笔逐笔
[01:31:40] 价格$0.00006505  流动性$1,543(峰值$1,546)  已存档12笔逐笔
[01:32:41] 价格$0.00006505  流动性$1,543(峰值$1,546)  已存档12笔逐笔
[01:33:41] 价格$0.00006505  流动性$1,543(峰值$1,546)  已存档12笔逐笔  操盘方卖出比例=0.0%
[01:34:41] 价格$0.00006505  流动性$1,543(峰值$1,546)  已存档12笔逐笔
[01:35:41] 价格$0.00006505  流动性$1,543(峰值$1,546)  已存档12笔逐笔
[01:36:42] 价格$0.00006505  流动性$1,543(峰值$1,546)  已存档12笔逐笔
[01:37:42] 价格$0.00006505  流动性$1,547(峰值$1,547)  已存档12笔逐笔
[01:38:42] 价格$0.00006505  流动性$1,547(峰值$1,547)  已存档12笔逐笔  操盘方卖出比例=0.0%
[01:39:43] 价格$0.00006505  流动性$1,547(峰值$1,547)  已存档12笔逐笔
[01:40:43] 价格$0.00006505  流动性$1,547(峰值$1,547)  已存档12笔逐笔
[01:41:43] 价格$0.00006505  流动性$1,547(峰值$1,547)  已存档12笔逐笔
[01:42:44] 价格$0.00006505  流动性$1,548(峰值$1,548)  已存档12笔逐笔
[01:43:44] 价格$0.00006505  流动性$1,548(峰值$1,548)  已存档12笔逐笔  操盘方卖出比例=0.0%
[01:44:44] 价格$0.00006505  流动性$1,548(峰值$1,548)  已存档12笔逐笔
[01:45:45] 价格$0.00006505  流动性$1,548(峰值$1,548)  已存档12笔逐笔
[01:46:45] 价格$0.00006505  流动性$1,548(峰值$1,548)  已存档12笔逐笔
[01:47:45] 价格$0.00006505  流动性$1,548(峰值$1,548)  已存档12笔逐笔
[01:48:46] 价格$0.00006505  流动性$1,552(峰值$1,552)  已存档12笔逐笔  操盘方卖出比例=0.0%
[01:49:46] 价格$0.00006505  流动性$1,552(峰值$1,552)  已存档12笔逐笔
[01:50:46] 价格$0.00006505  流动性$1,552(峰值$1,552)  已存档12笔逐笔
[01:51:47] 价格$0.00006505  流动性$1,552(峰值$1,552)  已存档12笔逐笔
[01:52:47] 价格$0.00006505  流动性$1,552(峰值$1,552)  已存档12笔逐笔
[01:53:47] 价格$0.00006505  流动性$1,552(峰值$1,552)  已存档12笔逐笔  操盘方卖出比例=0.0%
[01:54:48] 价格$0.00006505  流动性$1,549(峰值$1,552)  已存档12笔逐笔
[01:55:48] 价格$0.00006505  流动性$1,549(峰值$1,552)  已存档12笔逐笔
[01:56:48] 价格$0.00006505  流动性$1,549(峰值$1,552)  已存档12笔逐笔
[01:57:48] 价格$0.00006505  流动性$1,549(峰值$1,552)  已存档12笔逐笔
[01:58:49] 价格$0.00006505  流动性$1,549(峰值$1,552)  已存档12笔逐笔  操盘方卖出比例=0.0%
[01:59:49] 价格$0.00006505  流动性$1,549(峰值$1,552)  已存档12笔逐笔
[02:00:49] 价格$0.00006505  流动性$1,549(峰值$1,552)  已存档12笔逐笔
[02:01:50] 价格$0.00006505  流动性$1,548(峰值$1,552)  已存档12笔逐笔
[02:02:50] 价格$0.00006505  流动性$1,548(峰值$1,552)  已存档12笔逐笔
[02:03:50] 价格$0.00006505  流动性$1,548(峰值$1,552)  已存档12笔逐笔  操盘方卖出比例=0.0%
[02:04:51] 价格$0.00006505  流动性$1,548(峰值$1,552)  已存档12笔逐笔
[02:05:51] 价格$0.00006505  流动性$1,548(峰值$1,552)  已存档12笔逐笔
[02:06:51] 价格$0.00006505  流动性$1,547(峰值$1,552)  已存档12笔逐笔
[02:07:51] 价格$0.00006505  流动性$1,547(峰值$1,552)  已存档12笔逐笔
[02:08:52] 价格$0.00006505  流动性$1,547(峰值$1,552)  已存档12笔逐笔  操盘方卖出比例=0.0%
[02:09:52] 价格$0.00007039  流动性$1,547(峰值$1,552)  已存档15笔逐笔
[02:10:52] 价格$0.00007039  流动性$1,547(峰值$1,552)  已存档20笔逐笔
[02:11:53] 价格$0.00007396  流动性$0(峰值$1,552)  已存档20笔逐笔
[02:11:53] *** 流动性暴跌,疑似崩盘发生! 立刻加密取证 ***
[02:11:53] 崩盘时刻快照: 价格$0.00007396 流动性$0 操盘方卖出比例=None
[02:11:53] === 监控结束(崩盘=是) ===
