[09:51:26] === 开始盯防6个已知操盘方钱包的卖出动作 ===
[09:52:42] *** 操盘方钱包卖出信号#1 *** FDvgULR5ky... 卖出$3.74 (tx=51B3qnoGU8ar...)
[09:52:42] *** 操盘方钱包卖出信号#2 *** 34AqiHzyH6... 卖出$3.76 (tx=2q1jk4EMVPG4...)
[09:53:16] *** 操盘方钱包卖出信号#3 *** 4Zp5xrMBjk... 卖出$3.10 (tx=4QJNaKW4xmLC...)
[09:55:39] *** 操盘方钱包卖出信号#4 *** FDvgULR5ky... 卖出$3.87 (tx=3UmK4MRuFGEC...)
[09:55:39] *** 操盘方钱包卖出信号#5 *** 34AqiHzyH6... 卖出$3.51 (tx=2F5sA3sWQ2Ad...)
[09:55:39] *** 操盘方钱包卖出信号#6 *** 4Zp5xrMBjk... 卖出$4.25 (tx=32PVsKK565Yu...)
[09:58:03] *** 操盘方钱包卖出信号#7 *** FDvgULR5ky... 卖出$3.30 (tx=2zwoRyym2hUB...)
[09:58:03] *** 操盘方钱包卖出信号#8 *** 34AqiHzyH6... 卖出$4.07 (tx=qY5mezRx6i4z...)
[09:58:42] *** 操盘方钱包卖出信号#9 *** 4Zp5xrMBjk... 卖出$4.01 (tx=4QUaPWjBz8QT...)
[09:58:42] *** 操盘方钱包卖出信号#10 *** EQ2hgk2xCj... 卖出$3.06 (tx=9EqgnLHzZgDQ...)
[09:59:19] *** 操盘方钱包卖出信号#11 *** 7yVfPSYyAu... 卖出$2.79 (tx=Kv9vs8YeMztm...)
[10:01:03] *** 操盘方钱包卖出信号#12 *** FDvgULR5ky... 卖出$3.13 (tx=2sKUKGJTEVRR...)
[10:01:03] *** 操盘方钱包卖出信号#13 *** 34AqiHzyH6... 卖出$3.32 (tx=2sUhgAW2ui4X...)
[10:01:03] *** 操盘方钱包卖出信号#14 *** 4Zp5xrMBjk... 卖出$2.20 (tx=aup5Mn1jzrqd...)
[10:03:27] *** 操盘方钱包卖出信号#15 *** FDvgULR5ky... 卖出$3.15 (tx=2y6T4NJhhjbn...)
[10:03:27] *** 操盘方钱包卖出信号#16 *** 34AqiHzyH6... 卖出$3.98 (tx=34DEHNDSdeMR...)
[10:03:27] *** 操盘方钱包卖出信号#17 *** 4Zp5xrMBjk... 卖出$3.61 (tx=GmXwqNQN9c8s...)
[10:04:38] *** 操盘方钱包卖出信号#18 *** 7yVfPSYyAu... 卖出$3.64 (tx=JVND3SkbE9ut...)
[10:07:43] *** 操盘方钱包卖出信号#19 *** FDvgULR5ky... 卖出$3.17 (tx=5m1xvChH7ZDt...)
[10:07:43] *** 操盘方钱包卖出信号#20 *** 34AqiHzyH6... 卖出$3.70 (tx=5DArRY2qsTQv...)
[10:07:43] *** 操盘方钱包卖出信号#21 *** 4Zp5xrMBjk... 卖出$3.65 (tx=3Gt3LFxuaYYp...)
[10:09:26] *** 操盘方钱包卖出信号#22 *** 34AqiHzyH6... 卖出$3.12 (tx=4DNpZ4XaLHcz...)
[10:10:42] *** 操盘方钱包卖出信号#23 *** 4Zp5xrMBjk... 卖出$2.35 (tx=42yGeiPmmvzZ...)
[10:12:27] *** 操盘方钱包卖出信号#24 *** 34AqiHzyH6... 卖出$3.77 (tx=4eJ7GTqY935k...)
[10:12:27] *** 操盘方钱包卖出信号#25 *** 4Zp5xrMBjk... 卖出$4.35 (tx=5UsdFikzq6hx...)
[10:14:50] *** 操盘方钱包卖出信号#26 *** FDvgULR5ky... 卖出$3.40 (tx=244MVoDiF6uQ...)
[10:14:50] *** 操盘方钱包卖出信号#27 *** 34AqiHzyH6... 卖出$3.42 (tx=3ji3WnU4yKr1...)
[10:15:26] *** 操盘方钱包卖出信号#28 *** 4Zp5xrMBjk... 卖出$2.70 (tx=3b4eQT4oWiP5...)
