[11:24:31] === E7nS9y1m 高密度崩盘取证监控启动 ===
[11:24:32] 基线: 价格$0.02373035 流动性$349,207
[11:25:32] 价格$0.02373035  流动性$349,207(峰值$349,207)  已存档300笔逐笔  操盘方卖出比例=0.0%
[11:26:32] 价格$0.02594953  流动性$364,754(峰值$364,754)  已存档300笔逐笔
[11:27:33] 价格$0.02706732  流动性$371,170(峰值$371,170)  已存档300笔逐笔
[11:28:34] 价格$0.02814687  流动性$379,688(峰值$379,688)  已存档300笔逐笔
[11:29:34] 价格$0.02931413  流动性$388,602(峰值$388,602)  已存档300笔逐笔
[11:30:34] 价格$0.03049988  流动性$395,663(峰值$395,663)  已存档295笔逐笔  操盘方卖出比例=0.3%
[11:31:34] 价格$0.03049988  流动性$395,663(峰值$395,663)  已存档300笔逐笔
[11:32:34] 价格$0.03279398  流动性$410,910(峰值$410,910)  已存档300笔逐笔
[11:33:35] 价格$0.03400470  流动性$418,712(峰值$418,712)  已存档300笔逐笔
[11:34:35] 价格$0.03532458  流动性$423,816(峰值$423,816)  已存档297笔逐笔
[11:35:35] 价格$0.03532458  流动性$423,816(峰值$423,816)  已存档300笔逐笔  操盘方卖出比例=1.2%
[11:36:35] 价格$0.03776912  流动性$439,201(峰值$439,201)  已存档300笔逐笔
[11:37:36] 价格$0.03876385  流动性$446,607(峰值$446,607)  已存档261笔逐笔
[11:38:36] 价格$0.04029803  流动性$452,586(峰值$452,586)  已存档300笔逐笔
[11:39:36] 价格$0.04209336  流动性$465,389(峰值$465,389)  已存档300笔逐笔
[11:40:36] 价格$0.04209336  流动性$465,389(峰值$465,389)  已存档300笔逐笔  操盘方卖出比例=1.5%
[11:41:37] 价格$0.04490901  流动性$481,089(峰值$481,089)  已存档300笔逐笔
[11:42:37] 价格$0.04490901  流动性$481,089(峰值$481,089)  已存档300笔逐笔
[11:43:37] 价格$0.04772201  流动性$495,921(峰值$495,921)  已存档300笔逐笔
[11:44:37] 价格$0.04925081  流动性$502,957(峰值$502,957)  已存档300笔逐笔
[11:45:38] 价格$0.05111227  流动性$513,512(峰值$513,512)  已存档300笔逐笔  操盘方卖出比例=2.8%
[11:46:38] 价格$0.05111227  流动性$513,512(峰值$513,512)  已存档300笔逐笔
[11:47:38] 价格$0.05465716  流动性$530,720(峰值$530,720)  已存档300笔逐笔
[11:48:38] 价格$0.05465716  流动性$530,720(峰值$530,720)  已存档300笔逐笔
[11:49:39] 价格$0.05901807  流动性$551,313(峰值$551,313)  已存档300笔逐笔
[11:50:39] 价格$0.06181176  流动性$563,035(峰值$563,035)  已存档300笔逐笔  操盘方卖出比例=3.4%
[11:51:40] 价格$0.06181176  流动性$563,035(峰值$563,035)  已存档300笔逐笔
[11:52:40] 价格$0.00000130  流动性$1,259(峰值$563,035)  已存档6笔逐笔
[11:52:40] *** 流动性暴跌,疑似崩盘发生! 立刻加密取证 ***
[11:52:41] 崩盘时刻快照: 价格$0.00000130 流动性$1,259 操盘方卖出比例=0.9982814604186101
[11:52:41] === 监控结束(崩盘=是) ===
