[00:21:43] === 开始盯防22个已知操盘方钱包的卖出动作 ===
[00:22:17] *** 操盘方钱包卖出信号#1 *** 27RetgPo47... 卖出$33.72 (tx=3NQQd3QVRnoL...)
[00:22:17] *** 操盘方钱包卖出信号#2 *** EveET8fQVx... 卖出$42.90 (tx=5R4XmZmMu8K1...)
[00:22:17] *** 操盘方钱包卖出信号#3 *** 9gCoKvpBdV... 卖出$25.05 (tx=4cdoyN2vNZH3...)
[00:22:17] *** 操盘方钱包卖出信号#4 *** 9xYsykRYuk... 卖出$63.89 (tx=2htcBnGJt5Kx...)
[00:22:17] *** 操盘方钱包卖出信号#5 *** EveET8fQVx... 卖出$19.19 (tx=26PR7qwXnnpr...)
[00:22:17] *** 操盘方钱包卖出信号#6 *** 3kUZwWbRis... 卖出$23.82 (tx=29VTfg84rkjy...)
[00:22:17] *** 操盘方钱包卖出信号#7 *** 4s5A2vJ71b... 卖出$43.23 (tx=2xBLBCvDfSJt...)
[00:22:17] *** 操盘方钱包卖出信号#8 *** 4s5A2vJ71b... 卖出$70.30 (tx=5s2Kw1MdAZUJ...)
[00:22:17] *** 操盘方钱包卖出信号#9 *** FGjsY5TFbn... 卖出$69.91 (tx=2QLpLhSMkw1Q...)
[00:22:17] *** 操盘方钱包卖出信号#10 *** 3Xxdq4apMS... 卖出$35.94 (tx=4NhPXbyy7TY2...)
[00:22:17] *** 操盘方钱包卖出信号#11 *** Bp2U2o5wYr... 卖出$53.96 (tx=2zScCyRcPgod...)
[00:22:17] *** 操盘方钱包卖出信号#12 *** 9xYsykRYuk... 卖出$30.23 (tx=2QFvgoMKQ141...)
[00:22:17] *** 操盘方钱包卖出信号#13 *** 3KuyhNKgzu... 卖出$35.48 (tx=2QKxsgnrk5Cw...)
[00:22:17] *** 操盘方钱包卖出信号#14 *** 3vyjLKctd3... 卖出$46.00 (tx=3XERwYX5gQ7N...)
[00:22:17] *** 操盘方钱包卖出信号#15 *** FBzEryE27z... 卖出$37.64 (tx=3GyFYJHKC89W...)
[00:22:17] *** 操盘方钱包卖出信号#16 *** CuNNJtPZCx... 卖出$8.92 (tx=24fi7osP2KYi...)
[00:22:17] *** 操盘方钱包卖出信号#17 *** 7CLdJt1EQm... 卖出$31.89 (tx=32idn6B18PHR...)
[00:22:17] *** 操盘方钱包卖出信号#18 *** FGjsY5TFbn... 卖出$8.84 (tx=eAte2YzE6Evm...)
[00:22:17] *** 操盘方钱包卖出信号#19 *** 42XPDFvXRP... 卖出$56.90 (tx=28TC6wzwGf5c...)
[00:22:17] *** 操盘方钱包卖出信号#20 *** 4s5A2vJ71b... 卖出$29.39 (tx=x9TbgAvGDCiv...)
[00:22:17] *** 操盘方钱包卖出信号#21 *** AoXppa1NMC... 卖出$14.58 (tx=4vYi8AksBSDr...)
[00:22:17] *** 操盘方钱包卖出信号#22 *** 3Xxdq4apMS... 卖出$34.08 (tx=5g2PMUpFVnfv...)
[00:22:17] *** 操盘方钱包卖出信号#23 *** GXcBYmcEzH... 卖出$25.44 (tx=2u8isVsxX9om...)
[00:22:17] *** 操盘方钱包卖出信号#24 *** CuNNJtPZCx... 卖出$32.58 (tx=4q5xxtZXrcry...)
[00:22:17] *** 操盘方钱包卖出信号#25 *** 3DYnvzraQ3... 卖出$61.28 (tx=3SMWXs3h1ukG...)
[00:22:17] *** 操盘方钱包卖出信号#26 *** 6hh176yh4G... 卖出$54.04 (tx=2RdZqKEhM6tL...)
[00:22:58] *** 操盘方钱包卖出信号#27 *** 27RetgPo47... 卖出$52.62 (tx=3uXePWKHGWrJ...)
[00:22:58] *** 操盘方钱包卖出信号#28 *** 5DRFgBV7PW... 卖出$38.30 (tx=4Wa55ESJ46ng...)
[00:22:58] *** 操盘方钱包卖出信号#29 *** CmsCfxbboN... 卖出$26.42 (tx=3PYXBrCrGsZJ...)
[00:22:58] *** 操盘方钱包卖出信号#30 *** 7CLdJt1EQm... 卖出$52.15 (tx=2YJgBMCZbATb...)
[00:22:58] *** 操盘方钱包卖出信号#31 *** 3kUZwWbRis... 卖出$69.49 (tx=4AX63Y5Pr14T...)
[00:22:58] *** 操盘方钱包卖出信号#32 *** 5DRFgBV7PW... 卖出$22.83 (tx=5vrQR5wpWdCY...)
[00:22:58] *** 操盘方钱包卖出信号#33 *** 27RetgPo47... 卖出$34.40 (tx=3oT8VVkXJL6R...)
[00:22:58] *** 操盘方钱包卖出信号#34 *** EveET8fQVx... 卖出$41.75 (tx=2c5GjHhyPJTa...)
[00:22:58] *** 操盘方钱包卖出信号#35 *** AoXppa1NMC... 卖出$50.19 (tx=2unn1QMemtty...)
[00:22:58] *** 操盘方钱包卖出信号#36 *** 9gCoKvpBdV... 卖出$38.58 (tx=4Z7DnFNPhe7W...)
[00:22:58] *** 操盘方钱包卖出信号#37 *** 3kUZwWbRis... 卖出$52.41 (tx=22cPguWT2Sid...)
[00:22:58] *** 操盘方钱包卖出信号#38 *** GXam77oFJ6... 卖出$58.64 (tx=3qc8pgjdy93B...)
[00:22:58] *** 操盘方钱包卖出信号#39 *** 7CLdJt1EQm... 卖出$24.68 (tx=2L7HwKnNpkHx...)
[00:22:58] *** 操盘方钱包卖出信号#40 *** 3DYnvzraQ3... 卖出$23.81 (tx=4a61eTND7SP8...)
[00:22:58] *** 操盘方钱包卖出信号#41 *** AoXppa1NMC... 卖出$24.24 (tx=5fjUSENbJ3eZ...)
[00:22:58] *** 操盘方钱包卖出信号#42 *** Bp2U2o5wYr... 卖出$38.86 (tx=3rDmeSNEYEjZ...)
[00:22:58] *** 操盘方钱包卖出信号#43 *** 9xYsykRYuk... 卖出$31.63 (tx=5dAkG4rU87N8...)
[00:24:06] *** 操盘方钱包卖出信号#44 *** GXam77oFJ6... 卖出$62.09 (tx=yWfpgczb3SQB...)
[00:24:06] *** 操盘方钱包卖出信号#45 *** 5DRFgBV7PW... 卖出$59.24 (tx=24HgjF7uzuSo...)
[00:24:06] *** 操盘方钱包卖出信号#46 *** FBzEryE27z... 卖出$25.99 (tx=3bBQYBq1iKzT...)
[00:24:06] *** 操盘方钱包卖出信号#47 *** 42XPDFvXRP... 卖出$57.32 (tx=2jp74rEu8yzm...)
[00:24:06] *** 操盘方钱包卖出信号#48 *** CuNNJtPZCx... 卖出$58.52 (tx=2sqfB1XsEmcZ...)
[00:24:06] *** 操盘方钱包卖出信号#49 *** 6hh176yh4G... 卖出$25.81 (tx=26zfn3zbTNYw...)
[00:24:06] *** 操盘方钱包卖出信号#50 *** 42XPDFvXRP... 卖出$25.58 (tx=43CtH6KHRNTi...)
[00:24:06] *** 操盘方钱包卖出信号#51 *** 3Xxdq4apMS... 卖出$44.02 (tx=4GxnHsmvWYED...)
[00:24:06] *** 操盘方钱包卖出信号#52 *** GXcBYmcEzH... 卖出$48.25 (tx=4aFvjXQMgnfU...)
[00:24:06] *** 操盘方钱包卖出信号#53 *** 27RetgPo47... 卖出$30.51 (tx=16qSsuq7ocdv...)
[00:24:06] *** 操盘方钱包卖出信号#54 *** Bp2U2o5wYr... 卖出$29.16 (tx=PEcNaW5d96zR...)
[00:24:06] *** 操盘方钱包卖出信号#55 *** 42XPDFvXRP... 卖出$42.75 (tx=5gfZWEEhXtZq...)
[00:24:06] *** 操盘方钱包卖出信号#56 *** CmsCfxbboN... 卖出$69.67 (tx=niVuiedj1TjN...)
[00:24:06] *** 操盘方钱包卖出信号#57 *** 3vyjLKctd3... 卖出$36.00 (tx=3bd75tVNQun4...)
[00:24:06] *** 操盘方钱包卖出信号#58 *** FGjsY5TFbn... 卖出$32.40 (tx=2fZXEb3KpTqv...)
[00:24:06] *** 操盘方钱包卖出信号#59 *** 3KuyhNKgzu... 卖出$36.02 (tx=4SV6qYnJyAZo...)
[00:24:06] *** 操盘方钱包卖出信号#60 *** 3kUZwWbRis... 卖出$31.00 (tx=5CfEPu12EQVp...)
[00:24:06] *** 操盘方钱包卖出信号#61 *** 3vyjLKctd3... 卖出$16.21 (tx=2ToENddQknv8...)
[00:24:06] *** 操盘方钱包卖出信号#62 *** 9gCoKvpBdV... 卖出$36.31 (tx=2vpce1tiR8Zu...)
[00:24:06] *** 操盘方钱包卖出信号#63 *** FBzEryE27z... 卖出$11.79 (tx=5kvnwEg3eAfH...)
[00:24:37] *** 操盘方钱包卖出信号#64 *** 4s5A2vJ71b... 卖出$34.36 (tx=46vXuHwfgHtq...)
[00:24:37] *** 操盘方钱包卖出信号#65 *** 3KuyhNKgzu... 卖出$32.89 (tx=5Jiz97Y74HFy...)
[00:24:37] *** 操盘方钱包卖出信号#66 *** 6hh176yh4G... 卖出$39.61 (tx=6HYMDawpjpKk...)
[00:24:37] *** 操盘方钱包卖出信号#67 *** EveET8fQVx... 卖出$65.50 (tx=2hNS5BpTvyAk...)
[00:24:37] *** 操盘方钱包卖出信号#68 *** 3vyjLKctd3... 卖出$42.21 (tx=cfj5MR2Su1xD...)
[00:24:37] *** 操盘方钱包卖出信号#69 *** GXcBYmcEzH... 卖出$37.26 (tx=zRkVUU8SCQp4...)
[00:25:15] *** 操盘方钱包卖出信号#70 *** 9gCoKvpBdV... 卖出$33.13 (tx=5K8mSYnVwPm4...)
[00:25:15] *** 操盘方钱包卖出信号#71 *** 3vyjLKctd3... 卖出$50.37 (tx=59f26nUP6xH6...)
[00:25:15] *** 操盘方钱包卖出信号#72 *** 4s5A2vJ71b... 卖出$18.57 (tx=21rhEBER82PC...)
[00:25:15] *** 操盘方钱包卖出信号#73 *** 42XPDFvXRP... 卖出$37.25 (tx=4gG6nop3zpKS...)
[00:25:15] *** 操盘方钱包卖出信号#74 *** FGjsY5TFbn... 卖出$40.01 (tx=5JDuXz5DKpM6...)
[00:25:15] *** 操盘方钱包卖出信号#75 *** FGjsY5TFbn... 卖出$13.47 (tx=48i5Y7k4YVKB...)
[00:25:15] *** 操盘方钱包卖出信号#76 *** 3kUZwWbRis... 卖出$39.79 (tx=4pqbmDvVMi8d...)
[00:25:15] *** 操盘方钱包卖出信号#77 *** 27RetgPo47... 卖出$45.96 (tx=5LY4db8cLkNs...)
[00:25:15] *** 操盘方钱包卖出信号#78 *** GXam77oFJ6... 卖出$29.52 (tx=QvH74zFcfm97...)
[00:25:15] *** 操盘方钱包卖出信号#79 *** 7CLdJt1EQm... 卖出$65.41 (tx=3sUwKvJxBv7J...)
[00:25:15] *** 操盘方钱包卖出信号#80 *** 5DRFgBV7PW... 卖出$50.11 (tx=9rDisSzJmpnS...)
[00:25:49] *** 操盘方钱包卖出信号#81 *** FBzEryE27z... 卖出$32.68 (tx=2KPzNeWaDXCo...)
[00:25:49] *** 操盘方钱包卖出信号#82 *** FBzEryE27z... 卖出$57.25 (tx=3DSWF7rr55mT...)
[00:25:49] *** 操盘方钱包卖出信号#83 *** 9xYsykRYuk... 卖出$61.27 (tx=3cTd9e5K6yvL...)
[00:25:49] *** 操盘方钱包卖出信号#84 *** 3Xxdq4apMS... 卖出$43.20 (tx=2jGuGtLXhhLf...)
[00:25:49] *** 操盘方钱包卖出信号#85 *** CuNNJtPZCx... 卖出$45.31 (tx=5UfMDrMvz3Fm...)
[00:25:49] *** 操盘方钱包卖出信号#86 *** 3KuyhNKgzu... 卖出$33.96 (tx=5KHMPifYvt5G...)
[00:25:49] *** 操盘方钱包卖出信号#87 *** 4s5A2vJ71b... 卖出$41.86 (tx=4F2CzwHBzLJF...)
[00:25:49] *** 操盘方钱包卖出信号#88 *** Bp2U2o5wYr... 卖出$51.51 (tx=373LPJPoVTgu...)
[00:25:49] *** 操盘方钱包卖出信号#89 *** 3Xxdq4apMS... 卖出$46.03 (tx=fcuvEbVhM2u3...)
[00:26:26] *** 操盘方钱包卖出信号#90 *** 6hh176yh4G... 卖出$41.01 (tx=64Loa96bXg5Y...)
[00:26:26] *** 操盘方钱包卖出信号#91 *** CmsCfxbboN... 卖出$26.74 (tx=51mC39zkNA3C...)
[00:26:26] *** 操盘方钱包卖出信号#92 *** 3kUZwWbRis... 卖出$28.78 (tx=4bvBoubXc777...)
[00:26:26] *** 操盘方钱包卖出信号#93 *** EveET8fQVx... 卖出$56.80 (tx=3jiAmHq8S3Z4...)
[00:26:26] *** 操盘方钱包卖出信号#94 *** 3DYnvzraQ3... 卖出$23.94 (tx=2UgBifXpHuxv...)
[00:26:26] *** 操盘方钱包卖出信号#95 *** EveET8fQVx... 卖出$61.70 (tx=387PEPuPUVmB...)
[00:26:26] *** 操盘方钱包卖出信号#96 *** GXam77oFJ6... 卖出$39.91 (tx=3Wgvw7kmc8AN...)
[00:26:26] *** 操盘方钱包卖出信号#97 *** AoXppa1NMC... 卖出$56.59 (tx=5n9epX4kWJ8M...)
[00:26:26] *** 操盘方钱包卖出信号#98 *** GXcBYmcEzH... 卖出$42.06 (tx=4zpLz954nHDW...)
[00:26:26] *** 操盘方钱包卖出信号#99 *** 9xYsykRYuk... 卖出$43.73 (tx=4gZKY98RmYPo...)
[00:26:26] *** 操盘方钱包卖出信号#100 *** CmsCfxbboN... 卖出$34.09 (tx=4LBDJn9DgbPN...)
[00:26:26] *** 操盘方钱包卖出信号#101 *** AoXppa1NMC... 卖出$59.23 (tx=4HzvSYnsjk3q...)
[00:26:26] *** 操盘方钱包卖出信号#102 *** 9xYsykRYuk... 卖出$21.50 (tx=62sBhr878i4b...)
[00:27:37] *** 操盘方钱包卖出信号#103 *** Bp2U2o5wYr... 卖出$51.21 (tx=2Ghwuz9RJA2p...)
[00:27:37] *** 操盘方钱包卖出信号#104 *** 7CLdJt1EQm... 卖出$51.87 (tx=4d74YCC4hxQ8...)
[00:27:37] *** 操盘方钱包卖出信号#105 *** CuNNJtPZCx... 卖出$22.20 (tx=323CBWaxQa3n...)
[00:27:37] *** 操盘方钱包卖出信号#106 *** 3KuyhNKgzu... 卖出$54.08 (tx=2yLxvx1RzrQA...)
[00:27:37] *** 操盘方钱包卖出信号#107 *** 9gCoKvpBdV... 卖出$36.20 (tx=feSrnwxoU2Du...)
[00:27:37] *** 操盘方钱包卖出信号#108 *** 3DYnvzraQ3... 卖出$29.21 (tx=3uvo4wPzSqjz...)
[00:27:37] *** 操盘方钱包卖出信号#109 *** 27RetgPo47... 卖出$14.50 (tx=4moWz7txL4x9...)
[00:28:14] *** 操盘方钱包卖出信号#110 *** CmsCfxbboN... 卖出$51.92 (tx=knvSyE9J1B3D...)
[00:28:14] *** 操盘方钱包卖出信号#111 *** 5DRFgBV7PW... 卖出$44.19 (tx=tCxCCQiXRFNp...)
[00:29:31] *** 操盘方钱包卖出信号#112 *** 7CLdJt1EQm... 卖出$50.75 (tx=rqhdcki6D4YH...)
[00:29:31] *** 操盘方钱包卖出信号#113 *** 42XPDFvXRP... 卖出$31.46 (tx=36EQrJby3EFH...)
[00:29:31] *** 操盘方钱包卖出信号#114 *** 3KuyhNKgzu... 卖出$23.61 (tx=4py2SXree8JZ...)
[00:29:31] *** 操盘方钱包卖出信号#115 *** Bp2U2o5wYr... 卖出$28.57 (tx=34hXmNTecN8J...)
[00:30:02] *** 操盘方钱包卖出信号#116 *** 9xYsykRYuk... 卖出$44.54 (tx=5PvzcgcKehp9...)
[00:30:42] *** 操盘方钱包卖出信号#117 *** GXam77oFJ6... 卖出$30.89 (tx=29Xo3ePwRNv8...)
[00:30:42] *** 操盘方钱包卖出信号#118 *** CmsCfxbboN... 卖出$20.08 (tx=2Yo977y9zmeE...)
[00:30:42] *** 操盘方钱包卖出信号#119 *** 3vyjLKctd3... 卖出$37.11 (tx=29XQMn4rp417...)
[00:30:42] *** 操盘方钱包卖出信号#120 *** 3DYnvzraQ3... 卖出$4.26 (tx=4XXXvNqfY4GR...)
[00:31:50] *** 操盘方钱包卖出信号#121 *** 4s5A2vJ71b... 卖出$50.36 (tx=31jBz4Ljpruy...)
[00:31:50] *** 操盘方钱包卖出信号#122 *** AoXppa1NMC... 卖出$46.09 (tx=4JKpnwGE4WKK...)
[00:31:50] *** 操盘方钱包卖出信号#123 *** 3Xxdq4apMS... 卖出$30.47 (tx=3qCpTW3iPCw1...)
[00:31:50] *** 操盘方钱包卖出信号#124 *** CuNNJtPZCx... 卖出$32.13 (tx=61vyvzaExUxg...)
[00:32:30] *** 操盘方钱包卖出信号#125 *** EveET8fQVx... 卖出$57.35 (tx=3qhKGHC9EMFJ...)
[00:32:30] *** 操盘方钱包卖出信号#126 *** 27RetgPo47... 卖出$50.90 (tx=zpiaAnv5Lknc...)
[00:33:01] *** 操盘方钱包卖出信号#127 *** FBzEryE27z... 卖出$32.05 (tx=51R8krEGNkGe...)
[00:33:01] *** 操盘方钱包卖出信号#128 *** 7CLdJt1EQm... 卖出$30.64 (tx=GivvVaXJpSK6...)
[00:33:01] *** 操盘方钱包卖出信号#129 *** 6hh176yh4G... 卖出$53.09 (tx=5d7eAFWsRyb8...)
[00:33:38] *** 操盘方钱包卖出信号#130 *** FGjsY5TFbn... 卖出$6.90 (tx=64uB9Yspwg4Z...)
[00:33:38] *** 操盘方钱包卖出信号#131 *** 5DRFgBV7PW... 卖出$38.30 (tx=4kXvYBiWkdUq...)
[00:34:18] *** 操盘方钱包卖出信号#132 *** 9gCoKvpBdV... 卖出$55.45 (tx=5L2oFf31JwmD...)
[00:34:18] *** 操盘方钱包卖出信号#133 *** 3kUZwWbRis... 卖出$42.87 (tx=2YBioUHU7Qjq...)
[00:34:18] *** 操盘方钱包卖出信号#134 *** GXcBYmcEzH... 卖出$31.95 (tx=58RLBtT51FP8...)
[00:34:49] *** 操盘方钱包卖出信号#135 *** 42XPDFvXRP... 卖出$27.73 (tx=45C5GrJ7nJGx...)
[00:35:27] *** 操盘方钱包卖出信号#136 *** 3Xxdq4apMS... 卖出$54.99 (tx=3aB5bkcURHRR...)
[00:36:01] *** 操盘方钱包卖出信号#137 *** GXam77oFJ6... 卖出$21.80 (tx=5s8HWnATn2CD...)
[00:36:01] *** 操盘方钱包卖出信号#138 *** EveET8fQVx... 卖出$56.42 (tx=3XwBGieN6PRP...)
[00:37:18] *** 操盘方钱包卖出信号#139 *** AoXppa1NMC... 卖出$40.26 (tx=7bTG48zLnTfV...)
[00:37:18] *** 操盘方钱包卖出信号#140 *** CuNNJtPZCx... 卖出$15.78 (tx=m81uetqAUXwu...)
[00:37:18] *** 操盘方钱包卖出信号#141 *** GXcBYmcEzH... 卖出$20.70 (tx=MczKkTXoULFs...)
[00:37:18] *** 操盘方钱包卖出信号#142 *** FGjsY5TFbn... 卖出$26.13 (tx=5htNEzHESZGz...)
[00:37:18] *** 操盘方钱包卖出信号#143 *** 3vyjLKctd3... 卖出$57.58 (tx=4e4NLLaSN42z...)
[00:38:25] *** 操盘方钱包卖出信号#144 *** 5DRFgBV7PW... 卖出$21.03 (tx=3VNpDPyS3VgD...)
[00:38:25] *** 操盘方钱包卖出信号#145 *** 7CLdJt1EQm... 卖出$8.69 (tx=QtFM4CcWWo6c...)
[00:38:25] *** 操盘方钱包卖出信号#146 *** 27RetgPo47... 卖出$58.76 (tx=5VmU3yW62m4S...)
[00:39:42] *** 操盘方钱包卖出信号#147 *** Bp2U2o5wYr... 卖出$40.72 (tx=jiKaacTea8QD...)
[00:39:42] *** 操盘方钱包卖出信号#148 *** 3kUZwWbRis... 卖出$9.72 (tx=5oaxbAQzobyB...)
[00:39:42] *** 操盘方钱包卖出信号#149 *** FBzEryE27z... 卖出$57.66 (tx=4rvfowEZ8cHN...)
[00:39:42] *** 操盘方钱包卖出信号#150 *** 4s5A2vJ71b... 卖出$40.45 (tx=xTcJ53brvy2v...)
[00:39:42] *** 操盘方钱包卖出信号#151 *** 3DYnvzraQ3... 卖出$29.73 (tx=328YKRCstEDf...)
[00:40:13] *** 操盘方钱包卖出信号#152 *** 9gCoKvpBdV... 卖出$44.59 (tx=uGJemkrpR8yg...)
[00:40:13] *** 操盘方钱包卖出信号#153 *** 9xYsykRYuk... 卖出$33.55 (tx=4Vr5h4bCks7d...)
[00:40:13] *** 操盘方钱包卖出信号#154 *** CmsCfxbboN... 卖出$22.60 (tx=3LPTcA9XPcYF...)
[00:40:51] *** 操盘方钱包卖出信号#155 *** 6hh176yh4G... 卖出$23.00 (tx=5csAnP5dwCS6...)
[00:40:51] *** 操盘方钱包卖出信号#156 *** 3KuyhNKgzu... 卖出$17.32 (tx=4xu19sAFS9ko...)
[00:42:02] *** 操盘方钱包卖出信号#157 *** 5DRFgBV7PW... 卖出$18.56 (tx=3nHKQwiSQ3v6...)
[00:42:02] *** 操盘方钱包卖出信号#158 *** 3Xxdq4apMS... 卖出$51.69 (tx=5ijC9zV1isDz...)
[00:42:02] *** 操盘方钱包卖出信号#159 *** 4s5A2vJ71b... 卖出$50.45 (tx=3LWi8nkh46Z4...)
[00:42:02] *** 操盘方钱包卖出信号#160 *** 9xYsykRYuk... 卖出$15.29 (tx=42HTRy8iP6ze...)
[00:42:02] *** 操盘方钱包卖出信号#161 *** 9gCoKvpBdV... 卖出$41.13 (tx=4iuHtL6jk5iq...)
[00:42:42] *** 操盘方钱包卖出信号#162 *** 27RetgPo47... 卖出$21.68 (tx=5ppTbnntrcCp...)
[00:42:42] *** 操盘方钱包卖出信号#163 *** AoXppa1NMC... 卖出$23.61 (tx=2SmrcsQMP6Lm...)
[00:43:49] *** 操盘方钱包卖出信号#164 *** 3vyjLKctd3... 卖出$7.48 (tx=2uGR7MSwDdzj...)
[00:43:50] *** 操盘方钱包卖出信号#165 *** 3DYnvzraQ3... 卖出$30.25 (tx=PyT4G2jBQgju...)
[00:43:50] *** 操盘方钱包卖出信号#166 *** 7CLdJt1EQm... 卖出$22.54 (tx=4WAba4vbdcxD...)
[00:43:50] *** 操盘方钱包卖出信号#167 *** 6hh176yh4G... 卖出$56.14 (tx=5SFhf8hCv71V...)
[00:44:27] *** 操盘方钱包卖出信号#168 *** 42XPDFvXRP... 卖出$21.14 (tx=DBUM5xTewG8H...)
[00:45:01] *** 操盘方钱包卖出信号#169 *** FGjsY5TFbn... 卖出$48.49 (tx=2frz8Jv13oQZ...)
[00:45:01] *** 操盘方钱包卖出信号#170 *** GXam77oFJ6... 卖出$24.32 (tx=4oyQ1utfJevS...)
[00:45:39] *** 操盘方钱包卖出信号#171 *** 3KuyhNKgzu... 卖出$5.10 (tx=W26KV9pPj8k8...)
[00:45:39] *** 操盘方钱包卖出信号#172 *** CuNNJtPZCx... 卖出$47.22 (tx=nVBxKMhtpHR2...)
[00:45:39] *** 操盘方钱包卖出信号#173 *** Bp2U2o5wYr... 卖出$46.68 (tx=3MqiiXjtmo4e...)
[00:46:13] *** 操盘方钱包卖出信号#174 *** CmsCfxbboN... 卖出$5.92 (tx=5ALXUk1LbeCp...)
[00:46:13] *** 操盘方钱包卖出信号#175 *** 3kUZwWbRis... 卖出$21.46 (tx=2FSLyvRkYvTK...)
[00:46:13] *** 操盘方钱包卖出信号#176 *** FBzEryE27z... 卖出$46.16 (tx=32NkUNNuU5zC...)
[00:47:26] *** 操盘方钱包卖出信号#177 *** EveET8fQVx... 卖出$56.29 (tx=5JouuuFCwVcw...)
[00:47:26] *** 操盘方钱包卖出信号#178 *** GXcBYmcEzH... 卖出$4.55 (tx=4JbRmKXoVMau...)
[00:47:26] *** 操盘方钱包卖出信号#179 *** 3KuyhNKgzu... 卖出$12.91 (tx=61SkJU3ftTkj...)
[00:47:26] *** 操盘方钱包卖出信号#180 *** EveET8fQVx... 卖出$41.60 (tx=5j7Ct11gyKxW...)
[00:47:26] *** 操盘方钱包卖出信号#181 *** 3kUZwWbRis... 卖出$5.75 (tx=rSXtWzeP6XEZ...)
[00:47:26] *** 操盘方钱包卖出信号#182 *** 27RetgPo47... 卖出$27.51 (tx=24ifwTmxukxw...)
[00:48:37] *** 操盘方钱包卖出信号#183 *** GXcBYmcEzH... 卖出$32.95 (tx=2ZugtPZ5KzqE...)
[00:48:37] *** 操盘方钱包卖出信号#184 *** 3DYnvzraQ3... 卖出$36.37 (tx=BAskpHGW97Gb...)
[00:48:37] *** 操盘方钱包卖出信号#185 *** 6hh176yh4G... 卖出$53.92 (tx=tyoE8SkpbYm5...)
[00:48:37] *** 操盘方钱包卖出信号#186 *** AoXppa1NMC... 卖出$29.08 (tx=3wvArsbyC9Za...)
[00:48:37] *** 操盘方钱包卖出信号#187 *** 9gCoKvpBdV... 卖出$35.51 (tx=2QceRQ6fUr53...)
[00:49:14] *** 操盘方钱包卖出信号#188 *** FGjsY5TFbn... 卖出$11.21 (tx=4f75dkXGm3aL...)
[00:49:14] *** 操盘方钱包卖出信号#189 *** Bp2U2o5wYr... 卖出$23.24 (tx=3HNMVaVRXsoq...)
[00:49:14] *** 操盘方钱包卖出信号#190 *** 4s5A2vJ71b... 卖出$54.01 (tx=5UA3FBbbydLW...)
[00:49:54] *** 操盘方钱包卖出信号#191 *** CmsCfxbboN... 卖出$37.71 (tx=5fSFp1D7WaeQ...)
[00:50:25] *** 操盘方钱包卖出信号#192 *** 3Xxdq4apMS... 卖出$21.02 (tx=4M6AQghUidLN...)
[00:50:25] *** 操盘方钱包卖出信号#193 *** 3vyjLKctd3... 卖出$28.35 (tx=35bDeANuBSBD...)
[00:51:01] *** 操盘方钱包卖出信号#194 *** CuNNJtPZCx... 卖出$36.05 (tx=4iPkyaTcVitd...)
[00:52:01] *** 操盘方钱包卖出信号#195 *** 9xYsykRYuk... 卖出$26.78 (tx=5QAA4b2bTgXh...)
[00:52:01] *** 操盘方钱包卖出信号#196 *** 42XPDFvXRP... 卖出$38.06 (tx=49rspT3GEet1...)
[00:53:18] *** 操盘方钱包卖出信号#197 *** FBzEryE27z... 卖出$16.73 (tx=3ZN5iayyvByx...)
[00:53:18] *** 操盘方钱包卖出信号#198 *** 5DRFgBV7PW... 卖出$37.98 (tx=382oQwCaXAwz...)
[00:53:18] *** 操盘方钱包卖出信号#199 *** 7CLdJt1EQm... 卖出$35.98 (tx=2nEE2Af1i2YF...)
[00:53:18] *** 操盘方钱包卖出信号#200 *** GXam77oFJ6... 卖出$52.13 (tx=w7khX1sRSS6h...)
[00:53:18] *** 操盘方钱包卖出信号#201 *** 6hh176yh4G... 卖出$28.71 (tx=5QNVYyeeHo4a...)
[00:53:18] *** 操盘方钱包卖出信号#202 *** 3vyjLKctd3... 卖出$31.12 (tx=3zW82DS8L8Xb...)
[00:53:18] *** 操盘方钱包卖出信号#203 *** CmsCfxbboN... 卖出$56.23 (tx=saDWuK8EpnJ4...)
[00:54:25] *** 操盘方钱包卖出信号#204 *** 9gCoKvpBdV... 卖出$52.62 (tx=4sWtqMZ8jkR7...)
[00:54:25] *** 操盘方钱包卖出信号#205 *** CuNNJtPZCx... 卖出$21.72 (tx=2wLaJkWGXNgZ...)
[00:54:25] *** 操盘方钱包卖出信号#206 *** 42XPDFvXRP... 卖出$48.32 (tx=v6wmftJGLANz...)
[00:54:25] *** 操盘方钱包卖出信号#207 *** Bp2U2o5wYr... 卖出$27.51 (tx=2seRH5Yb1Rof...)
[00:55:01] *** 操盘方钱包卖出信号#208 *** 3DYnvzraQ3... 卖出$31.66 (tx=3wa5bTk6iKVP...)
[00:55:01] *** 操盘方钱包卖出信号#209 *** GXam77oFJ6... 卖出$9.65 (tx=2jWTeB2NZmED...)
[00:56:01] *** 操盘方钱包卖出信号#210 *** 9xYsykRYuk... 卖出$53.07 (tx=4sonun9jv64G...)
[00:56:01] *** 操盘方钱包卖出信号#211 *** AoXppa1NMC... 卖出$48.59 (tx=2cTWVT73Dyca...)
[00:56:38] *** 操盘方钱包卖出信号#212 *** GXcBYmcEzH... 卖出$13.30 (tx=2cNy3EPag9wN...)
[00:56:38] *** 操盘方钱包卖出信号#213 *** FGjsY5TFbn... 卖出$56.92 (tx=58yBHQcoRnNT...)
[00:57:18] *** 操盘方钱包卖出信号#214 *** 3KuyhNKgzu... 卖出$47.08 (tx=4Zb1bvBm62oV...)
[00:57:18] *** 操盘方钱包卖出信号#215 *** 3Xxdq4apMS... 卖出$47.37 (tx=66bn9DLn57nK...)
[00:57:18] *** 操盘方钱包卖出信号#216 *** EveET8fQVx... 卖出$33.35 (tx=5rtbH6VcqCAD...)
[00:57:49] *** 操盘方钱包卖出信号#217 *** FBzEryE27z... 卖出$53.60 (tx=G4iRcsKWfxkF...)
[00:58:25] *** 操盘方钱包卖出信号#218 *** 7CLdJt1EQm... 卖出$40.46 (tx=4Y717UTd9Jcq...)
[00:58:25] *** 操盘方钱包卖出信号#219 *** 3kUZwWbRis... 卖出$39.82 (tx=2ncZ9KFJv51E...)
[00:59:42] *** 操盘方钱包卖出信号#220 *** 5DRFgBV7PW... 卖出$16.68 (tx=4Uwcd3TSqDeH...)
[00:59:42] *** 操盘方钱包卖出信号#221 *** 4s5A2vJ71b... 卖出$5.52 (tx=5VE8xx9zeiP5...)
[00:59:42] *** 操盘方钱包卖出信号#222 *** 27RetgPo47... 卖出$54.52 (tx=2it3ity95Va1...)
[00:59:42] *** 操盘方钱包卖出信号#223 *** 42XPDFvXRP... 卖出$42.27 (tx=3sUDLG1gSvUF...)
[00:59:42] *** 操盘方钱包卖出信号#224 *** GXcBYmcEzH... 卖出$53.84 (tx=2D3T6Z1MoaPu...)
[00:59:42] *** 操盘方钱包卖出信号#225 *** GXam77oFJ6... 卖出$13.75 (tx=wzFsmew9THQt...)
[00:59:42] *** 操盘方钱包卖出信号#226 *** 9gCoKvpBdV... 卖出$37.67 (tx=4ye3iMncHdp3...)
[01:00:49] *** 操盘方钱包卖出信号#227 *** 3kUZwWbRis... 卖出$58.45 (tx=3F3CL6d4x91Q...)
[01:00:49] *** 操盘方钱包卖出信号#228 *** EveET8fQVx... 卖出$33.64 (tx=5H7zY2pmYRZH...)
[01:00:49] *** 操盘方钱包卖出信号#229 *** CuNNJtPZCx... 卖出$38.83 (tx=63RMCVawuCDK...)
[01:00:49] *** 操盘方钱包卖出信号#230 *** 3KuyhNKgzu... 卖出$57.76 (tx=44r8kxSAp3xw...)
[01:01:26] *** 操盘方钱包卖出信号#231 *** 27RetgPo47... 卖出$20.97 (tx=4aR3PMcPN172...)
[01:01:26] *** 操盘方钱包卖出信号#232 *** FGjsY5TFbn... 卖出$22.57 (tx=3LPWgg3Ux6nG...)
[01:01:26] *** 操盘方钱包卖出信号#233 *** Bp2U2o5wYr... 卖出$49.63 (tx=5waKgTpvx26N...)
[01:02:05] *** 操盘方钱包卖出信号#234 *** FBzEryE27z... 卖出$47.33 (tx=2eH5kL6uJ6E2...)
[01:02:05] *** 操盘方钱包卖出信号#235 *** 3vyjLKctd3... 卖出$6.84 (tx=3fLFgytbUaym...)
[01:02:05] *** 操盘方钱包卖出信号#236 *** 9xYsykRYuk... 卖出$53.18 (tx=4KtF9TM4Dij7...)
[01:02:36] *** 操盘方钱包卖出信号#237 *** 4s5A2vJ71b... 卖出$30.17 (tx=2EQgaeTJSnSJ...)
[01:03:13] *** 操盘方钱包卖出信号#238 *** 6hh176yh4G... 卖出$9.33 (tx=5edSFkMgEoqY...)
[01:03:13] *** 操盘方钱包卖出信号#239 *** 3Xxdq4apMS... 卖出$5.60 (tx=43pdqyVtHNrM...)
[01:03:13] *** 操盘方钱包卖出信号#240 *** CmsCfxbboN... 卖出$24.48 (tx=2xqQVuhwiB1k...)
[01:03:50] *** 操盘方钱包卖出信号#241 *** 7CLdJt1EQm... 卖出$14.78 (tx=3tegVsCBgQgt...)
[01:03:50] *** 操盘方钱包卖出信号#242 *** 5DRFgBV7PW... 卖出$40.03 (tx=5UdwA8DJEoGg...)
[01:04:30] *** 操盘方钱包卖出信号#243 *** AoXppa1NMC... 卖出$34.09 (tx=4csy2sPyxrS3...)
[01:05:38] *** 操盘方钱包卖出信号#244 *** 3DYnvzraQ3... 卖出$55.48 (tx=2tf9w2WzBv7j...)
[01:05:38] *** 操盘方钱包卖出信号#245 *** 3vyjLKctd3... 卖出$48.12 (tx=5L6bD99gJQDJ...)
[01:05:38] *** 操盘方钱包卖出信号#246 *** FBzEryE27z... 卖出$27.64 (tx=5cjXPGai7LHx...)
[01:05:38] *** 操盘方钱包卖出信号#247 *** AoXppa1NMC... 卖出$57.25 (tx=3bHPniDwMvGs...)
[01:05:38] *** 操盘方钱包卖出信号#248 *** 3KuyhNKgzu... 卖出$11.13 (tx=4fAs9mbb8o6F...)
[01:07:26] *** 操盘方钱包卖出信号#249 *** EveET8fQVx... 卖出$38.72 (tx=63Ec9XHxPuLs...)
[01:07:26] *** 操盘方钱包卖出信号#250 *** CmsCfxbboN... 卖出$32.32 (tx=3kxJUgpA2gbQ...)
[01:07:26] *** 操盘方钱包卖出信号#251 *** 9xYsykRYuk... 卖出$59.25 (tx=5aXT2PKzZoXR...)
[01:07:26] *** 操盘方钱包卖出信号#252 *** 7CLdJt1EQm... 卖出$47.75 (tx=5XvfKySMucma...)
[01:08:05] *** 操盘方钱包卖出信号#253 *** 42XPDFvXRP... 卖出$59.35 (tx=cL6BGidLeBJZ...)
[01:08:05] *** 操盘方钱包卖出信号#254 *** 27RetgPo47... 卖出$26.76 (tx=4RvLSWiVCHR2...)
[01:08:43] *** 操盘方钱包卖出信号#255 *** 3Xxdq4apMS... 卖出$41.50 (tx=3CpGEc3EvZEw...)
[01:08:43] *** 操盘方钱包卖出信号#256 *** 4s5A2vJ71b... 卖出$14.78 (tx=31skPvQkumw2...)
[01:08:43] *** 操盘方钱包卖出信号#257 *** 3kUZwWbRis... 卖出$53.10 (tx=5nBcHhJ1YGWp...)
[01:09:50] *** 操盘方钱包卖出信号#258 *** 3DYnvzraQ3... 卖出$31.60 (tx=4G4tzVNCDsYq...)
[01:09:50] *** 操盘方钱包卖出信号#259 *** CuNNJtPZCx... 卖出$54.00 (tx=2zQtx9aNGT2o...)
[01:09:50] *** 操盘方钱包卖出信号#260 *** FGjsY5TFbn... 卖出$42.85 (tx=3PCmH473oTMP...)
[01:09:50] *** 操盘方钱包卖出信号#261 *** 5DRFgBV7PW... 卖出$14.12 (tx=mwPoV58ZdLds...)
[01:09:50] *** 操盘方钱包卖出信号#262 *** Bp2U2o5wYr... 卖出$6.32 (tx=4Dxhj9TyDE7s...)
[01:10:25] *** 操盘方钱包卖出信号#263 *** 6hh176yh4G... 卖出$8.90 (tx=4n2LzwRoHf5m...)
[01:10:25] *** 操盘方钱包卖出信号#264 *** GXam77oFJ6... 卖出$43.86 (tx=5BYpbPf7iucj...)
[01:11:03] *** 操盘方钱包卖出信号#265 *** 9gCoKvpBdV... 卖出$41.96 (tx=5TAmqjVnfLnZ...)
[01:11:03] *** 操盘方钱包卖出信号#266 *** GXcBYmcEzH... 卖出$24.86 (tx=4WnUEgSVj85P...)
[01:12:12] *** 操盘方钱包卖出信号#267 *** 27RetgPo47... 卖出$43.67 (tx=3EfRr5YmmLxV...)
[01:12:12] *** 操盘方钱包卖出信号#268 *** CuNNJtPZCx... 卖出$58.21 (tx=3cbdCWMEPd8k...)
[01:12:12] *** 操盘方钱包卖出信号#269 *** 3Xxdq4apMS... 卖出$13.54 (tx=3sV8rHstpaJ4...)
[01:12:12] *** 操盘方钱包卖出信号#270 *** 9xYsykRYuk... 卖出$14.75 (tx=3i3eFki9YRBY...)
[01:12:12] *** 操盘方钱包卖出信号#271 *** 3DYnvzraQ3... 卖出$57.02 (tx=5mDZqvyjjnDr...)
[01:12:39] *** 操盘方钱包卖出信号#272 *** 3KuyhNKgzu... 卖出$46.49 (tx=sJo5YgiuiAiE...)
[01:12:39] *** 操盘方钱包卖出信号#273 *** GXcBYmcEzH... 卖出$38.51 (tx=2WzYfDoqJd4c...)
[01:13:13] *** 操盘方钱包卖出信号#274 *** 9gCoKvpBdV... 卖出$12.24 (tx=jn4NwT7x6xfh...)
[01:13:13] *** 操盘方钱包卖出信号#275 *** 4s5A2vJ71b... 卖出$37.35 (tx=4gajvc2BCFKB...)
[01:13:50] *** 操盘方钱包卖出信号#276 *** FBzEryE27z... 卖出$34.66 (tx=2xLJgaW7BGQi...)
[01:14:30] *** 操盘方钱包卖出信号#277 *** FGjsY5TFbn... 卖出$7.64 (tx=ZQj8Em5z8WQx...)
[01:14:30] *** 操盘方钱包卖出信号#278 *** EveET8fQVx... 卖出$11.27 (tx=2BDnsLiS49Lj...)
[01:15:37] *** 操盘方钱包卖出信号#279 *** 5DRFgBV7PW... 卖出$6.30 (tx=4jNK5eZVLPHy...)
[01:15:37] *** 操盘方钱包卖出信号#280 *** 6hh176yh4G... 卖出$45.25 (tx=2rtuTFmReZnS...)
[01:15:37] *** 操盘方钱包卖出信号#281 *** AoXppa1NMC... 卖出$58.81 (tx=sY31akyJZMCL...)
[01:15:37] *** 操盘方钱包卖出信号#282 *** 3vyjLKctd3... 卖出$8.63 (tx=VRVGGceppP8v...)
[01:16:14] *** 操盘方钱包卖出信号#283 *** 42XPDFvXRP... 卖出$44.12 (tx=a8yRcfbyZJPh...)
[01:16:14] *** 操盘方钱包卖出信号#284 *** 7CLdJt1EQm... 卖出$41.20 (tx=rWDhaxBt5NqJ...)
[01:16:54] *** 操盘方钱包卖出信号#285 *** Bp2U2o5wYr... 卖出$32.51 (tx=2ee9VdFn6QWp...)
[01:16:54] *** 操盘方钱包卖出信号#286 *** GXam77oFJ6... 卖出$33.50 (tx=56H1Gjyw2ETm...)
[01:16:54] *** 操盘方钱包卖出信号#287 *** 3kUZwWbRis... 卖出$31.01 (tx=5bEBnv8AgaNB...)
[01:16:54] *** 操盘方钱包卖出信号#288 *** CmsCfxbboN... 卖出$46.10 (tx=2ig7fhEyk3Jt...)
[01:18:02] *** 操盘方钱包卖出信号#289 *** FBzEryE27z... 卖出$31.89 (tx=2HRJG9WyyizA...)
[01:18:02] *** 操盘方钱包卖出信号#290 *** AoXppa1NMC... 卖出$30.15 (tx=wcL5294q4PSB...)
[01:19:12] *** 操盘方钱包卖出信号#291 *** 7CLdJt1EQm... 卖出$52.36 (tx=5YCwVZkVfNCg...)
[01:19:12] *** 操盘方钱包卖出信号#292 *** FGjsY5TFbn... 卖出$41.90 (tx=2ZHanhJzpUqa...)
[01:19:12] *** 操盘方钱包卖出信号#293 *** 5DRFgBV7PW... 卖出$20.45 (tx=4xmvtrsMDWh5...)
[01:19:12] *** 操盘方钱包卖出信号#294 *** 42XPDFvXRP... 卖出$34.60 (tx=4wWeLKjyLg2T...)
[01:19:12] *** 操盘方钱包卖出信号#295 *** 3KuyhNKgzu... 卖出$21.46 (tx=2fQ8iFwLvVJA...)
[01:19:50] *** 操盘方钱包卖出信号#296 *** Bp2U2o5wYr... 卖出$26.30 (tx=2oc2ErJ4rkjA...)
[01:19:50] *** 操盘方钱包卖出信号#297 *** 9xYsykRYuk... 卖出$55.14 (tx=3QPLCrrop1oP...)
[01:20:30] *** 操盘方钱包卖出信号#298 *** GXam77oFJ6... 卖出$55.91 (tx=KKebQmCx2BsH...)
[01:20:30] *** 操盘方钱包卖出信号#299 *** 3Xxdq4apMS... 卖出$24.57 (tx=5Ldd54KcYj1s...)
[01:20:30] *** 操盘方钱包卖出信号#300 *** EveET8fQVx... 卖出$10.30 (tx=3N4BQrCUiUQD...)
[01:20:30] *** 操盘方钱包卖出信号#301 *** CmsCfxbboN... 卖出$33.17 (tx=3ctwDDJJcMP6...)
[01:21:37] *** 操盘方钱包卖出信号#302 *** 27RetgPo47... 卖出$39.91 (tx=3vbS8VhQ6B2k...)
[01:21:37] *** 操盘方钱包卖出信号#303 *** 9gCoKvpBdV... 卖出$57.78 (tx=63j1PjbAJm54...)
[01:21:37] *** 操盘方钱包卖出信号#304 *** 3vyjLKctd3... 卖出$32.07 (tx=EwFzZh4EGMBg...)
[01:21:37] *** 操盘方钱包卖出信号#305 *** GXcBYmcEzH... 卖出$32.54 (tx=41XPpwNcjXCf...)
[01:21:48] === 监控结束,共305次操盘方卖出信号 ===
