[17:06:33] === FhJH5HTJ 高密度崩盘取证监控启动 ===
[17:06:33] 基线: 价格$0.00008520 流动性$18,756
[17:07:34] 价格$0.00008209  流动性$18,685(峰值$18,756)  已存档300笔逐笔  操盘方卖出比例=16.2%
[17:08:34] 价格$0.00008977  流动性$18,266(峰值$18,756)  已存档182笔逐笔
[17:09:34] 价格$0.00008739  流动性$20,376(峰值$20,376)  已存档217笔逐笔
[17:10:35] 价格$0.00009570  流动性$20,486(峰值$20,486)  已存档170笔逐笔
[17:11:35] 价格$0.00008673  流动性$20,896(峰值$20,896)  已存档0笔逐笔
[17:12:36] 价格$0.00006437  流动性$18,026(峰值$20,896)  已存档300笔逐笔  操盘方卖出比例=64.1%
[17:13:36] 价格$0.00005488  流动性$17,081(峰值$20,896)  已存档170笔逐笔
[17:14:36] 价格$0.00005488  流动性$17,081(峰值$20,896)  已存档0笔逐笔
[17:15:36] 价格$0.00003536  流动性$20,692(峰值$20,896)  已存档300笔逐笔
[17:16:37] 价格$0.00007182  流动性$17,377(峰值$20,896)  已存档216笔逐笔
[17:17:38] 价格$0.00007371  流动性$18,083(峰值$20,896)  已存档95笔逐笔  操盘方卖出比例=100.0%
[17:18:38] 价格$0.00007371  流动性$18,083(峰值$20,896)  已存档158笔逐笔
[17:19:39] 价格$0.00007040  流动性$19,267(峰值$20,896)  已存档207笔逐笔
[17:20:39] 价格$0.00005065  流动性$15,230(峰值$20,896)  已存档96笔逐笔
[17:21:39] 价格$0.00005065  流动性$15,230(峰值$20,896)  已存档153笔逐笔
[17:22:40] 价格$0.00000143  流动性$16,834(峰值$20,896)  已存档300笔逐笔  操盘方卖出比例=100.0%
[17:23:40] 价格$0.00000140  流动性$1,448(峰值$20,896)  已存档300笔逐笔
[17:23:40] *** 流动性暴跌,疑似崩盘发生! 立刻加密取证 ***
[17:23:40] 崩盘时刻快照: 价格$0.00000140 流动性$1,448 操盘方卖出比例=1.0
[17:23:40] === 监控结束(崩盘=是) ===
