[17:06:33] === 开始盯防6个已知操盘方钱包的卖出动作 ===
[17:07:16] *** 操盘方钱包卖出信号#1 *** Eb59FhyUEK... 卖出$518.85 (tx=2U9qyk1LWUbB...)
[17:07:16] *** 操盘方钱包卖出信号#2 *** 64P64gLgJE... 卖出$517.75 (tx=4u5A7j59T4DP...)
[17:07:16] *** 操盘方钱包卖出信号#3 *** Eb59FhyUEK... 卖出$510.61 (tx=23a8TTB6ArL4...)
[17:07:16] *** 操盘方钱包卖出信号#4 *** 64P64gLgJE... 卖出$512.71 (tx=5PJ6zUqG4wvX...)
[17:07:16] *** 操盘方钱包卖出信号#5 *** 4kgAb1gT3J... 卖出$515.06 (tx=5DRQQrBwyveE...)
[17:07:16] *** 操盘方钱包卖出信号#6 *** Eb59FhyUEK... 卖出$519.58 (tx=5H99r9g6jLBh...)
[17:07:16] *** 操盘方钱包卖出信号#7 *** 64P64gLgJE... 卖出$510.57 (tx=63oTT5qzKRcU...)
[17:07:16] *** 操盘方钱包卖出信号#8 *** 4kgAb1gT3J... 卖出$520.17 (tx=4jXDruDDrWKs...)
[17:07:16] *** 操盘方钱包卖出信号#9 *** Eb59FhyUEK... 卖出$515.47 (tx=4BxLx4q8cz93...)
[17:07:16] *** 操盘方钱包卖出信号#10 *** 64P64gLgJE... 卖出$514.71 (tx=3zKezDwGMFsj...)
[17:07:16] *** 操盘方钱包卖出信号#11 *** Eb59FhyUEK... 卖出$520.01 (tx=2Z2Y5eQurJ2B...)
[17:07:16] *** 操盘方钱包卖出信号#12 *** 4kgAb1gT3J... 卖出$523.11 (tx=5PDAF3LHKUnr...)
[17:07:16] *** 操盘方钱包卖出信号#13 *** 64P64gLgJE... 卖出$535.26 (tx=TSew8GFazwNR...)
[17:07:16] *** 操盘方钱包卖出信号#14 *** Eb59FhyUEK... 卖出$518.62 (tx=3SAieD6bKydf...)
[17:07:41] *** 操盘方钱包卖出信号#15 *** 4kgAb1gT3J... 卖出$525.57 (tx=2QdAMTcFvoQT...)
[17:07:41] *** 操盘方钱包卖出信号#16 *** 64P64gLgJE... 卖出$521.19 (tx=4tj8TLSLqQYx...)
[17:07:41] *** 操盘方钱包卖出信号#17 *** Eb59FhyUEK... 卖出$511.11 (tx=2otqh3S5EHQk...)
[17:07:41] *** 操盘方钱包卖出信号#18 *** 4kgAb1gT3J... 卖出$522.99 (tx=5eaBZDQ5hD2u...)
[17:07:41] *** 操盘方钱包卖出信号#19 *** 64P64gLgJE... 卖出$511.17 (tx=33ufL3TTLZte...)
[17:07:41] *** 操盘方钱包卖出信号#20 *** Eb59FhyUEK... 卖出$516.06 (tx=43BwtY5Kh981...)
[17:07:41] *** 操盘方钱包卖出信号#21 *** 4kgAb1gT3J... 卖出$516.23 (tx=eU3QWUsEdHF1...)
[17:07:41] *** 操盘方钱包卖出信号#22 *** 64P64gLgJE... 卖出$521.43 (tx=3UKApyAytT4i...)
[17:08:14] *** 操盘方钱包卖出信号#23 *** Eb59FhyUEK... 卖出$520.01 (tx=3s9a76ZJ1wYF...)
[17:08:14] *** 操盘方钱包卖出信号#24 *** 4kgAb1gT3J... 卖出$520.36 (tx=4RhpqdkCqQxf...)
[17:08:14] *** 操盘方钱包卖出信号#25 *** 64P64gLgJE... 卖出$509.34 (tx=5qvbWT1cdiqp...)
[17:08:14] *** 操盘方钱包卖出信号#26 *** Eb59FhyUEK... 卖出$515.21 (tx=tVXxo5UNhwmK...)
[17:08:14] *** 操盘方钱包卖出信号#27 *** 4kgAb1gT3J... 卖出$529.11 (tx=5HGdy8eee6Gj...)
[17:08:51] *** 操盘方钱包卖出信号#28 *** 64P64gLgJE... 卖出$540.01 (tx=2mAFhvrq4PnJ...)
[17:08:51] *** 操盘方钱包卖出信号#29 *** Eb59FhyUEK... 卖出$512.67 (tx=2CvASMeFf5U3...)
[17:08:51] *** 操盘方钱包卖出信号#30 *** 4kgAb1gT3J... 卖出$515.09 (tx=bxgUTnTuC254...)
[17:08:51] *** 操盘方钱包卖出信号#31 *** 64P64gLgJE... 卖出$511.19 (tx=5xtgqhktY1Wi...)
[17:08:51] *** 操盘方钱包卖出信号#32 *** Eb59FhyUEK... 卖出$507.70 (tx=4hJFXdQyoKtk...)
[17:09:31] *** 操盘方钱包卖出信号#33 *** 5xgmYpGX1F... 卖出$514.64 (tx=5BcrD7GtHVKq...)
[17:09:31] *** 操盘方钱包卖出信号#34 *** 4kgAb1gT3J... 卖出$511.24 (tx=3FgGbCTmHsMK...)
[17:09:31] *** 操盘方钱包卖出信号#35 *** 64P64gLgJE... 卖出$533.51 (tx=5zX8jkQ1wzYf...)
[17:09:31] *** 操盘方钱包卖出信号#36 *** Eb59FhyUEK... 卖出$511.08 (tx=5N38zmZ7Es2F...)
[17:09:31] *** 操盘方钱包卖出信号#37 *** 5xgmYpGX1F... 卖出$511.11 (tx=5WUHQoZzeeB9...)
[17:09:31] *** 操盘方钱包卖出信号#38 *** 4kgAb1gT3J... 卖出$511.13 (tx=2Fut9QBUDY4h...)
[17:10:02] *** 操盘方钱包卖出信号#39 *** 64P64gLgJE... 卖出$518.21 (tx=3jXunnVbJezR...)
[17:10:02] *** 操盘方钱包卖出信号#40 *** Eb59FhyUEK... 卖出$517.28 (tx=3H9c1ydC4DGn...)
[17:10:02] *** 操盘方钱包卖出信号#41 *** 5xgmYpGX1F... 卖出$526.85 (tx=2hBUPfLCufgi...)
[17:10:42] *** 操盘方钱包卖出信号#42 *** 4kgAb1gT3J... 卖出$519.54 (tx=5GSd5Az9WofB...)
[17:10:42] *** 操盘方钱包卖出信号#43 *** 64P64gLgJE... 卖出$518.99 (tx=5fPJJPo5Tnnq...)
[17:10:42] *** 操盘方钱包卖出信号#44 *** Eb59FhyUEK... 卖出$511.06 (tx=32sLrzHzATN1...)
[17:10:42] *** 操盘方钱包卖出信号#45 *** 5xgmYpGX1F... 卖出$518.32 (tx=38tiYnamL5bR...)
[17:11:55] *** 操盘方钱包卖出信号#46 *** 4kgAb1gT3J... 卖出$526.74 (tx=3mBFv2eZt14Y...)
[17:11:55] *** 操盘方钱包卖出信号#47 *** 64P64gLgJE... 卖出$531.06 (tx=2rQeYA3e9ELV...)
[17:11:55] *** 操盘方钱包卖出信号#48 *** Eb59FhyUEK... 卖出$511.02 (tx=4Q9wLuzNZpZY...)
[17:11:55] *** 操盘方钱包卖出信号#49 *** 5xgmYpGX1F... 卖出$511.03 (tx=5nvuPaFd3sdA...)
[17:11:55] *** 操盘方钱包卖出信号#50 *** 4kgAb1gT3J... 卖出$510.98 (tx=3YQxnMmkVicF...)
[17:11:55] *** 操盘方钱包卖出信号#51 *** 64P64gLgJE... 卖出$511.03 (tx=c6FLuFAvwkeF...)
[17:11:55] *** 操盘方钱包卖出信号#52 *** Eb59FhyUEK... 卖出$526.96 (tx=5T12AUvyCNZK...)
[17:11:55] *** 操盘方钱包卖出信号#53 *** 5xgmYpGX1F... 卖出$529.94 (tx=2pQDXvJkAtc4...)
[17:11:55] *** 操盘方钱包卖出信号#54 *** 4kgAb1gT3J... 卖出$515.76 (tx=ZqUzzThJexHb...)
[17:11:55] *** 操盘方钱包卖出信号#55 *** Z8JU8pAn2x... 卖出$18.30 (tx=5z2vZabUxfD6...)
[17:11:55] *** 操盘方钱包卖出信号#56 *** 64P64gLgJE... 卖出$514.41 (tx=3S7DDSP8Ktrp...)
[17:11:55] *** 操盘方钱包卖出信号#57 *** 5xgmYpGX1F... 卖出$524.76 (tx=4q4WcgXgY26Z...)
[17:11:55] *** 操盘方钱包卖出信号#58 *** Eb59FhyUEK... 卖出$518.25 (tx=3LKoiTRCPQYm...)
[17:11:55] *** 操盘方钱包卖出信号#59 *** 4kgAb1gT3J... 卖出$510.72 (tx=3XYYbiccCm8A...)
[17:12:26] *** 操盘方钱包卖出信号#60 *** 64P64gLgJE... 卖出$520.69 (tx=4xv74poxzwrJ...)
[17:12:26] *** 操盘方钱包卖出信号#61 *** 5xgmYpGX1F... 卖出$528.53 (tx=3hRo6te2cMkA...)
[17:12:26] *** 操盘方钱包卖出信号#62 *** Eb59FhyUEK... 卖出$510.96 (tx=2yiX6xvXpXqV...)
[17:12:26] *** 操盘方钱包卖出信号#63 *** 4kgAb1gT3J... 卖出$521.87 (tx=4o6JTcgGqeHr...)
[17:12:26] *** 操盘方钱包卖出信号#64 *** 64P64gLgJE... 卖出$468.48 (tx=2anfT5M7ohEp...)
[17:12:26] *** 操盘方钱包卖出信号#65 *** 5xgmYpGX1F... 卖出$535.73 (tx=ygxsgWHtucfR...)
[17:12:26] *** 操盘方钱包卖出信号#66 *** Eb59FhyUEK... 卖出$540.18 (tx=MGCnMAr8phNX...)
[17:13:03] *** 操盘方钱包卖出信号#67 *** 4kgAb1gT3J... 卖出$527.56 (tx=3ikvjWpGomNn...)
[17:13:03] *** 操盘方钱包卖出信号#68 *** 64P64gLgJE... 卖出$465.21 (tx=3zjPydU6hep1...)
[17:13:03] *** 操盘方钱包卖出信号#69 *** 5xgmYpGX1F... 卖出$444.21 (tx=3L11q92eJWbs...)
[17:13:03] *** 操盘方钱包卖出信号#70 *** Eb59FhyUEK... 卖出$426.16 (tx=3pKc72eAV4a7...)
[17:13:42] *** 操盘方钱包卖出信号#71 *** 4kgAb1gT3J... 卖出$469.35 (tx=3RaqJ5L7UxXk...)
[17:13:42] *** 操盘方钱包卖出信号#72 *** 64P64gLgJE... 卖出$494.05 (tx=3VzTBjDafgoE...)
[17:13:42] *** 操盘方钱包卖出信号#73 *** 5xgmYpGX1F... 卖出$502.67 (tx=2tthy3nneHMr...)
[17:13:42] *** 操盘方钱包卖出信号#74 *** 4kgAb1gT3J... 卖出$443.14 (tx=4XnxrNh9RQ7p...)
[17:14:55] *** 操盘方钱包卖出信号#75 *** Eb59FhyUEK... 卖出$464.81 (tx=3Pfsj7SRzGru...)
[17:14:55] *** 操盘方钱包卖出信号#76 *** 64P64gLgJE... 卖出$405.20 (tx=2iu4p6XHeznL...)
[17:14:55] *** 操盘方钱包卖出信号#77 *** 5xgmYpGX1F... 卖出$410.49 (tx=r16Ns5wEJFVg...)
[17:14:55] *** 操盘方钱包卖出信号#78 *** Eb59FhyUEK... 卖出$415.19 (tx=4zP1xHSD6vGR...)
[17:14:55] *** 操盘方钱包卖出信号#79 *** 4kgAb1gT3J... 卖出$431.24 (tx=BgWiFMrgKStp...)
[17:14:55] *** 操盘方钱包卖出信号#80 *** 64P64gLgJE... 卖出$432.37 (tx=3kY4HP9BKzkW...)
[17:14:55] *** 操盘方钱包卖出信号#81 *** 5xgmYpGX1F... 卖出$431.73 (tx=2Ngni3fHk7ec...)
[17:14:55] *** 操盘方钱包卖出信号#82 *** Eb59FhyUEK... 卖出$498.74 (tx=51DoKivfUu2g...)
[17:14:55] *** 操盘方钱包卖出信号#83 *** 4kgAb1gT3J... 卖出$463.21 (tx=4bGV68ADWA6b...)
[17:14:55] *** 操盘方钱包卖出信号#84 *** 64P64gLgJE... 卖出$470.47 (tx=2wods3doFrCf...)
[17:14:55] *** 操盘方钱包卖出信号#85 *** 5xgmYpGX1F... 卖出$470.81 (tx=2kpb3rG5WJE6...)
[17:14:55] *** 操盘方钱包卖出信号#86 *** Eb59FhyUEK... 卖出$462.01 (tx=2LiG5NDKN8vZ...)
[17:14:55] *** 操盘方钱包卖出信号#87 *** 4kgAb1gT3J... 卖出$449.84 (tx=3uteqDF8vgud...)
[17:14:55] *** 操盘方钱包卖出信号#88 *** 64P64gLgJE... 卖出$79.30 (tx=4nRuMSW1guGq...)
[17:15:26] *** 操盘方钱包卖出信号#89 *** 64P64gLgJE... 卖出$23.77 (tx=z8ExjX5SpM9D...)
[17:16:39] *** 操盘方钱包卖出信号#90 *** 64P64gLgJE... 卖出$314.69 (tx=61xo7A1Z4zkT...)
[17:16:39] *** 操盘方钱包卖出信号#91 *** 5xgmYpGX1F... 卖出$253.41 (tx=3uFwAout2pkR...)
[17:16:39] *** 操盘方钱包卖出信号#92 *** Eb59FhyUEK... 卖出$142.42 (tx=31XJQzBam7Kj...)
[17:17:18] *** 操盘方钱包卖出信号#93 *** Eb59FhyUEK... 卖出$42.63 (tx=2Ydqf4Wwrwwx...)
[17:17:18] *** 操盘方钱包卖出信号#94 *** 4kgAb1gT3J... 卖出$164.03 (tx=5GJ6YiYFucmy...)
