[08:10:31] === 开始盯防4个已知操盘方钱包的卖出动作 ===
[08:11:17] *** 操盘方钱包卖出信号#1 *** Gygj9QQby4... 卖出$0.90 (tx=5P7k37aMXhNc...)
[08:11:17] *** 操盘方钱包卖出信号#2 *** Gygj9QQby4... 卖出$0.10 (tx=whRdmugZEWYD...)
[08:11:17] *** 操盘方钱包卖出信号#3 *** Gygj9QQby4... 卖出$2.28 (tx=2c4sgmCijB9T...)
[08:11:17] *** 操盘方钱包卖出信号#4 *** Gygj9QQby4... 卖出$1.44 (tx=ERFJVvDpj9ZW...)
[08:11:17] *** 操盘方钱包卖出信号#5 *** Gygj9QQby4... 卖出$2.65 (tx=2mnWasjdNYJq...)
[08:11:17] *** 操盘方钱包卖出信号#6 *** Gygj9QQby4... 卖出$2.76 (tx=3gE56VtA5CK1...)
[08:11:17] *** 操盘方钱包卖出信号#7 *** Gygj9QQby4... 卖出$1.14 (tx=4LCKzoicbzMS...)
[08:11:17] *** 操盘方钱包卖出信号#8 *** Gygj9QQby4... 卖出$0.44 (tx=4ZBwT6ynXFuT...)
[08:11:17] *** 操盘方钱包卖出信号#9 *** Gygj9QQby4... 卖出$5.65 (tx=5G51Fi6Vot8i...)
[08:11:17] *** 操盘方钱包卖出信号#10 *** Gygj9QQby4... 卖出$1.49 (tx=5v5vnms9sXGF...)
[08:11:17] *** 操盘方钱包卖出信号#11 *** Gygj9QQby4... 卖出$1.51 (tx=4g1YqF44ub92...)
[08:11:17] *** 操盘方钱包卖出信号#12 *** Gygj9QQby4... 卖出$0.90 (tx=26wXtocWgRrR...)
[08:11:17] *** 操盘方钱包卖出信号#13 *** Gygj9QQby4... 卖出$2.42 (tx=4NX1HQjX5iPZ...)
[08:11:17] *** 操盘方钱包卖出信号#14 *** Gygj9QQby4... 卖出$1.53 (tx=61RzY1b8Pwze...)
[08:11:17] *** 操盘方钱包卖出信号#15 *** Gygj9QQby4... 卖出$1.07 (tx=2MNDuWJ8EizJ...)
[08:11:17] *** 操盘方钱包卖出信号#16 *** Gygj9QQby4... 卖出$1.31 (tx=59T8Eb6TZg6A...)
[08:11:17] *** 操盘方钱包卖出信号#17 *** Gygj9QQby4... 卖出$7.03 (tx=bKeqgLRNXdM3...)
[08:11:17] *** 操盘方钱包卖出信号#18 *** Gygj9QQby4... 卖出$5.47 (tx=2JLNHjSzWJoi...)
[08:11:17] *** 操盘方钱包卖出信号#19 *** Gygj9QQby4... 卖出$2.27 (tx=4bsX6BxJYqux...)
[08:11:17] *** 操盘方钱包卖出信号#20 *** BhqtmmQhRD... 卖出$4.44 (tx=5mV1582bv47i...)
[08:11:17] *** 操盘方钱包卖出信号#21 *** Gygj9QQby4... 卖出$0.29 (tx=56wnWVzGURWn...)
[08:11:17] *** 操盘方钱包卖出信号#22 *** Gygj9QQby4... 卖出$6.37 (tx=3CaiSn5nihVU...)
[08:11:17] *** 操盘方钱包卖出信号#23 *** Gygj9QQby4... 卖出$2.48 (tx=4zwovbT3dBSW...)
[08:11:17] *** 操盘方钱包卖出信号#24 *** Gygj9QQby4... 卖出$1.38 (tx=Fk2iFJw4G45m...)
[08:11:17] *** 操盘方钱包卖出信号#25 *** Gygj9QQby4... 卖出$2.72 (tx=39HSfcdtwSWp...)
[08:12:08] *** 操盘方钱包卖出信号#26 *** Gygj9QQby4... 卖出$1.00 (tx=31yiAaPDGS43...)
[08:12:08] *** 操盘方钱包卖出信号#27 *** Gygj9QQby4... 卖出$4.53 (tx=2cgE1Q6n9YyE...)
[08:12:08] *** 操盘方钱包卖出信号#28 *** Gygj9QQby4... 卖出$3.28 (tx=oUA8NZHJupiB...)
[08:12:08] *** 操盘方钱包卖出信号#29 *** Gygj9QQby4... 卖出$2.38 (tx=vGwAd8bwN12P...)
[08:12:08] *** 操盘方钱包卖出信号#30 *** Gygj9QQby4... 卖出$3.03 (tx=2m6CwLQjpp4T...)
[08:12:08] *** 操盘方钱包卖出信号#31 *** Gygj9QQby4... 卖出$1.85 (tx=2DCQN8GMiAsc...)
[08:12:08] *** 操盘方钱包卖出信号#32 *** Gygj9QQby4... 卖出$2.81 (tx=5xT73MYodaWG...)
[08:12:08] *** 操盘方钱包卖出信号#33 *** Gygj9QQby4... 卖出$1.50 (tx=5f8UEXC6sagT...)
[08:12:08] *** 操盘方钱包卖出信号#34 *** Gygj9QQby4... 卖出$5.29 (tx=4EmtGruETZ1m...)
[08:12:08] *** 操盘方钱包卖出信号#35 *** Gygj9QQby4... 卖出$3.59 (tx=31fT1DnJ6bsT...)
[08:12:08] *** 操盘方钱包卖出信号#36 *** Gygj9QQby4... 卖出$1.45 (tx=32FJwUmcM4s9...)
[08:12:08] *** 操盘方钱包卖出信号#37 *** Gygj9QQby4... 卖出$1.51 (tx=PsvrihH2rA4T...)
[08:12:08] *** 操盘方钱包卖出信号#38 *** Gygj9QQby4... 卖出$2.41 (tx=47qTdw1ZpAE2...)
[08:12:08] *** 操盘方钱包卖出信号#39 *** Gygj9QQby4... 卖出$1.24 (tx=5p93yJDq2wRu...)
[08:12:08] *** 操盘方钱包卖出信号#40 *** Gygj9QQby4... 卖出$2.17 (tx=3YfTdgbTdvWY...)
[08:12:08] *** 操盘方钱包卖出信号#41 *** Gygj9QQby4... 卖出$1.51 (tx=3EYs6Y2Ld1K5...)
[08:12:08] *** 操盘方钱包卖出信号#42 *** Gygj9QQby4... 卖出$1.25 (tx=5qWsNiRRZtro...)
[08:12:08] *** 操盘方钱包卖出信号#43 *** Gygj9QQby4... 卖出$1.00 (tx=3ZjzphFzVmrC...)
[08:12:08] *** 操盘方钱包卖出信号#44 *** Gygj9QQby4... 卖出$0.53 (tx=4okZmEMbopYE...)
[08:12:08] *** 操盘方钱包卖出信号#45 *** Gygj9QQby4... 卖出$1.35 (tx=aFF9b84EZSfY...)
[08:12:08] *** 操盘方钱包卖出信号#46 *** Gygj9QQby4... 卖出$0.54 (tx=MCPy8ensmeQx...)
[08:12:08] *** 操盘方钱包卖出信号#47 *** Gygj9QQby4... 卖出$0.70 (tx=JPCnrLGjMdtz...)
[08:12:08] *** 操盘方钱包卖出信号#48 *** Gygj9QQby4... 卖出$0.20 (tx=4HKxvnA9kfdK...)
[08:12:08] *** 操盘方钱包卖出信号#49 *** Gygj9QQby4... 卖出$0.64 (tx=46tGgtJeiG6K...)
[08:12:08] *** 操盘方钱包卖出信号#50 *** Gygj9QQby4... 卖出$0.38 (tx=59NqFAY3nVLY...)
[08:12:08] *** 操盘方钱包卖出信号#51 *** Gygj9QQby4... 卖出$0.43 (tx=2SGJjrvcAEmm...)
[08:12:08] *** 操盘方钱包卖出信号#52 *** Gygj9QQby4... 卖出$0.70 (tx=25yH7HBQEQhM...)
[08:12:08] *** 操盘方钱包卖出信号#53 *** Gygj9QQby4... 卖出$0.43 (tx=5FWMqYfMcN5g...)
[08:12:08] *** 操盘方钱包卖出信号#54 *** Gygj9QQby4... 卖出$3.75 (tx=jFmqkcQ3MFoG...)
[08:12:08] *** 操盘方钱包卖出信号#55 *** BhqtmmQhRD... 卖出$9.18 (tx=hFDQmMV8e5cs...)
[08:12:08] *** 操盘方钱包卖出信号#56 *** Gygj9QQby4... 卖出$1.03 (tx=D4L1BV8jxG3r...)
[08:12:08] *** 操盘方钱包卖出信号#57 *** Gygj9QQby4... 卖出$3.36 (tx=5xELqFtC8G4A...)
[08:12:08] *** 操盘方钱包卖出信号#58 *** Gygj9QQby4... 卖出$1.11 (tx=VLJM4upDU43a...)
[08:12:08] *** 操盘方钱包卖出信号#59 *** Gygj9QQby4... 卖出$5.92 (tx=58XMB2euuG96...)
[08:12:08] *** 操盘方钱包卖出信号#60 *** Gygj9QQby4... 卖出$1.69 (tx=5wN1RHcVwtT8...)
[08:12:08] *** 操盘方钱包卖出信号#61 *** Gygj9QQby4... 卖出$17.36 (tx=2pbLgUXQMXmF...)
[08:12:08] *** 操盘方钱包卖出信号#62 *** Gygj9QQby4... 卖出$11.97 (tx=3nCQQSucBis3...)
[08:12:08] *** 操盘方钱包卖出信号#63 *** Gygj9QQby4... 卖出$1.26 (tx=46eQCv62EhxU...)
[08:12:08] *** 操盘方钱包卖出信号#64 *** Gygj9QQby4... 卖出$3.97 (tx=36GGM7KoDWcP...)
[08:12:08] *** 操盘方钱包卖出信号#65 *** Gygj9QQby4... 卖出$2.77 (tx=2gyJ7acunsv9...)
[08:12:08] *** 操盘方钱包卖出信号#66 *** Gygj9QQby4... 卖出$2.11 (tx=o8YfHH5np1mV...)
[08:12:08] *** 操盘方钱包卖出信号#67 *** Gygj9QQby4... 卖出$4.65 (tx=PmQUFgCwGJLe...)
[08:12:08] *** 操盘方钱包卖出信号#68 *** Gygj9QQby4... 卖出$0.85 (tx=4HwQ16D6Y891...)
[08:12:08] *** 操盘方钱包卖出信号#69 *** Gygj9QQby4... 卖出$5.07 (tx=3QRgvCxnPQCg...)
[08:12:08] *** 操盘方钱包卖出信号#70 *** Gygj9QQby4... 卖出$1.71 (tx=3jTKVMPsrqwb...)
[08:12:08] *** 操盘方钱包卖出信号#71 *** Gygj9QQby4... 卖出$0.25 (tx=44P3JjALhTcB...)
[08:12:08] *** 操盘方钱包卖出信号#72 *** Gygj9QQby4... 卖出$1.94 (tx=4hzjDGcDbhfa...)
[08:12:08] *** 操盘方钱包卖出信号#73 *** Gygj9QQby4... 卖出$0.92 (tx=TQZdUxpSFTf9...)
[08:12:08] *** 操盘方钱包卖出信号#74 *** Gygj9QQby4... 卖出$2.91 (tx=3gHv8hpsfQT8...)
[08:12:08] *** 操盘方钱包卖出信号#75 *** Gygj9QQby4... 卖出$1.69 (tx=3e44LySCkegP...)
[08:12:43] *** 操盘方钱包卖出信号#76 *** Gygj9QQby4... 卖出$5.22 (tx=Avsbp7A8S1EJ...)
[08:12:43] *** 操盘方钱包卖出信号#77 *** Gygj9QQby4... 卖出$1.69 (tx=6e9gHzjKbZk9...)
[08:12:43] *** 操盘方钱包卖出信号#78 *** Gygj9QQby4... 卖出$3.01 (tx=4fArBHtQDMai...)
[08:12:43] *** 操盘方钱包卖出信号#79 *** Gygj9QQby4... 卖出$2.26 (tx=4CmHatENpS7M...)
[08:12:43] *** 操盘方钱包卖出信号#80 *** Gygj9QQby4... 卖出$3.78 (tx=3HaQFXzg9o7v...)
[08:12:43] *** 操盘方钱包卖出信号#81 *** Gygj9QQby4... 卖出$2.13 (tx=4h4SEsktAi92...)
[08:12:43] *** 操盘方钱包卖出信号#82 *** Gygj9QQby4... 卖出$0.51 (tx=8qb69AnJFdkM...)
[08:12:43] *** 操盘方钱包卖出信号#83 *** Gygj9QQby4... 卖出$12.19 (tx=47RdTTN4f6Qv...)
[08:12:43] *** 操盘方钱包卖出信号#84 *** Gygj9QQby4... 卖出$1.91 (tx=2XaguvbvhzXH...)
[08:12:43] *** 操盘方钱包卖出信号#85 *** Gygj9QQby4... 卖出$4.78 (tx=37ZDGsu4ieFy...)
[08:12:43] *** 操盘方钱包卖出信号#86 *** Gygj9QQby4... 卖出$0.67 (tx=2YunqJdEctum...)
[08:12:43] *** 操盘方钱包卖出信号#87 *** Gygj9QQby4... 卖出$1.16 (tx=67Qhf1wxitbu...)
[08:12:43] *** 操盘方钱包卖出信号#88 *** Gygj9QQby4... 卖出$1.58 (tx=3xsGHdmvkhnn...)
[08:12:43] *** 操盘方钱包卖出信号#89 *** Gygj9QQby4... 卖出$5.80 (tx=rdTUzYvJ8tFD...)
[08:12:43] *** 操盘方钱包卖出信号#90 *** Gygj9QQby4... 卖出$6.96 (tx=9hNpY1UizhvM...)
[08:12:43] *** 操盘方钱包卖出信号#91 *** Gygj9QQby4... 卖出$5.17 (tx=2eFTtBXGupqQ...)
[08:12:43] *** 操盘方钱包卖出信号#92 *** BhqtmmQhRD... 卖出$2.62 (tx=3anGDX2pZKFo...)
[08:12:43] *** 操盘方钱包卖出信号#93 *** Gygj9QQby4... 卖出$5.54 (tx=2gjHSMyi1jU3...)
[08:12:43] *** 操盘方钱包卖出信号#94 *** Gygj9QQby4... 卖出$4.51 (tx=3j3kgfkY6zUi...)
[08:12:43] *** 操盘方钱包卖出信号#95 *** Gygj9QQby4... 卖出$2.74 (tx=5kFHYNmjuq3J...)
[08:12:43] *** 操盘方钱包卖出信号#96 *** Gygj9QQby4... 卖出$3.95 (tx=SSEBsoZfv2r6...)
[08:12:43] *** 操盘方钱包卖出信号#97 *** Gygj9QQby4... 卖出$1.29 (tx=4Hd4ULRaVnie...)
[08:12:43] *** 操盘方钱包卖出信号#98 *** BhqtmmQhRD... 卖出$0.99 (tx=2yHvCwZV2LmL...)
[08:12:43] *** 操盘方钱包卖出信号#99 *** Gygj9QQby4... 卖出$0.89 (tx=2NKTicL2kEH7...)
[08:12:43] *** 操盘方钱包卖出信号#100 *** Gygj9QQby4... 卖出$1.24 (tx=2nkHXYVaSTZm...)
[08:13:54] *** 操盘方钱包卖出信号#101 *** Gygj9QQby4... 卖出$0.37 (tx=4KSJnsXc3DX1...)
[08:13:54] *** 操盘方钱包卖出信号#102 *** Gygj9QQby4... 卖出$1.29 (tx=3HgymP5pmN8J...)
[08:13:54] *** 操盘方钱包卖出信号#103 *** Gygj9QQby4... 卖出$1.55 (tx=47N3Hdueds5z...)
[08:13:54] *** 操盘方钱包卖出信号#104 *** Gygj9QQby4... 卖出$3.62 (tx=5YQdN7tm6UHq...)
[08:13:54] *** 操盘方钱包卖出信号#105 *** Gygj9QQby4... 卖出$1.04 (tx=2nsDoDsFvaDJ...)
[08:13:54] *** 操盘方钱包卖出信号#106 *** Gygj9QQby4... 卖出$1.07 (tx=4h53xfnwTuGw...)
[08:13:54] *** 操盘方钱包卖出信号#107 *** Gygj9QQby4... 卖出$2.07 (tx=jgtAzvPq9RYR...)
[08:13:54] *** 操盘方钱包卖出信号#108 *** Gygj9QQby4... 卖出$6.76 (tx=2jWHEn6AtKYH...)
[08:13:54] *** 操盘方钱包卖出信号#109 *** Gygj9QQby4... 卖出$2.39 (tx=5bLV7K8naapy...)
[08:13:54] *** 操盘方钱包卖出信号#110 *** Gygj9QQby4... 卖出$3.06 (tx=2HHgvnMpCdze...)
[08:13:54] *** 操盘方钱包卖出信号#111 *** Gygj9QQby4... 卖出$3.65 (tx=zDR8QvfuWaw4...)
[08:13:54] *** 操盘方钱包卖出信号#112 *** Gygj9QQby4... 卖出$4.09 (tx=25pTwsSL2Ww3...)
[08:13:54] *** 操盘方钱包卖出信号#113 *** Gygj9QQby4... 卖出$2.01 (tx=3mumJTRm6ERs...)
[08:13:54] *** 操盘方钱包卖出信号#114 *** Gygj9QQby4... 卖出$2.10 (tx=2d77dT5g7MYP...)
[08:13:54] *** 操盘方钱包卖出信号#115 *** Gygj9QQby4... 卖出$2.17 (tx=4gMiMzbZUPGX...)
[08:13:54] *** 操盘方钱包卖出信号#116 *** Gygj9QQby4... 卖出$2.87 (tx=2P5f3cp2Efhh...)
[08:13:54] *** 操盘方钱包卖出信号#117 *** Gygj9QQby4... 卖出$2.99 (tx=3xaAXpKbB6hj...)
[08:13:54] *** 操盘方钱包卖出信号#118 *** Gygj9QQby4... 卖出$2.81 (tx=ArRdAevLSsCd...)
[08:13:54] *** 操盘方钱包卖出信号#119 *** Gygj9QQby4... 卖出$1.38 (tx=5QCszb2fqBGr...)
[08:13:54] *** 操盘方钱包卖出信号#120 *** Gygj9QQby4... 卖出$2.41 (tx=5AbedhHpLNG7...)
[08:13:54] *** 操盘方钱包卖出信号#121 *** Gygj9QQby4... 卖出$1.41 (tx=4rdEiEVgc2Gx...)
[08:13:54] *** 操盘方钱包卖出信号#122 *** Gygj9QQby4... 卖出$7.56 (tx=234jqyZmfbTD...)
[08:13:54] *** 操盘方钱包卖出信号#123 *** BhqtmmQhRD... 卖出$2.19 (tx=3eAoKpxz9rCE...)
[08:13:54] *** 操盘方钱包卖出信号#124 *** Gygj9QQby4... 卖出$0.78 (tx=5FxqgV2bcECF...)
[08:13:54] *** 操盘方钱包卖出信号#125 *** Gygj9QQby4... 卖出$1.93 (tx=2ZS3XPF7Jh2X...)
[08:13:54] *** 操盘方钱包卖出信号#126 *** Gygj9QQby4... 卖出$0.99 (tx=5Ydy9hntRjdS...)
[08:13:54] *** 操盘方钱包卖出信号#127 *** Gygj9QQby4... 卖出$1.60 (tx=23ZGJq5mqPWu...)
[08:13:54] *** 操盘方钱包卖出信号#128 *** Gygj9QQby4... 卖出$1.47 (tx=4KQNj2asV3RD...)
[08:13:54] *** 操盘方钱包卖出信号#129 *** Gygj9QQby4... 卖出$1.42 (tx=4G6hvcVjuh9m...)
[08:13:54] *** 操盘方钱包卖出信号#130 *** Gygj9QQby4... 卖出$0.19 (tx=61c8k2cYeDAT...)
[08:13:54] *** 操盘方钱包卖出信号#131 *** Gygj9QQby4... 卖出$0.48 (tx=5vQLj8CxAJP2...)
[08:13:54] *** 操盘方钱包卖出信号#132 *** Gygj9QQby4... 卖出$0.43 (tx=pSMykDKUspfw...)
[08:13:54] *** 操盘方钱包卖出信号#133 *** Gygj9QQby4... 卖出$0.29 (tx=5BkrbpPj7Bb8...)
[08:13:54] *** 操盘方钱包卖出信号#134 *** Gygj9QQby4... 卖出$0.89 (tx=3afMeVoCkmmT...)
[08:13:54] *** 操盘方钱包卖出信号#135 *** Gygj9QQby4... 卖出$1.09 (tx=314ULyqH3f4P...)
[08:13:54] *** 操盘方钱包卖出信号#136 *** Gygj9QQby4... 卖出$1.34 (tx=3R6zQa8YFX5v...)
[08:13:54] *** 操盘方钱包卖出信号#137 *** Gygj9QQby4... 卖出$1.09 (tx=3KRmkpJjeVQz...)
[08:13:54] *** 操盘方钱包卖出信号#138 *** Gygj9QQby4... 卖出$0.57 (tx=5CKXrxiR9xfv...)
[08:13:54] *** 操盘方钱包卖出信号#139 *** Gygj9QQby4... 卖出$1.61 (tx=4QKrigCoF63H...)
[08:13:54] *** 操盘方钱包卖出信号#140 *** Gygj9QQby4... 卖出$1.01 (tx=4mCJZjeAr8gb...)
[08:13:54] *** 操盘方钱包卖出信号#141 *** Gygj9QQby4... 卖出$0.13 (tx=mvmhmg4n2KRa...)
[08:13:54] *** 操盘方钱包卖出信号#142 *** Gygj9QQby4... 卖出$0.52 (tx=ZyLbgWD1sZtk...)
[08:13:54] *** 操盘方钱包卖出信号#143 *** Gygj9QQby4... 卖出$1.37 (tx=3bLxWXx36x5Z...)
[08:13:54] *** 操盘方钱包卖出信号#144 *** Gygj9QQby4... 卖出$1.59 (tx=4BB1PKfM1C5s...)
[08:13:54] *** 操盘方钱包卖出信号#145 *** Gygj9QQby4... 卖出$0.73 (tx=39Xwzv1YBWWC...)
[08:13:54] *** 操盘方钱包卖出信号#146 *** Gygj9QQby4... 卖出$0.30 (tx=pNTyt9Z7hXuJ...)
[08:13:54] *** 操盘方钱包卖出信号#147 *** Gygj9QQby4... 卖出$0.46 (tx=29YfgLgDAH7t...)
[08:13:54] *** 操盘方钱包卖出信号#148 *** Gygj9QQby4... 卖出$0.44 (tx=5vXxSdZa1DyS...)
[08:13:54] *** 操盘方钱包卖出信号#149 *** Gygj9QQby4... 卖出$0.38 (tx=4GbMGr3WHZD9...)
[08:13:54] *** 操盘方钱包卖出信号#150 *** Gygj9QQby4... 卖出$0.73 (tx=iNGrCcFbJSKp...)
[08:13:54] *** 操盘方钱包卖出信号#151 *** Gygj9QQby4... 卖出$0.97 (tx=3eMfxwcV8kME...)
[08:13:54] *** 操盘方钱包卖出信号#152 *** Gygj9QQby4... 卖出$0.65 (tx=5r4eH8c3eeeQ...)
[08:13:54] *** 操盘方钱包卖出信号#153 *** Gygj9QQby4... 卖出$0.58 (tx=apxv5DDuEQBa...)
[08:13:54] *** 操盘方钱包卖出信号#154 *** Gygj9QQby4... 卖出$0.62 (tx=4AHam3gz1BFi...)
[08:13:54] *** 操盘方钱包卖出信号#155 *** Gygj9QQby4... 卖出$0.40 (tx=232hyhPZKhe6...)
[08:13:54] *** 操盘方钱包卖出信号#156 *** Gygj9QQby4... 卖出$0.39 (tx=676Qi34d1MSY...)
[08:13:54] *** 操盘方钱包卖出信号#157 *** Gygj9QQby4... 卖出$0.04 (tx=5fxTby5vfLXr...)
[08:14:26] *** 操盘方钱包卖出信号#158 *** BhqtmmQhRD... 卖出$0.71 (tx=37fhjFkv547u...)
[09:10:36] === 监控结束,共158次操盘方卖出信号 ===
