[19:14:56] === 开始盯防18个已知操盘方钱包的卖出动作 ===
[19:15:37] *** 操盘方钱包卖出信号#1 *** Eo4zEyWy2W... 卖出$22.73 (tx=59iioLM1Wmx6...)
[19:15:37] *** 操盘方钱包卖出信号#2 *** 7enb3HZiu6... 卖出$33.44 (tx=2q2gySCwouEv...)
[19:15:37] *** 操盘方钱包卖出信号#3 *** AsqyfZ2geH... 卖出$32.04 (tx=4LVEFNYUeQjM...)
[19:16:14] *** 操盘方钱包卖出信号#4 *** 2iWX2z2MaQ... 卖出$22.95 (tx=4nijDXKZRZ2e...)
[19:16:50] *** 操盘方钱包卖出信号#5 *** Eo4zEyWy2W... 卖出$24.43 (tx=2umKJ7GbGHqG...)
[19:16:50] *** 操盘方钱包卖出信号#6 *** AsqyfZ2geH... 卖出$25.17 (tx=4r1W3TxW8cDr...)
[19:16:50] *** 操盘方钱包卖出信号#7 *** 7enb3HZiu6... 卖出$16.58 (tx=5qi34agythGK...)
[19:17:27] *** 操盘方钱包卖出信号#8 *** 2iWX2z2MaQ... 卖出$19.82 (tx=2daMrXiX88NC...)
[19:17:27] *** 操盘方钱包卖出信号#9 *** Eo4zEyWy2W... 卖出$33.29 (tx=5KBjpx1CdHqE...)
[19:17:27] *** 操盘方钱包卖出信号#10 *** AsqyfZ2geH... 卖出$36.11 (tx=4XFAG4LXzvcS...)
[19:17:27] *** 操盘方钱包卖出信号#11 *** 7enb3HZiu6... 卖出$20.90 (tx=3maf1jLmSnXB...)
[19:18:06] *** 操盘方钱包卖出信号#12 *** 2iWX2z2MaQ... 卖出$22.23 (tx=2YxJ6MtDmMaH...)
[19:18:43] *** 操盘方钱包卖出信号#13 *** Eo4zEyWy2W... 卖出$19.18 (tx=2HKFg12zrexL...)
[19:18:43] *** 操盘方钱包卖出信号#14 *** AsqyfZ2geH... 卖出$30.74 (tx=9sUxEtNK89VJ...)
[19:18:43] *** 操盘方钱包卖出信号#15 *** 7enb3HZiu6... 卖出$34.16 (tx=52WrUME12TNh...)
[19:18:43] *** 操盘方钱包卖出信号#16 *** 2iWX2z2MaQ... 卖出$33.04 (tx=3y2Lwxoxr28e...)
[19:19:50] *** 操盘方钱包卖出信号#17 *** Eo4zEyWy2W... 卖出$29.25 (tx=65M5cxa7VWpg...)
[19:19:50] *** 操盘方钱包卖出信号#18 *** AsqyfZ2geH... 卖出$36.34 (tx=27kxVF378vux...)
[19:19:50] *** 操盘方钱包卖出信号#19 *** 7enb3HZiu6... 卖出$25.34 (tx=3mdBzobJ6Rao...)
[19:19:50] *** 操盘方钱包卖出信号#20 *** 2iWX2z2MaQ... 卖出$27.21 (tx=4oRYd5mFc8pb...)
[19:20:26] *** 操盘方钱包卖出信号#21 *** Eo4zEyWy2W... 卖出$17.85 (tx=2c5pxd6iMxJm...)
[19:20:26] *** 操盘方钱包卖出信号#22 *** AsqyfZ2geH... 卖出$25.91 (tx=5JGjdGDWpsjA...)
[19:20:26] *** 操盘方钱包卖出信号#23 *** 7enb3HZiu6... 卖出$23.62 (tx=5HMRV6EAU77a...)
[19:20:26] *** 操盘方钱包卖出信号#24 *** 2iWX2z2MaQ... 卖出$24.58 (tx=5vFP1CfCHft3...)
[19:21:06] *** 操盘方钱包卖出信号#25 *** Eo4zEyWy2W... 卖出$18.81 (tx=2687CTwiCjRg...)
[19:21:06] *** 操盘方钱包卖出信号#26 *** AsqyfZ2geH... 卖出$35.60 (tx=4B26iaxKvo21...)
[19:21:06] *** 操盘方钱包卖出信号#27 *** 7enb3HZiu6... 卖出$27.32 (tx=5i9PwHdoQN2x...)
[19:21:43] *** 操盘方钱包卖出信号#28 *** 2iWX2z2MaQ... 卖出$19.08 (tx=5kAdTMkp7fWM...)
[19:22:14] *** 操盘方钱包卖出信号#29 *** Eo4zEyWy2W... 卖出$32.41 (tx=3dZd9JFkkTsd...)
[19:22:14] *** 操盘方钱包卖出信号#30 *** AsqyfZ2geH... 卖出$28.42 (tx=zsWPrMkiU4Me...)
[19:22:14] *** 操盘方钱包卖出信号#31 *** 7enb3HZiu6... 卖出$37.07 (tx=HBkJmEEtDuG8...)
[19:22:14] *** 操盘方钱包卖出信号#32 *** 2iWX2z2MaQ... 卖出$30.56 (tx=2d5mqNv7pUDX...)
[19:23:27] *** 操盘方钱包卖出信号#33 *** Eo4zEyWy2W... 卖出$33.59 (tx=czPA7JE1PCQg...)
[19:23:27] *** 操盘方钱包卖出信号#34 *** AsqyfZ2geH... 卖出$16.51 (tx=3A2wbfq8HSmo...)
[19:23:27] *** 操盘方钱包卖出信号#35 *** 7enb3HZiu6... 卖出$16.65 (tx=5eKvMUi95wDx...)
[19:23:27] *** 操盘方钱包卖出信号#36 *** 2iWX2z2MaQ... 卖出$24.12 (tx=4GMGF6d4iBmC...)
[19:23:27] *** 操盘方钱包卖出信号#37 *** Eo4zEyWy2W... 卖出$30.70 (tx=5GuhzBy8F2jY...)
[19:23:27] *** 操盘方钱包卖出信号#38 *** AsqyfZ2geH... 卖出$19.08 (tx=2Xhejs82FvQv...)
[19:24:06] *** 操盘方钱包卖出信号#39 *** 7enb3HZiu6... 卖出$17.70 (tx=3JEXbtED2qJY...)
[19:24:43] *** 操盘方钱包卖出信号#40 *** Eo4zEyWy2W... 卖出$87.39 (tx=4MXydHygzQgN...)
[19:24:43] *** 操盘方钱包卖出信号#41 *** AsqyfZ2geH... 卖出$172.45 (tx=u82TewxYLEsm...)
[19:25:50] *** 操盘方钱包卖出信号#42 *** 7enb3HZiu6... 卖出$352.48 (tx=5bkv9FfCrpWR...)
[19:25:50] *** 操盘方钱包卖出信号#43 *** 2iWX2z2MaQ... 卖出$23.24 (tx=5zjPxjaEVKvF...)
[19:25:50] *** 操盘方钱包卖出信号#44 *** AsqyfZ2geH... 卖出$30.78 (tx=2T5Bw1kZsTFn...)
[19:26:27] *** 操盘方钱包卖出信号#45 *** Eo4zEyWy2W... 卖出$31.45 (tx=5fv7Wh66ujpk...)
[19:26:27] *** 操盘方钱包卖出信号#46 *** 2iWX2z2MaQ... 卖出$23.86 (tx=sEhYUXmUhNS3...)
[19:26:27] *** 操盘方钱包卖出信号#47 *** 7enb3HZiu6... 卖出$27.41 (tx=3CuALQ1PKqVv...)
[19:27:43] *** 操盘方钱包卖出信号#48 *** AsqyfZ2geH... 卖出$16.51 (tx=2em7dhRxvEj3...)
[19:27:43] *** 操盘方钱包卖出信号#49 *** 2iWX2z2MaQ... 卖出$37.31 (tx=3dM3bxAJdGCm...)
[19:27:43] *** 操盘方钱包卖出信号#50 *** 7enb3HZiu6... 卖出$16.88 (tx=4BB3nzf6kFGt...)
[19:27:43] *** 操盘方钱包卖出信号#51 *** 2iWX2z2MaQ... 卖出$22.08 (tx=Yi5wVDKU2Hiw...)
[19:27:43] *** 操盘方钱包卖出信号#52 *** Eo4zEyWy2W... 卖出$28.36 (tx=5WYnCEcSJum8...)
[19:27:43] *** 操盘方钱包卖出信号#53 *** AsqyfZ2geH... 卖出$27.76 (tx=2bBPLARj9sV4...)
[19:28:14] *** 操盘方钱包卖出信号#54 *** 7enb3HZiu6... 卖出$19.70 (tx=5nrcUQgtWtJ5...)
[19:28:14] *** 操盘方钱包卖出信号#55 *** 2iWX2z2MaQ... 卖出$26.59 (tx=2PUbyidoepPe...)
[19:29:27] *** 操盘方钱包卖出信号#56 *** Eo4zEyWy2W... 卖出$27.27 (tx=5C1xaStA7aMv...)
[19:29:27] *** 操盘方钱包卖出信号#57 *** AsqyfZ2geH... 卖出$22.44 (tx=EGZgUMPTv1wr...)
[19:29:27] *** 操盘方钱包卖出信号#58 *** 7enb3HZiu6... 卖出$24.45 (tx=Fxz61wyNUpK2...)
[19:29:27] *** 操盘方钱包卖出信号#59 *** 2iWX2z2MaQ... 卖出$32.96 (tx=2VZJEK118i9r...)
[19:29:27] *** 操盘方钱包卖出信号#60 *** Eo4zEyWy2W... 卖出$30.23 (tx=4LgEEYvBxM2c...)
[19:29:27] *** 操盘方钱包卖出信号#61 *** AsqyfZ2geH... 卖出$25.41 (tx=2oTZJ2DNyjPV...)
[19:30:06] *** 操盘方钱包卖出信号#62 *** 7enb3HZiu6... 卖出$16.44 (tx=2PSFH8GJ4eCZ...)
[19:30:06] *** 操盘方钱包卖出信号#63 *** 2iWX2z2MaQ... 卖出$26.75 (tx=3Mwh2ixJ74xz...)
[19:31:19] *** 操盘方钱包卖出信号#64 *** Eo4zEyWy2W... 卖出$36.60 (tx=643bdWMRWKSM...)
[19:31:19] *** 操盘方钱包卖出信号#65 *** AsqyfZ2geH... 卖出$31.40 (tx=3JzZuFTSnYbv...)
[19:31:19] *** 操盘方钱包卖出信号#66 *** 7enb3HZiu6... 卖出$36.72 (tx=wh7wF8DHeQwQ...)
[19:31:19] *** 操盘方钱包卖出信号#67 *** 2iWX2z2MaQ... 卖出$33.92 (tx=2mkVJtMbWmky...)
[19:31:19] *** 操盘方钱包卖出信号#68 *** Eo4zEyWy2W... 卖出$29.62 (tx=4JaqTiV9CzNr...)
[19:31:19] *** 操盘方钱包卖出信号#69 *** AsqyfZ2geH... 卖出$28.66 (tx=2x6W8uJvyPpb...)
[19:31:19] *** 操盘方钱包卖出信号#70 *** 7enb3HZiu6... 卖出$27.85 (tx=2Pd9nYKqQCCK...)
[19:32:26] *** 操盘方钱包卖出信号#71 *** 2iWX2z2MaQ... 卖出$30.16 (tx=svNZCEiQLUcA...)
[19:32:26] *** 操盘方钱包卖出信号#72 *** Eo4zEyWy2W... 卖出$26.66 (tx=4VAu7bXpg43T...)
[19:32:26] *** 操盘方钱包卖出信号#73 *** AsqyfZ2geH... 卖出$28.43 (tx=2YUq2zxqSzjw...)
[19:32:26] *** 操盘方钱包卖出信号#74 *** 7enb3HZiu6... 卖出$30.49 (tx=5136sgcQdVRG...)
[19:32:26] *** 操盘方钱包卖出信号#75 *** 2iWX2z2MaQ... 卖出$35.03 (tx=65sfwu4yCAcD...)
[19:33:39] *** 操盘方钱包卖出信号#76 *** Eo4zEyWy2W... 卖出$7.40 (tx=35y9SZi4bZCi...)
[19:33:39] *** 操盘方钱包卖出信号#77 *** AsqyfZ2geH... 卖出$7.40 (tx=4YGaKBmr1tqo...)
[19:33:39] *** 操盘方钱包卖出信号#78 *** 7enb3HZiu6... 卖出$7.40 (tx=29YhafgM56cy...)
[19:33:39] *** 操盘方钱包卖出信号#79 *** 2iWX2z2MaQ... 卖出$13.31 (tx=5A8dJXgVhigA...)
[19:33:39] *** 操盘方钱包卖出信号#80 *** Eo4zEyWy2W... 卖出$7.38 (tx=47mDSy95F4U4...)
[19:33:39] *** 操盘方钱包卖出信号#81 *** AsqyfZ2geH... 卖出$10.36 (tx=5E32Yt8S77Rm...)
[19:33:39] *** 操盘方钱包卖出信号#82 *** 7enb3HZiu6... 卖出$7.40 (tx=XSQuCszRwYoe...)
[19:33:39] *** 操盘方钱包卖出信号#83 *** 2iWX2z2MaQ... 卖出$7.40 (tx=wsXnfhY3nZi7...)
[19:33:39] *** 操盘方钱包卖出信号#84 *** Eo4zEyWy2W... 卖出$13.30 (tx=3157wwfeQeuM...)
[19:33:39] *** 操盘方钱包卖出信号#85 *** AsqyfZ2geH... 卖出$11.83 (tx=3ns86rAKnMFz...)
[19:33:39] *** 操盘方钱包卖出信号#86 *** 7enb3HZiu6... 卖出$7.39 (tx=2YtGK3sdp2rH...)
[19:33:39] *** 操盘方钱包卖出信号#87 *** 2iWX2z2MaQ... 卖出$14.05 (tx=2dVVKTAt5t2P...)
[19:34:13] *** 操盘方钱包卖出信号#88 *** Eo4zEyWy2W... 卖出$11.82 (tx=3HQGQmCz1QpW...)
[19:34:13] *** 操盘方钱包卖出信号#89 *** AsqyfZ2geH... 卖出$7.40 (tx=4SLWUoqvRYDV...)
[19:34:13] *** 操盘方钱包卖出信号#90 *** 7enb3HZiu6... 卖出$7.39 (tx=5QTSk73CSivX...)
[19:34:13] *** 操盘方钱包卖出信号#91 *** 2iWX2z2MaQ... 卖出$7.40 (tx=3wxe29smTMfM...)
[19:34:13] *** 操盘方钱包卖出信号#92 *** Eo4zEyWy2W... 卖出$14.78 (tx=4LC9VePSLrQA...)
[19:34:13] *** 操盘方钱包卖出信号#93 *** AsqyfZ2geH... 卖出$7.40 (tx=2mvhrfgg2qhw...)
[19:34:13] *** 操盘方钱包卖出信号#94 *** 7enb3HZiu6... 卖出$8.88 (tx=26G9gfAfsrhM...)
[19:34:13] *** 操盘方钱包卖出信号#95 *** Eo4zEyWy2W... 卖出$24.44 (tx=4mo4XCk5gYqd...)
[19:34:13] *** 操盘方钱包卖出信号#96 *** 2iWX2z2MaQ... 卖出$7.40 (tx=539johJr1F8x...)
[19:34:13] *** 操盘方钱包卖出信号#97 *** AsqyfZ2geH... 卖出$14.76 (tx=47KUDMWhSFbp...)
[19:34:13] *** 操盘方钱包卖出信号#98 *** 7enb3HZiu6... 卖出$7.39 (tx=3M1gAjXnZ8FW...)
[19:34:13] *** 操盘方钱包卖出信号#99 *** 2iWX2z2MaQ... 卖出$7.40 (tx=42x4nBzS8eTd...)
[19:34:13] *** 操盘方钱包卖出信号#100 *** 7enb3HZiu6... 卖出$15.53 (tx=yQN3FJnoZQAC...)
[19:34:13] *** 操盘方钱包卖出信号#101 *** 2iWX2z2MaQ... 卖出$7.40 (tx=4qrm6Q2gXrm8...)
[19:34:50] *** 操盘方钱包卖出信号#102 *** 7enb3HZiu6... 卖出$9.62 (tx=2GY6xfwksbuT...)
[19:34:50] *** 操盘方钱包卖出信号#103 *** 2iWX2z2MaQ... 卖出$7.40 (tx=7UBSoScmWVci...)
[19:34:50] *** 操盘方钱包卖出信号#104 *** 7enb3HZiu6... 卖出$12.57 (tx=218BC4RZCHCp...)
[19:34:50] *** 操盘方钱包卖出信号#105 *** 2iWX2z2MaQ... 卖出$12.57 (tx=2XNLNfXAfPYg...)
[19:34:50] *** 操盘方钱包卖出信号#106 *** 7enb3HZiu6... 卖出$7.40 (tx=3zXEYSZkFLGT...)
[19:34:50] *** 操盘方钱包卖出信号#107 *** 2iWX2z2MaQ... 卖出$7.40 (tx=4MdhQZ7sfkBM...)
[19:34:50] *** 操盘方钱包卖出信号#108 *** 2iWX2z2MaQ... 卖出$7.39 (tx=5sFvQKhgjp99...)
[19:34:50] *** 操盘方钱包卖出信号#109 *** 7enb3HZiu6... 卖出$10.35 (tx=46Bd6uG2Pk9J...)
[19:34:50] *** 操盘方钱包卖出信号#110 *** 7enb3HZiu6... 卖出$7.39 (tx=4WLnrGM6qGdY...)
[19:34:50] *** 操盘方钱包卖出信号#111 *** 2iWX2z2MaQ... 卖出$7.40 (tx=51NxiyVe8w8X...)
[19:34:50] *** 操盘方钱包卖出信号#112 *** 7enb3HZiu6... 卖出$7.39 (tx=bmHtnk7miRTE...)
[19:34:50] *** 操盘方钱包卖出信号#113 *** 2iWX2z2MaQ... 卖出$8.14 (tx=5wq6UD4MXXZt...)
[19:34:50] *** 操盘方钱包卖出信号#114 *** 7enb3HZiu6... 卖出$15.53 (tx=2AZHArP71TZs...)
[19:34:50] *** 操盘方钱包卖出信号#115 *** 2iWX2z2MaQ... 卖出$7.40 (tx=2M6nJBoi5zZf...)
[19:34:50] *** 操盘方钱包卖出信号#116 *** 7enb3HZiu6... 卖出$7.40 (tx=3TAfztBau639...)
[19:34:50] *** 操盘方钱包卖出信号#117 *** 2iWX2z2MaQ... 卖出$7.40 (tx=3ZESghR8R1EE...)
[19:34:50] *** 操盘方钱包卖出信号#118 *** 2iWX2z2MaQ... 卖出$15.51 (tx=4JciRWmRSGrN...)
[19:34:50] *** 操盘方钱包卖出信号#119 *** 7enb3HZiu6... 卖出$9.60 (tx=41wXdgq6Udfe...)
[19:34:50] *** 操盘方钱包卖出信号#120 *** 7enb3HZiu6... 卖出$11.83 (tx=5EbgPbxgL64e...)
[19:34:50] *** 操盘方钱包卖出信号#121 *** 2iWX2z2MaQ... 卖出$7.39 (tx=4CkpyB7ebbce...)
[19:34:50] *** 操盘方钱包卖出信号#122 *** 2iWX2z2MaQ... 卖出$7.39 (tx=4S9SF2E1QTVD...)
[19:34:50] *** 操盘方钱包卖出信号#123 *** 7enb3HZiu6... 卖出$9.61 (tx=5LtEk4fgAvdx...)
[19:34:50] *** 操盘方钱包卖出信号#124 *** 2iWX2z2MaQ... 卖出$14.05 (tx=ijBaimrShN2U...)
[19:34:50] *** 操盘方钱包卖出信号#125 *** 7enb3HZiu6... 卖出$11.10 (tx=5XzizkwJxpC8...)
[19:34:50] *** 操盘方钱包卖出信号#126 *** 7enb3HZiu6... 卖出$8.13 (tx=3knNirWLj7UB...)
[19:34:50] *** 操盘方钱包卖出信号#127 *** 7enb3HZiu6... 卖出$12.58 (tx=3CMGhrawmsLd...)
[19:34:50] *** 操盘方钱包卖出信号#128 *** 2iWX2z2MaQ... 卖出$7.40 (tx=43X9QAkL5p1Q...)
[19:34:50] *** 操盘方钱包卖出信号#129 *** 7enb3HZiu6... 卖出$10.35 (tx=2cR9tEk55ARu...)
[19:34:50] *** 操盘方钱包卖出信号#130 *** 2iWX2z2MaQ... 卖出$7.40 (tx=ZQ7KGacgtLbD...)
[19:34:50] *** 操盘方钱包卖出信号#131 *** 7enb3HZiu6... 卖出$7.40 (tx=HsdavpT6QqS6...)
[19:34:50] *** 操盘方钱包卖出信号#132 *** 2iWX2z2MaQ... 卖出$12.57 (tx=26Cu3dyLd7BZ...)
[19:34:50] *** 操盘方钱包卖出信号#133 *** 7enb3HZiu6... 卖出$9.61 (tx=bbpMhdBoH9w2...)
[19:34:50] *** 操盘方钱包卖出信号#134 *** 2iWX2z2MaQ... 卖出$12.58 (tx=5MJtzmkhVqyJ...)
[19:34:50] *** 操盘方钱包卖出信号#135 *** 2iWX2z2MaQ... 卖出$7.40 (tx=5f4WGPm2PPrL...)
[19:34:50] *** 操盘方钱包卖出信号#136 *** 2iWX2z2MaQ... 卖出$7.40 (tx=4v9aHRD8DEF4...)
[19:34:50] *** 操盘方钱包卖出信号#137 *** 7enb3HZiu6... 卖出$7.40 (tx=ngu6h7MXgfNK...)
[19:34:50] *** 操盘方钱包卖出信号#138 *** 7enb3HZiu6... 卖出$15.54 (tx=3JwscJ8AGk9s...)
[19:34:50] *** 操盘方钱包卖出信号#139 *** 2iWX2z2MaQ... 卖出$7.40 (tx=53scuWvYyXR6...)
[19:34:50] *** 操盘方钱包卖出信号#140 *** 7enb3HZiu6... 卖出$7.39 (tx=3Z8ynzbAqr8s...)
[19:34:50] *** 操盘方钱包卖出信号#141 *** 2iWX2z2MaQ... 卖出$25.60 (tx=5VZysFod31gL...)
[19:35:27] *** 操盘方钱包卖出信号#142 *** 2iWX2z2MaQ... 卖出$23.98 (tx=2CEXYxSt2hUx...)
[19:35:27] *** 操盘方钱包卖出信号#143 *** 2iWX2z2MaQ... 卖出$36.50 (tx=4u3VbHtn5jbU...)
[19:35:27] *** 操盘方钱包卖出信号#144 *** 7enb3HZiu6... 卖出$23.45 (tx=5thHXHJXAmtc...)
[19:35:27] *** 操盘方钱包卖出信号#145 *** Eo4zEyWy2W... 卖出$25.32 (tx=jJi4idtp4HTD...)
[19:36:37] *** 操盘方钱包卖出信号#146 *** AsqyfZ2geH... 卖出$17.55 (tx=4fNJgCYfZYNg...)
[19:36:37] *** 操盘方钱包卖出信号#147 *** 2iWX2z2MaQ... 卖出$33.03 (tx=33ikCeEQeW15...)
[19:36:37] *** 操盘方钱包卖出信号#148 *** 7enb3HZiu6... 卖出$30.79 (tx=Z94fyZxQ6DZT...)
[19:36:37] *** 操盘方钱包卖出信号#149 *** AsqyfZ2geH... 卖出$32.42 (tx=2EvGvimjtaEN...)
[19:36:37] *** 操盘方钱包卖出信号#150 *** Eo4zEyWy2W... 卖出$28.04 (tx=5KgFusjpZKgf...)
[19:37:50] *** 操盘方钱包卖出信号#151 *** 2iWX2z2MaQ... 卖出$26.02 (tx=2ftooSu11MNN...)
[19:37:50] *** 操盘方钱包卖出信号#152 *** 7enb3HZiu6... 卖出$25.41 (tx=knnAAwabvUMQ...)
[19:37:50] *** 操盘方钱包卖出信号#153 *** AsqyfZ2geH... 卖出$25.72 (tx=3JMnfnUhKZHs...)
[19:37:50] *** 操盘方钱包卖出信号#154 *** Eo4zEyWy2W... 卖出$29.86 (tx=5eU27GPovMQ1...)
[19:37:50] *** 操盘方钱包卖出信号#155 *** 7enb3HZiu6... 卖出$22.10 (tx=5BKJXD4g2Fcv...)
[19:37:50] *** 操盘方钱包卖出信号#156 *** AsqyfZ2geH... 卖出$19.28 (tx=2WWnfH6syT4L...)
[19:37:50] *** 操盘方钱包卖出信号#157 *** Eo4zEyWy2W... 卖出$33.81 (tx=2shgVZX2iKix...)
[19:37:50] *** 操盘方钱包卖出信号#158 *** 2iWX2z2MaQ... 卖出$15.85 (tx=2UrEpjR2Yxcd...)
[19:38:27] *** 操盘方钱包卖出信号#159 *** AsqyfZ2geH... 卖出$19.22 (tx=4u6YbeEVASW4...)
[19:38:27] *** 操盘方钱包卖出信号#160 *** Eo4zEyWy2W... 卖出$19.66 (tx=KPB8ZaKbKDi4...)
[19:39:07] *** 操盘方钱包卖出信号#161 *** 2iWX2z2MaQ... 卖出$19.81 (tx=j8Xg1Dr7xUkr...)
[19:39:07] *** 操盘方钱包卖出信号#162 *** 7enb3HZiu6... 卖出$29.38 (tx=5Ld9xRNjcdQz...)
[19:39:37] *** 操盘方钱包卖出信号#163 *** AsqyfZ2geH... 卖出$34.04 (tx=3HvfAYgYQaB4...)
[19:39:37] *** 操盘方钱包卖出信号#164 *** Eo4zEyWy2W... 卖出$36.20 (tx=3Px7sUkoKLg9...)
[19:39:37] *** 操盘方钱包卖出信号#165 *** 2iWX2z2MaQ... 卖出$17.79 (tx=61nEHgLib9Fi...)
[19:39:37] *** 操盘方钱包卖出信号#166 *** 7enb3HZiu6... 卖出$37.27 (tx=4QjmsNBwxcJP...)
[19:40:50] *** 操盘方钱包卖出信号#167 *** AsqyfZ2geH... 卖出$36.10 (tx=53rJ6CdtyDS1...)
[19:40:50] *** 操盘方钱包卖出信号#168 *** Eo4zEyWy2W... 卖出$26.98 (tx=2MiPDfNbJhUq...)
[19:40:50] *** 操盘方钱包卖出信号#169 *** 2iWX2z2MaQ... 卖出$20.42 (tx=4kUos2f8rdFD...)
[19:40:50] *** 操盘方钱包卖出信号#170 *** 7enb3HZiu6... 卖出$30.24 (tx=3FDMf276rGAq...)
[19:42:06] *** 操盘方钱包卖出信号#171 *** AsqyfZ2geH... 卖出$33.56 (tx=2c3jXKN1dLoN...)
[19:42:06] *** 操盘方钱包卖出信号#172 *** Eo4zEyWy2W... 卖出$24.90 (tx=5Rfqxk6zwxHP...)
[19:42:06] *** 操盘方钱包卖出信号#173 *** 2iWX2z2MaQ... 卖出$29.88 (tx=3nQcGgYoT1yB...)
[19:42:06] *** 操盘方钱包卖出信号#174 *** 7enb3HZiu6... 卖出$32.32 (tx=29vWhLNzyiWp...)
[19:42:06] *** 操盘方钱包卖出信号#175 *** AsqyfZ2geH... 卖出$17.65 (tx=3jnH6mKhsrRh...)
[19:42:06] *** 操盘方钱包卖出信号#176 *** Eo4zEyWy2W... 卖出$36.64 (tx=a5nL45yQmWFM...)
[19:42:06] *** 操盘方钱包卖出信号#177 *** 2iWX2z2MaQ... 卖出$29.63 (tx=1AeznQrRbA4e...)
[19:43:19] *** 操盘方钱包卖出信号#178 *** Eo4zEyWy2W... 卖出$8.88 (tx=31cMVSG6tpbD...)
[19:43:19] *** 操盘方钱包卖出信号#179 *** AsqyfZ2geH... 卖出$7.41 (tx=4EQgKHk3nSvZ...)
[19:43:19] *** 操盘方钱包卖出信号#180 *** 2iWX2z2MaQ... 卖出$7.41 (tx=2ugjZ72vUxZX...)
[19:43:19] *** 操盘方钱包卖出信号#181 *** 7enb3HZiu6... 卖出$7.41 (tx=5ucC85dku9cb...)
[19:43:19] *** 操盘方钱包卖出信号#182 *** AsqyfZ2geH... 卖出$7.41 (tx=4pNVKtL54ong...)
[19:43:19] *** 操盘方钱包卖出信号#183 *** Eo4zEyWy2W... 卖出$14.82 (tx=227ZWuNrCcSU...)
[19:43:19] *** 操盘方钱包卖出信号#184 *** 2iWX2z2MaQ... 卖出$7.40 (tx=dzx85wFKdTav...)
[19:43:19] *** 操盘方钱包卖出信号#185 *** 7enb3HZiu6... 卖出$7.40 (tx=5captADtYjxS...)
[19:43:19] *** 操盘方钱包卖出信号#186 *** AsqyfZ2geH... 卖出$14.81 (tx=4A4fPsPdzLpP...)
[19:43:19] *** 操盘方钱包卖出信号#187 *** Eo4zEyWy2W... 卖出$7.40 (tx=3jLHCA22N5yp...)
[19:43:19] *** 操盘方钱包卖出信号#188 *** 7enb3HZiu6... 卖出$7.41 (tx=3gKQTwSsXg7T...)
[19:43:19] *** 操盘方钱包卖出信号#189 *** AsqyfZ2geH... 卖出$10.36 (tx=4NhbFfjcPWQh...)
[19:43:19] *** 操盘方钱包卖出信号#190 *** Eo4zEyWy2W... 卖出$7.40 (tx=39BzQ2Mcso4c...)
[19:43:19] *** 操盘方钱包卖出信号#191 *** 7enb3HZiu6... 卖出$7.39 (tx=5GJ1k2VcxHMw...)
[19:43:19] *** 操盘方钱包卖出信号#192 *** Eo4zEyWy2W... 卖出$125.32 (tx=5QzyybAdTTEv...)
[19:43:19] *** 操盘方钱包卖出信号#193 *** AsqyfZ2geH... 卖出$7.41 (tx=CuKXi6HWm7ej...)
[19:43:19] *** 操盘方钱包卖出信号#194 *** AsqyfZ2geH... 卖出$7.40 (tx=VFG6k2KghDUG...)
[19:43:19] *** 操盘方钱包卖出信号#195 *** AsqyfZ2geH... 卖出$11.86 (tx=4kvYwQm6Lzps...)
[19:43:19] *** 操盘方钱包卖出信号#196 *** AsqyfZ2geH... 卖出$12.59 (tx=4XAtez8e5Qez...)
[19:43:19] *** 操盘方钱包卖出信号#197 *** AsqyfZ2geH... 卖出$122.65 (tx=2uRkbvKkCMsD...)
[19:43:50] *** 操盘方钱包卖出信号#198 *** 2iWX2z2MaQ... 卖出$28.84 (tx=3qrhDvWTvVLH...)
[19:44:26] *** 操盘方钱包卖出信号#199 *** 7enb3HZiu6... 卖出$22.74 (tx=xE7WxkacYioo...)
[19:44:26] *** 操盘方钱包卖出信号#200 *** Eo4zEyWy2W... 卖出$28.15 (tx=2VdTw27Q145j...)
[19:44:26] *** 操盘方钱包卖出信号#201 *** AsqyfZ2geH... 卖出$28.01 (tx=5vav1WgbgAKG...)
[19:45:03] *** 操盘方钱包卖出信号#202 *** Eo4zEyWy2W... 卖出$34.11 (tx=g9vmTCnnVGco...)
[19:45:03] *** 操盘方钱包卖出信号#203 *** AsqyfZ2geH... 卖出$18.92 (tx=2VqJgaK46P1A...)
[19:46:19] *** 操盘方钱包卖出信号#204 *** Eo4zEyWy2W... 卖出$25.28 (tx=5LPbJax83okt...)
[19:46:19] *** 操盘方钱包卖出信号#205 *** AsqyfZ2geH... 卖出$34.64 (tx=4ZwrwhyRB6i3...)
[19:46:19] *** 操盘方钱包卖出信号#206 *** 2iWX2z2MaQ... 卖出$29.72 (tx=eprVddo64VHV...)
[19:46:19] *** 操盘方钱包卖出信号#207 *** 7enb3HZiu6... 卖出$31.66 (tx=2fDe3z2Hixn8...)
[19:46:19] *** 操盘方钱包卖出信号#208 *** Eo4zEyWy2W... 卖出$16.90 (tx=419rfT42nieo...)
[19:46:19] *** 操盘方钱包卖出信号#209 *** 2iWX2z2MaQ... 卖出$26.45 (tx=4qaAZKqky4ni...)
[19:46:19] *** 操盘方钱包卖出信号#210 *** 7enb3HZiu6... 卖出$18.60 (tx=2BRjxYVTPWTj...)
[19:47:27] *** 操盘方钱包卖出信号#211 *** AsqyfZ2geH... 卖出$26.31 (tx=2LZYb6aDyyao...)
[19:47:27] *** 操盘方钱包卖出信号#212 *** Eo4zEyWy2W... 卖出$31.84 (tx=2W13o8TvVAZz...)
[19:47:27] *** 操盘方钱包卖出信号#213 *** AsqyfZ2geH... 卖出$29.57 (tx=65iHi2Vtvnag...)
[19:47:27] *** 操盘方钱包卖出信号#214 *** 2iWX2z2MaQ... 卖出$22.68 (tx=U756Kp9u2nSa...)
[19:47:27] *** 操盘方钱包卖出信号#215 *** 7enb3HZiu6... 卖出$24.75 (tx=3XvbTDdH18LD...)
[19:48:07] *** 操盘方钱包卖出信号#216 *** Eo4zEyWy2W... 卖出$32.04 (tx=VKMBa2rtfukK...)
[19:48:07] *** 操盘方钱包卖出信号#217 *** 2iWX2z2MaQ... 卖出$19.27 (tx=4Ke69QkApj4W...)
[19:48:07] *** 操盘方钱包卖出信号#218 *** AsqyfZ2geH... 卖出$15.13 (tx=5iGYtppEmF3q...)
[19:48:37] *** 操盘方钱包卖出信号#219 *** 7enb3HZiu6... 卖出$16.08 (tx=4U28x5w6Reov...)
[19:48:37] *** 操盘方钱包卖出信号#220 *** Eo4zEyWy2W... 卖出$20.02 (tx=5YkwjdXFHhnU...)
[19:49:13] *** 操盘方钱包卖出信号#221 *** 2iWX2z2MaQ... 卖出$24.38 (tx=4VhGuxXswJ4Z...)
[19:49:13] *** 操盘方钱包卖出信号#222 *** AsqyfZ2geH... 卖出$20.61 (tx=21CrkG3x7GgA...)
[19:49:13] *** 操盘方钱包卖出信号#223 *** 7enb3HZiu6... 卖出$32.06 (tx=3nCa6zRhs8o7...)
[19:49:51] *** 操盘方钱包卖出信号#224 *** Eo4zEyWy2W... 卖出$29.59 (tx=3GA2KbpqhMZF...)
[19:49:51] *** 操盘方钱包卖出信号#225 *** 2iWX2z2MaQ... 卖出$37.36 (tx=3FTEpRQzz6Mj...)
[19:49:51] *** 操盘方钱包卖出信号#226 *** AsqyfZ2geH... 卖出$33.13 (tx=3ECeNaFAgfFm...)
[19:51:07] *** 操盘方钱包卖出信号#227 *** 7enb3HZiu6... 卖出$28.54 (tx=2uaqhG3SyogP...)
[19:51:07] *** 操盘方钱包卖出信号#228 *** Eo4zEyWy2W... 卖出$31.53 (tx=4H9gqHPEyPpA...)
[19:51:07] *** 操盘方钱包卖出信号#229 *** 2iWX2z2MaQ... 卖出$20.48 (tx=4JaUHaXHDysz...)
[19:51:07] *** 操盘方钱包卖出信号#230 *** AsqyfZ2geH... 卖出$32.50 (tx=cgETQGQGpCkJ...)
[19:51:07] *** 操盘方钱包卖出信号#231 *** 7enb3HZiu6... 卖出$19.29 (tx=28JdNJgweRq4...)
[19:51:07] *** 操盘方钱包卖出信号#232 *** Eo4zEyWy2W... 卖出$7.41 (tx=NkcFY11nmZcU...)
[19:51:38] *** 操盘方钱包卖出信号#233 *** 2iWX2z2MaQ... 卖出$15.58 (tx=2c9tPzb5nc7i...)
[19:51:38] *** 操盘方钱包卖出信号#234 *** AsqyfZ2geH... 卖出$11.86 (tx=5GsNEi1jacxh...)
[19:51:38] *** 操盘方钱包卖出信号#235 *** 7enb3HZiu6... 卖出$7.42 (tx=5oCTt2ZkG5kf...)
[19:51:38] *** 操盘方钱包卖出信号#236 *** Eo4zEyWy2W... 卖出$14.10 (tx=Vhhx4hxR2oCM...)
[19:51:38] *** 操盘方钱包卖出信号#237 *** 2iWX2z2MaQ... 卖出$12.62 (tx=3k3fxcxAToiA...)
[19:51:38] *** 操盘方钱包卖出信号#238 *** AsqyfZ2geH... 卖出$7.42 (tx=nB8pKDcyY3x2...)
[19:51:38] *** 操盘方钱包卖出信号#239 *** 7enb3HZiu6... 卖出$7.43 (tx=2E39US2snjkK...)
[19:52:14] *** 操盘方钱包卖出信号#240 *** Eo4zEyWy2W... 卖出$7.39 (tx=4wG7bCZdXR5Q...)
[19:52:14] *** 操盘方钱包卖出信号#241 *** 2iWX2z2MaQ... 卖出$14.10 (tx=2jPxRgqgvMLp...)
[19:52:14] *** 操盘方钱包卖出信号#242 *** AsqyfZ2geH... 卖出$7.42 (tx=2b5tK1qjXRk8...)
[19:52:14] *** 操盘方钱包卖出信号#243 *** 7enb3HZiu6... 卖出$7.42 (tx=2iiG88pyUXMS...)
[19:52:14] *** 操盘方钱包卖出信号#244 *** Eo4zEyWy2W... 卖出$13.35 (tx=5Jj8QB7iaEy7...)
[19:52:14] *** 操盘方钱包卖出信号#245 *** 2iWX2z2MaQ... 卖出$7.42 (tx=5tG1xpVJdaVe...)
[19:52:14] *** 操盘方钱包卖出信号#246 *** AsqyfZ2geH... 卖出$7.42 (tx=5d5rvbZcwCH6...)
[19:52:14] *** 操盘方钱包卖出信号#247 *** Eo4zEyWy2W... 卖出$8.90 (tx=66woX2ByKXDb...)
[19:52:14] *** 操盘方钱包卖出信号#248 *** 2iWX2z2MaQ... 卖出$14.83 (tx=9WqVBhnvWVxR...)
[19:52:14] *** 操盘方钱包卖出信号#249 *** AsqyfZ2geH... 卖出$9.65 (tx=2v9Z2Fb2fHEM...)
[19:52:14] *** 操盘方钱包卖出信号#250 *** Eo4zEyWy2W... 卖出$11.13 (tx=WFhXvVGsTS5S...)
[19:52:14] *** 操盘方钱包卖出信号#251 *** 2iWX2z2MaQ... 卖出$15.54 (tx=2kDxvYg8RQGg...)
[19:52:14] *** 操盘方钱包卖出信号#252 *** AsqyfZ2geH... 卖出$7.42 (tx=yy7iKXxPZkYC...)
[19:52:14] *** 操盘方钱包卖出信号#253 *** Eo4zEyWy2W... 卖出$7.42 (tx=4ubcNJiu8hZt...)
[19:52:14] *** 操盘方钱包卖出信号#254 *** Eo4zEyWy2W... 卖出$33.68 (tx=46iLe4rz566Z...)
[19:52:14] *** 操盘方钱包卖出信号#255 *** AsqyfZ2geH... 卖出$13.35 (tx=3mDjbu8nxf3W...)
[19:52:14] *** 操盘方钱包卖出信号#256 *** 2iWX2z2MaQ... 卖出$7.42 (tx=25LJSWpzrMWw...)
[19:53:19] *** 操盘方钱包卖出信号#257 *** 2iWX2z2MaQ... 卖出$9.64 (tx=NWZgjDQDjWQY...)
[19:53:19] *** 操盘方钱包卖出信号#258 *** AsqyfZ2geH... 卖出$12.61 (tx=54Cu469hAqpH...)
[19:53:19] *** 操盘方钱包卖出信号#259 *** 2iWX2z2MaQ... 卖出$13.35 (tx=4GuYrAYWV8j8...)
[19:53:19] *** 操盘方钱包卖出信号#260 *** AsqyfZ2geH... 卖出$7.41 (tx=5JbDNDLABxYC...)
[19:53:19] *** 操盘方钱包卖出信号#261 *** AsqyfZ2geH... 卖出$9.64 (tx=34ZeWe6ijCg5...)
[19:53:19] *** 操盘方钱包卖出信号#262 *** AsqyfZ2geH... 卖出$7.42 (tx=7eEDHyD6NxM1...)
[19:53:19] *** 操盘方钱包卖出信号#263 *** AsqyfZ2geH... 卖出$0.10 (tx=3t9NeChwvNWx...)
[19:53:19] *** 操盘方钱包卖出信号#264 *** AsqyfZ2geH... 卖出$22.13 (tx=3aM4bxok5rSo...)
[19:53:19] *** 操盘方钱包卖出信号#265 *** Eo4zEyWy2W... 卖出$23.74 (tx=4RdSWAPoBaGg...)
[19:53:19] *** 操盘方钱包卖出信号#266 *** AsqyfZ2geH... 卖出$7.41 (tx=3fyVe1UqA3wS...)
[19:53:19] *** 操盘方钱包卖出信号#267 *** Eo4zEyWy2W... 卖出$7.42 (tx=3KkZhTeUJUbD...)
[19:53:19] *** 操盘方钱包卖出信号#268 *** Eo4zEyWy2W... 卖出$8.15 (tx=57RhXA6AgrvD...)
[19:53:19] *** 操盘方钱包卖出信号#269 *** Eo4zEyWy2W... 卖出$7.41 (tx=VKMj8RGExRyK...)
[19:54:27] *** 操盘方钱包卖出信号#270 *** 7enb3HZiu6... 卖出$28.34 (tx=5ZtozDeFWrde...)
[19:54:27] *** 操盘方钱包卖出信号#271 *** 2iWX2z2MaQ... 卖出$32.21 (tx=3fGLEneywFAo...)
[19:54:27] *** 操盘方钱包卖出信号#272 *** Eo4zEyWy2W... 卖出$34.22 (tx=5b79aNzjWpDY...)
[19:54:27] *** 操盘方钱包卖出信号#273 *** AsqyfZ2geH... 卖出$23.16 (tx=vVgrzVZJzDee...)
[19:55:07] *** 操盘方钱包卖出信号#274 *** 7enb3HZiu6... 卖出$17.82 (tx=5SSkP95UzqxB...)
[19:55:07] *** 操盘方钱包卖出信号#275 *** 2iWX2z2MaQ... 卖出$18.86 (tx=61pZWbcRp9fv...)
[19:55:07] *** 操盘方钱包卖出信号#276 *** Eo4zEyWy2W... 卖出$15.76 (tx=4SmSoKKCKuCv...)
[19:55:37] *** 操盘方钱包卖出信号#277 *** AsqyfZ2geH... 卖出$19.97 (tx=54f8Y6KaXPzk...)
[19:55:37] *** 操盘方钱包卖出信号#278 *** 7enb3HZiu6... 卖出$16.77 (tx=KRzNnpzocV1P...)
[19:55:37] *** 操盘方钱包卖出信号#279 *** 2iWX2z2MaQ... 卖出$28.00 (tx=5sfj9fMAks57...)
[19:55:37] *** 操盘方钱包卖出信号#280 *** Eo4zEyWy2W... 卖出$26.14 (tx=xMMGYbv8fiv5...)
[19:56:50] *** 操盘方钱包卖出信号#281 *** 7enb3HZiu6... 卖出$27.92 (tx=2Ers6evFijZ8...)
[19:56:50] *** 操盘方钱包卖出信号#282 *** 2iWX2z2MaQ... 卖出$29.02 (tx=4dbANfdiYScU...)
[19:56:50] *** 操盘方钱包卖出信号#283 *** AsqyfZ2geH... 卖出$16.41 (tx=49mJfFQCQMj7...)
[19:56:50] *** 操盘方钱包卖出信号#284 *** Eo4zEyWy2W... 卖出$23.84 (tx=5Xx3oTqsbnSD...)
[19:57:27] *** 操盘方钱包卖出信号#285 *** 7enb3HZiu6... 卖出$19.67 (tx=EwY7EBt4J6fJ...)
[19:57:27] *** 操盘方钱包卖出信号#286 *** 2iWX2z2MaQ... 卖出$22.94 (tx=2ADGaL21RipN...)
[19:58:38] *** 操盘方钱包卖出信号#287 *** AsqyfZ2geH... 卖出$25.97 (tx=3QEUWyr3oHUU...)
[19:58:38] *** 操盘方钱包卖出信号#288 *** Eo4zEyWy2W... 卖出$19.38 (tx=5o8tbyTZ8Byr...)
[19:58:38] *** 操盘方钱包卖出信号#289 *** 7enb3HZiu6... 卖出$23.67 (tx=8ArPcS6vVwWJ...)
[19:58:38] *** 操盘方钱包卖出信号#290 *** AsqyfZ2geH... 卖出$24.12 (tx=3UCXWn9irLoD...)
[19:58:38] *** 操盘方钱包卖出信号#291 *** Eo4zEyWy2W... 卖出$23.83 (tx=asHPJ4DbDLS6...)
[19:58:38] *** 操盘方钱包卖出信号#292 *** 2iWX2z2MaQ... 卖出$15.30 (tx=5BRZNM38YVt1...)
[19:58:38] *** 操盘方钱包卖出信号#293 *** 7enb3HZiu6... 卖出$34.15 (tx=tbHVAqqcNhxN...)
[19:59:14] *** 操盘方钱包卖出信号#294 *** AsqyfZ2geH... 卖出$26.35 (tx=2jzKPMGLxD3m...)
[19:59:14] *** 操盘方钱包卖出信号#295 *** Eo4zEyWy2W... 卖出$22.26 (tx=VFyqr6odH4zT...)
[19:59:14] *** 操盘方钱包卖出信号#296 *** 2iWX2z2MaQ... 卖出$24.35 (tx=61RpGC6V63Gr...)
[19:59:51] *** 操盘方钱包卖出信号#297 *** 7enb3HZiu6... 卖出$28.78 (tx=3ihEfJGMBSWD...)
[20:00:30] *** 操盘方钱包卖出信号#298 *** Eo4zEyWy2W... 卖出$29.10 (tx=2NifcbNy2SDE...)
[20:00:30] *** 操盘方钱包卖出信号#299 *** 2iWX2z2MaQ... 卖出$36.42 (tx=3mqmzytutey3...)
[20:00:30] *** 操盘方钱包卖出信号#300 *** 7enb3HZiu6... 卖出$28.06 (tx=4qKgtv4Q8bcq...)
[20:01:37] *** 操盘方钱包卖出信号#301 *** AsqyfZ2geH... 卖出$21.45 (tx=3fFr1JycrLC4...)
[20:01:37] *** 操盘方钱包卖出信号#302 *** Eo4zEyWy2W... 卖出$27.54 (tx=5LZZAyxKQRDy...)
[20:01:37] *** 操盘方钱包卖出信号#303 *** 2iWX2z2MaQ... 卖出$21.68 (tx=ng2qR17w5qFp...)
[20:01:37] *** 操盘方钱包卖出信号#304 *** 7enb3HZiu6... 卖出$24.81 (tx=5FFZbXUefcDF...)
[20:01:37] *** 操盘方钱包卖出信号#305 *** AsqyfZ2geH... 卖出$14.82 (tx=BeoKAc1uBMUj...)
[20:01:37] *** 操盘方钱包卖出信号#306 *** Eo4zEyWy2W... 卖出$7.41 (tx=2PCt14MyYbin...)
[20:01:37] *** 操盘方钱包卖出信号#307 *** 2iWX2z2MaQ... 卖出$9.62 (tx=34ubz56hphb1...)
[20:02:15] *** 操盘方钱包卖出信号#308 *** 7enb3HZiu6... 卖出$7.34 (tx=2gq7Whn1TK8C...)
[20:02:15] *** 操盘方钱包卖出信号#309 *** 2iWX2z2MaQ... 卖出$10.23 (tx=28ZRzngRAkkY...)
[20:02:15] *** 操盘方钱包卖出信号#310 *** AsqyfZ2geH... 卖出$7.32 (tx=2W5gvVjQgQht...)
[20:02:15] *** 操盘方钱包卖出信号#311 *** Eo4zEyWy2W... 卖出$7.32 (tx=2qFiFtJ7uEMv...)
[20:02:15] *** 操盘方钱包卖出信号#312 *** 7enb3HZiu6... 卖出$7.26 (tx=5K59LAmfGHRA...)
[20:02:15] *** 操盘方钱包卖出信号#313 *** AsqyfZ2geH... 卖出$7.26 (tx=2G8hpeUPeikp...)
[20:02:15] *** 操盘方钱包卖出信号#314 *** Eo4zEyWy2W... 卖出$7.25 (tx=4VpHcXP4FJ1j...)
[20:02:15] *** 操盘方钱包卖出信号#315 *** 2iWX2z2MaQ... 卖出$12.32 (tx=3E6sWkzsEZ7S...)
[20:02:15] *** 操盘方钱包卖出信号#316 *** 7enb3HZiu6... 卖出$7.25 (tx=4VyjmhNx8Vqr...)
[20:02:55] *** 操盘方钱包卖出信号#317 *** AsqyfZ2geH... 卖出$7.40 (tx=LuSkUJR4CpVu...)
[20:02:55] *** 操盘方钱包卖出信号#318 *** Eo4zEyWy2W... 卖出$7.16 (tx=5gaBJFpHJEJ4...)
[20:02:55] *** 操盘方钱包卖出信号#319 *** 2iWX2z2MaQ... 卖出$7.41 (tx=6wFgRuTMwWdq...)
[20:02:55] *** 操盘方钱包卖出信号#320 *** 7enb3HZiu6... 卖出$7.41 (tx=63UyYevp73Mk...)
[20:02:55] *** 操盘方钱包卖出信号#321 *** AsqyfZ2geH... 卖出$13.33 (tx=22bdRHR1V7yL...)
[20:02:55] *** 操盘方钱包卖出信号#322 *** Eo4zEyWy2W... 卖出$7.42 (tx=5Ag3xtz8KQht...)
[20:02:55] *** 操盘方钱包卖出信号#323 *** 2iWX2z2MaQ... 卖出$7.41 (tx=nx6CV5Ln4ePq...)
[20:02:55] *** 操盘方钱包卖出信号#324 *** 7enb3HZiu6... 卖出$10.39 (tx=2AiN98cmU2GL...)
[20:02:55] *** 操盘方钱包卖出信号#325 *** AsqyfZ2geH... 卖出$7.40 (tx=52WQftQeA8kf...)
[20:02:55] *** 操盘方钱包卖出信号#326 *** Eo4zEyWy2W... 卖出$12.58 (tx=63ADL7YSdY5Q...)
[20:02:55] *** 操盘方钱包卖出信号#327 *** 2iWX2z2MaQ... 卖出$7.42 (tx=56Fnr5P8QP7A...)
[20:02:55] *** 操盘方钱包卖出信号#328 *** Eo4zEyWy2W... 卖出$82.97 (tx=3g3gRr2NP3fh...)
[20:02:55] *** 操盘方钱包卖出信号#329 *** 7enb3HZiu6... 卖出$8.16 (tx=2HndXaiqFUdC...)
[20:02:55] *** 操盘方钱包卖出信号#330 *** AsqyfZ2geH... 卖出$7.42 (tx=36JQehTJSfmX...)
[20:02:55] *** 操盘方钱包卖出信号#331 *** 2iWX2z2MaQ... 卖出$12.62 (tx=xwT7TgVz36Mn...)
[20:02:55] *** 操盘方钱包卖出信号#332 *** 7enb3HZiu6... 卖出$9.65 (tx=4YKCeHdUbdMR...)
[20:02:55] *** 操盘方钱包卖出信号#333 *** AsqyfZ2geH... 卖出$7.42 (tx=2xpeqAWtpRPs...)
[20:02:55] *** 操盘方钱包卖出信号#334 *** 2iWX2z2MaQ... 卖出$9.65 (tx=5tqYQPrDNWKV...)
[20:02:55] *** 操盘方钱包卖出信号#335 *** 7enb3HZiu6... 卖出$7.42 (tx=3rGFHvMH6wTu...)
[20:02:55] *** 操盘方钱包卖出信号#336 *** AsqyfZ2geH... 卖出$117.54 (tx=5Z3N1WQ6ftHB...)
[20:02:55] *** 操盘方钱包卖出信号#337 *** 7enb3HZiu6... 卖出$8.17 (tx=3nrxCUf4Ezop...)
[20:02:55] *** 操盘方钱包卖出信号#338 *** 7enb3HZiu6... 卖出$9.65 (tx=1jJdJZNUrd5u...)
[20:02:55] *** 操盘方钱包卖出信号#339 *** 7enb3HZiu6... 卖出$7.42 (tx=5kuK9i5WVTJh...)
[20:03:26] *** 操盘方钱包卖出信号#340 *** 7enb3HZiu6... 卖出$7.42 (tx=HBVpXaEUAU3e...)
[20:03:26] *** 操盘方钱包卖出信号#341 *** 7enb3HZiu6... 卖出$7.43 (tx=KCzEftp1JMCp...)
[20:03:26] *** 操盘方钱包卖出信号#342 *** 7enb3HZiu6... 卖出$7.42 (tx=54y2rW4aqpBv...)
[20:03:26] *** 操盘方钱包卖出信号#343 *** 7enb3HZiu6... 卖出$14.10 (tx=maBd34q36XdP...)
[20:03:26] *** 操盘方钱包卖出信号#344 *** 7enb3HZiu6... 卖出$7.43 (tx=KNiLUjCMEnFR...)
[20:03:26] *** 操盘方钱包卖出信号#345 *** 7enb3HZiu6... 卖出$13.37 (tx=64kiawCbErCB...)
[20:03:26] *** 操盘方钱包卖出信号#346 *** 7enb3HZiu6... 卖出$10.40 (tx=aDfzz5T6hexG...)
[20:03:26] *** 操盘方钱包卖出信号#347 *** 7enb3HZiu6... 卖出$7.43 (tx=2kpj1rCpimFn...)
[20:03:26] *** 操盘方钱包卖出信号#348 *** 7enb3HZiu6... 卖出$7.42 (tx=3vUHy972f4NR...)
[20:03:26] *** 操盘方钱包卖出信号#349 *** 7enb3HZiu6... 卖出$7.43 (tx=XnMc2Dey6EKQ...)
[20:04:03] *** 操盘方钱包卖出信号#350 *** Eo4zEyWy2W... 卖出$35.38 (tx=5YorxmByMLGt...)
[20:04:03] *** 操盘方钱包卖出信号#351 *** AsqyfZ2geH... 卖出$27.14 (tx=4kT3RJCe5Yn4...)
[20:04:03] *** 操盘方钱包卖出信号#352 *** 2iWX2z2MaQ... 卖出$35.62 (tx=65xZM3yUgUbP...)
[20:04:03] *** 操盘方钱包卖出信号#353 *** 7enb3HZiu6... 卖出$37.23 (tx=rN6rcN9VWskT...)
[20:04:43] *** 操盘方钱包卖出信号#354 *** 2iWX2z2MaQ... 卖出$20.81 (tx=U5PmJUEPr4ah...)
[20:04:43] *** 操盘方钱包卖出信号#355 *** 7enb3HZiu6... 卖出$21.70 (tx=5xkgZEMtfCTL...)
[20:05:13] *** 操盘方钱包卖出信号#356 *** AsqyfZ2geH... 卖出$17.30 (tx=zEm7ywb57v9n...)
[20:05:13] *** 操盘方钱包卖出信号#357 *** Eo4zEyWy2W... 卖出$15.52 (tx=4s89VL6zG5Ep...)
[20:05:13] *** 操盘方钱包卖出信号#358 *** 7enb3HZiu6... 卖出$30.02 (tx=2hTHNGRk1hce...)
[20:05:50] *** 操盘方钱包卖出信号#359 *** AsqyfZ2geH... 卖出$20.57 (tx=3LupZFf8HzAS...)
[20:05:50] *** 操盘方钱包卖出信号#360 *** Eo4zEyWy2W... 卖出$37.14 (tx=2K5F9nQFtr9u...)
[20:06:31] *** 操盘方钱包卖出信号#361 *** 7enb3HZiu6... 卖出$36.56 (tx=5q4gLBpLdZqD...)
[20:06:31] *** 操盘方钱包卖出信号#362 *** 2iWX2z2MaQ... 卖出$23.26 (tx=NeyxYd9i5WbH...)
[20:07:02] *** 操盘方钱包卖出信号#363 *** AsqyfZ2geH... 卖出$21.01 (tx=3Fh4xpuVNF22...)
[20:07:02] *** 操盘方钱包卖出信号#364 *** Eo4zEyWy2W... 卖出$33.56 (tx=vEZUisv1zBnF...)
[20:07:02] *** 操盘方钱包卖出信号#365 *** 7enb3HZiu6... 卖出$32.14 (tx=4cvK9kMm95Ss...)
[20:07:02] *** 操盘方钱包卖出信号#366 *** 2iWX2z2MaQ... 卖出$15.59 (tx=3eqxHHJsS9G9...)
[20:08:15] *** 操盘方钱包卖出信号#367 *** AsqyfZ2geH... 卖出$33.80 (tx=358kGSUAZX3D...)
[20:08:15] *** 操盘方钱包卖出信号#368 *** Eo4zEyWy2W... 卖出$28.90 (tx=UZLSi9qDMXDp...)
[20:08:15] *** 操盘方钱包卖出信号#369 *** 2iWX2z2MaQ... 卖出$23.77 (tx=51pHM7b2vnaS...)
[20:08:15] *** 操盘方钱包卖出信号#370 *** Eo4zEyWy2W... 卖出$28.60 (tx=2Azbj9YBaoo5...)
[20:09:31] *** 操盘方钱包卖出信号#371 *** AsqyfZ2geH... 卖出$22.66 (tx=faXeCBVno8jX...)
[20:09:31] *** 操盘方钱包卖出信号#372 *** 7enb3HZiu6... 卖出$19.69 (tx=4d2rQz22bZt3...)
[20:09:31] *** 操盘方钱包卖出信号#373 *** 2iWX2z2MaQ... 卖出$18.87 (tx=4PLvFd8Hqgpm...)
[20:09:31] *** 操盘方钱包卖出信号#374 *** AsqyfZ2geH... 卖出$31.95 (tx=5ixAx4Qfyxz5...)
[20:09:31] *** 操盘方钱包卖出信号#375 *** Eo4zEyWy2W... 卖出$35.81 (tx=foP4QhMznvCf...)
[20:09:31] *** 操盘方钱包卖出信号#376 *** 7enb3HZiu6... 卖出$34.62 (tx=4NJ9yeLLaNBm...)
[20:10:03] *** 操盘方钱包卖出信号#377 *** 2iWX2z2MaQ... 卖出$19.83 (tx=5p1uSGiLMWj4...)
[20:10:42] *** 操盘方钱包卖出信号#378 *** AsqyfZ2geH... 卖出$20.21 (tx=22Uy9y1sByrb...)
[20:10:42] *** 操盘方钱包卖出信号#379 *** Eo4zEyWy2W... 卖出$19.83 (tx=3Nza7RCoGkR7...)
[20:10:42] *** 操盘方钱包卖出信号#380 *** 7enb3HZiu6... 卖出$21.62 (tx=2oaek3KRqftc...)
[20:10:42] *** 操盘方钱包卖出信号#381 *** 2iWX2z2MaQ... 卖出$36.46 (tx=21U19sr5v8BA...)
[20:11:18] *** 操盘方钱包卖出信号#382 *** AsqyfZ2geH... 卖出$25.77 (tx=4oodH19dNAjK...)
[20:11:18] *** 操盘方钱包卖出信号#383 *** Eo4zEyWy2W... 卖出$17.97 (tx=5Ygqd1sm1Wor...)
[20:11:18] *** 操盘方钱包卖出信号#384 *** 7enb3HZiu6... 卖出$27.56 (tx=bbcmoL74U2VQ...)
[20:11:49] *** 操盘方钱包卖出信号#385 *** 2iWX2z2MaQ... 卖出$31.51 (tx=VgdcHJhEbKau...)
[20:11:49] *** 操盘方钱包卖出信号#386 *** AsqyfZ2geH... 卖出$24.73 (tx=zFpTnJ8Y2nnK...)
[20:11:49] *** 操盘方钱包卖出信号#387 *** Eo4zEyWy2W... 卖出$32.90 (tx=4p7VQDCemSV3...)
[20:12:26] *** 操盘方钱包卖出信号#388 *** 2iWX2z2MaQ... 卖出$21.76 (tx=43oEZDPUwknB...)
[20:13:42] *** 操盘方钱包卖出信号#389 *** AsqyfZ2geH... 卖出$28.07 (tx=8JqRU273Mko3...)
[20:13:42] *** 操盘方钱包卖出信号#390 *** Eo4zEyWy2W... 卖出$17.52 (tx=3Z2fjXXfcsqu...)
[20:13:42] *** 操盘方钱包卖出信号#391 *** 7enb3HZiu6... 卖出$28.36 (tx=2J69WcohAfWr...)
[20:13:42] *** 操盘方钱包卖出信号#392 *** 2iWX2z2MaQ... 卖出$32.11 (tx=5vUmQo1Snhgv...)
[20:13:42] *** 操盘方钱包卖出信号#393 *** AsqyfZ2geH... 卖出$15.59 (tx=2EcCoYFvSJXn...)
[20:13:42] *** 操盘方钱包卖出信号#394 *** 7enb3HZiu6... 卖出$7.42 (tx=5eEAVHVDbXhk...)
[20:13:42] *** 操盘方钱包卖出信号#395 *** Eo4zEyWy2W... 卖出$7.42 (tx=36DNC4jyKRHV...)
[20:13:42] *** 操盘方钱包卖出信号#396 *** 2iWX2z2MaQ... 卖出$8.16 (tx=28U7KeocBSFL...)
[20:13:42] *** 操盘方钱包卖出信号#397 *** AsqyfZ2geH... 卖出$7.43 (tx=3jEYoSzLKxAc...)
[20:13:42] *** 操盘方钱包卖出信号#398 *** 7enb3HZiu6... 卖出$11.14 (tx=5C6sVsUctUUe...)
[20:13:42] *** 操盘方钱包卖出信号#399 *** Eo4zEyWy2W... 卖出$9.66 (tx=33NFzN3Z2UQ1...)
[20:14:50] *** 操盘方钱包卖出信号#400 *** 2iWX2z2MaQ... 卖出$8.92 (tx=2ksfbmfzugrM...)
[20:14:50] *** 操盘方钱包卖出信号#401 *** AsqyfZ2geH... 卖出$7.41 (tx=5VCgHUKosHVw...)
[20:14:50] *** 操盘方钱包卖出信号#402 *** 7enb3HZiu6... 卖出$11.12 (tx=srSe7fabwBET...)
[20:14:50] *** 操盘方钱包卖出信号#403 *** Eo4zEyWy2W... 卖出$7.41 (tx=2XkDTBxZw1pF...)
[20:14:50] *** 操盘方钱包卖出信号#404 *** 2iWX2z2MaQ... 卖出$7.43 (tx=vNYdmKUqXBUG...)
[20:14:50] *** 操盘方钱包卖出信号#405 *** Eo4zEyWy2W... 卖出$15.59 (tx=2NXVc4DABFz5...)
[20:14:50] *** 操盘方钱包卖出信号#406 *** 7enb3HZiu6... 卖出$11.87 (tx=4NWQcEm3ERDU...)
[20:14:50] *** 操盘方钱包卖出信号#407 *** AsqyfZ2geH... 卖出$7.42 (tx=2Dq9WjJ8aLSX...)
[20:14:50] *** 操盘方钱包卖出信号#408 *** 2iWX2z2MaQ... 卖出$12.62 (tx=5JisUUCD24Ta...)
[20:14:50] *** 操盘方钱包卖出信号#409 *** AsqyfZ2geH... 卖出$7.43 (tx=42XwmZJYvxyo...)
[20:14:50] *** 操盘方钱包卖出信号#410 *** Eo4zEyWy2W... 卖出$7.42 (tx=5FHMN38emuPH...)
[20:14:50] *** 操盘方钱包卖出信号#411 *** 2iWX2z2MaQ... 卖出$8.16 (tx=2M1BnL6LHGeK...)
[20:14:50] *** 操盘方钱包卖出信号#412 *** Eo4zEyWy2W... 卖出$9.65 (tx=2S6CQhub5yGg...)
[20:14:50] *** 操盘方钱包卖出信号#413 *** AsqyfZ2geH... 卖出$14.11 (tx=4gMUtgUyuBzA...)
[20:14:50] *** 操盘方钱包卖出信号#414 *** Eo4zEyWy2W... 卖出$47.73 (tx=43iYH4Z5i6x9...)
[20:14:50] *** 操盘方钱包卖出信号#415 *** AsqyfZ2geH... 卖出$7.42 (tx=3GxNNvNqk3YC...)
[20:14:50] *** 操盘方钱包卖出信号#416 *** AsqyfZ2geH... 卖出$7.43 (tx=3CZG73XzE9wp...)
[20:14:50] *** 操盘方钱包卖出信号#417 *** AsqyfZ2geH... 卖出$12.62 (tx=5zrcdX5iq6um...)
[20:14:50] *** 操盘方钱包卖出信号#418 *** AsqyfZ2geH... 卖出$42.29 (tx=tcRknLfoFNXZ...)
[20:15:01] === 监控结束,共418次操盘方卖出信号 ===
