[02:27:41] === HeCwx2Vq 高密度崩盘取证监控启动 ===
[02:27:42] 基线: 价格$1.87932270 流动性$128,920
[02:28:43] 价格$1.94556546  流动性$130,677(峰值$130,677)  已存档299笔逐笔  卖出比例=查不到
[02:29:44] 价格$2.01525417  流动性$132,956(峰值$132,956)  已存档300笔逐笔
[02:30:44] 价格$2.07839415  流动性$135,187(峰值$135,187)  已存档300笔逐笔
[02:31:45] 价格$2.14892473  流动性$137,098(峰值$137,098)  已存档300笔逐笔
[02:32:46] 价格$2.21677106  流动性$139,801(峰值$139,801)  已存档300笔逐笔
[02:33:47] 价格$2.21677106  流动性$139,801(峰值$139,801)  已存档300笔逐笔  卖出比例=查不到
[02:34:48] 价格$2.36291509  流动性$144,159(峰值$144,159)  已存档300笔逐笔
[02:35:49] 价格$2.36291509  流动性$144,159(峰值$144,159)  已存档300笔逐笔
[02:36:50] 价格$2.50836622  流动性$148,544(峰值$148,544)  已存档300笔逐笔
[02:37:51] 价格$2.58790819  流动性$151,017(峰值$151,017)  已存档300笔逐笔
[02:38:52] 价格$2.58790819  流动性$151,017(峰值$151,017)  已存档300笔逐笔  卖出比例=查不到
[02:39:53] 价格$2.73850190  流动性$155,430(峰值$155,430)  已存档300笔逐笔
[02:40:54] 价格$2.73850190  流动性$155,430(峰值$155,430)  已存档300笔逐笔
[02:41:55] 价格$2.89148725  流动性$159,781(峰值$159,781)  已存档300笔逐笔
[02:42:56] 价格$2.96895943  流动性$161,544(峰值$161,544)  已存档300笔逐笔
[02:43:57] 价格$2.96895943  流动性$161,544(峰值$161,544)  已存档300笔逐笔  卖出比例=查不到
[02:44:59] 价格$3.13230840  流动性$166,115(峰值$166,115)  已存档300笔逐笔
[02:46:00] 价格$3.21572898  流动性$168,412(峰值$168,412)  已存档300笔逐笔
[02:47:01] 价格$3.29380590  流动性$169,896(峰值$169,896)  已存档300笔逐笔
[02:48:01] 价格$3.29380590  流动性$169,896(峰值$169,896)  已存档300笔逐笔
[02:49:03] 价格$3.45068826  流动性$174,432(峰值$174,432)  已存档300笔逐笔  卖出比例=查不到
[02:50:03] 价格$3.52754754  流动性$176,194(峰值$176,194)  已存档300笔逐笔
[02:51:04] 价格$3.52754754  流动性$176,194(峰值$176,194)  已存档300笔逐笔
[02:52:05] 价格$3.71437098  流动性$180,351(峰值$180,351)  已存档300笔逐笔
[02:53:06] 价格$3.71437098  流动性$180,351(峰值$180,351)  已存档300笔逐笔
[02:54:07] 价格$3.91071601  流动性$185,504(峰值$185,504)  已存档300笔逐笔  卖出比例=查不到
[02:55:08] 价格$3.99305431  流动性$187,730(峰值$187,730)  已存档300笔逐笔
[02:56:09] 价格$4.07710999  流动性$189,539(峰值$189,539)  已存档300笔逐笔
[02:57:09] 价格$4.07710999  流动性$189,539(峰值$189,539)  已存档300笔逐笔
[02:58:10] 价格$4.25160939  流动性$193,890(峰值$193,890)  已存档300笔逐笔
[02:59:11] 价格$4.35439711  流动性$195,941(峰值$195,941)  已存档300笔逐笔  卖出比例=查不到
[03:00:12] 价格$4.35439711  流动性$195,941(峰值$195,941)  已存档300笔逐笔
[03:01:13] 价格$4.52764105  流动性$199,303(峰值$199,303)  已存档300笔逐笔
[03:02:14] 价格$4.77429989  流动性$203,894(峰值$203,894)  已存档300笔逐笔
[03:03:15] 价格$4.77429989  流动性$203,894(峰值$203,894)  已存档300笔逐笔
[03:04:16] 价格$5.42377203  流动性$216,750(峰值$216,750)  已存档300笔逐笔  卖出比例=查不到
[03:05:17] 价格$5.42377203  流动性$216,750(峰值$216,750)  已存档300笔逐笔
[03:06:17] 价格$6.07359878  流动性$230,837(峰值$230,837)  已存档300笔逐笔
[03:07:18] 价格$6.36424616  流动性$236,512(峰值$236,512)  已存档300笔逐笔
[03:08:19] 价格$6.49777181  流动性$239,392(峰值$239,392)  已存档300笔逐笔
[03:09:20] 价格$6.61400236  流动性$241,502(峰值$241,502)  已存档300笔逐笔  卖出比例=查不到
[03:10:21] 价格$6.73248489  流动性$243,359(峰值$243,359)  已存档300笔逐笔
[03:11:22] 价格$6.84038650  流动性$245,630(峰值$245,630)  已存档300笔逐笔
[03:12:24] 价格$6.96721646  流动性$248,027(峰值$248,027)  已存档300笔逐笔
[03:13:24] 价格$7.07951231  流动性$249,573(峰值$249,573)  已存档300笔逐笔
[03:14:25] 价格$7.17882858  流动性$251,701(峰值$251,701)  已存档300笔逐笔  卖出比例=查不到
[03:15:26] 价格$7.32826662  流动性$253,897(峰值$253,897)  已存档300笔逐笔
[03:16:28] 价格$7.45622904  流动性$256,040(峰值$256,040)  已存档300笔逐笔
[03:17:28] 价格$7.45622904  流动性$256,040(峰值$256,040)  已存档300笔逐笔
[03:18:29] 价格$7.72654976  流动性$260,830(峰值$260,830)  已存档300笔逐笔
[03:19:31] 价格$7.86302097  流动性$263,330(峰值$263,330)  已存档300笔逐笔  卖出比例=查不到
[03:20:32] 价格$7.97438630  流动性$265,389(峰值$265,389)  已存档300笔逐笔
[03:21:32] 价格$8.09487858  流动性$267,370(峰值$267,370)  已存档300笔逐笔
[03:22:33] 价格$8.22519272  流动性$269,360(峰值$269,360)  已存档300笔逐笔
[03:23:34] 价格$8.38321943  流动性$271,792(峰值$271,792)  已存档300笔逐笔
[03:24:35] 价格$8.51088316  流动性$273,946(峰值$273,946)  已存档300笔逐笔  卖出比例=查不到
[03:25:36] 价格$8.51088316  流动性$273,946(峰值$273,946)  已存档300笔逐笔
[03:26:37] 价格$8.78299519  流动性$278,504(峰值$278,504)  已存档300笔逐笔
[03:27:38] 价格$8.93238900  流动性$280,417(峰值$280,417)  已存档300笔逐笔
[03:28:38] 价格$9.07545507  流动性$282,571(峰值$282,571)  已存档300笔逐笔
[03:29:40] 价格$9.07545507  流动性$282,571(峰值$282,571)  已存档300笔逐笔  卖出比例=查不到
[03:30:41] 价格$9.36987401  流动性$287,420(峰值$287,420)  已存档300笔逐笔
[03:31:41] 价格$9.50640258  流动性$289,542(峰值$289,542)  已存档300笔逐笔
[03:32:42] 价格$9.64253985  流动性$291,636(峰值$291,636)  已存档300笔逐笔
[03:33:43] 价格$9.77256094  流动性$293,686(峰值$293,686)  已存档300笔逐笔
[03:34:44] 价格$9.77256094  流动性$293,686(峰值$293,686)  已存档300笔逐笔  卖出比例=查不到
[03:35:46] 价格$9.87342410  流动性$295,673(峰值$295,673)  已存档300笔逐笔
[03:36:46] 价格$9.87342410  流动性$295,673(峰值$295,673)  已存档300笔逐笔
[03:37:47] 价格$9.86503477  流动性$295,295(峰值$295,673)  已存档300笔逐笔
[03:38:49] 价格$9.86897470  流动性$295,637(峰值$295,673)  已存档300笔逐笔
[03:39:50] 价格$9.86715998  流动性$295,395(峰值$295,673)  已存档300笔逐笔  卖出比例=查不到
[03:40:51] 价格$9.86715998  流动性$295,395(峰值$295,673)  已存档300笔逐笔
[03:41:52] 价格$9.87213968  流动性$295,462(峰值$295,673)  已存档300笔逐笔
[03:42:53] 价格$9.87213968  流动性$295,462(峰值$295,673)  已存档300笔逐笔
[03:43:53] 价格$9.86696383  流动性$295,534(峰值$295,673)  已存档300笔逐笔
[03:44:55] 价格$9.87216029  流动性$295,509(峰值$295,673)  已存档300笔逐笔  卖出比例=查不到
[03:45:55] 价格$9.87306440  流动性$295,488(峰值$295,673)  已存档300笔逐笔
[03:46:56] 价格$9.87306440  流动性$295,488(峰值$295,673)  已存档300笔逐笔
[03:47:57] 价格$9.87760118  流动性$295,459(峰值$295,673)  已存档300笔逐笔
[03:48:58] 价格$9.88405653  流动性$295,811(峰值$295,811)  已存档300笔逐笔
[03:50:00] 价格$9.88405653  流动性$295,811(峰值$295,811)  已存档300笔逐笔  卖出比例=查不到
[03:51:01] 价格$9.86900055  流动性$295,481(峰值$295,811)  已存档300笔逐笔
[03:52:02] 价格$9.86900055  流动性$295,481(峰值$295,811)  已存档300笔逐笔
[03:53:03] 价格$9.86900055  流动性$295,481(峰值$295,811)  已存档300笔逐笔
[03:54:04] 价格$9.86900055  流动性$295,481(峰值$295,811)  已存档300笔逐笔
[03:55:05] 价格$9.86900055  流动性$2,175,078,965(峰值$2,175,078,965)  已存档300笔逐笔  操盘方卖出比例=100.0%
[03:56:05] 价格$9.86900055  流动性$2,175,078,965(峰值$2,175,078,965)  已存档300笔逐笔
[03:57:06] 价格$9.86900055  流动性$2,175,078,965(峰值$2,175,078,965)  已存档300笔逐笔
[03:58:07] 价格$9.86900055  流动性$2,175,078,965(峰值$2,175,078,965)  已存档300笔逐笔
[03:59:08] 价格$9.86900055  流动性$2,175,078,965(峰值$2,175,078,965)  已存档300笔逐笔
[04:00:09] 价格$9.86900055  流动性$2,175,078,965(峰值$2,175,078,965)  已存档300笔逐笔  操盘方卖出比例=100.0%
[04:01:10] 价格$9.86900055  流动性$2,178,577,690(峰值$2,178,577,690)  已存档300笔逐笔
[04:02:11] 价格$9.86900055  流动性$2,178,577,690(峰值$2,178,577,690)  已存档300笔逐笔
[04:03:13] 价格$9.86900055  流动性$2,178,577,690(峰值$2,178,577,690)  已存档300笔逐笔
[04:04:13] 价格$9.86900055  流动性$2,178,577,690(峰值$2,178,577,690)  已存档300笔逐笔
[04:05:15] 价格$9.86900055  流动性$2,178,577,690(峰值$2,178,577,690)  已存档300笔逐笔  操盘方卖出比例=100.0%
[04:06:16] 价格$9.86900055  流动性$2,178,577,690(峰值$2,178,577,690)  已存档300笔逐笔
[04:07:17] 价格$9.86900055  流动性$2,177,000,876(峰值$2,178,577,690)  已存档300笔逐笔
[04:08:18] 价格$9.86900055  流动性$2,177,000,876(峰值$2,178,577,690)  已存档300笔逐笔
[04:09:19] 价格$9.86900055  流动性$2,177,000,876(峰值$2,178,577,690)  已存档300笔逐笔
[04:10:20] 价格$9.86900055  流动性$2,177,000,876(峰值$2,178,577,690)  已存档300笔逐笔  操盘方卖出比例=100.0%
[04:11:21] 价格$9.86900055  流动性$2,177,000,876(峰值$2,178,577,690)  已存档300笔逐笔
[04:12:22] 价格$9.86900055  流动性$2,177,000,876(峰值$2,178,577,690)  已存档300笔逐笔
[04:13:23] 价格$9.86900055  流动性$2,182,251,085(峰值$2,182,251,085)  已存档300笔逐笔
[04:14:26] 价格$9.86900055  流动性$2,182,251,085(峰值$2,182,251,085)  已存档300笔逐笔
[04:15:27] 价格$9.86900055  流动性$2,182,251,085(峰值$2,182,251,085)  已存档300笔逐笔  操盘方卖出比例=100.0%
[04:16:28] 价格$9.86900055  流动性$2,182,251,085(峰值$2,182,251,085)  已存档300笔逐笔
[04:17:29] 价格$9.86900055  流动性$2,182,251,085(峰值$2,182,251,085)  已存档300笔逐笔
[04:18:30] 价格$9.86900055  流动性$2,182,251,085(峰值$2,182,251,085)  已存档300笔逐笔
[04:19:31] 价格$9.86900055  流动性$2,181,528,964(峰值$2,182,251,085)  已存档300笔逐笔
[04:20:35] 价格$9.86900055  流动性$2,181,528,964(峰值$2,182,251,085)  已存档300笔逐笔  操盘方卖出比例=100.0%
[04:21:36] 价格$9.86900055  流动性$2,181,528,964(峰值$2,182,251,085)  已存档300笔逐笔
[04:22:37] 价格$9.86900055  流动性$2,181,528,964(峰值$2,182,251,085)  已存档300笔逐笔
[04:23:38] 价格$9.86900055  流动性$2,181,528,964(峰值$2,182,251,085)  已存档300笔逐笔
[04:24:42] 价格$9.86900055  流动性$2,181,528,964(峰值$2,182,251,085)  已存档300笔逐笔
[04:25:43] 价格$9.86900055  流动性$2,181,528,964(峰值$2,182,251,085)  已存档300笔逐笔  操盘方卖出比例=100.0%
[04:26:44] 价格$9.86900055  流动性$2,181,528,964(峰值$2,182,251,085)  已存档300笔逐笔
[04:27:45] 价格$9.86900055  流动性$2,180,372,329(峰值$2,182,251,085)  已存档300笔逐笔
[04:28:46] 价格$9.86900055  流动性$2,180,372,329(峰值$2,182,251,085)  已存档300笔逐笔
[04:29:47] 价格$9.86900055  流动性$2,180,372,329(峰值$2,182,251,085)  已存档300笔逐笔
[04:30:48] 价格$9.86900055  流动性$2,180,372,329(峰值$2,182,251,085)  已存档300笔逐笔  操盘方卖出比例=100.0%
[04:31:49] 价格$9.86900055  流动性$2,180,372,329(峰值$2,182,251,085)  已存档300笔逐笔
[04:32:50] 价格$9.86900055  流动性$2,180,372,329(峰值$2,182,251,085)  已存档300笔逐笔
[04:33:51] 价格$9.86900055  流动性$2,180,372,329(峰值$2,182,251,085)  已存档300笔逐笔
[04:34:51] 价格$9.86900055  流动性$2,180,372,329(峰值$2,182,251,085)  已存档300笔逐笔
[04:35:53] 价格$9.86900055  流动性$2,180,372,329(峰值$2,182,251,085)  已存档300笔逐笔  操盘方卖出比例=100.0%
[04:36:54] 价格$9.86900055  流动性$2,177,113,837(峰值$2,182,251,085)  已存档300笔逐笔
[04:37:55] 价格$9.86900055  流动性$2,177,113,837(峰值$2,182,251,085)  已存档300笔逐笔
[04:38:56] 价格$9.86900055  流动性$2,177,113,837(峰值$2,182,251,085)  已存档300笔逐笔
[04:39:57] 价格$9.86900055  流动性$2,177,113,837(峰值$2,182,251,085)  已存档300笔逐笔
[04:40:58] 价格$9.86900055  流动性$2,177,113,837(峰值$2,182,251,085)  已存档300笔逐笔  操盘方卖出比例=100.0%
[04:41:59] 价格$9.86900055  流动性$2,177,113,837(峰值$2,182,251,085)  已存档300笔逐笔
[04:43:00] 价格$9.86900055  流动性$2,177,113,837(峰值$2,182,251,085)  已存档300笔逐笔
[04:44:00] 价格$9.86900055  流动性$2,178,482,385(峰值$2,182,251,085)  已存档300笔逐笔
[04:45:02] 价格$9.86900055  流动性$2,178,482,385(峰值$2,182,251,085)  已存档300笔逐笔
[04:46:03] 价格$9.86900055  流动性$2,178,482,385(峰值$2,182,251,085)  已存档300笔逐笔  操盘方卖出比例=100.0%
[04:47:04] 价格$9.86900055  流动性$2,178,482,385(峰值$2,182,251,085)  已存档300笔逐笔
[04:48:04] 价格$9.86900055  流动性$2,178,482,385(峰值$2,182,251,085)  已存档300笔逐笔
[04:49:05] 价格$9.86900055  流动性$2,179,487,988(峰值$2,182,251,085)  已存档300笔逐笔
[04:50:06] 价格$9.86900055  流动性$2,179,487,988(峰值$2,182,251,085)  已存档300笔逐笔
[04:51:07] 价格$9.86900055  流动性$2,179,487,988(峰值$2,182,251,085)  已存档300笔逐笔  操盘方卖出比例=100.0%
[04:52:08] 价格$9.86900055  流动性$2,179,487,988(峰值$2,182,251,085)  已存档300笔逐笔
[04:53:09] 价格$9.86900055  流动性$2,179,487,988(峰值$2,182,251,085)  已存档300笔逐笔
[04:54:10] 价格$9.86900055  流动性$2,179,487,988(峰值$2,182,251,085)  已存档300笔逐笔
[04:55:11] 价格$9.86900055  流动性$2,179,487,988(峰值$2,182,251,085)  已存档300笔逐笔
[04:56:12] 价格$9.86900055  流动性$2,179,487,988(峰值$2,182,251,085)  已存档300笔逐笔  操盘方卖出比例=100.0%
[04:57:13] 价格$9.86900055  流动性$2,179,487,988(峰值$2,182,251,085)  已存档300笔逐笔
[04:58:14] 价格$9.86900055  流动性$2,179,487,988(峰值$2,182,251,085)  已存档300笔逐笔
[04:59:14] 价格$9.86900055  流动性$2,179,487,988(峰值$2,182,251,085)  已存档300笔逐笔
[05:00:15] 价格$9.86900055  流动性$2,179,487,988(峰值$2,182,251,085)  已存档300笔逐笔
[05:01:16] 价格$9.86900055  流动性$2,179,487,988(峰值$2,182,251,085)  已存档300笔逐笔  操盘方卖出比例=100.0%
[05:02:17] 价格$9.86900055  流动性$2,179,487,988(峰值$2,182,251,085)  已存档300笔逐笔
[05:03:18] 价格$9.86900055  流动性$2,179,487,988(峰值$2,182,251,085)  已存档300笔逐笔
[05:04:19] 价格$9.86900055  流动性$2,179,487,988(峰值$2,182,251,085)  已存档300笔逐笔
