[14:57:34] === J5BDzKxK 高密度崩盘取证监控启动 ===
[14:57:35] 基线: 价格$0.00001368 流动性$1
[14:58:35] 价格$0.00001368  流动性$1(峰值$1)  已存档19笔逐笔  操盘方卖出比例=66.4%
[14:59:36] 价格$0.00001368  流动性$1(峰值$1)  已存档0笔逐笔
[15:00:36] 价格$0.00001368  流动性$1(峰值$1)  已存档0笔逐笔
[15:01:36] 价格$0.00001368  流动性$1(峰值$1)  已存档0笔逐笔
[15:02:36] 价格$0.00001368  流动性$1(峰值$1)  已存档0笔逐笔
[15:03:36] 价格$0.00001368  流动性$1(峰值$1)  已存档0笔逐笔  操盘方卖出比例=100.0%
[15:04:36] 价格$0.00001368  流动性$1(峰值$1)  已存档0笔逐笔
[15:05:37] 价格$0.00001368  流动性$1(峰值$1)  已存档0笔逐笔
[15:06:37] 价格$0.00001368  流动性$1(峰值$1)  已存档0笔逐笔
[15:07:37] 价格$0.00001368  流动性$1(峰值$1)  已存档0笔逐笔
[15:08:37] 价格$0.00001368  流动性$1(峰值$1)  已存档0笔逐笔  操盘方卖出比例=100.0%
[15:09:37] 价格$0.00001368  流动性$1(峰值$1)  已存档0笔逐笔
[15:10:38] 价格$0.00001368  流动性$1(峰值$1)  已存档0笔逐笔
[15:11:38] 价格$0.00001368  流动性$1(峰值$1)  已存档0笔逐笔
[15:12:38] 价格$0.00001368  流动性$1(峰值$1)  已存档0笔逐笔
[15:13:38] 价格$0.00001368  流动性$1(峰值$1)  已存档0笔逐笔  操盘方卖出比例=100.0%
[15:14:38] 价格$0.00001423  流动性$1(峰值$1)  已存档1笔逐笔
[15:15:38] 价格$0.00001423  流动性$1(峰值$1)  已存档0笔逐笔
[15:16:39] 价格$0.00001423  流动性$1(峰值$1)  已存档0笔逐笔
[15:17:39] 价格$0.00001423  流动性$1(峰值$1)  已存档0笔逐笔
[15:18:39] 价格$0.00001423  流动性$1(峰值$1)  已存档0笔逐笔  操盘方卖出比例=100.0%
[15:19:40] 价格$0.00001423  流动性$1(峰值$1)  已存档0笔逐笔
[15:20:40] 价格$0.00001423  流动性$1(峰值$1)  已存档0笔逐笔
[15:21:40] 价格$0.00001423  流动性$1(峰值$1)  已存档0笔逐笔
[15:22:40] 价格$0.00001423  流动性$1(峰值$1)  已存档0笔逐笔
[15:23:40] 价格$0.00001423  流动性$1(峰值$1)  已存档0笔逐笔  操盘方卖出比例=100.0%
[15:24:40] 价格$0.00001423  流动性$1(峰值$1)  已存档0笔逐笔
[15:25:41] 价格$0.00001423  流动性$1(峰值$1)  已存档0笔逐笔
[15:26:41] 价格$0.00001423  流动性$1(峰值$1)  已存档0笔逐笔
[15:27:41] 价格$0.00001423  流动性$1(峰值$1)  已存档0笔逐笔
[15:28:41] 价格$0.00001423  流动性$1(峰值$1)  已存档1笔逐笔  操盘方卖出比例=100.0%
[15:29:41] 价格$0.00001494  流动性$1(峰值$1)  已存档0笔逐笔
[15:30:42] 价格$0.00001494  流动性$1(峰值$1)  已存档0笔逐笔
[15:31:42] 价格$0.00001494  流动性$1(峰值$1)  已存档0笔逐笔
[15:32:42] 价格$0.00001494  流动性$1(峰值$1)  已存档0笔逐笔
[15:33:42] 价格$0.00001494  流动性$1(峰值$1)  已存档0笔逐笔  卖出比例=查不到
[15:34:42] 价格$0.00001494  流动性$1(峰值$1)  已存档0笔逐笔
[15:35:43] 价格$0.00001494  流动性$1(峰值$1)  已存档0笔逐笔
[15:36:43] 价格$0.00001494  流动性$1(峰值$1)  已存档0笔逐笔
[15:37:43] 价格$0.00001494  流动性$1(峰值$1)  已存档0笔逐笔
[15:38:43] 价格$0.00001494  流动性$1(峰值$1)  已存档0笔逐笔  卖出比例=查不到
[15:39:43] 价格$0.00001494  流动性$1(峰值$1)  已存档0笔逐笔
[15:40:43] 价格$0.00001494  流动性$1(峰值$1)  已存档0笔逐笔
[15:41:44] 价格$0.00001494  流动性$1(峰值$1)  已存档0笔逐笔
[15:42:44] 价格$0.00001556  流动性$1(峰值$1)  已存档1笔逐笔
[15:43:44] 价格$0.00001556  流动性$1(峰值$1)  已存档0笔逐笔  卖出比例=查不到
[15:44:44] 价格$0.00001556  流动性$1(峰值$1)  已存档0笔逐笔
[15:45:44] 价格$0.00001556  流动性$1(峰值$1)  已存档0笔逐笔
[15:46:45] 价格$0.00001556  流动性$1(峰值$1)  已存档0笔逐笔
[15:47:45] 价格$0.00001556  流动性$1(峰值$1)  已存档0笔逐笔
[15:48:45] 价格$0.00001556  流动性$1(峰值$1)  已存档0笔逐笔  卖出比例=查不到
[15:49:45] 价格$0.00001556  流动性$1(峰值$1)  已存档0笔逐笔
[15:50:45] 价格$0.00001556  流动性$1(峰值$1)  已存档0笔逐笔
[15:51:46] 价格$0.00001556  流动性$1(峰值$1)  已存档0笔逐笔
