[18:45:49] === 开始监控 PIPEDOG/WETH (robinhood) ===
[18:45:50] 基线: 价格$0.00007512 流动性$24,118 钱包数166 疑似刷量14 只买不卖137 买入金额变异系数0.7590354322208931
[18:46:30] 第1轮: 价格$0.00007512(+0.0%) 流动性$24,118(+0.0%) 钱包数166 疑似刷量14 只买不卖137 买入CV=0.7590354322208931
[18:47:11] 第2轮: 价格$0.00007512(+0.0%) 流动性$24,118(+0.0%) 钱包数166 疑似刷量14 只买不卖137 买入CV=0.7590354322208931
[18:47:52] 第3轮: 价格$0.00007512(+0.0%) 流动性$24,118(+0.0%) 钱包数167 疑似刷量14 只买不卖138 买入CV=0.7540431638162121
[18:48:33] 第4轮: 价格$0.00009410(+25.3%) 流动性$25,953(+7.6%) 钱包数182 疑似刷量18 只买不卖152 买入CV=0.7411541285860863
[18:49:14] 第5轮: 价格$0.00009410(+25.3%) 流动性$25,953(+7.6%) 钱包数185 疑似刷量21 只买不卖155 买入CV=0.7377755486833139
[18:49:55] 第6轮: 价格$0.00009410(+25.3%) 流动性$25,953(+7.6%) 钱包数192 疑似刷量13 只买不卖161 买入CV=0.7280634202055357
[18:50:36] 第7轮: 价格$0.00009410(+25.3%) 流动性$25,953(+7.6%) 钱包数199 疑似刷量0 只买不卖167 买入CV=0.6934586756130686
[18:51:17] 第8轮: 价格$0.00010755(+43.2%) 流动性$27,653(+14.7%) 钱包数197 疑似刷量0 只买不卖165 买入CV=0.7202182749719094
[18:51:58] 第9轮: 价格$0.00010755(+43.2%) 流动性$27,653(+14.7%) 钱包数200 疑似刷量0 只买不卖169 买入CV=0.7385281203942013
[18:52:39] 第10轮: 价格$0.00010044(+33.7%) 流动性$27,714(+14.9%) 钱包数201 疑似刷量0 只买不卖168 买入CV=0.7332166039640811
[18:53:21] 第11轮: 价格$0.00010044(+33.7%) 流动性$27,714(+14.9%) 钱包数203 疑似刷量0 只买不卖169 买入CV=0.7497631487089341
[18:54:02] 第12轮: 价格$0.00009103(+21.2%) 流动性$26,368(+9.3%) 钱包数204 疑似刷量1 只买不卖168 买入CV=0.7531613183877959
[18:54:42] 第13轮: 价格$0.00009103(+21.2%) 流动性$26,368(+9.3%) 钱包数204 疑似刷量1 只买不卖168 买入CV=0.7531613183877959
[18:55:23] 第14轮: 价格$0.00009103(+21.2%) 流动性$26,368(+9.3%) 钱包数204 疑似刷量2 只买不卖167 买入CV=0.7790545248705916
[18:56:04] 第15轮: 价格$0.00009103(+21.2%) 流动性$26,368(+9.3%) 钱包数205 疑似刷量2 只买不卖167 买入CV=0.773249953761595
[18:56:45] 第16轮: 价格$0.00008283(+10.3%) 流动性$26,842(+11.3%) 钱包数197 疑似刷量1 只买不卖160 买入CV=0.7879120805110533
[18:57:26] 第17轮: 价格$0.00008283(+10.3%) 流动性$26,842(+11.3%) 钱包数197 疑似刷量1 只买不卖160 买入CV=0.7923877842806112
[18:58:07] 第18轮: 价格$0.00007187(-4.3%) 流动性$23,355(-3.2%) 钱包数197 疑似刷量1 只买不卖160 买入CV=0.7904147689507123
[18:58:48] 第19轮: 价格$0.00007187(-4.3%) 流动性$23,355(-3.2%) 钱包数198 疑似刷量0 只买不卖160 买入CV=0.7991672833992333
[18:59:29] 第20轮: 价格$0.00007732(+2.9%) 流动性$23,123(-4.1%) 钱包数202 疑似刷量0 只买不卖164 买入CV=0.8017228928796573
[19:00:10] 第21轮: 价格$0.00007732(+2.9%) 流动性$23,123(-4.1%) 钱包数202 疑似刷量0 只买不卖164 买入CV=0.8027438462271408
[19:00:52] 第22轮: 价格$0.00008097(+7.8%) 流动性$25,306(+4.9%) 钱包数202 疑似刷量0 只买不卖164 买入CV=0.8027438462271408
[19:01:40] 第23轮: 价格$0.00008097(+7.8%) 流动性$25,306(+4.9%) 钱包数202 疑似刷量0 只买不卖164 买入CV=0.8027438462271408
[19:02:21] 第24轮: 价格$0.00011695(+55.7%) 流动性$25,320(+5.0%) 钱包数206 疑似刷量0 只买不卖169 买入CV=0.8323266456546277
[19:03:02] 第25轮: 价格$0.00011695(+55.7%) 流动性$25,320(+5.0%) 钱包数202 疑似刷量0 只买不卖165 买入CV=0.823443857942702
[19:03:43] 第26轮: 价格$0.00011580(+54.1%) 流动性$30,899(+28.1%) 钱包数203 疑似刷量0 只买不卖164 买入CV=0.8177947070899072
[19:04:24] 第27轮: 价格$0.00011580(+54.1%) 流动性$30,899(+28.1%) 钱包数206 疑似刷量0 只买不卖165 买入CV=0.8058326379328051
[19:05:05] 第28轮: 价格$0.00012593(+67.6%) 流动性$31,037(+28.7%) 钱包数206 疑似刷量0 只买不卖165 买入CV=0.8058326379328051
[19:05:45] 第29轮: 价格$0.00012593(+67.6%) 流动性$31,037(+28.7%) 钱包数206 疑似刷量0 只买不卖165 买入CV=0.8058326379328051
[19:06:26] 第30轮: 价格$0.00013235(+76.2%) 流动性$33,773(+40.0%) 钱包数205 疑似刷量0 只买不卖166 买入CV=0.800966786970357
[19:06:26] === 监控窗口结束(30轮*40秒≈20分钟) ===
