[16:42:58] === 开始监控 TNOS / SOL (jLVprkYrvz...) ===
[16:42:59] 已知操盘方钱包(bundler/transfer_in/creator/dev_team标签): 40个
[16:42:59] 检测条件: 单笔买入>=$50 且钱包不在上面这个名单里 -> 判定疑似真买家
[16:42:59] 每10秒查一次最新成交,最长跑33分钟
[16:42:59] 提醒: 报警不代表来得及反应,只是尽量缩短感知延迟,自己判断要不要动作
[16:43:31] *** 疑似真买家信号#1 *** 钱包GgEv8kXZo3... 买入$162.34 (不在已知操盘方名单里,tx=4cpfjwu3zJNX...)
[16:43:31] *** 疑似真买家信号#2 *** 钱包9KHyCtRGmS... 买入$90.23 (不在已知操盘方名单里,tx=5n1ghsuWPUch...)
[16:43:31] *** 疑似真买家信号#3 *** 钱包9wNCCDnbmU... 买入$86.46 (不在已知操盘方名单里,tx=5mK5uaScXmLA...)
[16:44:49] *** 疑似真买家信号#4 *** 钱包AuRoLgLPgQ... 买入$313.73 (不在已知操盘方名单里,tx=32nchSphbvXZ...)
[16:44:49] *** 疑似真买家信号#5 *** 钱包NtPJtiZgqZ... 买入$79.53 (不在已知操盘方名单里,tx=2ReM1b3Bckv3...)
[16:44:49] *** 疑似真买家信号#6 *** 钱包3M9b5WED72... 买入$185.43 (不在已知操盘方名单里,tx=4PiFpV2BvcFK...)
[16:44:49] *** 疑似真买家信号#7 *** 钱包3ATM56ssvx... 买入$118.80 (不在已知操盘方名单里,tx=5DsYyMqM51k6...)
[16:46:03] *** 疑似真买家信号#8 *** 钱包CbAXNBkSJu... 买入$148.67 (不在已知操盘方名单里,tx=vA92PTzpJDJu...)
[16:46:03] *** 疑似真买家信号#9 *** 钱包HAXsVrwNDV... 买入$51.88 (不在已知操盘方名单里,tx=2S8s8SBAPMAG...)
[16:46:03] *** 疑似真买家信号#10 *** 钱包CM8E1itkVs... 买入$58.29 (不在已知操盘方名单里,tx=62jwuxkjmSpJ...)
[16:46:03] *** 疑似真买家信号#11 *** 钱包EiSHpucJYM... 买入$139.40 (不在已知操盘方名单里,tx=27W5L5vRAKMz...)
[16:46:03] *** 疑似真买家信号#12 *** 钱包3ATM56ssvx... 买入$352.51 (不在已知操盘方名单里,tx=3aS9ahsKyuET...)
[16:46:03] *** 疑似真买家信号#13 *** 钱包5cTnbx5i35... 买入$198.64 (不在已知操盘方名单里,tx=4vmRe638LY4f...)
[16:46:03] *** 疑似真买家信号#14 *** 钱包cw5hDsKAVK... 买入$80.50 (不在已知操盘方名单里,tx=5pocSPGdX3DW...)
[16:46:03] *** 疑似真买家信号#15 *** 钱包3MeJGgkSkd... 买入$129.02 (不在已知操盘方名单里,tx=2MD2nAoqNHfq...)
[16:47:51] *** 疑似真买家信号#16 *** 钱包BbRJEcmK4Z... 买入$87.49 (不在已知操盘方名单里,tx=2Tvwx1UzorGV...)
[16:47:51] *** 疑似真买家信号#17 *** 钱包AJd8XpgcHY... 买入$103.86 (不在已知操盘方名单里,tx=46w3un9bC1Pj...)
[16:47:51] *** 疑似真买家信号#18 *** 钱包6C1uUFPYZd... 买入$322.70 (不在已知操盘方名单里,tx=4PkYuF31AJb7...)
[16:47:51] *** 疑似真买家信号#19 *** 钱包9vkAna7w6V... 买入$81.43 (不在已知操盘方名单里,tx=4ijMAVmpveRV...)
[16:47:51] *** 疑似真买家信号#20 *** 钱包3NvffQDWwd... 买入$213.36 (不在已知操盘方名单里,tx=5BFhYkphbWUZ...)
[16:47:51] *** 疑似真买家信号#21 *** 钱包7aCiu7rSsT... 买入$141.21 (不在已知操盘方名单里,tx=4gNfG3tNoR9c...)
[16:48:25] *** 疑似真买家信号#22 *** 钱包ESq5AMFHdm... 买入$149.65 (不在已知操盘方名单里,tx=4Y7DPMw3DepC...)
[16:48:25] *** 疑似真买家信号#23 *** 钱包CLFvQFc7GV... 买入$156.55 (不在已知操盘方名单里,tx=4DG2XKqb3znC...)
[16:48:25] *** 疑似真买家信号#24 *** 钱包BPSZCeLmVW... 买入$133.50 (不在已知操盘方名单里,tx=2mmDKRCf1deZ...)
[16:48:25] *** 疑似真买家信号#25 *** 钱包TpF3bpjsq7... 买入$229.62 (不在已知操盘方名单里,tx=61Wa1Ttch89k...)
[16:49:03] *** 疑似真买家信号#26 *** 钱包4fm65RkNac... 买入$98.31 (不在已知操盘方名单里,tx=3bFi7N4L67MM...)
[16:49:03] *** 疑似真买家信号#27 *** 钱包7SYJSJCEPm... 买入$169.81 (不在已知操盘方名单里,tx=5WfzVvLr6uST...)
[16:49:03] *** 疑似真买家信号#28 *** 钱包4sHywZn28R... 买入$139.13 (不在已知操盘方名单里,tx=j1SyxzoFMBon...)
[16:49:37] *** 疑似真买家信号#29 *** 钱包27rpumT1V7... 买入$223.26 (不在已知操盘方名单里,tx=4bwPHN32zutP...)
[16:49:37] *** 疑似真买家信号#30 *** 钱包6uKwNo5AyB... 买入$218.01 (不在已知操盘方名单里,tx=5CGRWYsyCghb...)
[16:50:50] *** 疑似真买家信号#31 *** 钱包8im9kA4P4W... 买入$314.46 (不在已知操盘方名单里,tx=4cx7eR6oZKkU...)
[16:50:50] *** 疑似真买家信号#32 *** 钱包EQNiCy2yCG... 买入$99.49 (不在已知操盘方名单里,tx=8SQdR5S1gGv5...)
[16:50:50] *** 疑似真买家信号#33 *** 钱包HnFDakMhjs... 买入$86.94 (不在已知操盘方名单里,tx=1zP2arJsv6Rg...)
[16:50:50] *** 疑似真买家信号#34 *** 钱包DcnDdUEN2K... 买入$194.69 (不在已知操盘方名单里,tx=36NWAJJufWnK...)
[16:50:50] *** 疑似真买家信号#35 *** 钱包GmSFWTsCzV... 买入$183.04 (不在已知操盘方名单里,tx=3pBXMu6W9eAX...)
[16:50:50] *** 疑似真买家信号#36 *** 钱包9KHyCtRGmS... 买入$93.85 (不在已知操盘方名单里,tx=4nXZQPjEgrtR...)
[16:50:50] *** 疑似真买家信号#37 *** 钱包8YTMMMSY3X... 买入$322.69 (不在已知操盘方名单里,tx=6uCMFAodBXRG...)
[16:51:24] *** 疑似真买家信号#38 *** 钱包HzVsDYkD4U... 买入$87.07 (不在已知操盘方名单里,tx=jN9SijjRiY1y...)
[16:51:24] *** 疑似真买家信号#39 *** 钱包A27dERqDhU... 买入$227.82 (不在已知操盘方名单里,tx=2erR8ihSc4jG...)
[16:52:02] *** 疑似真买家信号#40 *** 钱包6Y2pqp2zXf... 买入$217.94 (不在已知操盘方名单里,tx=5DKoyYZfoMSw...)
[16:52:02] *** 疑似真买家信号#41 *** 钱包2kJfcyqLb2... 买入$164.96 (不在已知操盘方名单里,tx=5JtsLvXfoY1C...)
[16:52:02] *** 疑似真买家信号#42 *** 钱包Ez3H3ku2Bx... 买入$142.92 (不在已知操盘方名单里,tx=3BBk8fxWDjHX...)
[16:52:02] *** 疑似真买家信号#43 *** 钱包8WveH5cr8c... 买入$228.48 (不在已知操盘方名单里,tx=3UUtVydXs8zv...)
[16:52:39] *** 疑似真买家信号#44 *** 钱包59uPCDCNrV... 买入$210.00 (不在已知操盘方名单里,tx=2MjCsYaThAFf...)
[16:52:39] *** 疑似真买家信号#45 *** 钱包iy9uiYQUXj... 买入$143.30 (不在已知操盘方名单里,tx=3ivnnpCmJUVa...)
[16:52:39] *** 疑似真买家信号#46 *** 钱包5vxmwDZLjU... 买入$114.61 (不在已知操盘方名单里,tx=46armp6QxneF...)
[16:52:39] *** 疑似真买家信号#47 *** 钱包EH8CW2WvdZ... 买入$196.78 (不在已知操盘方名单里,tx=29KyVCTzTVuA...)
[16:52:39] *** 疑似真买家信号#48 *** 钱包5UKe2Wdh8o... 买入$185.57 (不在已知操盘方名单里,tx=5HVkoKR2h3ba...)
[16:53:50] *** 疑似真买家信号#49 *** 钱包EGW5fJrskU... 买入$149.89 (不在已知操盘方名单里,tx=2E4v8X4qufra...)
[16:53:50] *** 疑似真买家信号#50 *** 钱包611u4HPSV7... 买入$99.48 (不在已知操盘方名单里,tx=4uP5Gs5A1rAz...)
[16:53:50] *** 疑似真买家信号#51 *** 钱包EtESXQrpZy... 买入$130.77 (不在已知操盘方名单里,tx=4QeCu6xmbCo3...)
[16:53:50] *** 疑似真买家信号#52 *** 钱包9JQR8hVZ8Y... 买入$168.32 (不在已知操盘方名单里,tx=SqttC8Jaf3qz...)
[16:54:27] *** 疑似真买家信号#53 *** 钱包7xZbUm2qd1... 买入$211.07 (不在已知操盘方名单里,tx=2vXsh515Hit1...)
[16:54:27] *** 疑似真买家信号#54 *** 钱包7JCe3GHwkE... 买入$976.20 (不在已知操盘方名单里,tx=B5owoSJ4QdGH...)
[16:54:27] *** 疑似真买家信号#55 *** 钱包GodJTmdVEQ... 买入$79.51 (不在已知操盘方名单里,tx=3smiN8oyZxwj...)
[16:55:38] *** 疑似真买家信号#56 *** 钱包wE7x5UH5Wu... 买入$170.04 (不在已知操盘方名单里,tx=2Tfnd9HNyd1p...)
[16:55:38] *** 疑似真买家信号#57 *** 钱包GdyeoNMVjY... 买入$230.23 (不在已知操盘方名单里,tx=4PztJ6yNdUst...)
[16:55:38] *** 疑似真买家信号#58 *** 钱包HVYdC7u6Yd... 买入$68.69 (不在已知操盘方名单里,tx=24WSWU4QDUeW...)
[16:55:38] *** 疑似真买家信号#59 *** 钱包HHpQ9T2Vkw... 买入$99.53 (不在已知操盘方名单里,tx=2M7uPeqtHvw3...)
[16:55:38] *** 疑似真买家信号#60 *** 钱包HVYdC7u6Yd... 买入$51.40 (不在已知操盘方名单里,tx=2uvAhNenixCF...)
[16:55:38] *** 疑似真买家信号#61 *** 钱包HVYdC7u6Yd... 买入$77.05 (不在已知操盘方名单里,tx=sayEbv5as53D...)
[16:55:38] *** 疑似真买家信号#62 *** 钱包AVbPy8Gt6A... 买入$221.66 (不在已知操盘方名单里,tx=2r37LG1XbHxj...)
[16:55:38] *** 疑似真买家信号#63 *** 钱包2ayyFD3XTo... 买入$140.28 (不在已知操盘方名单里,tx=5oYQWwNBoMSm...)
[16:55:38] *** 疑似真买家信号#64 *** 钱包4vy5NcB4Ky... 买入$53.62 (不在已知操盘方名单里,tx=4YskEV55FBBe...)
[16:55:38] *** 疑似真买家信号#65 *** 钱包HBEyWycrUt... 买入$156.19 (不在已知操盘方名单里,tx=67auQSVuBXwP...)
[16:55:38] *** 疑似真买家信号#66 *** 钱包Gtk2NWh2TQ... 买入$170.43 (不在已知操盘方名单里,tx=zuoa7MtupJ11...)
[16:56:15] *** 疑似真买家信号#67 *** 钱包AtpbUxC2us... 买入$220.24 (不在已知操盘方名单里,tx=wjMs9yJPTspN...)
[16:56:15] *** 疑似真买家信号#68 *** 钱包HHpQ9T2Vkw... 买入$168.74 (不在已知操盘方名单里,tx=3Nf3kDb7cCzz...)
[16:56:15] *** 疑似真买家信号#69 *** 钱包2gATBVcSsK... 买入$149.63 (不在已知操盘方名单里,tx=5GuoPHQBdSXc...)
[16:56:50] *** 疑似真买家信号#70 *** 钱包9KHttXxvLt... 买入$105.75 (不在已知操盘方名单里,tx=26qpgNd3sYwX...)
[16:57:27] *** 疑似真买家信号#71 *** 钱包DkYa1xtNh4... 买入$165.46 (不在已知操盘方名单里,tx=5X1K8vGmrcfz...)
[16:57:27] *** 疑似真买家信号#72 *** 钱包9R1pCfnzaa... 买入$170.51 (不在已知操盘方名单里,tx=2s4ZpsDPhNWG...)
[16:58:39] *** 疑似真买家信号#73 *** 钱包2ayyFD3XTo... 买入$146.57 (不在已知操盘方名单里,tx=4EGWaXm8dWpK...)
[16:58:39] *** 疑似真买家信号#74 *** 钱包CCrbk9krqe... 买入$102.06 (不在已知操盘方名单里,tx=2hmgACZiRWpc...)
[16:58:39] *** 疑似真买家信号#75 *** 钱包52w8dgLygR... 买入$70.05 (不在已知操盘方名单里,tx=51x8BjbRqcu4...)
[16:58:39] *** 疑似真买家信号#76 *** 钱包GjAw6i2aVP... 买入$68.66 (不在已知操盘方名单里,tx=4VKv1neLQefJ...)
[16:58:39] *** 疑似真买家信号#77 *** 钱包7ScUR7e3JZ... 买入$330.99 (不在已知操盘方名单里,tx=4tsLZos1EKJE...)
[16:58:39] *** 疑似真买家信号#78 *** 钱包CVp9PdtTmB... 买入$84.91 (不在已知操盘方名单里,tx=47Yg1Bg5w7qZ...)
[16:59:14] *** 疑似真买家信号#79 *** 钱包3HehuMPy7T... 买入$104.74 (不在已知操盘方名单里,tx=2AK5y57ezjAa...)
[16:59:14] *** 疑似真买家信号#80 *** 钱包G4xvSGnBi8... 买入$94.31 (不在已知操盘方名单里,tx=4Nv8GzZnfPvr...)
[16:59:14] *** 疑似真买家信号#81 *** 钱包3zvs7aaHAq... 买入$238.85 (不在已知操盘方名单里,tx=2gtLSz1XTdLc...)
[17:00:25] *** 疑似真买家信号#82 *** 钱包BJRyzC1t6H... 买入$50.21 (不在已知操盘方名单里,tx=4r28oUqZgSxg...)
[17:00:25] *** 疑似真买家信号#83 *** 钱包K8HWs5jnwq... 买入$105.74 (不在已知操盘方名单里,tx=5GZZZuoDpYh5...)
[17:00:25] *** 疑似真买家信号#84 *** 钱包6a6HWDFNKk... 买入$172.65 (不在已知操盘方名单里,tx=3Kr2X4edqtAh...)
[17:00:25] *** 疑似真买家信号#85 *** 钱包3NJmmnnAbY... 买入$310.16 (不在已知操盘方名单里,tx=3cVNp2GuLXHn...)
[17:00:25] *** 疑似真买家信号#86 *** 钱包38g5XHF53n... 买入$151.71 (不在已知操盘方名单里,tx=vcJ9vcpY17RZ...)
[17:00:25] *** 疑似真买家信号#87 *** 钱包HC83U2D91Z... 买入$80.76 (不在已知操盘方名单里,tx=5Lzesyt5Awv3...)
[17:00:25] *** 疑似真买家信号#88 *** 钱包2wwAbxHGby... 买入$193.89 (不在已知操盘方名单里,tx=5ZJnRZJcFqX4...)
[17:01:39] *** 疑似真买家信号#89 *** 钱包WNwCy8p7di... 买入$61.77 (不在已知操盘方名单里,tx=2xGF9uNozg6u...)
[17:01:39] *** 疑似真买家信号#90 *** 钱包AqAhXhNX4G... 买入$173.85 (不在已知操盘方名单里,tx=3YeuMBG9u6bR...)
[17:01:39] *** 疑似真买家信号#91 *** 钱包DeADWa1x6G... 买入$144.01 (不在已知操盘方名单里,tx=4A3fjKFdG5gA...)
[17:01:39] *** 疑似真买家信号#92 *** 钱包8y4QPmLAbg... 买入$246.14 (不在已知操盘方名单里,tx=4d4nfp7LNLht...)
[17:01:39] *** 疑似真买家信号#93 *** 钱包HBEyWycrUt... 买入$230.30 (不在已知操盘方名单里,tx=2XxuF4BSX7jA...)
[17:02:13] *** 疑似真买家信号#94 *** 钱包3NJmmnnAbY... 买入$212.12 (不在已知操盘方名单里,tx=3Qovhr9DGmxu...)
[17:02:13] *** 疑似真买家信号#95 *** 钱包3rMPS6YYNC... 买入$103.27 (不在已知操盘方名单里,tx=4qV92sm8VGhC...)
[17:02:13] *** 疑似真买家信号#96 *** 钱包3t6Mj7WbAi... 买入$72.59 (不在已知操盘方名单里,tx=ndJKUzjohaV6...)
[17:03:24] *** 疑似真买家信号#97 *** 钱包QjrG5e8A5Q... 买入$107.17 (不在已知操盘方名单里,tx=i3iHtmTFjK4j...)
[17:03:24] *** 疑似真买家信号#98 *** 钱包EMkpZK1RXV... 买入$132.24 (不在已知操盘方名单里,tx=3J8XZJsJkdCz...)
[17:03:24] *** 疑似真买家信号#99 *** 钱包HnFDakMhjs... 买入$99.40 (不在已知操盘方名单里,tx=SuRtJsLSBKpi...)
[17:03:24] *** 疑似真买家信号#100 *** 钱包74uruJNfyd... 买入$189.60 (不在已知操盘方名单里,tx=21rJBboiHETT...)
[17:03:24] *** 疑似真买家信号#101 *** 钱包Hmm2oxd7Fj... 买入$261.62 (不在已知操盘方名单里,tx=L1trYX815F8X...)
[17:03:24] *** 疑似真买家信号#102 *** 钱包GXv4Yijdwo... 买入$90.74 (不在已知操盘方名单里,tx=2x1v73xvon7R...)
[17:03:24] *** 疑似真买家信号#103 *** 钱包9R1pCfnzaa... 买入$212.47 (不在已知操盘方名单里,tx=39kVzeSa4RhS...)
[17:04:01] *** 疑似真买家信号#104 *** 钱包CLFvQFc7GV... 买入$208.91 (不在已知操盘方名单里,tx=4q16euYFexme...)
[17:04:01] *** 疑似真买家信号#105 *** 钱包6dwiBAMbiE... 买入$75.59 (不在已知操盘方名单里,tx=nhEXLVybydnR...)
[17:04:01] *** 疑似真买家信号#106 *** 钱包Hqru2XbPpb... 买入$70.00 (不在已知操盘方名单里,tx=41rfdTRCFJV3...)
[17:04:39] *** 疑似真买家信号#107 *** 钱包J5jEXSoRHW... 买入$216.13 (不在已知操盘方名单里,tx=2wYiNbZVBnUD...)
[17:05:13] *** 疑似真买家信号#108 *** 钱包jKA5HF2MWY... 买入$159.14 (不在已知操盘方名单里,tx=3JY7EVs2GChz...)
[17:05:13] *** 疑似真买家信号#109 *** 钱包8hVxnb58T1... 买入$153.33 (不在已知操盘方名单里,tx=5wrU8n8vfAwp...)
[17:05:13] *** 疑似真买家信号#110 *** 钱包5LcbBTCaVh... 买入$115.54 (不在已知操盘方名单里,tx=3wJEfiAvA4b7...)
[17:05:13] *** 疑似真买家信号#111 *** 钱包6vUPeRx6EH... 买入$86.66 (不在已知操盘方名单里,tx=2RPpyhbZbceK...)
[17:05:51] *** 疑似真买家信号#112 *** 钱包2r6RAdLvMG... 买入$172.80 (不在已知操盘方名单里,tx=5yBSksEXqoxZ...)
[17:05:51] *** 疑似真买家信号#113 *** 钱包AdxV6gqrS7... 买入$108.98 (不在已知操盘方名单里,tx=76dZSUoij1wh...)
[17:05:51] *** 疑似真买家信号#114 *** 钱包C4tmGLaNWr... 买入$213.45 (不在已知操盘方名单里,tx=2BjaFpQmaLsf...)
[17:06:25] *** 疑似真买家信号#115 *** 钱包2kJfcyqLb2... 买入$80.17 (不在已知操盘方名单里,tx=3YJTWmiEgGCq...)
[17:06:25] *** 疑似真买家信号#116 *** 钱包5dHy33K5hX... 买入$362.63 (不在已知操盘方名单里,tx=55UJiQ9id9Wx...)
[17:06:25] *** 疑似真买家信号#117 *** 钱包cw5hDsKAVK... 买入$223.63 (不在已知操盘方名单里,tx=5EUpnQAW7tqz...)
[17:06:25] *** 疑似真买家信号#118 *** 钱包27rpumT1V7... 买入$299.53 (不在已知操盘方名单里,tx=5noGCFeUVbp1...)
[17:06:25] *** 疑似真买家信号#119 *** 钱包BFCrqDdVVh... 买入$100.24 (不在已知操盘方名单里,tx=3PTNw8BNFn6P...)
[17:07:39] *** 疑似真买家信号#120 *** 钱包C4tmGLaNWr... 买入$55.74 (不在已知操盘方名单里,tx=5rmyPKobjDPq...)
[17:07:39] *** 疑似真买家信号#121 *** 钱包J3siUNWK5s... 买入$113.98 (不在已知操盘方名单里,tx=4bTJfiWz8gsh...)
[17:07:39] *** 疑似真买家信号#122 *** 钱包21A3hBY9DB... 买入$169.14 (不在已知操盘方名单里,tx=4e6KDDch6nvC...)
[17:07:39] *** 疑似真买家信号#123 *** 钱包9sxRFEidE3... 买入$174.68 (不在已知操盘方名单里,tx=3HHSNtqbvP41...)
[17:07:39] *** 疑似真买家信号#124 *** 钱包2zXDxiiTnQ... 买入$201.05 (不在已知操盘方名单里,tx=2sP5p2Ssj83H...)
[17:08:49] *** 疑似真买家信号#125 *** 钱包BfGnL8aoJx... 买入$141.67 (不在已知操盘方名单里,tx=3R7V9EauZpJq...)
[17:09:27] *** 疑似真买家信号#126 *** 钱包ALVMJ9bny8... 买入$269.13 (不在已知操盘方名单里,tx=msSkmotiDFTc...)
[17:09:27] *** 疑似真买家信号#127 *** 钱包GGnBv48ys1... 买入$127.41 (不在已知操盘方名单里,tx=3cpEKNTrudcm...)
[17:09:27] *** 疑似真买家信号#128 *** 钱包AK9QXueCqn... 买入$71.87 (不在已知操盘方名单里,tx=3nzFBt87Dzre...)
[17:09:27] *** 疑似真买家信号#129 *** 钱包GBECDL1Esk... 买入$212.70 (不在已知操盘方名单里,tx=5c7QjMGAKjFw...)
[17:09:27] *** 疑似真买家信号#130 *** 钱包5ca4XRt5YF... 买入$162.21 (不在已知操盘方名单里,tx=nsTQgmd3RUJ6...)
[17:09:27] *** 疑似真买家信号#131 *** 钱包ErJrTGN3yz... 买入$226.13 (不在已知操盘方名单里,tx=57pgWxorGhRP...)
[17:10:38] *** 疑似真买家信号#132 *** 钱包G9p2jUk5ME... 买入$102.68 (不在已知操盘方名单里,tx=2SVCyGWgoa4H...)
[17:10:38] *** 疑似真买家信号#133 *** 钱包8gHAzVhGam... 买入$74.10 (不在已知操盘方名单里,tx=4i9v7MDg1bkZ...)
[17:10:38] *** 疑似真买家信号#134 *** 钱包2zXDxiiTnQ... 买入$64.68 (不在已知操盘方名单里,tx=9eyPm1S7PaDo...)
[17:10:38] *** 疑似真买家信号#135 *** 钱包FdZsSmw8xt... 买入$90.62 (不在已知操盘方名单里,tx=61wM9R2srpzK...)
[17:10:38] *** 疑似真买家信号#136 *** 钱包6uWbvJDKPU... 买入$150.96 (不在已知操盘方名单里,tx=5sebFH3KhXAz...)
[17:10:38] *** 疑似真买家信号#137 *** 钱包CKhNhJwp7b... 买入$236.33 (不在已知操盘方名单里,tx=64fdyt84gzNF...)
[17:10:38] *** 疑似真买家信号#138 *** 钱包AEz6PtKxu6... 买入$94.14 (不在已知操盘方名单里,tx=y49cqgj1V3GH...)
[17:11:49] *** 疑似真买家信号#139 *** 钱包7z38442jXb... 买入$113.56 (不在已知操盘方名单里,tx=Kxp316CVsGZG...)
[17:11:49] *** 疑似真买家信号#140 *** 钱包4Xuyhm5ZHy... 买入$154.08 (不在已知操盘方名单里,tx=5SywQqscbW8H...)
[17:11:49] *** 疑似真买家信号#141 *** 钱包Hmm2oxd7Fj... 买入$192.13 (不在已知操盘方名单里,tx=2T72ngHT3MHr...)
[17:11:49] *** 疑似真买家信号#142 *** 钱包CWYDp7VHG3... 买入$95.35 (不在已知操盘方名单里,tx=2DDRCRrQiKrJ...)
[17:12:26] *** 疑似真买家信号#143 *** 钱包8FN8ZuLNqE... 买入$113.16 (不在已知操盘方名单里,tx=55zbmpq9gvCP...)
[17:12:26] *** 疑似真买家信号#144 *** 钱包FCfLp2xBzG... 买入$334.23 (不在已知操盘方名单里,tx=5diCr8FBvhz4...)
[17:12:26] *** 疑似真买家信号#145 *** 钱包EsA8khqV2W... 买入$289.76 (不在已知操盘方名单里,tx=348F5jrsKAMf...)
[17:12:26] *** 疑似真买家信号#146 *** 钱包6xvRyWUZ3e... 买入$269.21 (不在已知操盘方名单里,tx=3Z9di2oX5dGx...)
[17:12:26] *** 疑似真买家信号#147 *** 钱包BzGiTRv6zd... 买入$116.66 (不在已知操盘方名单里,tx=38tqsMq5x3cJ...)
[17:12:26] *** 疑似真买家信号#148 *** 钱包5jR5v4Cw6w... 买入$63.67 (不在已知操盘方名单里,tx=2GsV56Ketexn...)
[17:13:03] *** 疑似真买家信号#149 *** 钱包FAbpbttFQX... 买入$55.49 (不在已知操盘方名单里,tx=5A12QTksQiKR...)
[17:13:03] *** 疑似真买家信号#150 *** 钱包8xNyby54ah... 买入$118.03 (不在已知操盘方名单里,tx=4ukenzgHJSoy...)
[17:13:03] *** 疑似真买家信号#151 *** 钱包6suexYtg7s... 买入$223.46 (不在已知操盘方名单里,tx=4der6vdDUvhU...)
[17:14:14] *** 疑似真买家信号#152 *** 钱包49VPMLjKnB... 买入$50.30 (不在已知操盘方名单里,tx=2K4WYM67m5Wo...)
[17:14:14] *** 疑似真买家信号#153 *** 钱包Hd8NVxe36H... 买入$196.98 (不在已知操盘方名单里,tx=2w1mF6u4eXHZ...)
[17:14:14] *** 疑似真买家信号#154 *** 钱包2Fz5vvn76J... 买入$89.55 (不在已知操盘方名单里,tx=29VffLrN7iR7...)
[17:14:14] *** 疑似真买家信号#155 *** 钱包Hu8JE5pkzy... 买入$267.62 (不在已知操盘方名单里,tx=27d5Kf2ADmDk...)
[17:14:14] *** 疑似真买家信号#156 *** 钱包5WRxgTAE5n... 买入$177.84 (不在已知操盘方名单里,tx=4sPQ4zDviR2S...)
[17:14:14] *** 疑似真买家信号#157 *** 钱包2Cw2eKyn1C... 买入$182.84 (不在已知操盘方名单里,tx=3EBgGrN6jrRY...)
[17:14:14] *** 疑似真买家信号#158 *** 钱包4974YaY6hP... 买入$174.23 (不在已知操盘方名单里,tx=34jytTBbCCTE...)
[17:14:14] *** 疑似真买家信号#159 *** 钱包EoCMG6HzH8... 买入$209.42 (不在已知操盘方名单里,tx=5DQ8VsYUhHfm...)
[17:14:50] *** 疑似真买家信号#160 *** 钱包Bo3aBybhKm... 买入$230.43 (不在已知操盘方名单里,tx=j9m8Vm2WcfkN...)
[17:16:01] *** 疑似真买家信号#161 *** 钱包51FdGnQWX4... 买入$210.85 (不在已知操盘方名单里,tx=2aTDMdNH67BT...)
[17:16:01] *** 疑似真买家信号#162 *** 钱包V2GsQLCWRG... 买入$190.43 (不在已知操盘方名单里,tx=2V6EbdHAZCCw...)
[17:16:01] *** 疑似真买家信号#163 *** 钱包62cf21gmHL... 买入$327.18 (不在已知操盘方名单里,tx=3UXKi4nGZm2F...)
[17:16:01] *** 疑似真买家信号#164 *** 钱包9j4Cz63GDQ... 买入$70.79 (不在已知操盘方名单里,tx=29pnb39w7mLp...)
[17:16:01] *** 疑似真买家信号#165 *** 钱包Hmm2oxd7Fj... 买入$131.93 (不在已知操盘方名单里,tx=3VmVmQUBeZQP...)
[17:16:38] *** 疑似真买家信号#166 *** 钱包TpF3bpjsq7... 买入$177.67 (不在已知操盘方名单里,tx=5LD8ozbmR4Uw...)
[17:16:38] *** 疑似真买家信号#167 *** 钱包9vkAna7w6V... 买入$218.32 (不在已知操盘方名单里,tx=2mvKBtRCKamc...)
[17:16:38] *** 疑似真买家信号#168 *** 钱包62cf21gmHL... 买入$104.56 (不在已知操盘方名单里,tx=371KkidqWDVj...)
[17:16:38] *** 疑似真买家信号#169 *** 钱包8C7WxAmwHP... 买入$270.84 (不在已知操盘方名单里,tx=3zKL7J3ENMYv...)
[17:16:38] *** 疑似真买家信号#170 *** 钱包BaMEE5iY98... 买入$101.86 (不在已知操盘方名单里,tx=2WeTqSjuUnP1...)
[17:16:38] *** 疑似真买家信号#171 *** 钱包3gosrP8jFS... 买入$216.09 (不在已知操盘方名单里,tx=Dz2r1vUFj1Lu...)
[17:16:38] *** 疑似真买家信号#172 *** 钱包6uWbvJDKPU... 买入$69.64 (不在已知操盘方名单里,tx=5e7ZA7Nti5Db...)
[17:17:12] *** 疑似真买家信号#173 *** 钱包9PLhqqTk2Y... 买入$173.57 (不在已知操盘方名单里,tx=4yF4AEN4QU7h...)
[17:17:12] *** 疑似真买家信号#174 *** 钱包Fk4ydcTDsR... 买入$163.11 (不在已知操盘方名单里,tx=2WnhyajKdZ2k...)
[17:17:12] *** 疑似真买家信号#175 *** 钱包5ed6WnruxU... 买入$96.45 (不在已知操盘方名单里,tx=3UzjxREcB4bo...)
[17:17:12] *** 疑似真买家信号#176 *** 钱包6jZp7XGADN... 买入$144.34 (不在已知操盘方名单里,tx=5FRuXbHetuQp...)
[17:17:49] *** 疑似真买家信号#177 *** 钱包6pFdGxxBAN... 买入$323.37 (不在已知操盘方名单里,tx=3UCyV3JgLx1R...)
[17:17:49] *** 疑似真买家信号#178 *** 钱包7anHrkcZ4w... 买入$66.82 (不在已知操盘方名单里,tx=5G4a8zN62bT2...)
[17:17:49] *** 疑似真买家信号#179 *** 钱包AuRoLgLPgQ... 买入$79.21 (不在已知操盘方名单里,tx=5L9rkDeNDZrP...)
[17:18:27] *** 疑似真买家信号#180 *** 钱包CuKd32hcLZ... 买入$162.14 (不在已知操盘方名单里,tx=4uC9P5wM562v...)
[17:19:38] *** 疑似真买家信号#181 *** 钱包5ca4XRt5YF... 买入$86.75 (不在已知操盘方名单里,tx=2ccoGg8HeWqE...)
[17:19:38] *** 疑似真买家信号#182 *** 钱包CqUhouAbdV... 买入$190.84 (不在已知操盘方名单里,tx=5owwEDMBnmmd...)
[17:19:38] *** 疑似真买家信号#183 *** 钱包4HVU1kuLgc... 买入$187.20 (不在已知操盘方名单里,tx=3i8ypr9kjUi4...)
[17:19:38] *** 疑似真买家信号#184 *** 钱包BQqNC2FrG8... 买入$55.22 (不在已知操盘方名单里,tx=3N8r2grfWrgE...)
[17:19:38] *** 疑似真买家信号#185 *** 钱包GJJNkXCf1w... 买入$95.54 (不在已知操盘方名单里,tx=4zfhNogTkqDU...)
[17:20:12] *** 疑似真买家信号#186 *** 钱包AvnrDbQj1v... 买入$225.78 (不在已知操盘方名单里,tx=2fR5cuUVfdTx...)
[17:20:12] *** 疑似真买家信号#187 *** 钱包DjXZZFv2s4... 买入$155.90 (不在已知操盘方名单里,tx=3DbMT8418bW6...)
[17:20:12] *** 疑似真买家信号#188 *** 钱包75H7Nca3BK... 买入$123.57 (不在已知操盘方名单里,tx=4uXjZYmeTPfA...)
[17:20:12] *** 疑似真买家信号#189 *** 钱包5SYkasrb7x... 买入$208.70 (不在已知操盘方名单里,tx=sF33LWaLKbWf...)
[17:20:50] *** 疑似真买家信号#190 *** 钱包5ZNk7TYYQa... 买入$74.01 (不在已知操盘方名单里,tx=4DTUvn3eHW8B...)
[17:20:50] *** 疑似真买家信号#191 *** 钱包GodJTmdVEQ... 买入$218.27 (不在已知操盘方名单里,tx=4grXQBHQv2z1...)
[17:20:50] *** 疑似真买家信号#192 *** 钱包9a8PEUjTmN... 买入$73.52 (不在已知操盘方名单里,tx=41DeCozMiBik...)
[17:20:50] *** 疑似真买家信号#193 *** 钱包Hmm2oxd7Fj... 买入$120.71 (不在已知操盘方名单里,tx=3ub8WDvwLCwR...)
[17:22:01] *** 疑似真买家信号#194 *** 钱包HB7M4tpGhn... 买入$145.98 (不在已知操盘方名单里,tx=2aXGGvPQvYXb...)
[17:22:01] *** 疑似真买家信号#195 *** 钱包2vDwyPfXK6... 买入$351.30 (不在已知操盘方名单里,tx=UsddNGby2H9n...)
[17:22:01] *** 疑似真买家信号#196 *** 钱包DeADWa1x6G... 买入$162.73 (不在已知操盘方名单里,tx=5cPecQH5q8Y7...)
[17:22:01] *** 疑似真买家信号#197 *** 钱包61NZY99Jxu... 买入$59.39 (不在已知操盘方名单里,tx=4pFAzHKfECCn...)
[17:22:01] *** 疑似真买家信号#198 *** 钱包GXeLj6RQqZ... 买入$93.28 (不在已知操盘方名单里,tx=59EXnqqyZP4w...)
[17:22:01] *** 疑似真买家信号#199 *** 钱包5uuzGjfVtb... 买入$113.77 (不在已知操盘方名单里,tx=5iGDNofWfk3W...)
[17:22:38] *** 疑似真买家信号#200 *** 钱包2CbGmUN7y6... 买入$118.47 (不在已知操盘方名单里,tx=t6cVMiYFCj6U...)
[17:22:38] *** 疑似真买家信号#201 *** 钱包DDaT58s1fp... 买入$233.92 (不在已知操盘方名单里,tx=iA9PmHp4yz63...)
[17:22:38] *** 疑似真买家信号#202 *** 钱包5Gd6hkxtPc... 买入$160.70 (不在已知操盘方名单里,tx=3v3eZbCwm1Mf...)
[17:22:38] *** 疑似真买家信号#203 *** 钱包6vUPeRx6EH... 买入$233.21 (不在已知操盘方名单里,tx=q8A2exsqRB3j...)
[17:22:58] === 监控窗口结束,共203次疑似真买家信号 ===
