[20:01:51] === 开始盯防40个已知操盘方钱包的卖出动作 ===
[20:05:38] *** 操盘方钱包卖出信号#1 *** 2EsUcKyJU8... 卖出$60.78 (tx=3z1VH1CMRNxP...)
[20:08:43] *** 操盘方钱包卖出信号#2 *** C1e933VUaC... 卖出$137.84 (tx=2mng5zhPuu9A...)
[20:18:49] *** 操盘方钱包卖出信号#3 *** EC8RoZxuRc... 卖出$139.37 (tx=3mHiAVNX6pcj...)
[20:30:50] *** 操盘方钱包卖出信号#4 *** 2PdJ22FxgB... 卖出$73.58 (tx=5egX2zigGcHt...)
[20:33:51] *** 操盘方钱包卖出信号#5 *** 2PdJ22FxgB... 卖出$161.14 (tx=YwJEcoFaW7eJ...)
[20:39:50] *** 操盘方钱包卖出信号#6 *** 2PdJ22FxgB... 卖出$127.58 (tx=3QmWcHqknJht...)
[20:46:15] *** 操盘方钱包卖出信号#7 *** Hd8NVxe36H... 卖出$155.11 (tx=NWBnpBDjWx5o...)
[20:46:15] *** 操盘方钱包卖出信号#8 *** 2RakkGgRca... 卖出$189.29 (tx=2Wa9YxUM4bJT...)
[20:52:14] *** 操盘方钱包卖出信号#9 *** ZgeDAFR5LJ... 卖出$135.67 (tx=o1gGNnxaZiyh...)
[21:02:01] === 监控结束,共9次操盘方卖出信号 ===
[21:02:15] === 开始盯防40个已知操盘方钱包的卖出动作 ===
[21:12:25] *** 操盘方钱包卖出信号#1 *** 3ATM56ssvx... 卖出$69.39 (tx=2cWYePkzXi4s...)
[21:13:43] *** 操盘方钱包卖出信号#2 *** 2RakkGgRca... 卖出$190.80 (tx=5FH1bkgsMiNU...)
[21:20:51] *** 操盘方钱包卖出信号#3 *** DzCJaSBiM6... 卖出$139.93 (tx=4jrRAUsQ7ZqX...)
[21:28:39] *** 操盘方钱包卖出信号#4 *** 52w8dgLygR... 卖出$1,078.75 (tx=5CzUXuiCvHuk...)
[21:28:39] *** 操盘方钱包卖出信号#5 *** 52w8dgLygR... 卖出$1,033.82 (tx=5CzUXuiCvHuk...)
[21:29:14] *** 操盘方钱包卖出信号#6 *** ZgeDAFR5LJ... 卖出$640.05 (tx=2yuXZyKZAt2q...)
[21:29:14] *** 操盘方钱包卖出信号#7 *** ZgeDAFR5LJ... 卖出$662.25 (tx=2yuXZyKZAt2q...)
[21:38:19] *** 操盘方钱包卖出信号#8 *** D2LYWZG97j... 卖出$1.72 (tx=f7Vu6oN2AfRU...)
[22:02:24] === 监控结束,共8次操盘方卖出信号 ===
