[21:47:25] === 开始盯防18个已知操盘方钱包的卖出动作 ===
[21:48:42] *** 操盘方钱包卖出信号#1 *** 5vx5o4aJNZ... 卖出$0.03 (tx=57HNDPYc6wnH...)
[21:48:42] *** 操盘方钱包卖出信号#2 *** A7UbMdkUjM... 卖出$0.02 (tx=5HFd8snwAAzF...)
[21:48:42] *** 操盘方钱包卖出信号#3 *** 2ZmGT68AhG... 卖出$0.05 (tx=5cmCMCjUUsem...)
[21:48:42] *** 操盘方钱包卖出信号#4 *** B3TfApZ288... 卖出$0.05 (tx=QTnjFF1TawUz...)
[21:48:42] *** 操盘方钱包卖出信号#5 *** HKsbk6yAKB... 卖出$0.03 (tx=4Zx2HQXpPTEt...)
[21:48:42] *** 操盘方钱包卖出信号#6 *** BPyQXC3jUV... 卖出$0.05 (tx=3v4J1jq7rumf...)
[21:48:42] *** 操盘方钱包卖出信号#7 *** cdsAdrBzqM... 卖出$127.68 (tx=24NSZB32HcuE...)
[21:48:42] *** 操盘方钱包卖出信号#8 *** 5vx5o4aJNZ... 卖出$0.03 (tx=5yX6Tx52CGWA...)
[21:48:42] *** 操盘方钱包卖出信号#9 *** A7UbMdkUjM... 卖出$0.01 (tx=31xLcHYm39YW...)
[21:48:42] *** 操盘方钱包卖出信号#10 *** 2ZmGT68AhG... 卖出$0.05 (tx=SzXD1GsMovev...)
[21:48:42] *** 操盘方钱包卖出信号#11 *** B3TfApZ288... 卖出$0.04 (tx=5GN5s7za3TVX...)
[21:48:42] *** 操盘方钱包卖出信号#12 *** BPyQXC3jUV... 卖出$0.01 (tx=2NzUMcdyvw2C...)
[21:48:42] *** 操盘方钱包卖出信号#13 *** HKsbk6yAKB... 卖出$0.04 (tx=5hNxStbANmYw...)
[21:48:42] *** 操盘方钱包卖出信号#14 *** cdsAdrBzqM... 卖出$0.03 (tx=3ZydA3q26KGL...)
[21:48:42] *** 操盘方钱包卖出信号#15 *** 5vx5o4aJNZ... 卖出$135.30 (tx=5uq8ijPAHpQ6...)
[21:48:42] *** 操盘方钱包卖出信号#16 *** A7UbMdkUjM... 卖出$0.02 (tx=NmvLZ4PaVQwN...)
[21:48:42] *** 操盘方钱包卖出信号#17 *** 2ZmGT68AhG... 卖出$0.01 (tx=EDT8ZjqZPKLM...)
[21:48:42] *** 操盘方钱包卖出信号#18 *** B3TfApZ288... 卖出$0.01 (tx=31YUY2jspgpo...)
[21:48:42] *** 操盘方钱包卖出信号#19 *** BPyQXC3jUV... 卖出$0.03 (tx=52Z3s9RH91cF...)
[21:48:42] *** 操盘方钱包卖出信号#20 *** cdsAdrBzqM... 卖出$0.04 (tx=4mzjb2UBbxFL...)
[21:48:42] *** 操盘方钱包卖出信号#21 *** HKsbk6yAKB... 卖出$121.17 (tx=3VVDoY5YzKZB...)
[21:48:42] *** 操盘方钱包卖出信号#22 *** 5vx5o4aJNZ... 卖出$0.04 (tx=ndCuregNjFEf...)
[21:48:42] *** 操盘方钱包卖出信号#23 *** A7UbMdkUjM... 卖出$0.02 (tx=5KGj7PPSCkZm...)
[21:48:42] *** 操盘方钱包卖出信号#24 *** 2ZmGT68AhG... 卖出$0.01 (tx=4WozUxXuNzoY...)
[21:48:42] *** 操盘方钱包卖出信号#25 *** B3TfApZ288... 卖出$0.05 (tx=3ZvemosqfVNt...)
[21:48:42] *** 操盘方钱包卖出信号#26 *** HKsbk6yAKB... 卖出$0.04 (tx=27rWq754iamC...)
[21:48:42] *** 操盘方钱包卖出信号#27 *** BPyQXC3jUV... 卖出$0.05 (tx=4RC8tRUnhPrE...)
[21:48:42] *** 操盘方钱包卖出信号#28 *** cdsAdrBzqM... 卖出$0.01 (tx=5RUwJJ6ox6ze...)
[21:48:42] *** 操盘方钱包卖出信号#29 *** A7UbMdkUjM... 卖出$0.01 (tx=4XnpKuUiG5Ly...)
[21:48:42] *** 操盘方钱包卖出信号#30 *** 5vx5o4aJNZ... 卖出$0.01 (tx=odPemixgey5p...)
[21:48:42] *** 操盘方钱包卖出信号#31 *** 2ZmGT68AhG... 卖出$0.04 (tx=3QgU1a1kzFi8...)
[21:48:42] *** 操盘方钱包卖出信号#32 *** BPyQXC3jUV... 卖出$0.01 (tx=3qwFmYPrNJhD...)
[21:48:42] *** 操盘方钱包卖出信号#33 *** B3TfApZ288... 卖出$0.02 (tx=4sLQHPVmYDfr...)
[21:48:42] *** 操盘方钱包卖出信号#34 *** HKsbk6yAKB... 卖出$0.04 (tx=F9Mw94Hqzw7t...)
[21:49:50] *** 操盘方钱包卖出信号#35 *** 2ZmGT68AhG... 卖出$0.04 (tx=4wLRE3jUnN2d...)
[21:49:50] *** 操盘方钱包卖出信号#36 *** BPyQXC3jUV... 卖出$0.04 (tx=GLCUUF72V2vC...)
[21:49:50] *** 操盘方钱包卖出信号#37 *** cdsAdrBzqM... 卖出$0.04 (tx=3943TttF5RVp...)
[21:49:50] *** 操盘方钱包卖出信号#38 *** HKsbk6yAKB... 卖出$0.04 (tx=27qy5wJYtBP5...)
[21:49:50] *** 操盘方钱包卖出信号#39 *** 5vx5o4aJNZ... 卖出$0.01 (tx=2Bx9CZJGX1dZ...)
[21:49:50] *** 操盘方钱包卖出信号#40 *** A7UbMdkUjM... 卖出$0.03 (tx=2nwTdroKbLJX...)
[21:49:50] *** 操盘方钱包卖出信号#41 *** 2ZmGT68AhG... 卖出$0.01 (tx=4jtgyrEKPtos...)
[21:49:50] *** 操盘方钱包卖出信号#42 *** B3TfApZ288... 卖出$0.04 (tx=1dGYmJLhZjXt...)
[21:49:50] *** 操盘方钱包卖出信号#43 *** BPyQXC3jUV... 卖出$0.05 (tx=5MAfyfqWRunY...)
[21:49:50] *** 操盘方钱包卖出信号#44 *** HKsbk6yAKB... 卖出$0.01 (tx=3n6fVaEomc3Q...)
[21:49:50] *** 操盘方钱包卖出信号#45 *** cdsAdrBzqM... 卖出$0.05 (tx=2mAj6u31xeNp...)
[21:49:50] *** 操盘方钱包卖出信号#46 *** A7UbMdkUjM... 卖出$0.04 (tx=5mzfj8JHah6E...)
[21:49:50] *** 操盘方钱包卖出信号#47 *** 5vx5o4aJNZ... 卖出$0.03 (tx=61fr92MKV1bg...)
[21:49:50] *** 操盘方钱包卖出信号#48 *** 2ZmGT68AhG... 卖出$0.04 (tx=3Q7aFxZpKqB5...)
[21:49:50] *** 操盘方钱包卖出信号#49 *** B3TfApZ288... 卖出$0.01 (tx=5SzLAmaXSwh3...)
[21:49:50] *** 操盘方钱包卖出信号#50 *** cdsAdrBzqM... 卖出$0.04 (tx=65ZxtZNRxtLq...)
[21:49:50] *** 操盘方钱包卖出信号#51 *** BPyQXC3jUV... 卖出$0.04 (tx=5Tyrw5RCr48X...)
[21:49:50] *** 操盘方钱包卖出信号#52 *** HKsbk6yAKB... 卖出$0.01 (tx=589PZcsP7WT8...)
[21:49:50] *** 操盘方钱包卖出信号#53 *** 5vx5o4aJNZ... 卖出$0.02 (tx=4oxj7QRft3sS...)
[21:49:50] *** 操盘方钱包卖出信号#54 *** A7UbMdkUjM... 卖出$0.05 (tx=3Uvqizh46hVF...)
[21:49:50] *** 操盘方钱包卖出信号#55 *** B3TfApZ288... 卖出$0.01 (tx=pFDPRL2yga8Z...)
[21:49:50] *** 操盘方钱包卖出信号#56 *** 2ZmGT68AhG... 卖出$0.05 (tx=obvpPDsVJ3pA...)
[21:49:50] *** 操盘方钱包卖出信号#57 *** HKsbk6yAKB... 卖出$0.02 (tx=2j9AQ9ix1EMH...)
[21:49:50] *** 操盘方钱包卖出信号#58 *** BPyQXC3jUV... 卖出$0.01 (tx=5Eo1zHU6W5Um...)
[21:49:50] *** 操盘方钱包卖出信号#59 *** cdsAdrBzqM... 卖出$0.04 (tx=ZyQMp56EtsVQ...)
[21:49:50] *** 操盘方钱包卖出信号#60 *** 5vx5o4aJNZ... 卖出$0.03 (tx=2gPfuKAuV2To...)
[21:49:50] *** 操盘方钱包卖出信号#61 *** A7UbMdkUjM... 卖出$0.02 (tx=5eWEbTupfkqg...)
[21:49:50] *** 操盘方钱包卖出信号#62 *** 2ZmGT68AhG... 卖出$0.01 (tx=KaBDqMS9Fzjm...)
[21:49:50] *** 操盘方钱包卖出信号#63 *** B3TfApZ288... 卖出$0.05 (tx=467j4J49fQbc...)
[21:49:50] *** 操盘方钱包卖出信号#64 *** BPyQXC3jUV... 卖出$0.01 (tx=kz8Xordqx7gB...)
[21:49:50] *** 操盘方钱包卖出信号#65 *** HKsbk6yAKB... 卖出$0.02 (tx=DS86ZFHRLezY...)
[21:49:50] *** 操盘方钱包卖出信号#66 *** cdsAdrBzqM... 卖出$0.01 (tx=4DCEK7fgjvZs...)
[21:49:50] *** 操盘方钱包卖出信号#67 *** A7UbMdkUjM... 卖出$0.02 (tx=5NeUDaMW2qMr...)
[21:49:50] *** 操盘方钱包卖出信号#68 *** 5vx5o4aJNZ... 卖出$0.01 (tx=mBiQYXRdTDMN...)
[21:49:50] *** 操盘方钱包卖出信号#69 *** B3TfApZ288... 卖出$0.05 (tx=XirN2hPL7uuC...)
[21:49:50] *** 操盘方钱包卖出信号#70 *** 2ZmGT68AhG... 卖出$0.02 (tx=4pY7CSvuUyPD...)
[21:49:50] *** 操盘方钱包卖出信号#71 *** BPyQXC3jUV... 卖出$0.02 (tx=2UfDVtyjU1ro...)
[21:49:50] *** 操盘方钱包卖出信号#72 *** HKsbk6yAKB... 卖出$0.01 (tx=Rnojnx1ZPY44...)
[21:49:50] *** 操盘方钱包卖出信号#73 *** cdsAdrBzqM... 卖出$0.03 (tx=4TcRCsV9jodT...)
[21:50:27] *** 操盘方钱包卖出信号#74 *** A7UbMdkUjM... 卖出$0.04 (tx=2UF99huj7263...)
[21:50:27] *** 操盘方钱包卖出信号#75 *** 5vx5o4aJNZ... 卖出$0.01 (tx=5YinBdUD6azd...)
[21:50:27] *** 操盘方钱包卖出信号#76 *** 2ZmGT68AhG... 卖出$0.01 (tx=38747dsWbMnH...)
[21:50:27] *** 操盘方钱包卖出信号#77 *** B3TfApZ288... 卖出$0.04 (tx=3qiBp56QtPFY...)
[21:50:27] *** 操盘方钱包卖出信号#78 *** BPyQXC3jUV... 卖出$0.01 (tx=2M4yHQ3Q7sga...)
[21:50:27] *** 操盘方钱包卖出信号#79 *** HKsbk6yAKB... 卖出$0.01 (tx=5nSCU4DX67S6...)
[21:50:27] *** 操盘方钱包卖出信号#80 *** cdsAdrBzqM... 卖出$0.05 (tx=3D9sjBkkTgdS...)
[21:50:27] *** 操盘方钱包卖出信号#81 *** 5vx5o4aJNZ... 卖出$0.04 (tx=4BwDhmQyyuXv...)
[21:50:27] *** 操盘方钱包卖出信号#82 *** A7UbMdkUjM... 卖出$0.02 (tx=38EoseEBPHic...)
[21:50:27] *** 操盘方钱包卖出信号#83 *** HKsbk6yAKB... 卖出$0.02 (tx=3AeLMqMoaxkf...)
[21:50:27] *** 操盘方钱包卖出信号#84 *** cdsAdrBzqM... 卖出$0.04 (tx=4xbKhPgZCuFd...)
[21:50:27] *** 操盘方钱包卖出信号#85 *** 2ZmGT68AhG... 卖出$0.03 (tx=2wrSRcAvXosE...)
[21:50:27] *** 操盘方钱包卖出信号#86 *** BPyQXC3jUV... 卖出$0.02 (tx=46qhqpuR2J5L...)
[21:50:27] *** 操盘方钱包卖出信号#87 *** B3TfApZ288... 卖出$0.02 (tx=2RvAhbfXZVmC...)
[21:50:27] *** 操盘方钱包卖出信号#88 *** A7UbMdkUjM... 卖出$0.03 (tx=4Q8KtPRwfaRC...)
[21:50:27] *** 操盘方钱包卖出信号#89 *** 5vx5o4aJNZ... 卖出$0.04 (tx=5AuXbdGgYKJN...)
[21:50:27] *** 操盘方钱包卖出信号#90 *** 2ZmGT68AhG... 卖出$123.47 (tx=2S6SE1HcBJ9P...)
[21:50:27] *** 操盘方钱包卖出信号#91 *** B3TfApZ288... 卖出$0.03 (tx=QP4ZoSCTukUM...)
[21:50:27] *** 操盘方钱包卖出信号#92 *** BPyQXC3jUV... 卖出$0.05 (tx=4ENJeBU1DFNz...)
[21:50:27] *** 操盘方钱包卖出信号#93 *** cdsAdrBzqM... 卖出$0.01 (tx=57CSUDa51oiX...)
[21:50:27] *** 操盘方钱包卖出信号#94 *** HKsbk6yAKB... 卖出$0.04 (tx=5Mjxh6HqrM8W...)
[21:50:27] *** 操盘方钱包卖出信号#95 *** 5vx5o4aJNZ... 卖出$0.04 (tx=2ifWQvymYaHe...)
[21:50:27] *** 操盘方钱包卖出信号#96 *** A7UbMdkUjM... 卖出$0.01 (tx=enDQHAZG57vD...)
[21:50:27] *** 操盘方钱包卖出信号#97 *** 2ZmGT68AhG... 卖出$0.04 (tx=2w3VuxWbCR8E...)
[21:50:27] *** 操盘方钱包卖出信号#98 *** B3TfApZ288... 卖出$124.67 (tx=3VT44HL2ZFyu...)
[21:50:27] *** 操盘方钱包卖出信号#99 *** BPyQXC3jUV... 卖出$0.04 (tx=34Wkn2JggrKV...)
[21:50:27] *** 操盘方钱包卖出信号#100 *** cdsAdrBzqM... 卖出$0.03 (tx=2gmDCvbQpxAF...)
[21:50:27] *** 操盘方钱包卖出信号#101 *** HKsbk6yAKB... 卖出$0.02 (tx=TosRKaoyiD3x...)
[21:50:27] *** 操盘方钱包卖出信号#102 *** 5vx5o4aJNZ... 卖出$0.05 (tx=28UWfs5HKbtV...)
[21:50:27] *** 操盘方钱包卖出信号#103 *** A7UbMdkUjM... 卖出$0.01 (tx=5RshJ3MAfxGe...)
[21:51:38] *** 操盘方钱包卖出信号#104 *** B3TfApZ288... 卖出$0.02 (tx=4SPV6bAhH3Xw...)
[21:51:38] *** 操盘方钱包卖出信号#105 *** cdsAdrBzqM... 卖出$0.03 (tx=4aNdvsu6Vyn7...)
[21:51:38] *** 操盘方钱包卖出信号#106 *** BPyQXC3jUV... 卖出$0.01 (tx=3PYMqiE5iE98...)
[21:51:38] *** 操盘方钱包卖出信号#107 *** HKsbk6yAKB... 卖出$0.02 (tx=rYEcZ4hUWBvk...)
[21:51:38] *** 操盘方钱包卖出信号#108 *** 5vx5o4aJNZ... 卖出$0.01 (tx=5m2TD3y32fK9...)
[21:51:38] *** 操盘方钱包卖出信号#109 *** A7UbMdkUjM... 卖出$0.04 (tx=4CCkK9HYM8wv...)
[21:51:38] *** 操盘方钱包卖出信号#110 *** B3TfApZ288... 卖出$0.01 (tx=5MfFieMs5vnT...)
[21:51:38] *** 操盘方钱包卖出信号#111 *** 2ZmGT68AhG... 卖出$0.03 (tx=2kyX6PSHWQ4s...)
[21:51:38] *** 操盘方钱包卖出信号#112 *** BPyQXC3jUV... 卖出$0.04 (tx=3TttVtDK24Mn...)
[21:51:38] *** 操盘方钱包卖出信号#113 *** cdsAdrBzqM... 卖出$0.04 (tx=4WTBRSL6fDwE...)
[21:51:38] *** 操盘方钱包卖出信号#114 *** HKsbk6yAKB... 卖出$0.04 (tx=JcqZdh8rGozy...)
[21:51:38] *** 操盘方钱包卖出信号#115 *** 5vx5o4aJNZ... 卖出$0.03 (tx=obRwrJiRoVoJ...)
[21:51:38] *** 操盘方钱包卖出信号#116 *** A7UbMdkUjM... 卖出$0.04 (tx=5k6NppfxA31s...)
[21:51:38] *** 操盘方钱包卖出信号#117 *** 2ZmGT68AhG... 卖出$0.05 (tx=3E35t8o3Rc2R...)
[21:51:38] *** 操盘方钱包卖出信号#118 *** B3TfApZ288... 卖出$0.01 (tx=2XL3aMLcMX6z...)
[21:51:38] *** 操盘方钱包卖出信号#119 *** BPyQXC3jUV... 卖出$0.01 (tx=Wxf7N9gYkFSb...)
[21:51:38] *** 操盘方钱包卖出信号#120 *** cdsAdrBzqM... 卖出$0.01 (tx=3Drk4Be6yYac...)
[21:51:38] *** 操盘方钱包卖出信号#121 *** HKsbk6yAKB... 卖出$0.01 (tx=5QBb8QXfJdjr...)
[21:51:38] *** 操盘方钱包卖出信号#122 *** 5vx5o4aJNZ... 卖出$0.04 (tx=2f8DDsEuGs4M...)
[21:51:38] *** 操盘方钱包卖出信号#123 *** A7UbMdkUjM... 卖出$0.01 (tx=earJUZLeSiwm...)
[21:51:38] *** 操盘方钱包卖出信号#124 *** B3TfApZ288... 卖出$0.02 (tx=3bnJFhbcbGap...)
[21:51:38] *** 操盘方钱包卖出信号#125 *** 2ZmGT68AhG... 卖出$0.05 (tx=2VSj31BhXjBs...)
[21:51:38] *** 操盘方钱包卖出信号#126 *** HKsbk6yAKB... 卖出$0.04 (tx=Fh8sPkhJ9vbY...)
[21:51:38] *** 操盘方钱包卖出信号#127 *** BPyQXC3jUV... 卖出$0.04 (tx=W1DunoaE1Fzh...)
[21:51:38] *** 操盘方钱包卖出信号#128 *** cdsAdrBzqM... 卖出$0.04 (tx=5WNcTspT4JTz...)
[21:51:38] *** 操盘方钱包卖出信号#129 *** 5vx5o4aJNZ... 卖出$0.04 (tx=215xw9abRSqz...)
[21:51:38] *** 操盘方钱包卖出信号#130 *** A7UbMdkUjM... 卖出$0.05 (tx=4ojcuA629FpZ...)
[21:51:38] *** 操盘方钱包卖出信号#131 *** 2ZmGT68AhG... 卖出$0.02 (tx=3vXVZVqpPQWJ...)
[21:51:38] *** 操盘方钱包卖出信号#132 *** B3TfApZ288... 卖出$0.05 (tx=42PrBxpP3Ce5...)
[21:51:38] *** 操盘方钱包卖出信号#133 *** BPyQXC3jUV... 卖出$0.01 (tx=2MaZDTZz37uM...)
[21:51:38] *** 操盘方钱包卖出信号#134 *** HKsbk6yAKB... 卖出$0.03 (tx=3wtyda7qwbKr...)
[21:51:38] *** 操盘方钱包卖出信号#135 *** cdsAdrBzqM... 卖出$0.01 (tx=4PBMD3rbxxLj...)
[21:51:38] *** 操盘方钱包卖出信号#136 *** 5vx5o4aJNZ... 卖出$0.03 (tx=5o7vZgSPkqbR...)
[21:51:38] *** 操盘方钱包卖出信号#137 *** A7UbMdkUjM... 卖出$0.04 (tx=4zd8xntdTxur...)
[21:51:38] *** 操盘方钱包卖出信号#138 *** B3TfApZ288... 卖出$0.03 (tx=UrxsW29En5eF...)
[21:52:07] *** 操盘方钱包卖出信号#139 *** 2ZmGT68AhG... 卖出$0.03 (tx=5iru2YABvchH...)
[21:52:07] *** 操盘方钱包卖出信号#140 *** BPyQXC3jUV... 卖出$0.05 (tx=2dwXUt43iaxw...)
[21:52:07] *** 操盘方钱包卖出信号#141 *** HKsbk6yAKB... 卖出$0.01 (tx=49TRESs1G1qh...)
[21:52:07] *** 操盘方钱包卖出信号#142 *** cdsAdrBzqM... 卖出$0.01 (tx=65jh67kdhS2a...)
[21:52:07] *** 操盘方钱包卖出信号#143 *** 5vx5o4aJNZ... 卖出$0.04 (tx=5i9nAgZJBKrk...)
[21:52:07] *** 操盘方钱包卖出信号#144 *** A7UbMdkUjM... 卖出$0.01 (tx=gqU6TRiZy1j2...)
[21:52:07] *** 操盘方钱包卖出信号#145 *** 2ZmGT68AhG... 卖出$0.01 (tx=4DmhRAUqWkQS...)
[21:52:07] *** 操盘方钱包卖出信号#146 *** B3TfApZ288... 卖出$0.04 (tx=teVMqaroUj4j...)
[21:52:07] *** 操盘方钱包卖出信号#147 *** BPyQXC3jUV... 卖出$0.02 (tx=XNc2kFG5DoKk...)
[21:52:07] *** 操盘方钱包卖出信号#148 *** cdsAdrBzqM... 卖出$0.02 (tx=ACSWJgLA5Sb8...)
[21:52:07] *** 操盘方钱包卖出信号#149 *** HKsbk6yAKB... 卖出$0.04 (tx=5YG5ZDDAe3S7...)
[21:52:07] *** 操盘方钱包卖出信号#150 *** 5vx5o4aJNZ... 卖出$0.05 (tx=376MHXU6k26e...)
[21:52:07] *** 操盘方钱包卖出信号#151 *** A7UbMdkUjM... 卖出$0.05 (tx=3ZpjqH3cDE1D...)
[21:52:07] *** 操盘方钱包卖出信号#152 *** 2ZmGT68AhG... 卖出$0.02 (tx=5xW9VEbJWa3q...)
[21:52:07] *** 操盘方钱包卖出信号#153 *** B3TfApZ288... 卖出$0.04 (tx=593WDjjZDuyJ...)
[21:52:07] *** 操盘方钱包卖出信号#154 *** HKsbk6yAKB... 卖出$0.01 (tx=5dRw2VqM8Ysu...)
[21:52:07] *** 操盘方钱包卖出信号#155 *** BPyQXC3jUV... 卖出$0.05 (tx=5bX4cUu8XeP1...)
[21:52:07] *** 操盘方钱包卖出信号#156 *** cdsAdrBzqM... 卖出$0.01 (tx=5YpY96vvGXRK...)
[21:52:07] *** 操盘方钱包卖出信号#157 *** A7UbMdkUjM... 卖出$0.03 (tx=4yCLS3KuWfou...)
[21:52:07] *** 操盘方钱包卖出信号#158 *** 5vx5o4aJNZ... 卖出$0.05 (tx=QYwwwhL6Jtza...)
[21:52:07] *** 操盘方钱包卖出信号#159 *** 2ZmGT68AhG... 卖出$0.02 (tx=RB5fw9AUVwbX...)
[21:52:07] *** 操盘方钱包卖出信号#160 *** B3TfApZ288... 卖出$0.04 (tx=DEpk2CFTPZC8...)
[21:52:07] *** 操盘方钱包卖出信号#161 *** BPyQXC3jUV... 卖出$0.02 (tx=DxNuW7WnVqjb...)
[21:52:07] *** 操盘方钱包卖出信号#162 *** HKsbk6yAKB... 卖出$0.01 (tx=7dVH6ogrSmSS...)
[21:52:07] *** 操盘方钱包卖出信号#163 *** cdsAdrBzqM... 卖出$0.02 (tx=5Z39ws3MnMcB...)
[21:52:07] *** 操盘方钱包卖出信号#164 *** 5vx5o4aJNZ... 卖出$0.01 (tx=2EYDczqk4Tkz...)
[21:52:07] *** 操盘方钱包卖出信号#165 *** A7UbMdkUjM... 卖出$0.04 (tx=55GuLXfZZqym...)
[21:52:07] *** 操盘方钱包卖出信号#166 *** 2ZmGT68AhG... 卖出$0.01 (tx=4RxhPsQqgWKK...)
[21:52:07] *** 操盘方钱包卖出信号#167 *** B3TfApZ288... 卖出$0.03 (tx=2hQbcCasi5pV...)
[21:52:07] *** 操盘方钱包卖出信号#168 *** HKsbk6yAKB... 卖出$0.02 (tx=G6TXsnRZ8dFQ...)
[21:52:07] *** 操盘方钱包卖出信号#169 *** BPyQXC3jUV... 卖出$0.04 (tx=61BQeyMLSZ2s...)
[21:52:07] *** 操盘方钱包卖出信号#170 *** cdsAdrBzqM... 卖出$0.01 (tx=8dEkqDT7sjfV...)
[21:52:07] *** 操盘方钱包卖出信号#171 *** 5vx5o4aJNZ... 卖出$0.01 (tx=3BNwyTfVYFwG...)
[21:53:15] *** 操盘方钱包卖出信号#172 *** cdsAdrBzqM... 卖出$0.01 (tx=2zVFZ4Qn6geZ...)
[21:53:15] *** 操盘方钱包卖出信号#173 *** 5vx5o4aJNZ... 卖出$0.04 (tx=kGABWkc9Kjcz...)
[21:53:15] *** 操盘方钱包卖出信号#174 *** A7UbMdkUjM... 卖出$0.04 (tx=5hGbxeof29Gz...)
[21:53:15] *** 操盘方钱包卖出信号#175 *** B3TfApZ288... 卖出$0.01 (tx=45RQ9ykUp6Jh...)
[21:53:15] *** 操盘方钱包卖出信号#176 *** 2ZmGT68AhG... 卖出$0.03 (tx=u3mjnaBoBTz7...)
[21:53:15] *** 操盘方钱包卖出信号#177 *** BPyQXC3jUV... 卖出$0.01 (tx=4JsDZQk6pTve...)
[21:53:15] *** 操盘方钱包卖出信号#178 *** cdsAdrBzqM... 卖出$0.05 (tx=2CnTV1FcEhFf...)
[21:53:15] *** 操盘方钱包卖出信号#179 *** HKsbk6yAKB... 卖出$0.01 (tx=51dxxRxSrzd1...)
[21:53:15] *** 操盘方钱包卖出信号#180 *** 5vx5o4aJNZ... 卖出$0.05 (tx=4sdLLKFfrwkD...)
[21:53:15] *** 操盘方钱包卖出信号#181 *** A7UbMdkUjM... 卖出$0.02 (tx=2tCYjF79FLMV...)
[21:53:15] *** 操盘方钱包卖出信号#182 *** 2ZmGT68AhG... 卖出$0.01 (tx=MA1Jx1Smm4pc...)
[21:53:15] *** 操盘方钱包卖出信号#183 *** B3TfApZ288... 卖出$0.01 (tx=4ZnsH9KR2Mj8...)
[21:53:15] *** 操盘方钱包卖出信号#184 *** BPyQXC3jUV... 卖出$0.04 (tx=5R2T2rYkhsZ4...)
[21:53:15] *** 操盘方钱包卖出信号#185 *** HKsbk6yAKB... 卖出$137.12 (tx=321gtkvLHYyt...)
[21:53:15] *** 操盘方钱包卖出信号#186 *** cdsAdrBzqM... 卖出$0.01 (tx=5xEttJ9LXZBF...)
[21:53:15] *** 操盘方钱包卖出信号#187 *** 5vx5o4aJNZ... 卖出$0.05 (tx=4gzuvWdtWpQF...)
[21:53:15] *** 操盘方钱包卖出信号#188 *** A7UbMdkUjM... 卖出$0.03 (tx=HQRpxQrpmJFL...)
[21:53:15] *** 操盘方钱包卖出信号#189 *** 2ZmGT68AhG... 卖出$0.01 (tx=RYqWQ7QUqj4u...)
[21:53:15] *** 操盘方钱包卖出信号#190 *** B3TfApZ288... 卖出$0.04 (tx=bLgUn7yDGjVa...)
[21:53:15] *** 操盘方钱包卖出信号#191 *** HKsbk6yAKB... 卖出$0.01 (tx=29i9HpQ8HfFC...)
[21:53:15] *** 操盘方钱包卖出信号#192 *** BPyQXC3jUV... 卖出$0.01 (tx=4w9rwaowBWcu...)
[21:53:15] *** 操盘方钱包卖出信号#193 *** cdsAdrBzqM... 卖出$0.01 (tx=55BCmCGcduoH...)
[21:53:15] *** 操盘方钱包卖出信号#194 *** A7UbMdkUjM... 卖出$0.02 (tx=3YRssgskWNdK...)
[21:53:15] *** 操盘方钱包卖出信号#195 *** B3TfApZ288... 卖出$0.05 (tx=2AEryubTHc7C...)
[21:53:15] *** 操盘方钱包卖出信号#196 *** 2ZmGT68AhG... 卖出$0.02 (tx=4ZPaSPnFReYj...)
[21:53:15] *** 操盘方钱包卖出信号#197 *** BPyQXC3jUV... 卖出$0.02 (tx=5V6ttWSzD7CK...)
[21:53:15] *** 操盘方钱包卖出信号#198 *** cdsAdrBzqM... 卖出$0.03 (tx=48MCjk4usR85...)
[21:53:15] *** 操盘方钱包卖出信号#199 *** HKsbk6yAKB... 卖出$131.45 (tx=5zQXs1M1N29J...)
[21:53:15] *** 操盘方钱包卖出信号#200 *** A7UbMdkUjM... 卖出$0.01 (tx=zzMNEHkkP2WL...)
[21:53:15] *** 操盘方钱包卖出信号#201 *** 5vx5o4aJNZ... 卖出$0.03 (tx=2D7fZWzj95X8...)
[21:53:15] *** 操盘方钱包卖出信号#202 *** 2ZmGT68AhG... 卖出$0.04 (tx=4anSg7Rg472F...)
[21:53:15] *** 操盘方钱包卖出信号#203 *** B3TfApZ288... 卖出$0.02 (tx=4T4pgSyv8F7e...)
[21:53:15] *** 操盘方钱包卖出信号#204 *** BPyQXC3jUV... 卖出$0.01 (tx=2WvqCfjwdUjq...)
[21:53:15] *** 操盘方钱包卖出信号#205 *** HKsbk6yAKB... 卖出$0.02 (tx=3uuko84T3hFc...)
[21:53:15] *** 操盘方钱包卖出信号#206 *** cdsAdrBzqM... 卖出$128.65 (tx=3ocQdvga2Hcg...)
[21:53:15] *** 操盘方钱包卖出信号#207 *** 5vx5o4aJNZ... 卖出$0.01 (tx=4qBeCtfjFVgX...)
[21:54:27] *** 操盘方钱包卖出信号#208 *** B3TfApZ288... 卖出$0.03 (tx=5hBQFsDfsUxv...)
[21:54:27] *** 操盘方钱包卖出信号#209 *** HKsbk6yAKB... 卖出$0.04 (tx=33P6yAkpeWng...)
[21:54:27] *** 操盘方钱包卖出信号#210 *** cdsAdrBzqM... 卖出$0.01 (tx=4TcQuQz3CJHi...)
[21:54:27] *** 操盘方钱包卖出信号#211 *** BPyQXC3jUV... 卖出$0.01 (tx=vndo7AmWwEnG...)
[21:54:27] *** 操盘方钱包卖出信号#212 *** 5vx5o4aJNZ... 卖出$0.03 (tx=4ZxLskeJ8RUN...)
[21:54:27] *** 操盘方钱包卖出信号#213 *** A7UbMdkUjM... 卖出$0.04 (tx=5aaPSUZeQTvM...)
[21:54:27] *** 操盘方钱包卖出信号#214 *** 2ZmGT68AhG... 卖出$0.01 (tx=4kX1ML1ok559...)
[21:54:27] *** 操盘方钱包卖出信号#215 *** B3TfApZ288... 卖出$0.01 (tx=4N8DiHADetMc...)
[21:54:27] *** 操盘方钱包卖出信号#216 *** BPyQXC3jUV... 卖出$0.04 (tx=65qCcdEePLFY...)
[21:54:27] *** 操盘方钱包卖出信号#217 *** cdsAdrBzqM... 卖出$0.02 (tx=3nik8JjUS5Qg...)
[21:54:27] *** 操盘方钱包卖出信号#218 *** HKsbk6yAKB... 卖出$0.01 (tx=p4Avqp3g6DUY...)
[21:54:27] *** 操盘方钱包卖出信号#219 *** 5vx5o4aJNZ... 卖出$0.01 (tx=2xRT6JLaM8BT...)
[21:54:27] *** 操盘方钱包卖出信号#220 *** A7UbMdkUjM... 卖出$0.01 (tx=4JU8YCxqy4ey...)
[21:54:27] *** 操盘方钱包卖出信号#221 *** B3TfApZ288... 卖出$0.01 (tx=5nM19ocirXQR...)
[21:54:27] *** 操盘方钱包卖出信号#222 *** 2ZmGT68AhG... 卖出$0.03 (tx=5wFe46MNvarT...)
[21:54:27] *** 操盘方钱包卖出信号#223 *** HKsbk6yAKB... 卖出$0.05 (tx=5Tu75KLnH5EH...)
[21:54:27] *** 操盘方钱包卖出信号#224 *** cdsAdrBzqM... 卖出$0.02 (tx=vHXnpXkipqjA...)
[21:54:27] *** 操盘方钱包卖出信号#225 *** BPyQXC3jUV... 卖出$0.02 (tx=5URcLD2i93fA...)
[21:54:27] *** 操盘方钱包卖出信号#226 *** 5vx5o4aJNZ... 卖出$0.03 (tx=5MUWo6UpxoHs...)
[21:54:27] *** 操盘方钱包卖出信号#227 *** A7UbMdkUjM... 卖出$0.01 (tx=3oWwWwBikPJv...)
[21:54:27] *** 操盘方钱包卖出信号#228 *** 2ZmGT68AhG... 卖出$0.04 (tx=7CzHDUm4S94R...)
[21:54:27] *** 操盘方钱包卖出信号#229 *** B3TfApZ288... 卖出$0.02 (tx=22VvHLfAvAUw...)
[21:54:27] *** 操盘方钱包卖出信号#230 *** cdsAdrBzqM... 卖出$0.02 (tx=nFNgmLrEvgHC...)
[21:54:27] *** 操盘方钱包卖出信号#231 *** BPyQXC3jUV... 卖出$0.04 (tx=5XJpJ13RXH6x...)
[21:54:27] *** 操盘方钱包卖出信号#232 *** HKsbk6yAKB... 卖出$0.05 (tx=4TYCM3RSZoNg...)
[21:54:27] *** 操盘方钱包卖出信号#233 *** 5vx5o4aJNZ... 卖出$0.05 (tx=2WXhV5eXhKmu...)
[21:54:27] *** 操盘方钱包卖出信号#234 *** A7UbMdkUjM... 卖出$0.01 (tx=2dLiysEFEPdu...)
[21:54:27] *** 操盘方钱包卖出信号#235 *** 2ZmGT68AhG... 卖出$0.04 (tx=4t3p4QdjzxcQ...)
[21:54:27] *** 操盘方钱包卖出信号#236 *** B3TfApZ288... 卖出$0.01 (tx=2gBns8cxM7RV...)
[21:54:27] *** 操盘方钱包卖出信号#237 *** BPyQXC3jUV... 卖出$0.02 (tx=5jWHFdear8Eq...)
[21:54:27] *** 操盘方钱包卖出信号#238 *** cdsAdrBzqM... 卖出$0.01 (tx=5C96YZJy5BMp...)
[21:54:27] *** 操盘方钱包卖出信号#239 *** HKsbk6yAKB... 卖出$0.01 (tx=2skrXrtBDNRh...)
[21:54:27] *** 操盘方钱包卖出信号#240 *** A7UbMdkUjM... 卖出$117.52 (tx=3V9U2JB6WW8S...)
[21:54:27] *** 操盘方钱包卖出信号#241 *** 5vx5o4aJNZ... 卖出$0.03 (tx=oa6i4Jgf7GSx...)
[21:54:27] *** 操盘方钱包卖出信号#242 *** 2ZmGT68AhG... 卖出$0.04 (tx=THFMWG8JQkQm...)
[21:55:01] *** 操盘方钱包卖出信号#243 *** B3TfApZ288... 卖出$0.01 (tx=5UNJVWhpw2fV...)
[21:55:01] *** 操盘方钱包卖出信号#244 *** BPyQXC3jUV... 卖出$0.01 (tx=2nrapKj8cSUc...)
[21:55:01] *** 操盘方钱包卖出信号#245 *** HKsbk6yAKB... 卖出$0.01 (tx=5jWcdPDBK2Hf...)
[21:55:01] *** 操盘方钱包卖出信号#246 *** cdsAdrBzqM... 卖出$0.01 (tx=4WxM4DwoLUa7...)
[21:55:01] *** 操盘方钱包卖出信号#247 *** A7UbMdkUjM... 卖出$0.02 (tx=hxKW7g2rQbcR...)
[21:55:01] *** 操盘方钱包卖出信号#248 *** 5vx5o4aJNZ... 卖出$0.04 (tx=5nmCo1GJwWRV...)
[21:55:01] *** 操盘方钱包卖出信号#249 *** 2ZmGT68AhG... 卖出$0.04 (tx=5vNAKtNvSYrF...)
[21:55:01] *** 操盘方钱包卖出信号#250 *** B3TfApZ288... 卖出$0.01 (tx=rE6PsGCPxEG6...)
[21:55:01] *** 操盘方钱包卖出信号#251 *** BPyQXC3jUV... 卖出$0.02 (tx=3TUgTKKX3m8A...)
[21:55:01] *** 操盘方钱包卖出信号#252 *** cdsAdrBzqM... 卖出$0.03 (tx=47xLATPLijVJ...)
[21:55:01] *** 操盘方钱包卖出信号#253 *** HKsbk6yAKB... 卖出$0.04 (tx=5ph8tY2eTLnV...)
[21:55:01] *** 操盘方钱包卖出信号#254 *** A7UbMdkUjM... 卖出$0.01 (tx=2KK2USvgHPR6...)
[21:55:01] *** 操盘方钱包卖出信号#255 *** 5vx5o4aJNZ... 卖出$0.05 (tx=5C3ZBQtHEViK...)
[21:55:01] *** 操盘方钱包卖出信号#256 *** 2ZmGT68AhG... 卖出$133.79 (tx=2aEXeL59ioCR...)
[21:55:01] *** 操盘方钱包卖出信号#257 *** B3TfApZ288... 卖出$0.05 (tx=4wyatJU5UrzZ...)
[21:55:01] *** 操盘方钱包卖出信号#258 *** cdsAdrBzqM... 卖出$0.04 (tx=3J4JBzZnUSEX...)
[21:55:01] *** 操盘方钱包卖出信号#259 *** HKsbk6yAKB... 卖出$0.01 (tx=5rjxkkGbP4SM...)
[21:55:01] *** 操盘方钱包卖出信号#260 *** BPyQXC3jUV... 卖出$0.04 (tx=3nyJMZKLezpU...)
[21:55:01] *** 操盘方钱包卖出信号#261 *** 5vx5o4aJNZ... 卖出$0.05 (tx=3TSMWVHJW7u7...)
[21:55:01] *** 操盘方钱包卖出信号#262 *** A7UbMdkUjM... 卖出$0.04 (tx=2cjsT5UHVwrm...)
[21:55:01] *** 操盘方钱包卖出信号#263 *** B3TfApZ288... 卖出$0.03 (tx=4R1RH889Pyfg...)
[21:55:01] *** 操盘方钱包卖出信号#264 *** 2ZmGT68AhG... 卖出$0.04 (tx=XLMQ2CzDXr8H...)
[21:55:01] *** 操盘方钱包卖出信号#265 *** BPyQXC3jUV... 卖出$0.04 (tx=5om5qgVT8b59...)
[21:55:01] *** 操盘方钱包卖出信号#266 *** cdsAdrBzqM... 卖出$0.04 (tx=2R51z6oV7ZeC...)
[21:55:01] *** 操盘方钱包卖出信号#267 *** HKsbk6yAKB... 卖出$0.01 (tx=5sdHJzf2Tc23...)
[21:56:19] *** 操盘方钱包卖出信号#268 *** 2ZmGT68AhG... 卖出$136.32 (tx=27oFgQ9ApXa4...)
[21:56:19] *** 操盘方钱包卖出信号#269 *** B3TfApZ288... 卖出$0.01 (tx=5ngJKCdhugkP...)
[21:56:19] *** 操盘方钱包卖出信号#270 *** BPyQXC3jUV... 卖出$0.01 (tx=5aELVbCDpemN...)
[21:56:19] *** 操盘方钱包卖出信号#271 *** HKsbk6yAKB... 卖出$0.03 (tx=4iEmqjSyHvv7...)
[21:56:19] *** 操盘方钱包卖出信号#272 *** A7UbMdkUjM... 卖出$0.02 (tx=FfjKRYyKEXNQ...)
[21:56:19] *** 操盘方钱包卖出信号#273 *** 5vx5o4aJNZ... 卖出$0.04 (tx=WSyykjEbT4R5...)
[21:56:19] *** 操盘方钱包卖出信号#274 *** cdsAdrBzqM... 卖出$0.05 (tx=9BhgVzskgYZS...)
[21:56:19] *** 操盘方钱包卖出信号#275 *** 2ZmGT68AhG... 卖出$0.03 (tx=4A65jgEd3Hxs...)
[21:56:19] *** 操盘方钱包卖出信号#276 *** B3TfApZ288... 卖出$123.71 (tx=2prjU2JinNqa...)
[21:56:19] *** 操盘方钱包卖出信号#277 *** HKsbk6yAKB... 卖出$0.03 (tx=3xXhffb6Tt6d...)
[21:56:19] *** 操盘方钱包卖出信号#278 *** BPyQXC3jUV... 卖出$0.04 (tx=39ogYnyJ93Rr...)
[21:56:19] *** 操盘方钱包卖出信号#279 *** cdsAdrBzqM... 卖出$0.04 (tx=2meGRMow6LS4...)
[21:56:19] *** 操盘方钱包卖出信号#280 *** 5vx5o4aJNZ... 卖出$0.04 (tx=5zd1NCRmcLee...)
[21:56:19] *** 操盘方钱包卖出信号#281 *** A7UbMdkUjM... 卖出$0.05 (tx=4LMAMeZwSVmg...)
[21:56:19] *** 操盘方钱包卖出信号#282 *** 2ZmGT68AhG... 卖出$0.03 (tx=29tbCexBadYu...)
[21:56:19] *** 操盘方钱包卖出信号#283 *** B3TfApZ288... 卖出$0.01 (tx=3oRogBupi8sk...)
[21:56:19] *** 操盘方钱包卖出信号#284 *** BPyQXC3jUV... 卖出$0.02 (tx=4LPepeWhY8YM...)
[21:56:19] *** 操盘方钱包卖出信号#285 *** 5vx5o4aJNZ... 卖出$0.04 (tx=qffAooKW87dp...)
[21:56:19] *** 操盘方钱包卖出信号#286 *** HKsbk6yAKB... 卖出$0.05 (tx=4szUCgDt35mH...)
[21:56:19] *** 操盘方钱包卖出信号#287 *** cdsAdrBzqM... 卖出$0.05 (tx=5VNUkudYvpkp...)
[21:56:19] *** 操盘方钱包卖出信号#288 *** A7UbMdkUjM... 卖出$0.01 (tx=36FCMFydEtyh...)
[21:56:19] *** 操盘方钱包卖出信号#289 *** 2ZmGT68AhG... 卖出$0.01 (tx=X38GanoAqLXw...)
[21:56:19] *** 操盘方钱包卖出信号#290 *** BPyQXC3jUV... 卖出$0.04 (tx=64Qxde7c66hU...)
[21:56:19] *** 操盘方钱包卖出信号#291 *** B3TfApZ288... 卖出$0.04 (tx=4LzQHmrYYvpE...)
[21:56:19] *** 操盘方钱包卖出信号#292 *** cdsAdrBzqM... 卖出$0.04 (tx=3L6CHHJ4DB4G...)
[21:56:19] *** 操盘方钱包卖出信号#293 *** HKsbk6yAKB... 卖出$0.02 (tx=2H3Kbzf32SZA...)
[21:56:19] *** 操盘方钱包卖出信号#294 *** 5vx5o4aJNZ... 卖出$0.05 (tx=5xrdCbFKorhS...)
[21:56:19] *** 操盘方钱包卖出信号#295 *** A7UbMdkUjM... 卖出$0.03 (tx=32msxtNm3izX...)
[21:56:19] *** 操盘方钱包卖出信号#296 *** 2ZmGT68AhG... 卖出$0.01 (tx=jYhGvMMfNvk5...)
[21:56:19] *** 操盘方钱包卖出信号#297 *** BPyQXC3jUV... 卖出$122.15 (tx=8HQ4gznyVS1k...)
[21:56:19] *** 操盘方钱包卖出信号#298 *** cdsAdrBzqM... 卖出$0.02 (tx=5Ch3ZWgNXywc...)
[21:56:19] *** 操盘方钱包卖出信号#299 *** HKsbk6yAKB... 卖出$0.04 (tx=4ZjQAn5wRXZm...)
[21:57:26] *** 操盘方钱包卖出信号#300 *** 2ZmGT68AhG... 卖出$0.02 (tx=3spRSXpEZZsN...)
[21:57:26] *** 操盘方钱包卖出信号#301 *** B3TfApZ288... 卖出$0.01 (tx=5CArxCDn1jXx...)
[21:57:26] *** 操盘方钱包卖出信号#302 *** HKsbk6yAKB... 卖出$0.01 (tx=261Q4dKp36jD...)
[21:57:26] *** 操盘方钱包卖出信号#303 *** BPyQXC3jUV... 卖出$0.05 (tx=4kzrsHRb5eaP...)
[21:57:26] *** 操盘方钱包卖出信号#304 *** cdsAdrBzqM... 卖出$125.48 (tx=3NRxoMW9eB5Y...)
[21:57:26] *** 操盘方钱包卖出信号#305 *** 5vx5o4aJNZ... 卖出$0.03 (tx=2u8Fc8XhPkbK...)
[21:57:26] *** 操盘方钱包卖出信号#306 *** A7UbMdkUjM... 卖出$0.01 (tx=4S2X4VGysre6...)
[21:57:26] *** 操盘方钱包卖出信号#307 *** 2ZmGT68AhG... 卖出$0.01 (tx=2RUXvQeHf3oQ...)
[21:57:26] *** 操盘方钱包卖出信号#308 *** B3TfApZ288... 卖出$0.01 (tx=4v37p2GY75sq...)
[21:57:26] *** 操盘方钱包卖出信号#309 *** HKsbk6yAKB... 卖出$0.01 (tx=2uiEE4HwkFAa...)
[21:57:26] *** 操盘方钱包卖出信号#310 *** cdsAdrBzqM... 卖出$0.05 (tx=n6Ub2PbLCkF4...)
[21:57:26] *** 操盘方钱包卖出信号#311 *** BPyQXC3jUV... 卖出$0.04 (tx=JhqR2V7c8KBW...)
[21:57:26] *** 操盘方钱包卖出信号#312 *** 5vx5o4aJNZ... 卖出$0.05 (tx=3Bj1FHDKtPWK...)
[21:57:26] *** 操盘方钱包卖出信号#313 *** A7UbMdkUjM... 卖出$0.05 (tx=3QsB8m5oYFK2...)
[21:57:26] *** 操盘方钱包卖出信号#314 *** 2ZmGT68AhG... 卖出$0.01 (tx=4SAGBXsC7buY...)
[21:57:26] *** 操盘方钱包卖出信号#315 *** BPyQXC3jUV... 卖出$0.01 (tx=27Gh3SiDouKg...)
[21:57:26] *** 操盘方钱包卖出信号#316 *** B3TfApZ288... 卖出$0.02 (tx=5zTZUm9i18GN...)
[21:57:26] *** 操盘方钱包卖出信号#317 *** HKsbk6yAKB... 卖出$133.00 (tx=58UiNUrzsnKT...)
[21:57:26] *** 操盘方钱包卖出信号#318 *** cdsAdrBzqM... 卖出$0.03 (tx=3jkWiChgYLAT...)
[21:57:26] *** 操盘方钱包卖出信号#319 *** 5vx5o4aJNZ... 卖出$0.04 (tx=34ki2SAz8oPB...)
[21:57:26] *** 操盘方钱包卖出信号#320 *** A7UbMdkUjM... 卖出$125.73 (tx=5Z4KnZQzst5Q...)
[21:57:26] *** 操盘方钱包卖出信号#321 *** 2ZmGT68AhG... 卖出$0.03 (tx=5RLPxj1KHrBm...)
[21:57:26] *** 操盘方钱包卖出信号#322 *** BPyQXC3jUV... 卖出$0.05 (tx=23gx9UAWGMtY...)
[21:57:26] *** 操盘方钱包卖出信号#323 *** B3TfApZ288... 卖出$0.04 (tx=3ysUtNaKEhB4...)
[21:57:26] *** 操盘方钱包卖出信号#324 *** cdsAdrBzqM... 卖出$0.04 (tx=3z4RvLRvfcn3...)
[21:57:26] *** 操盘方钱包卖出信号#325 *** HKsbk6yAKB... 卖出$0.04 (tx=2qkciBumsNVB...)
[21:57:26] *** 操盘方钱包卖出信号#326 *** 5vx5o4aJNZ... 卖出$0.03 (tx=64U2XoYdckGL...)
[21:58:40] *** 操盘方钱包卖出信号#327 *** 2ZmGT68AhG... 卖出$0.04 (tx=2THnah1FMGi8...)
[21:58:40] *** 操盘方钱包卖出信号#328 *** B3TfApZ288... 卖出$120.59 (tx=5Mn1F3NzeQkx...)
[21:58:40] *** 操盘方钱包卖出信号#329 *** BPyQXC3jUV... 卖出$0.01 (tx=2gTHjh3CCwJt...)
[21:58:40] *** 操盘方钱包卖出信号#330 *** HKsbk6yAKB... 卖出$0.01 (tx=5RKuXNWrjiPo...)
[21:58:40] *** 操盘方钱包卖出信号#331 *** cdsAdrBzqM... 卖出$0.01 (tx=66v3pfYqBqPv...)
[21:58:40] *** 操盘方钱包卖出信号#332 *** 5vx5o4aJNZ... 卖出$0.03 (tx=4C92bYwj5D5x...)
[21:58:40] *** 操盘方钱包卖出信号#333 *** A7UbMdkUjM... 卖出$0.04 (tx=29ZkoFhdamWw...)
[21:58:40] *** 操盘方钱包卖出信号#334 *** 2ZmGT68AhG... 卖出$0.02 (tx=4PyxS3hk6ciq...)
[21:58:40] *** 操盘方钱包卖出信号#335 *** B3TfApZ288... 卖出$0.05 (tx=XMfw6F5D9Wdk...)
[21:58:40] *** 操盘方钱包卖出信号#336 *** BPyQXC3jUV... 卖出$0.04 (tx=2Tqx2Hzmfbfb...)
[21:58:40] *** 操盘方钱包卖出信号#337 *** HKsbk6yAKB... 卖出$124.21 (tx=31KdAMePncuR...)
[21:58:40] *** 操盘方钱包卖出信号#338 *** cdsAdrBzqM... 卖出$0.01 (tx=5qbKpH5gL8kv...)
[21:58:40] *** 操盘方钱包卖出信号#339 *** 5vx5o4aJNZ... 卖出$0.02 (tx=4MA59bxKuJ6k...)
[21:58:40] *** 操盘方钱包卖出信号#340 *** A7UbMdkUjM... 卖出$0.04 (tx=2sdmgo1MXJEP...)
[21:58:40] *** 操盘方钱包卖出信号#341 *** 2ZmGT68AhG... 卖出$0.05 (tx=2WHKcE6ZXAMJ...)
[21:58:40] *** 操盘方钱包卖出信号#342 *** B3TfApZ288... 卖出$135.09 (tx=3GUaCDSTJRzm...)
[21:58:40] *** 操盘方钱包卖出信号#343 *** HKsbk6yAKB... 卖出$0.01 (tx=2NT3FScqsqks...)
[21:58:40] *** 操盘方钱包卖出信号#344 *** BPyQXC3jUV... 卖出$0.04 (tx=47iqWKbsXuDn...)
[21:58:40] *** 操盘方钱包卖出信号#345 *** cdsAdrBzqM... 卖出$0.04 (tx=5Aya9Lqo1jKV...)
[21:58:40] *** 操盘方钱包卖出信号#346 *** 5vx5o4aJNZ... 卖出$0.04 (tx=5Qg4ZA47iTVc...)
[21:58:40] *** 操盘方钱包卖出信号#347 *** A7UbMdkUjM... 卖出$0.01 (tx=2sby2GFbtZgL...)
[21:59:15] *** 操盘方钱包卖出信号#348 *** B3TfApZ288... 卖出$0.04 (tx=2Nkz6DZhpGRf...)
[21:59:15] *** 操盘方钱包卖出信号#349 *** 2ZmGT68AhG... 卖出$0.04 (tx=36V9954naMQY...)
[21:59:15] *** 操盘方钱包卖出信号#350 *** BPyQXC3jUV... 卖出$0.02 (tx=5PjF7uewiPdq...)
[21:59:15] *** 操盘方钱包卖出信号#351 *** HKsbk6yAKB... 卖出$0.04 (tx=3XrTN5mXGFhC...)
[21:59:15] *** 操盘方钱包卖出信号#352 *** cdsAdrBzqM... 卖出$0.04 (tx=5h96qGZEzHr8...)
[21:59:15] *** 操盘方钱包卖出信号#353 *** 5vx5o4aJNZ... 卖出$134.38 (tx=2EUHRd33peK8...)
[21:59:15] *** 操盘方钱包卖出信号#354 *** A7UbMdkUjM... 卖出$0.02 (tx=5AgnS8ozg4Cv...)
[21:59:15] *** 操盘方钱包卖出信号#355 *** 2ZmGT68AhG... 卖出$0.03 (tx=296pz3ZZzoAG...)
[21:59:49] *** 操盘方钱包卖出信号#356 *** B3TfApZ288... 卖出$132.42 (tx=2YNUx4MP3mmb...)
[21:59:49] *** 操盘方钱包卖出信号#357 *** BPyQXC3jUV... 卖出$0.04 (tx=2aSPrSMecCXV...)
[21:59:49] *** 操盘方钱包卖出信号#358 *** HKsbk6yAKB... 卖出$0.02 (tx=4LGKVyZvsxU9...)
[21:59:49] *** 操盘方钱包卖出信号#359 *** cdsAdrBzqM... 卖出$0.05 (tx=43EYArpJs3nD...)
[21:59:49] *** 操盘方钱包卖出信号#360 *** A7UbMdkUjM... 卖出$0.05 (tx=54NcRWMGnCwv...)
[21:59:49] *** 操盘方钱包卖出信号#361 *** 5vx5o4aJNZ... 卖出$0.05 (tx=38UF8YSzm9MY...)
[22:05:18] *** 操盘方钱包卖出信号#362 *** 2ZmGT68AhG... 卖出$213.71 (tx=ekiHiU9ZKRfh...)
[22:06:27] *** 操盘方钱包卖出信号#363 *** B3TfApZ288... 卖出$217.26 (tx=5dUhFvnewYTM...)
[22:09:26] *** 操盘方钱包卖出信号#364 *** BPyQXC3jUV... 卖出$214.02 (tx=4m7VecUpB1oF...)
[22:10:06] *** 操盘方钱包卖出信号#365 *** HKsbk6yAKB... 卖出$218.37 (tx=4oaLJ91zhVJK...)
[22:11:14] *** 操盘方钱包卖出信号#366 *** cdsAdrBzqM... 卖出$216.87 (tx=2spW3SFCvGw4...)
[22:14:13] *** 操盘方钱包卖出信号#367 *** 5vx5o4aJNZ... 卖出$5.14 (tx=67kfmuQ4GgSc...)
[22:14:13] *** 操盘方钱包卖出信号#368 *** A7UbMdkUjM... 卖出$5.00 (tx=34JkiHhnGHWh...)
[22:15:31] *** 操盘方钱包卖出信号#369 *** 2ZmGT68AhG... 卖出$12.20 (tx=3QwYhPWUjDqR...)
[22:16:39] *** 操盘方钱包卖出信号#370 *** B3TfApZ288... 卖出$8.45 (tx=4gao6zjwqkYw...)
[22:17:19] *** 操盘方钱包卖出信号#371 *** BPyQXC3jUV... 卖出$8.16 (tx=64gN9UCpamAX...)
[22:17:19] *** 操盘方钱包卖出信号#372 *** HKsbk6yAKB... 卖出$8.01 (tx=2SnZtmEnFb4S...)
[22:17:19] *** 操盘方钱包卖出信号#373 *** cdsAdrBzqM... 卖出$7.13 (tx=RBdJ2tUiCPgC...)
[22:19:02] *** 操盘方钱包卖出信号#374 *** 5vx5o4aJNZ... 卖出$9.25 (tx=42FSCsjfKA7P...)
[22:19:39] *** 操盘方钱包卖出信号#375 *** A7UbMdkUjM... 卖出$22.60 (tx=4fmsGRsPAR7W...)
[22:21:49] *** 操盘方钱包卖出信号#376 *** 2ZmGT68AhG... 卖出$17.68 (tx=mYci3dehPYrX...)
[22:22:26] *** 操盘方钱包卖出信号#377 *** B3TfApZ288... 卖出$19.59 (tx=YCnxNQfcQPKp...)
[22:23:38] *** 操盘方钱包卖出信号#378 *** BPyQXC3jUV... 卖出$21.97 (tx=mbo4bKtiewgw...)
[22:23:38] *** 操盘方钱包卖出信号#379 *** HKsbk6yAKB... 卖出$19.77 (tx=3Vsu1M2UkZox...)
[22:24:18] *** 操盘方钱包卖出信号#380 *** cdsAdrBzqM... 卖出$22.12 (tx=4Qi2NhyNoaHp...)
[22:25:27] *** 操盘方钱包卖出信号#381 *** 5vx5o4aJNZ... 卖出$19.77 (tx=4UGa6GQcBDws...)
