=== git推送保底扫地机启动,每45秒检查一次积压 ===
[14:11:09] 心跳: 无积压,一切正常
[14:11:56] 心跳: 无积压,一切正常
[14:12:43] 心跳: 无积压,一切正常
[14:13:30] 心跳: 无积压,一切正常
[14:14:17] 本地领先origin 1个未推送提交,尝试补推
[14:14:17] 补推仍然失败(重试6次),下一轮再试
[14:16:11] 本地领先origin 2个未推送提交,尝试补推
[14:16:11] 补推仍然失败(重试6次),下一轮再试
[14:17:50] 本地领先origin 2个未推送提交,尝试补推
[14:17:50] 补推仍然失败(重试6次),下一轮再试
[14:19:27] 本地领先origin 3个未推送提交,尝试补推
[14:19:27] 补推仍然失败(重试6次),下一轮再试
[14:21:12] 本地领先origin 3个未推送提交,尝试补推
[14:21:12] 补推仍然失败(重试6次),下一轮再试
[14:22:51] 本地领先origin 3个未推送提交,尝试补推
[14:22:51] 补推仍然失败(重试6次),下一轮再试
[14:24:29] 本地领先origin 3个未推送提交,尝试补推
[14:24:29] 补推仍然失败(重试6次),下一轮再试
[14:26:07] 本地领先origin 4个未推送提交,尝试补推
[14:26:07] 补推仍然失败(重试6次),下一轮再试
[14:27:45] 本地领先origin 4个未推送提交,尝试补推
[14:27:45] 补推仍然失败(重试6次),下一轮再试
[14:29:23] 本地领先origin 4个未推送提交,尝试补推
[14:29:23] 补推仍然失败(重试6次),下一轮再试
[14:31:01] 本地领先origin 4个未推送提交,尝试补推
[14:31:01] 补推仍然失败(重试6次),下一轮再试
[14:32:40] 本地领先origin 4个未推送提交,尝试补推
[14:32:40] 拿不到git锁,交给下一轮
[14:33:57] 本地领先origin 6个未推送提交,尝试补推
[14:33:57] 拿不到git锁,交给下一轮
[14:35:14] 本地领先origin 8个未推送提交,尝试补推
[14:35:14] 补推仍然失败(重试6次),下一轮再试
[14:37:10] 本地领先origin 8个未推送提交,尝试补推
[14:37:10] 补推仍然失败(重试6次),下一轮再试
[14:38:47] 本地领先origin 8个未推送提交,尝试补推
[14:38:47] 补推仍然失败(重试6次),下一轮再试
[14:40:26] 本地领先origin 8个未推送提交,尝试补推
[14:40:26] 补推仍然失败(重试6次),下一轮再试
[14:42:04] 本地领先origin 8个未推送提交,尝试补推
[14:42:04] 补推仍然失败(重试6次),下一轮再试
[14:43:42] 本地领先origin 1个未推送提交,尝试补推
[14:43:42] 拿不到git锁,交给下一轮
[14:45:00] 本地领先origin 2个未推送提交,尝试补推
[14:45:00] 补推仍然失败(重试6次),下一轮再试
[14:46:38] 本地领先origin 1个未推送提交,尝试补推
[14:46:38] 补推仍然失败(重试6次),下一轮再试
[14:48:33] 心跳: 无积压,一切正常
[14:49:21] 本地领先origin 1个未推送提交,尝试补推
[14:49:21] 拿不到git锁,交给下一轮
[14:50:38] 本地领先origin 2个未推送提交,尝试补推
[14:50:38] 补推仍然失败(重试6次),下一轮再试
[14:52:16] 本地领先origin 3个未推送提交,尝试补推
[14:52:16] 补推仍然失败(重试6次),下一轮再试
[14:54:00] 本地领先origin 3个未推送提交,尝试补推
[14:54:00] 补推成功
[14:55:06] 心跳: 无积压,一切正常
[14:55:52] 心跳: 无积压,一切正常
