
[14:11:10] === 第1/99999轮 ===
新发现符合特征的池子: 1个(起点MCAP发现0个,早期1-90分钟发现0个)
本轮更新9个池子的快照,本轮新增死亡0个
库存总数: 33  存活12  已死亡21
  git同步成功(第1次尝试)

[15:07:08] === 第2/99999轮 ===
新发现符合特征的池子: 0个(起点MCAP发现0个,早期1-90分钟发现0个)
*** GRVT / SOL 判定死亡: 存活0.9小时, 峰值$1.556033183e-05 ***
本轮更新10个池子的快照,本轮新增死亡1个
库存总数: 34  存活12  已死亡22
  git同步成功(第1次尝试)

[16:02:28] === 第3/99999轮 ===
新发现符合特征的池子: 0个(起点MCAP发现0个,早期1-90分钟发现0个)
本轮更新9个池子的快照,本轮新增死亡0个
库存总数: 34  存活12  已死亡22
  git同步成功(第1次尝试)

[16:57:29] === 第4/99999轮 ===
新发现符合特征的池子: 1个(起点MCAP发现0个,早期1-90分钟发现0个)
本轮更新10个池子的快照,本轮新增死亡0个
库存总数: 35  存活13  已死亡22
  git同步成功(第1次尝试)

[17:54:51] === 第5/99999轮 ===
新发现符合特征的池子: 1个(起点MCAP发现0个,早期1-90分钟发现0个)
*** LUNACAT / SOL 判定死亡: 存活0.8小时, 峰值$1.426231114e-06 ***
本轮更新12个池子的快照,本轮新增死亡1个
库存总数: 37  存活14  已死亡23
  git同步成功(第1次尝试)

[18:52:33] === 第6/99999轮 ===
新发现符合特征的池子: 0个(起点MCAP发现0个,早期1-90分钟发现0个)
本轮更新10个池子的快照,本轮新增死亡0个
库存总数: 37  存活14  已死亡23
